17:21:09.777 [main] INFO  com.demo.baseutil.Basetest - 
17:21:09.793 [main] INFO  com.demo.baseutil.Basetest - Running locally JavaMail
17:21:10.094 [main] INFO  com.demo.baseutil.Basetest2 - Folder creation for Extent
17:21:10.113 [main] INFO  com.demo.baseutil.Basetest - ExtentDir:-C:\Users\Deepti Jindal\eclipse-workspace\com.NFR.Trace/reports/Automation Report- 04_12_2024_17_21_10/Report/04_12_2024_17_21_10
17:21:10.342 [main] INFO  com.demo.baseutil.Basetest - Report Initiated
17:21:10.343 [main] INFO  com.demo.baseutil.Basetest - Screenshot folder created
17:21:43.434 [main] INFO  com.demo.baseutil.Basetest - Validate Sign in with FarmtoPlate account is clickable
17:21:46.237 [main] INFO  com.demo.baseutil.Basetest - Clicked on : Sign in with FarmtoPlate account
17:21:46.261 [main] INFO  com.demo.baseutil.Basetest - Url contains farmtoplateapps.io/login
17:21:46.292 [main] INFO  com.demo.baseutil.Basetest - Sign in title matched
17:21:46.292 [main] INFO  com.demo.baseutil.Basetest - UI verified for Sigin page.
17:21:46.293 [main] INFO  com.demo.baseutil.Basetest - Sign in function call
17:21:46.293 [main] INFO  com.demo.baseutil.Basetest - Validate email address field is clicked is clickable
17:21:48.952 [main] INFO  com.demo.baseutil.Basetest - Clicked on : email address field is clicked
17:21:48.953 [main] INFO  com.demo.baseutil.Basetest - Enter the value into Email Id Entered
17:21:49.407 [main] INFO  com.demo.baseutil.Basetest - 139@yopmail.com typed into Email Id Entered
17:21:49.408 [main] INFO  com.demo.baseutil.Basetest - Validate Enter the password is clickable
17:21:51.867 [main] INFO  com.demo.baseutil.Basetest - Clicked on : Enter the password
17:21:51.869 [main] INFO  com.demo.baseutil.Basetest - Enter the value into Password Id Entered
17:21:52.362 [main] INFO  com.demo.baseutil.Basetest - Admin@1234 typed into Password Id Entered
17:21:52.395 [main] INFO  com.demo.baseutil.Basetest - Scroll down
17:21:52.396 [main] INFO  com.demo.baseutil.Basetest - Validate Press the signin button is clickable
17:21:56.376 [main] INFO  com.demo.baseutil.Basetest - Clicked on : Press the signin button
17:22:02.591 [main] INFO  com.demo.baseutil.Basetest - HomePage title  is matched
17:22:20.623 [main] INFO  com.demo.baseutil.Basetest - Validate click on trace is clickable
17:22:23.234 [main] INFO  com.demo.baseutil.Basetest - Clicked on : click on trace
17:22:29.343 [main] INFO  com.demo.baseutil.Basetest - Validate User Management is clicked is clickable
17:22:31.784 [main] INFO  com.demo.baseutil.Basetest - Clicked on : User Management is clicked
17:22:33.790 [main] INFO  com.demo.baseutil.Basetest - Validate users is clicked is clickable
17:23:15.325 [main] ERROR com.demo.baseutil.Basetest - users is clicked is not clickable
17:23:15.348 [main] ERROR com.demo.baseutil.Basetest - Unable to click on users is clicked
17:23:58.113 [main] INFO  com.demo.baseutil.Basetest - Browser is closed sucessfuly
17:24:00.434 [main] INFO  com.demo.baseutil.Basetest - Browser is closed sucessfuly
17:24:01.625 [main] ERROR com.demo.baseutil.Basetest - Failed to close the Browser
