19:02:22.035 [main] INFO  com.demo.baseutil.Basetest - 
19:02:22.040 [main] INFO  com.demo.baseutil.Basetest - Running locally JavaMail
19:02:22.154 [main] INFO  com.demo.baseutil.Basetest2 - Folder creation for Extent
19:02:22.160 [main] INFO  com.demo.baseutil.Basetest - ExtentDir:-C:\Users\Deepti Jindal\eclipse-workspace2\com.NFR.Trace QA latest/reports/Automation Report- 10_15_2024_19_02_22/Report/10_15_2024_19_02_22
19:02:22.292 [main] INFO  com.demo.baseutil.Basetest - Report Initiated
19:02:22.294 [main] INFO  com.demo.baseutil.Basetest - Screenshot folder created
19:02:35.466 [main] INFO  com.demo.baseutil.Basetest - Validate Sign in with FarmtoPlate account is clickable
19:02:37.936 [main] INFO  com.demo.baseutil.Basetest - Clicked on : Sign in with FarmtoPlate account
19:02:37.947 [main] INFO  com.demo.baseutil.Basetest - Url contains farmtoplateapps.io/login
19:02:37.954 [main] INFO  com.demo.baseutil.Basetest - Sign in title matched
19:02:37.954 [main] INFO  com.demo.baseutil.Basetest - UI verified for Sigin page.
19:02:37.954 [main] INFO  com.demo.baseutil.Basetest - Sign in function call
19:02:37.954 [main] INFO  com.demo.baseutil.Basetest - Validate email address field is clicked is clickable
19:02:40.206 [main] INFO  com.demo.baseutil.Basetest - Clicked on : email address field is clicked
19:02:40.207 [main] INFO  com.demo.baseutil.Basetest - Enter the value into Email Id Entered
19:02:40.721 [main] INFO  com.demo.baseutil.Basetest - ldekkenq362@yopmail.com typed into Email Id Entered
19:02:40.721 [main] INFO  com.demo.baseutil.Basetest - Validate Enter the password is clickable
19:02:43.110 [main] INFO  com.demo.baseutil.Basetest - Clicked on : Enter the password
19:02:43.111 [main] INFO  com.demo.baseutil.Basetest - Enter the value into Password Id Entered
19:02:43.377 [main] INFO  com.demo.baseutil.Basetest - Admin@1234 typed into Password Id Entered
19:02:47.447 [main] INFO  com.demo.baseutil.Basetest - Scroll down
19:02:47.447 [main] INFO  com.demo.baseutil.Basetest - Validate Press the signin button is clickable
19:02:50.802 [main] INFO  com.demo.baseutil.Basetest - Clicked on : Press the signin button
19:02:52.816 [main] INFO  com.demo.baseutil.Basetest - HomePage title  is matched
19:03:02.841 [main] INFO  com.demo.baseutil.Basetest - Validate trace is clicked is clickable
19:03:05.180 [main] INFO  com.demo.baseutil.Basetest - Clicked on : trace is clicked
19:03:10.183 [main] INFO  com.demo.baseutil.Basetest - Scroll till the scrolled to process
19:03:10.275 [main] INFO  com.demo.baseutil.Basetest - Scroll till the scrolled to process completed
19:03:15.289 [main] INFO  com.demo.baseutil.Basetest - Validate Process is clicked is clickable
19:03:17.648 [main] INFO  com.demo.baseutil.Basetest - Clicked on : Process is clicked
19:03:22.651 [main] INFO  com.demo.baseutil.Basetest - Validate Process add is clicked is clickable
19:03:25.065 [main] INFO  com.demo.baseutil.Basetest - Clicked on : Process add is clicked
19:03:30.073 [main] INFO  com.demo.baseutil.Basetest - Validate shared product id is clicked is clickable
19:03:32.358 [main] INFO  com.demo.baseutil.Basetest - Clicked on : shared product id is clicked
19:03:36.365 [main] INFO  com.demo.baseutil.Basetest - Validate Product id is clicked is clickable
19:03:38.678 [main] INFO  com.demo.baseutil.Basetest - Clicked on : Product id is clicked
19:03:47.026 [main] INFO  com.demo.baseutil.Basetest - Validate Product id is selected is clickable
19:03:49.329 [main] INFO  com.demo.baseutil.Basetest - Clicked on : Product id is selected
19:03:51.343 [main] INFO  com.demo.baseutil.Basetest - Validate process name is clicked is clickable
19:03:53.618 [main] INFO  com.demo.baseutil.Basetest - Clicked on : process name is clicked
19:03:55.633 [main] INFO  com.demo.baseutil.Basetest - Enter the value into process name Value is entered
19:03:55.893 [main] INFO  com.demo.baseutil.Basetest - processdisagg typed into process name Value is entered
19:03:57.896 [main] INFO  com.demo.baseutil.Basetest - Validate process loc is clicked is clickable
19:04:00.168 [main] INFO  com.demo.baseutil.Basetest - Clicked on : process loc is clicked
19:04:02.181 [main] INFO  com.demo.baseutil.Basetest - Enter the value into process name Value is entered
19:04:02.417 [main] INFO  com.demo.baseutil.Basetest - 9650541994111 typed into process name Value is entered
19:04:04.430 [main] INFO  com.demo.baseutil.Basetest - Validate clicked on process is clickable
19:04:06.847 [main] INFO  com.demo.baseutil.Basetest - Clicked on : clicked on process
19:04:08.856 [main] INFO  com.demo.baseutil.Basetest - Scroll till the scrolled to processdiscomm
19:04:08.939 [main] INFO  com.demo.baseutil.Basetest - Scroll till the scrolled to processdiscomm completed
19:04:16.955 [main] INFO  com.demo.baseutil.Basetest - Validate process loc is clicked is clickable
19:04:19.219 [main] INFO  com.demo.baseutil.Basetest - Clicked on : process loc is clicked
19:04:24.229 [main] INFO  com.demo.baseutil.Basetest - Validate process type is clicked is clickable
19:04:26.542 [main] INFO  com.demo.baseutil.Basetest - Clicked on : process type is clicked
19:04:28.552 [main] INFO  com.demo.baseutil.Basetest - Validate process disagg is clicked is clickable
19:04:30.863 [main] INFO  com.demo.baseutil.Basetest - Clicked on : process disagg is clicked
19:04:32.869 [main] INFO  com.demo.baseutil.Basetest - Scroll till the process add is scrolled
19:04:32.956 [main] INFO  com.demo.baseutil.Basetest - Scroll till the process add is scrolled completed
19:04:32.956 [main] INFO  com.demo.baseutil.Basetest - Validate process add button is clicked is clickable
19:04:35.284 [main] INFO  com.demo.baseutil.Basetest - Clicked on : process add button is clicked
19:04:53.299 [main] INFO  com.demo.baseutil.Basetest - Scroll till the scrolled to process
19:04:53.369 [main] INFO  com.demo.baseutil.Basetest - Scroll till the scrolled to process completed
19:04:58.385 [main] INFO  com.demo.baseutil.Basetest - Validate Process is clicked is clickable
19:05:00.840 [main] INFO  com.demo.baseutil.Basetest - Clicked on : Process is clicked
19:05:05.844 [main] INFO  com.demo.baseutil.Basetest - Validate Process add is clicked is clickable
19:05:08.355 [main] INFO  com.demo.baseutil.Basetest - Clicked on : Process add is clicked
19:05:13.361 [main] INFO  com.demo.baseutil.Basetest - Validate shared product id is clicked is clickable
19:05:15.668 [main] INFO  com.demo.baseutil.Basetest - Clicked on : shared product id is clicked
19:05:19.680 [main] INFO  com.demo.baseutil.Basetest - Validate Product id is clicked is clickable
19:05:22.021 [main] INFO  com.demo.baseutil.Basetest - Clicked on : Product id is clicked
19:05:30.378 [main] INFO  com.demo.baseutil.Basetest - Validate Product id is selected is clickable
19:05:33.118 [main] INFO  com.demo.baseutil.Basetest - Clicked on : Product id is selected
19:05:39.134 [main] INFO  com.demo.baseutil.Basetest - Validate process name is clicked is clickable
19:05:41.466 [main] INFO  com.demo.baseutil.Basetest - Clicked on : process name is clicked
19:05:43.479 [main] INFO  com.demo.baseutil.Basetest - Enter the value into process name Value is entered
19:05:43.772 [main] INFO  com.demo.baseutil.Basetest - processobs typed into process name Value is entered
19:05:45.779 [main] INFO  com.demo.baseutil.Basetest - Validate process loc is clicked is clickable
19:05:48.057 [main] INFO  com.demo.baseutil.Basetest - Clicked on : process loc is clicked
19:05:50.072 [main] INFO  com.demo.baseutil.Basetest - Enter the value into process name Value is entered
19:05:50.274 [main] INFO  com.demo.baseutil.Basetest - test typed into process name Value is entered
19:05:58.275 [main] INFO  com.demo.baseutil.Basetest - Validate process loc is clicked is clickable
19:06:00.594 [main] INFO  com.demo.baseutil.Basetest - Clicked on : process loc is clicked
19:06:05.597 [main] INFO  com.demo.baseutil.Basetest - Validate process type is clicked is clickable
19:06:07.895 [main] INFO  com.demo.baseutil.Basetest - Clicked on : process type is clicked
19:06:09.924 [main] INFO  com.demo.baseutil.Basetest - Scroll down successful
19:06:09.924 [main] INFO  com.demo.baseutil.Basetest - Validate process obs is clicked is clickable
19:06:12.173 [main] INFO  com.demo.baseutil.Basetest - Clicked on : process obs is clicked
19:06:14.187 [main] INFO  com.demo.baseutil.Basetest - Scroll till the process add is scrolled
19:06:14.272 [main] INFO  com.demo.baseutil.Basetest - Scroll till the process add is scrolled completed
19:06:18.279 [main] INFO  com.demo.baseutil.Basetest - Validate process add button is clicked is clickable
19:06:20.691 [main] INFO  com.demo.baseutil.Basetest - Clicked on : process add button is clicked
19:06:27.720 [main] INFO  com.demo.baseutil.Basetest - Validate Process is clicked is clickable
19:06:30.113 [main] INFO  com.demo.baseutil.Basetest - Clicked on : Process is clicked
19:06:35.124 [main] INFO  com.demo.baseutil.Basetest - Validate Process add is clicked is clickable
19:06:37.466 [main] INFO  com.demo.baseutil.Basetest - Clicked on : Process add is clicked
19:06:42.475 [main] INFO  com.demo.baseutil.Basetest - Validate shared product id is clicked is clickable
19:06:44.743 [main] INFO  com.demo.baseutil.Basetest - Clicked on : shared product id is clicked
19:06:48.748 [main] INFO  com.demo.baseutil.Basetest - Validate Product id is clicked is clickable
19:06:51.009 [main] INFO  com.demo.baseutil.Basetest - Clicked on : Product id is clicked
19:07:00.332 [main] INFO  com.demo.baseutil.Basetest - Validate Product id is selected is clickable
19:07:02.671 [main] INFO  com.demo.baseutil.Basetest - Clicked on : Product id is selected
19:07:04.681 [main] INFO  com.demo.baseutil.Basetest - Validate process name is clicked is clickable
19:07:07.023 [main] INFO  com.demo.baseutil.Basetest - Clicked on : process name is clicked
19:07:09.036 [main] INFO  com.demo.baseutil.Basetest - Enter the value into process name Value is entered
19:07:09.249 [main] INFO  com.demo.baseutil.Basetest - processtran typed into process name Value is entered
19:07:11.256 [main] INFO  com.demo.baseutil.Basetest - Validate process loc is clicked is clickable
19:07:13.539 [main] INFO  com.demo.baseutil.Basetest - Clicked on : process loc is clicked
19:07:15.552 [main] INFO  com.demo.baseutil.Basetest - Enter the value into process name Value is entered
19:07:15.799 [main] INFO  com.demo.baseutil.Basetest - 9650541994111 typed into process name Value is entered
19:07:20.802 [main] INFO  com.demo.baseutil.Basetest - Validate process loc is clicked is clickable
19:07:23.086 [main] INFO  com.demo.baseutil.Basetest - Clicked on : process loc is clicked
19:07:28.096 [main] INFO  com.demo.baseutil.Basetest - Validate process type is clicked is clickable
19:07:30.389 [main] INFO  com.demo.baseutil.Basetest - Clicked on : process type is clicked
19:07:32.421 [main] INFO  com.demo.baseutil.Basetest - Scroll down successful
19:07:32.422 [main] INFO  com.demo.baseutil.Basetest - Validate process trans is clicked is clickable
19:07:34.720 [main] INFO  com.demo.baseutil.Basetest - Clicked on : process trans is clicked
19:07:36.722 [main] INFO  com.demo.baseutil.Basetest - Scroll till the process add is scrolled
19:07:36.809 [main] INFO  com.demo.baseutil.Basetest - Scroll till the process add is scrolled completed
19:07:36.809 [main] INFO  com.demo.baseutil.Basetest - Validate process add button is clicked is clickable
19:07:39.117 [main] INFO  com.demo.baseutil.Basetest - Clicked on : process add button is clicked
19:07:45.637 [main] INFO  com.demo.baseutil.Basetest - Browser is closed sucessfuly
19:07:46.754 [main] INFO  com.demo.baseutil.Basetest - Browser is closed sucessfuly
19:08:13.101 [main] INFO  com.demo.baseutil.Basetest - Validate Sign in with FarmtoPlate account is clickable
19:08:15.549 [main] INFO  com.demo.baseutil.Basetest - Clicked on : Sign in with FarmtoPlate account
19:08:15.559 [main] INFO  com.demo.baseutil.Basetest - Url contains farmtoplateapps.io/login
19:08:15.575 [main] INFO  com.demo.baseutil.Basetest - Sign in title matched
19:08:15.575 [main] INFO  com.demo.baseutil.Basetest - UI verified for Sigin page.
19:08:15.577 [main] INFO  com.demo.baseutil.Basetest - Sign in function call
19:08:15.577 [main] INFO  com.demo.baseutil.Basetest - Validate email address field is clicked is clickable
19:08:18.470 [main] INFO  com.demo.baseutil.Basetest - Clicked on : email address field is clicked
19:08:18.470 [main] INFO  com.demo.baseutil.Basetest - Enter the value into Email Id Entered
19:08:18.811 [main] INFO  com.demo.baseutil.Basetest - ldekkenq362@yopmail.com typed into Email Id Entered
19:08:18.812 [main] INFO  com.demo.baseutil.Basetest - Validate Enter the password is clickable
19:08:21.101 [main] INFO  com.demo.baseutil.Basetest - Clicked on : Enter the password
19:08:21.101 [main] INFO  com.demo.baseutil.Basetest - Enter the value into Password Id Entered
19:08:21.407 [main] INFO  com.demo.baseutil.Basetest - Admin@1234 typed into Password Id Entered
19:08:25.454 [main] INFO  com.demo.baseutil.Basetest - Scroll down
19:08:25.454 [main] INFO  com.demo.baseutil.Basetest - Validate Press the signin button is clickable
19:08:28.634 [main] INFO  com.demo.baseutil.Basetest - Clicked on : Press the signin button
19:08:30.652 [main] INFO  com.demo.baseutil.Basetest - HomePage title  is matched
19:08:40.665 [main] INFO  com.demo.baseutil.Basetest - Validate click on trace is clickable
19:08:42.956 [main] INFO  com.demo.baseutil.Basetest - Clicked on : click on trace
19:08:47.966 [main] INFO  com.demo.baseutil.Basetest - Scroll till the transaction is scrolled
19:08:48.055 [main] INFO  com.demo.baseutil.Basetest - Scroll till the transaction is scrolled completed
19:08:48.056 [main] INFO  com.demo.baseutil.Basetest - Validate transaction is clicked is clickable
19:08:50.471 [main] INFO  com.demo.baseutil.Basetest - Clicked on : transaction is clicked
19:08:55.476 [main] INFO  com.demo.baseutil.Basetest - Validate add new is clicked is clickable
19:08:57.948 [main] INFO  com.demo.baseutil.Basetest - Clicked on : add new is clicked
19:09:02.955 [main] INFO  com.demo.baseutil.Basetest - Validate sharedproduct is clicked is clickable
19:09:05.250 [main] INFO  com.demo.baseutil.Basetest - Clicked on : sharedproduct is clicked
19:09:10.261 [main] INFO  com.demo.baseutil.Basetest - Validate Product id is clicked is clickable
19:09:12.546 [main] INFO  com.demo.baseutil.Basetest - Clicked on : Product id is clicked
19:09:14.823 [main] INFO  com.demo.baseutil.Basetest - Validate Productselect is clicked is clickable
19:09:18.635 [main] INFO  com.demo.baseutil.Basetest - Clicked on : Productselect is clicked
19:09:20.651 [main] INFO  com.demo.baseutil.Basetest - Validate chooseprocess id is clicked is clickable
19:09:22.334 [main] INFO  com.demo.baseutil.Basetest - Browser is closed sucessfuly
19:09:23.913 [main] INFO  com.demo.baseutil.Basetest - Browser is closed sucessfuly
19:09:24.548 [main] ERROR com.demo.baseutil.Basetest - Failed to close the Browser
