17:20:46.866 [main] INFO  com.demo.baseutil.Basetest - 
17:20:46.871 [main] INFO  com.demo.baseutil.Basetest - Running locally JavaMail
17:20:46.965 [main] INFO  com.demo.baseutil.Basetest2 - Folder creation for Extent
17:20:46.972 [main] INFO  com.demo.baseutil.Basetest - ExtentDir:-C:\Users\Deepti Jindal\eclipse-workspace2\com.NFR.Trace demo latest/reports/Automation Report- 09_11_2024_17_20_46/Report/09_11_2024_17_20_46
17:20:47.105 [main] INFO  com.demo.baseutil.Basetest - Report Initiated
17:20:47.107 [main] INFO  com.demo.baseutil.Basetest - Screenshot folder created
17:21:07.878 [main] INFO  com.demo.baseutil.Basetest - Validate Sign in with FarmtoPlate account is clickable
17:21:10.447 [main] INFO  com.demo.baseutil.Basetest - Clicked on : Sign in with FarmtoPlate account
17:21:10.460 [main] INFO  com.demo.baseutil.Basetest - Url contains farmtoplateapps.io/login
17:21:10.469 [main] INFO  com.demo.baseutil.Basetest - Sign in title matched
17:21:10.469 [main] INFO  com.demo.baseutil.Basetest - UI verified for Sigin page.
17:21:10.469 [main] INFO  com.demo.baseutil.Basetest - Sign in function call
17:21:10.469 [main] INFO  com.demo.baseutil.Basetest - Validate email address field is clicked is clickable
17:21:12.890 [main] INFO  com.demo.baseutil.Basetest - Clicked on : email address field is clicked
17:21:12.890 [main] INFO  com.demo.baseutil.Basetest - Enter the value into Email Id Entered
17:21:13.191 [main] INFO  com.demo.baseutil.Basetest - manufactdemo@yopmail.com typed into Email Id Entered
17:21:13.191 [main] INFO  com.demo.baseutil.Basetest - Validate Enter the password is clickable
17:21:15.433 [main] INFO  com.demo.baseutil.Basetest - Clicked on : Enter the password
17:21:15.433 [main] INFO  com.demo.baseutil.Basetest - Enter the value into Password Id Entered
17:21:15.654 [main] INFO  com.demo.baseutil.Basetest - Admin@1234 typed into Password Id Entered
17:21:19.712 [main] INFO  com.demo.baseutil.Basetest - Scroll down
17:21:19.712 [main] INFO  com.demo.baseutil.Basetest - Validate Press the signin button is clickable
17:21:22.659 [main] INFO  com.demo.baseutil.Basetest - Clicked on : Press the signin button
17:21:25.302 [main] INFO  com.demo.baseutil.Basetest - HomePage title  is matched
17:21:35.319 [main] INFO  com.demo.baseutil.Basetest - Validate click on trace is clickable
17:21:37.736 [main] INFO  com.demo.baseutil.Basetest - Clicked on : click on trace
17:21:49.758 [main] INFO  com.demo.baseutil.Basetest - Validate click on trace is clickable
17:21:52.210 [main] INFO  com.demo.baseutil.Basetest - Clicked on : click on trace
17:21:58.282 [main] INFO  com.demo.baseutil.Basetest - Validate Asset & Infrastructure Data is clicked is clickable
17:22:28.549 [main] ERROR com.demo.baseutil.Basetest - Asset & Infrastructure Data is clicked is not clickable
17:22:28.549 [main] ERROR com.demo.baseutil.Basetest - Unable to click on Asset & Infrastructure Data is clicked
17:22:58.839 [main] INFO  com.demo.baseutil.Basetest - Browser is closed sucessfuly
17:22:59.447 [main] INFO  com.demo.baseutil.Basetest - Browser is closed sucessfuly
17:23:00.153 [main] ERROR com.demo.baseutil.Basetest - Failed to close the Browser
