13:48:33.084 [main] INFO  com.demo.baseutil.Basetest - 
13:48:33.091 [main] INFO  com.demo.baseutil.Basetest - Running locally JavaMail
13:48:33.223 [main] INFO  com.demo.baseutil.Basetest2 - Folder creation for Extent
13:48:33.232 [main] INFO  com.demo.baseutil.Basetest - ExtentDir:-C:\Users\Deepti Jindal\eclipse-workspace2\com.NFR.Trace demo/reports/Automation Report- 04_09_2024_13_48_33/Report/04_09_2024_13_48_33
13:48:33.351 [main] INFO  com.demo.baseutil.Basetest - Report Initiated
13:48:33.353 [main] INFO  com.demo.baseutil.Basetest - Screenshot folder created
13:49:50.189 [main] INFO  com.demo.baseutil.Basetest - Validate Sign in with FarmtoPlate account is clickable
13:49:52.669 [main] INFO  com.demo.baseutil.Basetest - Clicked on : Sign in with FarmtoPlate account
13:49:52.689 [main] INFO  com.demo.baseutil.Basetest - Url contains farmtoplateapps.io/login
13:49:52.698 [main] INFO  com.demo.baseutil.Basetest - Sign in title matched
13:49:52.698 [main] INFO  com.demo.baseutil.Basetest - UI verified for Sigin page.
13:49:52.699 [main] INFO  com.demo.baseutil.Basetest - Sign in function call
13:49:52.699 [main] INFO  com.demo.baseutil.Basetest - Validate email address field is clicked is clickable
13:49:55.139 [main] INFO  com.demo.baseutil.Basetest - Clicked on : email address field is clicked
13:49:55.140 [main] INFO  com.demo.baseutil.Basetest - Enter the value into Email Id Entered
13:49:55.524 [main] INFO  com.demo.baseutil.Basetest - utsav@paramountsoft.net typed into Email Id Entered
13:49:55.525 [main] INFO  com.demo.baseutil.Basetest - Validate Enter the password is clickable
13:49:57.878 [main] INFO  com.demo.baseutil.Basetest - Clicked on : Enter the password
13:49:57.878 [main] INFO  com.demo.baseutil.Basetest - Enter the value into Password Id Entered
13:49:58.174 [main] INFO  com.demo.baseutil.Basetest - Admin@1234 typed into Password Id Entered
13:49:58.288 [main] INFO  com.demo.baseutil.Basetest - Scroll down
13:49:58.288 [main] INFO  com.demo.baseutil.Basetest - Validate Press the signin button is clickable
13:50:01.886 [main] INFO  com.demo.baseutil.Basetest - Clicked on : Press the signin button
13:50:03.911 [main] INFO  com.demo.baseutil.Basetest - HomePage title  is matched
13:50:13.932 [main] INFO  com.demo.baseutil.Basetest - Validate click on trace is clickable
13:50:25.371 [main] INFO  com.demo.baseutil.Basetest - Clicked on : click on trace
13:50:27.373 [main] INFO  com.demo.baseutil.Basetest - Validate click on dashboard is clickable
13:50:30.139 [main] INFO  com.demo.baseutil.Basetest - Clicked on : click on dashboard
13:50:35.160 [main] INFO  com.demo.baseutil.Basetest - Validate click on organisation network is clickable
13:50:35.363 [main] ERROR com.demo.baseutil.Basetest - click on organisation network is not clickable
13:50:35.363 [main] ERROR com.demo.baseutil.Basetest - Unable to click on click on organisation network
13:50:35.711 [main] INFO  com.demo.baseutil.Basetest - Browser is closed sucessfuly
13:50:36.322 [main] INFO  com.demo.baseutil.Basetest - Browser is closed sucessfuly
13:50:40.891 [main] ERROR com.demo.baseutil.Basetest - Failed to launch the Browser
13:50:40.894 [main] INFO  com.demo.baseutil.Basetest - Validate Sign in with FarmtoPlate account is clickable
