16:45:57.273 [main] INFO  com.demo.baseutil.Basetest - 
16:45:57.285 [main] INFO  com.demo.baseutil.Basetest - Running locally JavaMail
16:45:57.516 [main] INFO  com.demo.baseutil.Basetest2 - Folder creation for Extent
16:45:57.530 [main] INFO  com.demo.baseutil.Basetest - ExtentDir:-C:\Users\Deepti Jindal\eclipse-workspace2\com.NFR.Trace Performance latest/reports/Automation Report- 08_29_2024_16_45_57/Report/08_29_2024_16_45_57
16:45:57.784 [main] INFO  com.demo.baseutil.Basetest - Report Initiated
16:45:57.788 [main] INFO  com.demo.baseutil.Basetest - Screenshot folder created
16:46:17.660 [main] INFO  com.demo.baseutil.Basetest - Validate Sign in with FarmtoPlate account is clickable
16:46:20.824 [main] INFO  com.demo.baseutil.Basetest - Clicked on : Sign in with FarmtoPlate account
16:46:21.397 [main] INFO  com.demo.baseutil.Basetest - Url contains farmtoplateapps.io/login
16:46:21.432 [main] INFO  com.demo.baseutil.Basetest - Sign in title matched
16:46:21.433 [main] INFO  com.demo.baseutil.Basetest - UI verified for Sigin page.
16:46:21.434 [main] INFO  com.demo.baseutil.Basetest - Sign in function call
16:46:21.435 [main] INFO  com.demo.baseutil.Basetest - Validate email address field is clicked is clickable
16:46:24.433 [main] INFO  com.demo.baseutil.Basetest - Clicked on : email address field is clicked
16:46:24.435 [main] INFO  com.demo.baseutil.Basetest - Enter the value into Email Id Entered
16:46:25.135 [main] INFO  com.demo.baseutil.Basetest - manufact123@yopmail.com typed into Email Id Entered
16:46:25.136 [main] INFO  com.demo.baseutil.Basetest - Validate Enter the password is clickable
16:46:27.729 [main] INFO  com.demo.baseutil.Basetest - Clicked on : Enter the password
16:46:27.734 [main] INFO  com.demo.baseutil.Basetest - Enter the value into Password Id Entered
16:46:28.261 [main] INFO  com.demo.baseutil.Basetest - Admin@1234 typed into Password Id Entered
16:46:32.378 [main] INFO  com.demo.baseutil.Basetest - Scroll down
16:46:32.378 [main] INFO  com.demo.baseutil.Basetest - Validate Press the signin button is clickable
16:46:35.967 [main] INFO  com.demo.baseutil.Basetest - Clicked on : Press the signin button
16:46:37.991 [main] INFO  com.demo.baseutil.Basetest - HomePage title  is matched
16:46:52.758 [main] INFO  com.demo.baseutil.Basetest - Scroll down
16:46:54.759 [main] INFO  com.demo.baseutil.Basetest - Validate Products is clicked is clickable
16:46:57.450 [main] INFO  com.demo.baseutil.Basetest - Clicked on : Products is clicked
16:47:02.461 [main] INFO  com.demo.baseutil.Basetest - Validate Add new is clicked is clickable
16:47:04.973 [main] INFO  com.demo.baseutil.Basetest - Clicked on : Add new is clicked
16:47:06.991 [main] INFO  com.demo.baseutil.Basetest - Validate Click on productcategory is clickable
16:47:09.898 [main] INFO  com.demo.baseutil.Basetest - Clicked on : Click on productcategory
16:47:09.899 [main] INFO  com.demo.baseutil.Basetest - Validate productbasedfood is clicked is clickable
16:47:12.356 [main] INFO  com.demo.baseutil.Basetest - Clicked on : productbasedfood is clicked
16:47:12.357 [main] INFO  com.demo.baseutil.Basetest - Validate product name is selected is clickable
16:47:14.875 [main] INFO  com.demo.baseutil.Basetest - Clicked on : product name is selected
16:47:14.875 [main] INFO  com.demo.baseutil.Basetest - Enter the value into enter the product
16:47:15.694 [main] INFO  com.demo.baseutil.Basetest - wheat810 typed into enter the product
16:47:15.695 [main] INFO  com.demo.baseutil.Basetest - Validate Click on productid is clickable
16:47:18.191 [main] INFO  com.demo.baseutil.Basetest - Clicked on : Click on productid
16:47:18.193 [main] INFO  com.demo.baseutil.Basetest - Validate Click on checkbox is clickable
16:47:20.883 [main] INFO  com.demo.baseutil.Basetest - Clicked on : Click on checkbox
16:47:20.884 [main] INFO  com.demo.baseutil.Basetest - Validate Click on autogenerate is clickable
16:47:23.549 [main] INFO  com.demo.baseutil.Basetest - Clicked on : Click on autogenerate
16:47:23.551 [main] INFO  com.demo.baseutil.Basetest - Validate Click on productdesc is clickable
16:47:26.117 [main] INFO  com.demo.baseutil.Basetest - Clicked on : Click on productdesc
16:47:26.118 [main] INFO  com.demo.baseutil.Basetest - Enter the value into Enetered the product desc
16:47:26.557 [main] INFO  com.demo.baseutil.Basetest - test typed into Enetered the product desc
16:47:26.558 [main] INFO  com.demo.baseutil.Basetest - Validate Click on upload is clickable
16:47:29.010 [main] INFO  com.demo.baseutil.Basetest - Clicked on : Click on upload
16:47:39.778 [main] INFO  com.demo.baseutil.Basetest - Scroll down
16:47:39.779 [main] INFO  com.demo.baseutil.Basetest - Validate Click on ingrediant name is clickable
16:47:42.351 [main] INFO  com.demo.baseutil.Basetest - Clicked on : Click on ingrediant name
16:47:42.352 [main] INFO  com.demo.baseutil.Basetest - Enter the value into ingredient name is entered
16:47:42.852 [main] INFO  com.demo.baseutil.Basetest - wheat typed into ingredient name is entered
16:47:45.867 [main] INFO  com.demo.baseutil.Basetest - Validate Click on ingrediant name is clickable
16:47:48.534 [main] INFO  com.demo.baseutil.Basetest - Clicked on : Click on ingrediant name
16:47:48.535 [main] INFO  com.demo.baseutil.Basetest - Enter the value into nutri name is entered
16:47:49.044 [main] INFO  com.demo.baseutil.Basetest - fact typed into nutri name is entered
16:47:49.045 [main] INFO  com.demo.baseutil.Basetest - Validate Click on ingrediant QTY is clickable
16:47:51.610 [main] INFO  com.demo.baseutil.Basetest - Clicked on : Click on ingrediant QTY
16:47:51.612 [main] INFO  com.demo.baseutil.Basetest - Enter the value into nutri qty is entered
16:47:52.113 [main] INFO  com.demo.baseutil.Basetest - 1 typed into nutri qty is entered
16:47:52.114 [main] INFO  com.demo.baseutil.Basetest - Validate Click on ingrediant drop is clickable
16:47:54.657 [main] INFO  com.demo.baseutil.Basetest - Clicked on : Click on ingrediant drop
16:47:56.668 [main] INFO  com.demo.baseutil.Basetest - Validate Click on ingrediant value is clickable
16:47:59.192 [main] INFO  com.demo.baseutil.Basetest - Clicked on : Click on ingrediant value
16:48:05.280 [main] INFO  com.demo.baseutil.Basetest - Scroll down
16:48:07.323 [main] INFO  com.demo.baseutil.Basetest - Scroll down successful
16:48:07.323 [main] INFO  com.demo.baseutil.Basetest - Validate Click on ingrediant name is clickable
16:48:09.952 [main] INFO  com.demo.baseutil.Basetest - Clicked on : Click on ingrediant name
16:48:09.953 [main] INFO  com.demo.baseutil.Basetest - Validate Click on ingrediant name is clickable
16:48:12.598 [main] INFO  com.demo.baseutil.Basetest - Clicked on : Click on ingrediant name
16:48:12.599 [main] INFO  com.demo.baseutil.Basetest - Validate Click on ingrediant name is clickable
16:48:15.234 [main] INFO  com.demo.baseutil.Basetest - Clicked on : Click on ingrediant name
16:48:15.235 [main] INFO  com.demo.baseutil.Basetest - Enter the value into price is entered
16:48:15.749 [main] INFO  com.demo.baseutil.Basetest - 1 typed into price is entered
16:48:15.750 [main] INFO  com.demo.baseutil.Basetest - Validate Click on currency is clickable
16:48:18.362 [main] INFO  com.demo.baseutil.Basetest - Clicked on : Click on currency
16:48:18.363 [main] INFO  com.demo.baseutil.Basetest - Validate Click on currency value is clickable
16:48:20.995 [main] INFO  com.demo.baseutil.Basetest - Clicked on : Click on currency value
16:48:20.996 [main] INFO  com.demo.baseutil.Basetest - Validate Click on typepacking value is clickable
16:48:23.687 [main] INFO  com.demo.baseutil.Basetest - Clicked on : Click on typepacking value
16:48:23.689 [main] INFO  com.demo.baseutil.Basetest - Enter the value into typepacking is entered
16:48:24.184 [main] INFO  com.demo.baseutil.Basetest - 1 typed into typepacking is entered
16:48:24.184 [main] INFO  com.demo.baseutil.Basetest - Validate Click on length value is clickable
16:48:26.710 [main] INFO  com.demo.baseutil.Basetest - Clicked on : Click on length value
16:48:26.711 [main] INFO  com.demo.baseutil.Basetest - Enter the value into length is entered
16:48:27.360 [main] INFO  com.demo.baseutil.Basetest - 1 typed into length is entered
16:48:27.362 [main] INFO  com.demo.baseutil.Basetest - Validate Click on breath value is clickable
16:48:30.097 [main] INFO  com.demo.baseutil.Basetest - Clicked on : Click on breath value
16:48:30.098 [main] INFO  com.demo.baseutil.Basetest - Enter the value into breath is entered
16:48:30.528 [main] INFO  com.demo.baseutil.Basetest - 1 typed into breath is entered
16:48:30.529 [main] INFO  com.demo.baseutil.Basetest - Validate Click on height value is clickable
16:48:33.156 [main] INFO  com.demo.baseutil.Basetest - Clicked on : Click on height value
16:48:33.158 [main] INFO  com.demo.baseutil.Basetest - Enter the value into height is entered
16:48:33.941 [main] INFO  com.demo.baseutil.Basetest - 1 typed into height is entered
16:48:35.990 [main] INFO  com.demo.baseutil.Basetest - Scroll down successful
16:48:35.990 [main] INFO  com.demo.baseutil.Basetest - Validate Click on checkbox1 is clickable
16:48:38.715 [main] INFO  com.demo.baseutil.Basetest - Clicked on : Click on checkbox1
16:48:47.811 [main] INFO  com.demo.baseutil.Basetest - Scroll down
16:48:47.812 [main] INFO  com.demo.baseutil.Basetest - Validate Click on gln1 is clickable
16:48:50.379 [main] INFO  com.demo.baseutil.Basetest - Clicked on : Click on gln1
16:48:50.381 [main] INFO  com.demo.baseutil.Basetest - Enter the value into gln1 is entered
16:48:50.920 [main] INFO  com.demo.baseutil.Basetest - test typed into gln1 is entered
16:48:54.929 [main] INFO  com.demo.baseutil.Basetest - Validate Click on autosearch is clickable
16:48:57.496 [main] INFO  com.demo.baseutil.Basetest - Clicked on : Click on autosearch
16:48:59.512 [main] INFO  com.demo.baseutil.Basetest - Validate Click on gln2 is clickable
16:49:02.324 [main] INFO  com.demo.baseutil.Basetest - Clicked on : Click on gln2
16:49:02.327 [main] INFO  com.demo.baseutil.Basetest - Enter the value into gln2 is entered
16:49:02.814 [main] INFO  com.demo.baseutil.Basetest - test typed into gln2 is entered
16:49:06.822 [main] INFO  com.demo.baseutil.Basetest - Validate Click on autosearch is clickable
16:49:09.411 [main] INFO  com.demo.baseutil.Basetest - Clicked on : Click on autosearch
16:49:14.414 [main] INFO  com.demo.baseutil.Basetest - Validate Click on gln3 is clickable
16:49:16.873 [main] INFO  com.demo.baseutil.Basetest - Clicked on : Click on gln3
16:49:16.874 [main] INFO  com.demo.baseutil.Basetest - Enter the value into gln3 is entered
16:49:17.240 [main] INFO  com.demo.baseutil.Basetest - test typed into gln3 is entered
16:49:19.251 [main] INFO  com.demo.baseutil.Basetest - Scroll till the scrolldown to table:
16:49:19.545 [main] INFO  com.demo.baseutil.Basetest - Scroll till the scrolldown to table: completed
16:49:21.553 [main] INFO  com.demo.baseutil.Basetest - Validate Click on autosearch is clickable
16:49:24.078 [main] INFO  com.demo.baseutil.Basetest - Clicked on : Click on autosearch
16:49:30.180 [main] INFO  com.demo.baseutil.Basetest - Scroll down
16:49:32.190 [main] INFO  com.demo.baseutil.Basetest - Validate Click on registerproduct is clickable
16:49:34.841 [main] INFO  com.demo.baseutil.Basetest - Clicked on : Click on registerproduct
16:49:59.429 [main] INFO  com.demo.baseutil.Basetest - Browser is closed sucessfuly
16:50:00.328 [main] INFO  com.demo.baseutil.Basetest - Browser is closed sucessfuly
16:50:21.017 [main] INFO  com.demo.baseutil.Basetest - Validate Sign in with FarmtoPlate account is clickable
16:50:23.626 [main] INFO  com.demo.baseutil.Basetest - Clicked on : Sign in with FarmtoPlate account
16:50:23.645 [main] INFO  com.demo.baseutil.Basetest - Url contains farmtoplateapps.io/login
16:50:23.666 [main] INFO  com.demo.baseutil.Basetest - Sign in title matched
16:50:23.666 [main] INFO  com.demo.baseutil.Basetest - UI verified for Sigin page.
16:50:23.666 [main] INFO  com.demo.baseutil.Basetest - Sign in function call
16:50:23.666 [main] INFO  com.demo.baseutil.Basetest - Validate email address field is clicked is clickable
16:50:26.265 [main] INFO  com.demo.baseutil.Basetest - Clicked on : email address field is clicked
16:50:26.266 [main] INFO  com.demo.baseutil.Basetest - Enter the value into Email Id Entered
16:50:27.054 [main] INFO  com.demo.baseutil.Basetest - manufact123@yopmail.com typed into Email Id Entered
16:50:27.055 [main] INFO  com.demo.baseutil.Basetest - Validate Enter the password is clickable
16:50:29.647 [main] INFO  com.demo.baseutil.Basetest - Clicked on : Enter the password
16:50:29.647 [main] INFO  com.demo.baseutil.Basetest - Enter the value into Password Id Entered
16:50:30.205 [main] INFO  com.demo.baseutil.Basetest - Admin@1234 typed into Password Id Entered
16:50:34.306 [main] INFO  com.demo.baseutil.Basetest - Scroll down
16:50:34.306 [main] INFO  com.demo.baseutil.Basetest - Validate Press the signin button is clickable
16:50:38.423 [main] INFO  com.demo.baseutil.Basetest - Clicked on : Press the signin button
16:50:41.322 [main] INFO  com.demo.baseutil.Basetest - HomePage title  is matched
16:51:02.124 [main] INFO  com.demo.baseutil.Basetest - Scroll down
16:51:04.130 [main] INFO  com.demo.baseutil.Basetest - Validate Process is clicked is clickable
16:51:07.066 [main] INFO  com.demo.baseutil.Basetest - Clicked on : Process is clicked
16:51:12.081 [main] INFO  com.demo.baseutil.Basetest - Validate Process add is clicked is clickable
16:51:15.053 [main] INFO  com.demo.baseutil.Basetest - Clicked on : Process add is clicked
16:51:20.064 [main] INFO  com.demo.baseutil.Basetest - Validate Product id is clicked is clickable
16:51:22.732 [main] INFO  com.demo.baseutil.Basetest - Clicked on : Product id is clicked
16:51:27.385 [main] INFO  com.demo.baseutil.Basetest - Validate Product id is clicked is clickable
16:51:30.129 [main] INFO  com.demo.baseutil.Basetest - Clicked on : Product id is clicked
16:51:32.137 [main] INFO  com.demo.baseutil.Basetest - Validate Product id is clicked is clickable
16:51:34.794 [main] INFO  com.demo.baseutil.Basetest - Clicked on : Product id is clicked
16:51:36.802 [main] INFO  com.demo.baseutil.Basetest - Validate outside is clicked is clickable
16:51:39.435 [main] INFO  com.demo.baseutil.Basetest - Clicked on : outside is clicked
16:51:45.521 [main] INFO  com.demo.baseutil.Basetest - Scroll down
16:51:45.521 [main] INFO  com.demo.baseutil.Basetest - Validate process name is clicked is clickable
16:51:47.984 [main] INFO  com.demo.baseutil.Basetest - Clicked on : process name is clicked
16:51:49.993 [main] INFO  com.demo.baseutil.Basetest - Enter the value into process name Value is entered
16:51:50.724 [main] INFO  com.demo.baseutil.Basetest - processcomm typed into process name Value is entered
16:51:52.764 [main] INFO  com.demo.baseutil.Basetest - Scroll down successful
16:51:52.764 [main] INFO  com.demo.baseutil.Basetest - Validate process loc is clicked is clickable
16:51:55.432 [main] INFO  com.demo.baseutil.Basetest - Clicked on : process loc is clicked
16:51:57.441 [main] INFO  com.demo.baseutil.Basetest - Enter the value into process name Value is entered
16:51:58.176 [main] INFO  com.demo.baseutil.Basetest - 8964214814014 typed into process name Value is entered
16:52:03.190 [main] INFO  com.demo.baseutil.Basetest - Validate process loc is clicked is clickable
16:52:05.879 [main] INFO  com.demo.baseutil.Basetest - Clicked on : process loc is clicked
16:52:07.882 [main] INFO  com.demo.baseutil.Basetest - Validate process type is clicked is clickable
16:52:10.501 [main] INFO  com.demo.baseutil.Basetest - Clicked on : process type is clicked
16:52:12.541 [main] INFO  com.demo.baseutil.Basetest - Scroll down successful
16:52:12.541 [main] INFO  com.demo.baseutil.Basetest - Validate process comm is clicked is clickable
16:52:15.131 [main] INFO  com.demo.baseutil.Basetest - Clicked on : process comm is clicked
16:52:21.234 [main] INFO  com.demo.baseutil.Basetest - Scroll down
16:52:21.235 [main] INFO  com.demo.baseutil.Basetest - Validate process add button is clicked is clickable
16:52:23.895 [main] INFO  com.demo.baseutil.Basetest - Clicked on : process add button is clicked
16:52:41.024 [main] INFO  com.demo.baseutil.Basetest - Scroll down
16:52:43.038 [main] INFO  com.demo.baseutil.Basetest - Validate Process is clicked is clickable
16:52:46.146 [main] INFO  com.demo.baseutil.Basetest - Clicked on : Process is clicked
16:52:51.160 [main] INFO  com.demo.baseutil.Basetest - Validate Process add is clicked is clickable
16:52:54.263 [main] INFO  com.demo.baseutil.Basetest - Clicked on : Process add is clicked
16:52:59.278 [main] INFO  com.demo.baseutil.Basetest - Validate Product id is clicked is clickable
16:53:01.848 [main] INFO  com.demo.baseutil.Basetest - Clicked on : Product id is clicked
16:53:06.467 [main] INFO  com.demo.baseutil.Basetest - Validate Product id is clicked is clickable
16:53:09.270 [main] INFO  com.demo.baseutil.Basetest - Clicked on : Product id is clicked
16:53:11.282 [main] INFO  com.demo.baseutil.Basetest - Validate Product id is clicked is clickable
16:53:14.052 [main] INFO  com.demo.baseutil.Basetest - Clicked on : Product id is clicked
16:53:16.067 [main] INFO  com.demo.baseutil.Basetest - Validate outside is clicked is clickable
16:53:18.664 [main] INFO  com.demo.baseutil.Basetest - Clicked on : outside is clicked
16:53:24.774 [main] INFO  com.demo.baseutil.Basetest - Scroll down
16:53:24.775 [main] INFO  com.demo.baseutil.Basetest - Validate process name is clicked is clickable
16:53:27.651 [main] INFO  com.demo.baseutil.Basetest - Clicked on : process name is clicked
16:53:29.658 [main] INFO  com.demo.baseutil.Basetest - Enter the value into process name Value is entered
16:53:30.184 [main] INFO  com.demo.baseutil.Basetest - processcooling typed into process name Value is entered
16:53:32.228 [main] INFO  com.demo.baseutil.Basetest - Scroll down successful
16:53:32.228 [main] INFO  com.demo.baseutil.Basetest - Validate process loc is clicked is clickable
16:53:34.994 [main] INFO  com.demo.baseutil.Basetest - Clicked on : process loc is clicked
16:53:37.004 [main] INFO  com.demo.baseutil.Basetest - Enter the value into process name Value is entered
16:53:37.605 [main] INFO  com.demo.baseutil.Basetest - 8964214814014 typed into process name Value is entered
16:53:42.606 [main] INFO  com.demo.baseutil.Basetest - Validate process loc is clicked is clickable
16:53:45.286 [main] INFO  com.demo.baseutil.Basetest - Clicked on : process loc is clicked
16:53:47.299 [main] INFO  com.demo.baseutil.Basetest - Validate process type is clicked is clickable
16:53:49.873 [main] INFO  com.demo.baseutil.Basetest - Clicked on : process type is clicked
16:53:51.911 [main] INFO  com.demo.baseutil.Basetest - Scroll down successful
16:53:51.912 [main] INFO  com.demo.baseutil.Basetest - Validate process trans is clicked is clickable
16:53:54.794 [main] INFO  com.demo.baseutil.Basetest - Clicked on : process trans is clicked
16:54:00.900 [main] INFO  com.demo.baseutil.Basetest - Scroll down
16:54:00.900 [main] INFO  com.demo.baseutil.Basetest - Validate process add button is clicked is clickable
16:54:03.501 [main] INFO  com.demo.baseutil.Basetest - Clicked on : process add button is clicked
16:54:20.606 [main] INFO  com.demo.baseutil.Basetest - Scroll down
16:54:22.614 [main] INFO  com.demo.baseutil.Basetest - Validate Process is clicked is clickable
16:54:25.597 [main] INFO  com.demo.baseutil.Basetest - Clicked on : Process is clicked
16:54:30.606 [main] INFO  com.demo.baseutil.Basetest - Validate Process add is clicked is clickable
16:54:33.564 [main] INFO  com.demo.baseutil.Basetest - Clicked on : Process add is clicked
16:54:38.577 [main] INFO  com.demo.baseutil.Basetest - Validate Product id is clicked is clickable
16:54:41.306 [main] INFO  com.demo.baseutil.Basetest - Clicked on : Product id is clicked
16:54:46.091 [main] INFO  com.demo.baseutil.Basetest - Validate Product id is clicked is clickable
16:54:48.949 [main] INFO  com.demo.baseutil.Basetest - Clicked on : Product id is clicked
16:54:50.952 [main] INFO  com.demo.baseutil.Basetest - Validate Product id is clicked is clickable
16:55:32.404 [main] ERROR com.demo.baseutil.Basetest - Product id is clicked is not clickable
16:55:32.413 [main] ERROR com.demo.baseutil.Basetest - Unable to click on Product id is clicked
16:55:36.406 [main] INFO  com.demo.baseutil.Basetest - Browser is closed sucessfuly
16:55:37.117 [main] INFO  com.demo.baseutil.Basetest - Browser is closed sucessfuly
16:55:54.786 [main] INFO  com.demo.baseutil.Basetest - Validate Sign in with FarmtoPlate account is clickable
