18:02:25.975 [main] INFO  com.demo.baseutil.Basetest - 
18:02:25.991 [main] INFO  com.demo.baseutil.Basetest - Running locally JavaMail
18:02:26.362 [main] INFO  com.demo.baseutil.Basetest2 - Folder creation for Extent
18:02:26.376 [main] INFO  com.demo.baseutil.Basetest - ExtentDir:-C:\Users\Deepti Jindal\eclipse-workspace2\com.NFR.Trace QA latest/reports/Automation Report- 01_17_2025_18_02_26/Report/01_17_2025_18_02_26
18:02:26.565 [main] INFO  com.demo.baseutil.Basetest - Report Initiated
18:02:26.566 [main] INFO  com.demo.baseutil.Basetest - Screenshot folder created
18:02:46.607 [main] INFO  com.demo.baseutil.Basetest - Validate Sign in with FarmtoPlate account is clickable
18:02:49.687 [main] INFO  com.demo.baseutil.Basetest - Clicked on : Sign in with FarmtoPlate account
18:02:50.285 [main] INFO  com.demo.baseutil.Basetest - Url contains farmtoplateapps.io/login
18:02:50.309 [main] INFO  com.demo.baseutil.Basetest - Sign in title matched
18:02:50.310 [main] INFO  com.demo.baseutil.Basetest - UI verified for Sigin page.
18:02:50.310 [main] INFO  com.demo.baseutil.Basetest - Sign in function call
18:02:50.311 [main] INFO  com.demo.baseutil.Basetest - Validate email address field is clicked is clickable
18:02:52.992 [main] INFO  com.demo.baseutil.Basetest - Clicked on : email address field is clicked
18:02:52.993 [main] INFO  com.demo.baseutil.Basetest - Enter the value into Email Id Entered
18:02:53.633 [main] INFO  com.demo.baseutil.Basetest - 139@yopmail.com typed into Email Id Entered
18:02:53.634 [main] INFO  com.demo.baseutil.Basetest - Validate Enter the password is clickable
18:02:56.369 [main] INFO  com.demo.baseutil.Basetest - Clicked on : Enter the password
18:02:56.370 [main] INFO  com.demo.baseutil.Basetest - Enter the value into Password Id Entered
18:02:56.842 [main] INFO  com.demo.baseutil.Basetest - Admin@1234 typed into Password Id Entered
18:03:00.964 [main] INFO  com.demo.baseutil.Basetest - Scroll down
18:03:00.965 [main] INFO  com.demo.baseutil.Basetest - Validate Press the signin button is clickable
18:03:05.847 [main] INFO  com.demo.baseutil.Basetest - Clicked on : Press the signin button
18:03:09.513 [main] INFO  com.demo.baseutil.Basetest - HomePage title  is matched
18:03:19.521 [main] INFO  com.demo.baseutil.Basetest - Validate click on trace is clickable
18:03:22.554 [main] INFO  com.demo.baseutil.Basetest - Clicked on : click on trace
18:03:30.685 [main] INFO  com.demo.baseutil.Basetest - Scroll down
18:03:32.698 [main] INFO  com.demo.baseutil.Basetest - Validate Products is clicked is clickable
18:03:35.909 [main] INFO  com.demo.baseutil.Basetest - Clicked on : Products is clicked
18:03:40.911 [main] INFO  com.demo.baseutil.Basetest - Validate Add new is clicked is clickable
18:03:43.753 [main] INFO  com.demo.baseutil.Basetest - Clicked on : Add new is clicked
18:03:45.759 [main] INFO  com.demo.baseutil.Basetest - Validate Click on productcategory is clickable
18:03:48.586 [main] INFO  com.demo.baseutil.Basetest - Clicked on : Click on productcategory
18:03:48.587 [main] INFO  com.demo.baseutil.Basetest - Validate productbasedfood is clicked is clickable
18:03:51.597 [main] INFO  com.demo.baseutil.Basetest - Clicked on : productbasedfood is clicked
18:03:51.598 [main] INFO  com.demo.baseutil.Basetest - Validate product name is selected is clickable
18:03:54.376 [main] INFO  com.demo.baseutil.Basetest - Clicked on : product name is selected
18:03:54.378 [main] INFO  com.demo.baseutil.Basetest - Enter the value into enter the product
18:03:55.520 [main] INFO  com.demo.baseutil.Basetest - wheat1834179960647386 typed into enter the product
18:03:55.521 [main] INFO  com.demo.baseutil.Basetest - Validate Click on productid is clickable
18:03:58.389 [main] INFO  com.demo.baseutil.Basetest - Clicked on : Click on productid
18:03:58.390 [main] INFO  com.demo.baseutil.Basetest - Validate Click on checkbox is clickable
18:04:01.259 [main] INFO  com.demo.baseutil.Basetest - Clicked on : Click on checkbox
18:04:01.260 [main] INFO  com.demo.baseutil.Basetest - Validate Click on autogenerate is clickable
18:04:03.996 [main] INFO  com.demo.baseutil.Basetest - Clicked on : Click on autogenerate
18:04:03.997 [main] INFO  com.demo.baseutil.Basetest - Validate Click on productdesc is clickable
18:04:06.725 [main] INFO  com.demo.baseutil.Basetest - Clicked on : Click on productdesc
18:04:06.726 [main] INFO  com.demo.baseutil.Basetest - Enter the value into Enetered the product desc
18:04:07.241 [main] INFO  com.demo.baseutil.Basetest - test typed into Enetered the product desc
18:04:07.242 [main] INFO  com.demo.baseutil.Basetest - Validate Click on upload is clickable
18:04:09.965 [main] INFO  com.demo.baseutil.Basetest - Clicked on : Click on upload
18:04:20.569 [main] INFO  com.demo.baseutil.Basetest - Scroll down
18:04:20.570 [main] INFO  com.demo.baseutil.Basetest - Validate Click on ingrediant name is clickable
18:04:23.323 [main] INFO  com.demo.baseutil.Basetest - Clicked on : Click on ingrediant name
18:04:23.324 [main] INFO  com.demo.baseutil.Basetest - Enter the value into ingredient name is entered
18:04:24.077 [main] INFO  com.demo.baseutil.Basetest - wheat typed into ingredient name is entered
18:04:27.091 [main] INFO  com.demo.baseutil.Basetest - Validate Click on ingrediant name is clickable
18:04:29.913 [main] INFO  com.demo.baseutil.Basetest - Clicked on : Click on ingrediant name
18:04:29.914 [main] INFO  com.demo.baseutil.Basetest - Enter the value into nutri name is entered
18:04:30.563 [main] INFO  com.demo.baseutil.Basetest - fact typed into nutri name is entered
18:04:30.565 [main] INFO  com.demo.baseutil.Basetest - Validate Click on ingrediant QTY is clickable
18:04:33.266 [main] INFO  com.demo.baseutil.Basetest - Clicked on : Click on ingrediant QTY
18:04:33.267 [main] INFO  com.demo.baseutil.Basetest - Enter the value into nutri qty is entered
18:04:34.105 [main] INFO  com.demo.baseutil.Basetest - 1 typed into nutri qty is entered
18:04:34.106 [main] INFO  com.demo.baseutil.Basetest - Validate Click on ingrediant drop is clickable
18:04:36.950 [main] INFO  com.demo.baseutil.Basetest - Clicked on : Click on ingrediant drop
18:04:38.956 [main] INFO  com.demo.baseutil.Basetest - Validate Click on ingrediant value is clickable
18:04:41.768 [main] INFO  com.demo.baseutil.Basetest - Clicked on : Click on ingrediant value
18:04:47.873 [main] INFO  com.demo.baseutil.Basetest - Scroll down
18:04:49.911 [main] INFO  com.demo.baseutil.Basetest - Scroll down successful
18:04:49.912 [main] INFO  com.demo.baseutil.Basetest - Validate Click on ingrediant name is clickable
18:04:52.682 [main] INFO  com.demo.baseutil.Basetest - Clicked on : Click on ingrediant name
18:04:52.683 [main] INFO  com.demo.baseutil.Basetest - Validate Click on ingrediant name is clickable
18:04:55.605 [main] INFO  com.demo.baseutil.Basetest - Clicked on : Click on ingrediant name
18:04:55.606 [main] INFO  com.demo.baseutil.Basetest - Validate Click on ingrediant name is clickable
18:04:58.343 [main] INFO  com.demo.baseutil.Basetest - Clicked on : Click on ingrediant name
18:04:58.345 [main] INFO  com.demo.baseutil.Basetest - Enter the value into price is entered
18:04:58.922 [main] INFO  com.demo.baseutil.Basetest - 1 typed into price is entered
18:04:58.923 [main] INFO  com.demo.baseutil.Basetest - Validate Click on currency is clickable
18:05:01.714 [main] INFO  com.demo.baseutil.Basetest - Clicked on : Click on currency
18:05:01.715 [main] INFO  com.demo.baseutil.Basetest - Validate Click on currency value is clickable
18:05:04.526 [main] INFO  com.demo.baseutil.Basetest - Clicked on : Click on currency value
18:05:04.527 [main] INFO  com.demo.baseutil.Basetest - Validate Click on typepacking value is clickable
18:05:07.285 [main] INFO  com.demo.baseutil.Basetest - Clicked on : Click on typepacking value
18:05:07.286 [main] INFO  com.demo.baseutil.Basetest - Enter the value into typepacking is entered
18:05:07.846 [main] INFO  com.demo.baseutil.Basetest - 1 typed into typepacking is entered
18:05:07.846 [main] INFO  com.demo.baseutil.Basetest - Validate Click on length value is clickable
18:05:10.781 [main] INFO  com.demo.baseutil.Basetest - Clicked on : Click on length value
18:05:10.782 [main] INFO  com.demo.baseutil.Basetest - Enter the value into length is entered
18:05:11.355 [main] INFO  com.demo.baseutil.Basetest - 1 typed into length is entered
18:05:11.356 [main] INFO  com.demo.baseutil.Basetest - Validate Click on breath value is clickable
18:05:14.031 [main] INFO  com.demo.baseutil.Basetest - Clicked on : Click on breath value
18:05:14.033 [main] INFO  com.demo.baseutil.Basetest - Enter the value into breath is entered
18:05:14.684 [main] INFO  com.demo.baseutil.Basetest - 1 typed into breath is entered
18:05:14.686 [main] INFO  com.demo.baseutil.Basetest - Validate Click on height value is clickable
18:05:17.486 [main] INFO  com.demo.baseutil.Basetest - Clicked on : Click on height value
18:05:17.487 [main] INFO  com.demo.baseutil.Basetest - Enter the value into height is entered
18:05:18.055 [main] INFO  com.demo.baseutil.Basetest - 1 typed into height is entered
18:05:20.112 [main] INFO  com.demo.baseutil.Basetest - Scroll down successful
18:05:20.114 [main] INFO  com.demo.baseutil.Basetest - Validate Click on checkbox1 is clickable
18:05:23.003 [main] INFO  com.demo.baseutil.Basetest - Clicked on : Click on checkbox1
18:05:32.086 [main] INFO  com.demo.baseutil.Basetest - Scroll down
18:05:32.087 [main] INFO  com.demo.baseutil.Basetest - Validate Click on gln1 is clickable
18:05:34.771 [main] INFO  com.demo.baseutil.Basetest - Clicked on : Click on gln1
18:05:34.772 [main] INFO  com.demo.baseutil.Basetest - Enter the value into gln1 is entered
18:05:35.375 [main] INFO  com.demo.baseutil.Basetest - warehouse typed into gln1 is entered
18:05:39.391 [main] INFO  com.demo.baseutil.Basetest - Validate Click on autosearch is clickable
18:05:42.049 [main] INFO  com.demo.baseutil.Basetest - Clicked on : Click on autosearch
18:05:44.057 [main] INFO  com.demo.baseutil.Basetest - Validate Click on gln2 is clickable
18:05:46.667 [main] INFO  com.demo.baseutil.Basetest - Clicked on : Click on gln2
18:05:46.668 [main] INFO  com.demo.baseutil.Basetest - Enter the value into gln2 is entered
18:05:47.338 [main] INFO  com.demo.baseutil.Basetest - warehouse typed into gln2 is entered
18:05:50.354 [main] INFO  com.demo.baseutil.Basetest - Validate Click on autosearch is clickable
18:05:53.105 [main] INFO  com.demo.baseutil.Basetest - Clicked on : Click on autosearch
18:05:55.122 [main] INFO  com.demo.baseutil.Basetest - Validate Click on gln3 is clickable
18:05:57.888 [main] INFO  com.demo.baseutil.Basetest - Clicked on : Click on gln3
18:05:57.889 [main] INFO  com.demo.baseutil.Basetest - Enter the value into gln3 is entered
18:05:58.556 [main] INFO  com.demo.baseutil.Basetest - warehouse typed into gln3 is entered
18:06:00.570 [main] INFO  com.demo.baseutil.Basetest - Scroll till the scrolldown to table:
18:06:31.331 [main] ERROR com.demo.baseutil.Basetest - Scroll till the scrolldown to table: failed
18:06:33.350 [main] INFO  com.demo.baseutil.Basetest - Validate Click on autosearch is clickable
18:06:36.133 [main] INFO  com.demo.baseutil.Basetest - Clicked on : Click on autosearch
18:06:41.149 [main] INFO  com.demo.baseutil.Basetest - Validate Click on gln5 is clickable
18:06:43.873 [main] INFO  com.demo.baseutil.Basetest - Clicked on : Click on gln5
18:06:43.873 [main] INFO  com.demo.baseutil.Basetest - Enter the value into gln5 is entered
18:06:44.769 [main] INFO  com.demo.baseutil.Basetest - warehouse typed into gln5 is entered
18:06:46.785 [main] INFO  com.demo.baseutil.Basetest - Scroll till the scrolldown to table:
18:07:17.524 [main] ERROR com.demo.baseutil.Basetest - Scroll till the scrolldown to table: failed
18:07:19.526 [main] INFO  com.demo.baseutil.Basetest - Validate Click on autosearch is clickable
18:07:22.346 [main] INFO  com.demo.baseutil.Basetest - Clicked on : Click on autosearch
18:07:27.362 [main] INFO  com.demo.baseutil.Basetest - Validate click on del of ship is clickable
18:07:30.108 [main] INFO  com.demo.baseutil.Basetest - Clicked on : click on del of ship
18:07:30.109 [main] INFO  com.demo.baseutil.Basetest - Validate click on confirm of ship is clickable
18:07:33.150 [main] INFO  com.demo.baseutil.Basetest - Clicked on : click on confirm of ship
18:07:41.271 [main] INFO  com.demo.baseutil.Basetest - Scroll down
18:07:43.273 [main] INFO  com.demo.baseutil.Basetest - Validate Click on registerproduct is clickable
18:07:46.084 [main] INFO  com.demo.baseutil.Basetest - Clicked on : Click on registerproduct
18:08:02.211 [main] INFO  com.demo.baseutil.Basetest - Scroll down
18:08:04.225 [main] INFO  com.demo.baseutil.Basetest - Validate Products is clicked is clickable
18:08:07.660 [main] INFO  com.demo.baseutil.Basetest - Clicked on : Products is clicked
18:08:13.653 [main] INFO  com.demo.baseutil.Basetest - Browser is closed sucessfuly
18:08:14.945 [main] INFO  com.demo.baseutil.Basetest - Browser is closed sucessfuly
18:08:16.001 [main] ERROR com.demo.baseutil.Basetest - Failed to close the Browser
