13:37:08.691 [main] INFO  com.demo.baseutil.Basetest - 
13:37:08.698 [main] INFO  com.demo.baseutil.Basetest - Running locally JavaMail
13:37:08.794 [main] INFO  com.demo.baseutil.Basetest2 - Folder creation for Extent
13:37:08.800 [main] INFO  com.demo.baseutil.Basetest - ExtentDir:-C:\Users\Deepti Jindal\eclipse-workspace2\com.NFR.Trace/reports/Automation Report- 07_26_2024_13_37_08/Report/07_26_2024_13_37_08
13:37:08.905 [main] INFO  com.demo.baseutil.Basetest - Report Initiated
13:37:08.906 [main] INFO  com.demo.baseutil.Basetest - Screenshot folder created
13:37:23.687 [main] INFO  com.demo.baseutil.Basetest - Validate Sign in with FarmtoPlate account is clickable
13:37:26.147 [main] INFO  com.demo.baseutil.Basetest - Clicked on : Sign in with FarmtoPlate account
13:37:26.164 [main] INFO  com.demo.baseutil.Basetest - Url contains farmtoplateapps.io/login
13:37:26.172 [main] INFO  com.demo.baseutil.Basetest - Sign in title matched
13:37:26.172 [main] INFO  com.demo.baseutil.Basetest - UI verified for Sigin page.
13:37:26.172 [main] INFO  com.demo.baseutil.Basetest - Sign in function call
13:37:26.172 [main] INFO  com.demo.baseutil.Basetest - Validate email address field is clicked is clickable
13:37:28.445 [main] INFO  com.demo.baseutil.Basetest - Clicked on : email address field is clicked
13:37:28.446 [main] INFO  com.demo.baseutil.Basetest - Enter the value into Email Id Entered
13:37:28.920 [main] INFO  com.demo.baseutil.Basetest - clhijshz193@yopmail.com typed into Email Id Entered
13:37:28.921 [main] INFO  com.demo.baseutil.Basetest - Validate Enter the password is clickable
13:37:31.242 [main] INFO  com.demo.baseutil.Basetest - Clicked on : Enter the password
13:37:31.242 [main] INFO  com.demo.baseutil.Basetest - Enter the value into Password Id Entered
13:37:31.449 [main] INFO  com.demo.baseutil.Basetest - Admin@1234 typed into Password Id Entered
13:37:35.528 [main] INFO  com.demo.baseutil.Basetest - Scroll down
13:37:35.528 [main] INFO  com.demo.baseutil.Basetest - Validate Press the signin button is clickable
13:37:38.424 [main] INFO  com.demo.baseutil.Basetest - Clicked on : Press the signin button
13:37:41.834 [main] INFO  com.demo.baseutil.Basetest - HomePage title  is matched
13:37:59.933 [main] INFO  com.demo.baseutil.Basetest - Scroll down
13:38:01.938 [main] INFO  com.demo.baseutil.Basetest - Validate Products is clicked is clickable
13:38:04.409 [main] INFO  com.demo.baseutil.Basetest - Clicked on : Products is clicked
13:38:09.413 [main] INFO  com.demo.baseutil.Basetest - Validate link share is clicked is clickable
13:38:11.788 [main] INFO  com.demo.baseutil.Basetest - Clicked on : link share is clicked
13:38:13.793 [main] INFO  com.demo.baseutil.Basetest - Validate shared radio is checked is clickable
13:38:16.132 [main] INFO  com.demo.baseutil.Basetest - Clicked on : shared radio is checked
13:38:16.132 [main] INFO  com.demo.baseutil.Basetest - Validate  Product id is checked is clickable
13:38:18.537 [main] INFO  com.demo.baseutil.Basetest - Clicked on :  Product id is checked
13:38:20.543 [main] INFO  com.demo.baseutil.Basetest - Validate prolabel is checked is clickable
13:39:01.782 [main] ERROR com.demo.baseutil.Basetest - prolabel is checked is not clickable
13:39:01.782 [main] ERROR com.demo.baseutil.Basetest - Unable to click on prolabel is checked
