13:01:02.369 [main] INFO  com.demo.baseutil.Basetest - 
13:01:02.376 [main] INFO  com.demo.baseutil.Basetest - Running locally JavaMail
13:01:02.468 [main] INFO  com.demo.baseutil.Basetest2 - Folder creation for Extent
13:01:02.474 [main] INFO  com.demo.baseutil.Basetest - ExtentDir:-C:\Users\Deepti Jindal\eclipse-workspace2\com.NFR.Trace QA latest/reports/Automation Report- 11_27_2024_13_01_02/Report/11_27_2024_13_01_02
13:01:02.604 [main] INFO  com.demo.baseutil.Basetest - Report Initiated
13:01:02.605 [main] INFO  com.demo.baseutil.Basetest - Screenshot folder created
13:01:14.915 [main] INFO  com.demo.baseutil.Basetest - Validate Sign in with FarmtoPlate account is clickable
13:01:17.301 [main] INFO  com.demo.baseutil.Basetest - Clicked on : Sign in with FarmtoPlate account
13:01:17.313 [main] INFO  com.demo.baseutil.Basetest - Url contains farmtoplateapps.io/login
13:01:17.320 [main] INFO  com.demo.baseutil.Basetest - Sign in title matched
13:01:17.321 [main] INFO  com.demo.baseutil.Basetest - UI verified for Sigin page.
13:01:17.321 [main] INFO  com.demo.baseutil.Basetest - Sign in function call
13:01:17.321 [main] INFO  com.demo.baseutil.Basetest - Validate email address field is clicked is clickable
13:01:19.621 [main] INFO  com.demo.baseutil.Basetest - Clicked on : email address field is clicked
13:01:19.621 [main] INFO  com.demo.baseutil.Basetest - Enter the value into Email Id Entered
13:01:19.929 [main] INFO  com.demo.baseutil.Basetest - ldekkenq362@yopmail.com typed into Email Id Entered
13:01:19.929 [main] INFO  com.demo.baseutil.Basetest - Validate Enter the password is clickable
13:01:22.258 [main] INFO  com.demo.baseutil.Basetest - Clicked on : Enter the password
13:01:22.258 [main] INFO  com.demo.baseutil.Basetest - Enter the value into Password Id Entered
13:01:22.489 [main] INFO  com.demo.baseutil.Basetest - Admin@1234 typed into Password Id Entered
13:01:26.580 [main] INFO  com.demo.baseutil.Basetest - Scroll down
13:01:26.580 [main] INFO  com.demo.baseutil.Basetest - Validate Press the signin button is clickable
13:01:29.734 [main] INFO  com.demo.baseutil.Basetest - Clicked on : Press the signin button
13:01:31.788 [main] INFO  com.demo.baseutil.Basetest - HomePage title  is matched
13:01:41.798 [main] INFO  com.demo.baseutil.Basetest - Validate click on trace is clickable
13:01:44.270 [main] INFO  com.demo.baseutil.Basetest - Clicked on : click on trace
13:01:52.356 [main] INFO  com.demo.baseutil.Basetest - Scroll down
13:01:54.361 [main] INFO  com.demo.baseutil.Basetest - Validate Products is clicked is clickable
13:01:56.864 [main] INFO  com.demo.baseutil.Basetest - Clicked on : Products is clicked
13:02:01.872 [main] INFO  com.demo.baseutil.Basetest - Validate Add new is clicked is clickable
13:02:04.332 [main] INFO  com.demo.baseutil.Basetest - Clicked on : Add new is clicked
13:02:06.348 [main] INFO  com.demo.baseutil.Basetest - Validate Click on productcategory is clickable
13:02:08.832 [main] INFO  com.demo.baseutil.Basetest - Clicked on : Click on productcategory
13:02:08.832 [main] INFO  com.demo.baseutil.Basetest - Validate productbasedfood is clicked is clickable
13:02:11.244 [main] INFO  com.demo.baseutil.Basetest - Clicked on : productbasedfood is clicked
13:02:11.244 [main] INFO  com.demo.baseutil.Basetest - Validate product name is selected is clickable
13:02:13.692 [main] INFO  com.demo.baseutil.Basetest - Clicked on : product name is selected
13:02:13.693 [main] INFO  com.demo.baseutil.Basetest - Enter the value into enter the product
13:02:14.015 [main] INFO  com.demo.baseutil.Basetest - wheat098 typed into enter the product
13:02:14.015 [main] INFO  com.demo.baseutil.Basetest - Validate Click on productid is clickable
13:02:16.411 [main] INFO  com.demo.baseutil.Basetest - Clicked on : Click on productid
13:02:16.411 [main] INFO  com.demo.baseutil.Basetest - Validate Click on checkbox is clickable
13:02:18.905 [main] INFO  com.demo.baseutil.Basetest - Clicked on : Click on checkbox
13:02:18.906 [main] INFO  com.demo.baseutil.Basetest - Validate Click on autogenerate is clickable
13:02:21.274 [main] INFO  com.demo.baseutil.Basetest - Clicked on : Click on autogenerate
13:02:21.274 [main] INFO  com.demo.baseutil.Basetest - Validate Click on productdesc is clickable
13:02:23.662 [main] INFO  com.demo.baseutil.Basetest - Clicked on : Click on productdesc
13:02:23.663 [main] INFO  com.demo.baseutil.Basetest - Enter the value into Enetered the product desc
13:02:23.994 [main] INFO  com.demo.baseutil.Basetest - test typed into Enetered the product desc
13:02:23.998 [main] INFO  com.demo.baseutil.Basetest - Validate Click on upload is clickable
13:02:26.398 [main] INFO  com.demo.baseutil.Basetest - Clicked on : Click on upload
13:02:36.721 [main] INFO  com.demo.baseutil.Basetest - Scroll down
13:02:36.721 [main] INFO  com.demo.baseutil.Basetest - Validate Click on ingrediant name is clickable
13:02:39.158 [main] INFO  com.demo.baseutil.Basetest - Clicked on : Click on ingrediant name
13:02:39.158 [main] INFO  com.demo.baseutil.Basetest - Enter the value into ingredient name is entered
13:02:39.453 [main] INFO  com.demo.baseutil.Basetest - wheat typed into ingredient name is entered
13:02:42.479 [main] INFO  com.demo.baseutil.Basetest - Validate Click on nuritionfact name is clickable
13:02:44.912 [main] INFO  com.demo.baseutil.Basetest - Clicked on : Click on nuritionfact name
13:02:44.912 [main] INFO  com.demo.baseutil.Basetest - Enter the value into nutri name is entered
13:02:45.217 [main] INFO  com.demo.baseutil.Basetest - fact typed into nutri name is entered
13:02:45.218 [main] INFO  com.demo.baseutil.Basetest - Validate Click on nuritionfact QTY is clickable
13:02:47.744 [main] INFO  com.demo.baseutil.Basetest - Clicked on : Click on nuritionfact QTY
13:02:47.744 [main] INFO  com.demo.baseutil.Basetest - Enter the value into nutri qty is entered
13:02:48.035 [main] INFO  com.demo.baseutil.Basetest - 1 typed into nutri qty is entered
13:02:48.036 [main] INFO  com.demo.baseutil.Basetest - Validate Click on nuritionfact drop is clickable
13:02:50.381 [main] INFO  com.demo.baseutil.Basetest - Clicked on : Click on nuritionfact drop
13:02:52.388 [main] INFO  com.demo.baseutil.Basetest - Validate Click on nuritionfact value is clickable
13:02:54.784 [main] INFO  com.demo.baseutil.Basetest - Clicked on : Click on nuritionfact value
13:03:00.874 [main] INFO  com.demo.baseutil.Basetest - Scroll down
13:03:02.906 [main] INFO  com.demo.baseutil.Basetest - Scroll down successful
13:03:02.906 [main] INFO  com.demo.baseutil.Basetest - Validate Click on ingrediant name is clickable
13:03:05.298 [main] INFO  com.demo.baseutil.Basetest - Clicked on : Click on ingrediant name
13:03:05.298 [main] INFO  com.demo.baseutil.Basetest - Validate Click on ingrediant name is clickable
13:03:07.741 [main] INFO  com.demo.baseutil.Basetest - Clicked on : Click on ingrediant name
13:03:07.741 [main] INFO  com.demo.baseutil.Basetest - Validate Click on ingrediant name is clickable
13:03:10.145 [main] INFO  com.demo.baseutil.Basetest - Clicked on : Click on ingrediant name
13:03:10.145 [main] INFO  com.demo.baseutil.Basetest - Enter the value into price is entered
13:03:10.482 [main] INFO  com.demo.baseutil.Basetest - 1 typed into price is entered
13:03:10.482 [main] INFO  com.demo.baseutil.Basetest - Validate Click on currency is clickable
13:03:12.944 [main] INFO  com.demo.baseutil.Basetest - Clicked on : Click on currency
13:03:12.944 [main] INFO  com.demo.baseutil.Basetest - Validate Click on currency value is clickable
13:03:15.319 [main] INFO  com.demo.baseutil.Basetest - Clicked on : Click on currency value
13:03:15.319 [main] INFO  com.demo.baseutil.Basetest - Validate Click on typepacking value is clickable
13:03:17.772 [main] INFO  com.demo.baseutil.Basetest - Clicked on : Click on typepacking value
13:03:17.773 [main] INFO  com.demo.baseutil.Basetest - Enter the value into typepacking is entered
13:03:18.089 [main] INFO  com.demo.baseutil.Basetest - 1 typed into typepacking is entered
13:03:18.089 [main] INFO  com.demo.baseutil.Basetest - Validate Click on length value is clickable
13:03:20.493 [main] INFO  com.demo.baseutil.Basetest - Clicked on : Click on length value
13:03:20.493 [main] INFO  com.demo.baseutil.Basetest - Enter the value into length is entered
13:03:20.802 [main] INFO  com.demo.baseutil.Basetest - 1 typed into length is entered
13:03:20.802 [main] INFO  com.demo.baseutil.Basetest - Validate Click on breath value is clickable
13:03:23.241 [main] INFO  com.demo.baseutil.Basetest - Clicked on : Click on breath value
13:03:23.241 [main] INFO  com.demo.baseutil.Basetest - Enter the value into breath is entered
13:03:23.546 [main] INFO  com.demo.baseutil.Basetest - 1 typed into breath is entered
13:03:23.546 [main] INFO  com.demo.baseutil.Basetest - Validate Click on height value is clickable
13:03:26.025 [main] INFO  com.demo.baseutil.Basetest - Clicked on : Click on height value
13:03:26.026 [main] INFO  com.demo.baseutil.Basetest - Enter the value into height is entered
13:03:26.305 [main] INFO  com.demo.baseutil.Basetest - 1 typed into height is entered
13:03:28.338 [main] INFO  com.demo.baseutil.Basetest - Scroll down successful
13:03:28.338 [main] INFO  com.demo.baseutil.Basetest - Validate Click on checkbox1 is clickable
13:03:30.712 [main] INFO  com.demo.baseutil.Basetest - Clicked on : Click on checkbox1
13:03:39.775 [main] INFO  com.demo.baseutil.Basetest - Scroll down
13:03:39.775 [main] INFO  com.demo.baseutil.Basetest - Validate Click on gln1 is clickable
13:03:42.189 [main] INFO  com.demo.baseutil.Basetest - Clicked on : Click on gln1
13:03:42.189 [main] INFO  com.demo.baseutil.Basetest - Enter the value into gln1 is entered
13:03:42.496 [main] INFO  com.demo.baseutil.Basetest - 9650541994111 typed into gln1 is entered
13:03:46.499 [main] INFO  com.demo.baseutil.Basetest - Validate Click on autosearch is clickable
13:03:48.884 [main] INFO  com.demo.baseutil.Basetest - Clicked on : Click on autosearch
13:03:50.897 [main] INFO  com.demo.baseutil.Basetest - Validate Click on gln2 is clickable
13:03:53.275 [main] INFO  com.demo.baseutil.Basetest - Clicked on : Click on gln2
13:03:53.275 [main] INFO  com.demo.baseutil.Basetest - Enter the value into gln2 is entered
13:03:53.549 [main] INFO  com.demo.baseutil.Basetest - 9650541994111 typed into gln2 is entered
13:03:57.564 [main] INFO  com.demo.baseutil.Basetest - Validate Click on autosearch is clickable
13:03:59.915 [main] INFO  com.demo.baseutil.Basetest - Clicked on : Click on autosearch
13:04:04.921 [main] INFO  com.demo.baseutil.Basetest - Validate Click on gln3 is clickable
13:04:07.255 [main] INFO  com.demo.baseutil.Basetest - Clicked on : Click on gln3
13:04:07.255 [main] INFO  com.demo.baseutil.Basetest - Enter the value into gln3 is entered
13:04:07.605 [main] INFO  com.demo.baseutil.Basetest - 9650541994111 typed into gln3 is entered
13:04:09.610 [main] INFO  com.demo.baseutil.Basetest - Validate Click on autosearch is clickable
13:04:10.074 [main] INFO  com.demo.baseutil.Basetest - Browser is closed sucessfuly
13:04:10.555 [main] INFO  com.demo.baseutil.Basetest - Browser is closed sucessfuly
13:04:22.651 [main] INFO  com.demo.baseutil.Basetest - Validate Sign in with FarmtoPlate account is clickable
13:04:24.956 [main] INFO  com.demo.baseutil.Basetest - Clicked on : Sign in with FarmtoPlate account
13:04:24.968 [main] INFO  com.demo.baseutil.Basetest - Url contains farmtoplateapps.io/login
13:04:24.973 [main] INFO  com.demo.baseutil.Basetest - Sign in title matched
13:04:24.973 [main] INFO  com.demo.baseutil.Basetest - UI verified for Sigin page.
13:04:24.973 [main] INFO  com.demo.baseutil.Basetest - Sign in function call
13:04:24.973 [main] INFO  com.demo.baseutil.Basetest - Validate email address field is clicked is clickable
13:04:27.258 [main] INFO  com.demo.baseutil.Basetest - Clicked on : email address field is clicked
13:04:27.259 [main] INFO  com.demo.baseutil.Basetest - Enter the value into Email Id Entered
13:04:27.541 [main] INFO  com.demo.baseutil.Basetest - ldekkenq362@yopmail.com typed into Email Id Entered
13:04:27.541 [main] INFO  com.demo.baseutil.Basetest - Validate Enter the password is clickable
13:04:29.867 [main] INFO  com.demo.baseutil.Basetest - Clicked on : Enter the password
13:04:29.867 [main] INFO  com.demo.baseutil.Basetest - Enter the value into Password Id Entered
13:04:30.120 [main] INFO  com.demo.baseutil.Basetest - Admin@1234 typed into Password Id Entered
13:04:34.179 [main] INFO  com.demo.baseutil.Basetest - Scroll down
13:04:34.179 [main] INFO  com.demo.baseutil.Basetest - Validate Press the signin button is clickable
13:04:36.995 [main] INFO  com.demo.baseutil.Basetest - Clicked on : Press the signin button
13:04:39.003 [main] INFO  com.demo.baseutil.Basetest - HomePage title  is matched
13:04:49.029 [main] INFO  com.demo.baseutil.Basetest - Validate click on trace is clickable
13:04:51.412 [main] INFO  com.demo.baseutil.Basetest - Clicked on : click on trace
13:04:59.485 [main] INFO  com.demo.baseutil.Basetest - Scroll down
13:05:01.496 [main] INFO  com.demo.baseutil.Basetest - Validate Process is clicked is clickable
13:05:03.969 [main] INFO  com.demo.baseutil.Basetest - Clicked on : Process is clicked
13:05:08.985 [main] INFO  com.demo.baseutil.Basetest - Validate Process add is clicked is clickable
13:05:11.423 [main] INFO  com.demo.baseutil.Basetest - Clicked on : Process add is clicked
13:05:16.426 [main] INFO  com.demo.baseutil.Basetest - Validate Product id is clicked is clickable
13:05:18.803 [main] INFO  com.demo.baseutil.Basetest - Clicked on : Product id is clicked
13:05:23.142 [main] INFO  com.demo.baseutil.Basetest - Validate Product id is clicked is clickable
13:05:25.490 [main] INFO  com.demo.baseutil.Basetest - Clicked on : Product id is clicked
13:05:27.499 [main] INFO  com.demo.baseutil.Basetest - Validate Product id is clicked is clickable
13:05:29.880 [main] INFO  com.demo.baseutil.Basetest - Clicked on : Product id is clicked
13:05:31.888 [main] INFO  com.demo.baseutil.Basetest - Validate outside is clicked is clickable
13:05:34.201 [main] INFO  com.demo.baseutil.Basetest - Clicked on : outside is clicked
13:05:40.294 [main] INFO  com.demo.baseutil.Basetest - Scroll down
13:05:40.294 [main] INFO  com.demo.baseutil.Basetest - Validate process name is clicked is clickable
13:05:42.686 [main] INFO  com.demo.baseutil.Basetest - Clicked on : process name is clicked
13:05:44.693 [main] INFO  com.demo.baseutil.Basetest - Enter the value into process name Value is entered
13:05:45.037 [main] INFO  com.demo.baseutil.Basetest - processcomm typed into process name Value is entered
13:05:47.069 [main] INFO  com.demo.baseutil.Basetest - Scroll down successful
13:05:47.069 [main] INFO  com.demo.baseutil.Basetest - Validate process loc is clicked is clickable
13:05:49.474 [main] INFO  com.demo.baseutil.Basetest - Clicked on : process loc is clicked
13:05:59.765 [main] INFO  com.demo.baseutil.Basetest - Validate process search is clicked is clickable
13:06:02.118 [main] INFO  com.demo.baseutil.Basetest - Clicked on : process search is clicked
13:06:04.120 [main] INFO  com.demo.baseutil.Basetest - Validate process type is clicked is clickable
13:06:06.440 [main] INFO  com.demo.baseutil.Basetest - Clicked on : process type is clicked
13:06:08.459 [main] INFO  com.demo.baseutil.Basetest - Scroll down successful
13:06:08.459 [main] INFO  com.demo.baseutil.Basetest - Validate process comm is clicked is clickable
13:06:10.862 [main] INFO  com.demo.baseutil.Basetest - Clicked on : process comm is clicked
13:06:16.940 [main] INFO  com.demo.baseutil.Basetest - Scroll down
13:06:16.940 [main] INFO  com.demo.baseutil.Basetest - Validate process add button is clicked is clickable
13:06:19.312 [main] INFO  com.demo.baseutil.Basetest - Clicked on : process add button is clicked
13:06:36.399 [main] INFO  com.demo.baseutil.Basetest - Scroll down
13:06:38.415 [main] INFO  com.demo.baseutil.Basetest - Validate Process is clicked is clickable
13:06:40.901 [main] INFO  com.demo.baseutil.Basetest - Clicked on : Process is clicked
13:06:45.910 [main] INFO  com.demo.baseutil.Basetest - Validate Process add is clicked is clickable
13:06:48.335 [main] INFO  com.demo.baseutil.Basetest - Clicked on : Process add is clicked
13:06:53.351 [main] INFO  com.demo.baseutil.Basetest - Validate Product id is clicked is clickable
13:06:55.718 [main] INFO  com.demo.baseutil.Basetest - Clicked on : Product id is clicked
13:07:00.103 [main] INFO  com.demo.baseutil.Basetest - Validate Product id is clicked is clickable
13:07:02.580 [main] INFO  com.demo.baseutil.Basetest - Clicked on : Product id is clicked
13:07:04.587 [main] INFO  com.demo.baseutil.Basetest - Validate Product id is clicked is clickable
13:07:07.020 [main] INFO  com.demo.baseutil.Basetest - Clicked on : Product id is clicked
13:07:09.026 [main] INFO  com.demo.baseutil.Basetest - Validate outside is clicked is clickable
13:07:11.417 [main] INFO  com.demo.baseutil.Basetest - Clicked on : outside is clicked
13:07:17.486 [main] INFO  com.demo.baseutil.Basetest - Scroll down
13:07:17.486 [main] INFO  com.demo.baseutil.Basetest - Validate process name is clicked is clickable
13:07:19.871 [main] INFO  com.demo.baseutil.Basetest - Clicked on : process name is clicked
13:07:21.876 [main] INFO  com.demo.baseutil.Basetest - Enter the value into process name Value is entered
13:07:22.218 [main] INFO  com.demo.baseutil.Basetest - processcooling typed into process name Value is entered
13:07:24.255 [main] INFO  com.demo.baseutil.Basetest - Scroll down successful
13:07:24.255 [main] INFO  com.demo.baseutil.Basetest - Validate process loc is clicked is clickable
13:07:26.654 [main] INFO  com.demo.baseutil.Basetest - Clicked on : process loc is clicked
13:07:33.879 [main] INFO  com.demo.baseutil.Basetest - Validate process loc is clicked is clickable
13:07:36.192 [main] INFO  com.demo.baseutil.Basetest - Clicked on : process loc is clicked
13:07:38.201 [main] INFO  com.demo.baseutil.Basetest - Validate process type is clicked is clickable
13:07:40.625 [main] INFO  com.demo.baseutil.Basetest - Clicked on : process type is clicked
13:07:42.651 [main] INFO  com.demo.baseutil.Basetest - Scroll down successful
13:07:42.651 [main] INFO  com.demo.baseutil.Basetest - Validate process trans is clicked is clickable
13:07:45.026 [main] INFO  com.demo.baseutil.Basetest - Clicked on : process trans is clicked
13:07:51.101 [main] INFO  com.demo.baseutil.Basetest - Scroll down
13:07:51.101 [main] INFO  com.demo.baseutil.Basetest - Validate process add button is clicked is clickable
13:07:53.476 [main] INFO  com.demo.baseutil.Basetest - Clicked on : process add button is clicked
13:08:10.543 [main] INFO  com.demo.baseutil.Basetest - Scroll down
13:08:12.545 [main] INFO  com.demo.baseutil.Basetest - Validate Process is clicked is clickable
13:08:14.997 [main] INFO  com.demo.baseutil.Basetest - Clicked on : Process is clicked
13:08:20.010 [main] INFO  com.demo.baseutil.Basetest - Validate Process add is clicked is clickable
13:08:22.569 [main] INFO  com.demo.baseutil.Basetest - Clicked on : Process add is clicked
13:08:27.581 [main] INFO  com.demo.baseutil.Basetest - Validate Product id is clicked is clickable
13:08:29.900 [main] INFO  com.demo.baseutil.Basetest - Clicked on : Product id is clicked
13:08:34.219 [main] INFO  com.demo.baseutil.Basetest - Validate Product id is clicked is clickable
13:08:36.521 [main] INFO  com.demo.baseutil.Basetest - Clicked on : Product id is clicked
13:08:38.530 [main] INFO  com.demo.baseutil.Basetest - Validate Product id is clicked is clickable
13:08:40.912 [main] INFO  com.demo.baseutil.Basetest - Clicked on : Product id is clicked
13:08:42.919 [main] INFO  com.demo.baseutil.Basetest - Validate outside is clicked is clickable
13:08:45.204 [main] INFO  com.demo.baseutil.Basetest - Clicked on : outside is clicked
13:08:51.290 [main] INFO  com.demo.baseutil.Basetest - Scroll down
13:08:51.290 [main] INFO  com.demo.baseutil.Basetest - Validate process name is clicked is clickable
13:08:53.630 [main] INFO  com.demo.baseutil.Basetest - Clicked on : process name is clicked
13:08:55.640 [main] INFO  com.demo.baseutil.Basetest - Enter the value into process name Value is entered
13:08:55.888 [main] INFO  com.demo.baseutil.Basetest - processobsnosscc typed into process name Value is entered
13:08:57.914 [main] INFO  com.demo.baseutil.Basetest - Scroll down successful
13:08:57.914 [main] INFO  com.demo.baseutil.Basetest - Validate process loc is clicked is clickable
13:09:00.234 [main] INFO  com.demo.baseutil.Basetest - Clicked on : process loc is clicked
13:09:07.461 [main] INFO  com.demo.baseutil.Basetest - Validate process loc is clicked is clickable
13:09:09.819 [main] INFO  com.demo.baseutil.Basetest - Clicked on : process loc is clicked
13:09:11.830 [main] INFO  com.demo.baseutil.Basetest - Validate process type is clicked is clickable
13:09:14.155 [main] INFO  com.demo.baseutil.Basetest - Clicked on : process type is clicked
13:09:16.181 [main] INFO  com.demo.baseutil.Basetest - Scroll down successful
13:09:16.181 [main] INFO  com.demo.baseutil.Basetest - Validate process trans is clicked is clickable
13:09:18.478 [main] INFO  com.demo.baseutil.Basetest - Clicked on : process trans is clicked
13:09:20.491 [main] INFO  com.demo.baseutil.Basetest - Validate kdesscc  is clicked is clickable
13:09:22.842 [main] INFO  com.demo.baseutil.Basetest - Clicked on : kdesscc  is clicked
13:09:28.890 [main] INFO  com.demo.baseutil.Basetest - Scroll down
13:09:28.890 [main] INFO  com.demo.baseutil.Basetest - Validate process add button is clicked is clickable
13:09:31.240 [main] INFO  com.demo.baseutil.Basetest - Clicked on : process add button is clicked
13:09:36.385 [main] INFO  com.demo.baseutil.Basetest - Browser is closed sucessfuly
13:09:37.004 [main] INFO  com.demo.baseutil.Basetest - Browser is closed sucessfuly
13:09:48.972 [main] INFO  com.demo.baseutil.Basetest - Validate Sign in with FarmtoPlate account is clickable
13:09:51.260 [main] INFO  com.demo.baseutil.Basetest - Clicked on : Sign in with FarmtoPlate account
13:09:51.268 [main] INFO  com.demo.baseutil.Basetest - Url contains farmtoplateapps.io/login
13:09:51.274 [main] INFO  com.demo.baseutil.Basetest - Sign in title matched
13:09:51.274 [main] INFO  com.demo.baseutil.Basetest - UI verified for Sigin page.
13:09:51.274 [main] INFO  com.demo.baseutil.Basetest - Sign in function call
13:09:51.274 [main] INFO  com.demo.baseutil.Basetest - Validate email address field is clicked is clickable
13:09:53.528 [main] INFO  com.demo.baseutil.Basetest - Clicked on : email address field is clicked
13:09:53.528 [main] INFO  com.demo.baseutil.Basetest - Enter the value into Email Id Entered
13:09:53.876 [main] INFO  com.demo.baseutil.Basetest - ldekkenq362@yopmail.com typed into Email Id Entered
13:09:53.877 [main] INFO  com.demo.baseutil.Basetest - Validate Enter the password is clickable
13:09:56.194 [main] INFO  com.demo.baseutil.Basetest - Clicked on : Enter the password
13:09:56.194 [main] INFO  com.demo.baseutil.Basetest - Enter the value into Password Id Entered
13:09:56.452 [main] INFO  com.demo.baseutil.Basetest - Admin@1234 typed into Password Id Entered
13:10:00.517 [main] INFO  com.demo.baseutil.Basetest - Scroll down
13:10:00.517 [main] INFO  com.demo.baseutil.Basetest - Validate Press the signin button is clickable
13:10:03.200 [main] INFO  com.demo.baseutil.Basetest - Clicked on : Press the signin button
13:10:05.201 [main] INFO  com.demo.baseutil.Basetest - HomePage title  is matched
13:10:23.240 [main] INFO  com.demo.baseutil.Basetest - Validate click on trace is clickable
13:10:25.644 [main] INFO  com.demo.baseutil.Basetest - Clicked on : click on trace
13:10:31.726 [main] INFO  com.demo.baseutil.Basetest - Validate Asset & Infrastructure Data is clicked is clickable
13:10:34.134 [main] INFO  com.demo.baseutil.Basetest - Clicked on : Asset & Infrastructure Data is clicked
13:10:36.138 [main] INFO  com.demo.baseutil.Basetest - Validate Assets is clicked is clickable
13:10:38.584 [main] INFO  com.demo.baseutil.Basetest - Clicked on : Assets is clicked
13:10:43.596 [main] INFO  com.demo.baseutil.Basetest - Validate Add new is clicked is clickable
13:10:46.083 [main] INFO  com.demo.baseutil.Basetest - Clicked on : Add new is clicked
13:10:51.088 [main] INFO  com.demo.baseutil.Basetest - Validate Asset type is clicked is clickable
13:10:53.434 [main] INFO  com.demo.baseutil.Basetest - Clicked on : Asset type is clicked
13:10:53.435 [main] INFO  com.demo.baseutil.Basetest - Validate Click on Vehicle Name is clickable
13:10:55.877 [main] INFO  com.demo.baseutil.Basetest - Clicked on : Click on Vehicle Name
13:10:57.886 [main] INFO  com.demo.baseutil.Basetest - Validate container name is clicked is clickable
13:11:00.233 [main] INFO  com.demo.baseutil.Basetest - Clicked on : container name is clicked
13:11:00.233 [main] INFO  com.demo.baseutil.Basetest - Enter the value into enter the container name
13:11:00.665 [main] INFO  com.demo.baseutil.Basetest - containerr312312312 typed into enter the container name
13:11:02.687 [main] INFO  com.demo.baseutil.Basetest - Validate length is clicked is clickable
13:11:05.080 [main] INFO  com.demo.baseutil.Basetest - Clicked on : length is clicked
13:11:07.089 [main] INFO  com.demo.baseutil.Basetest - Enter the value into enter the length
13:11:07.390 [main] INFO  com.demo.baseutil.Basetest - 10 typed into enter the length
13:11:07.390 [main] INFO  com.demo.baseutil.Basetest - Validate breadth is clicked is clickable
13:11:09.763 [main] INFO  com.demo.baseutil.Basetest - Clicked on : breadth is clicked
13:11:09.763 [main] INFO  com.demo.baseutil.Basetest - Enter the value into breath entered
13:11:09.975 [main] INFO  com.demo.baseutil.Basetest - 10 typed into breath entered
13:11:11.981 [main] INFO  com.demo.baseutil.Basetest - Validate height is clicked is clickable
13:11:14.349 [main] INFO  com.demo.baseutil.Basetest - Clicked on : height is clicked
13:11:16.355 [main] INFO  com.demo.baseutil.Basetest - Enter the value into height entered
13:11:16.624 [main] INFO  com.demo.baseutil.Basetest - 20 typed into height entered
13:11:18.634 [main] INFO  com.demo.baseutil.Basetest - Validate dom is clicked is clickable
13:11:21.102 [main] INFO  com.demo.baseutil.Basetest - Clicked on : dom is clicked
13:11:23.108 [main] INFO  com.demo.baseutil.Basetest - Validate ft is clicked is clickable
13:11:25.430 [main] INFO  com.demo.baseutil.Basetest - Clicked on : ft is clicked
13:11:27.437 [main] INFO  com.demo.baseutil.Basetest - Validate wt is clicked is clickable
13:11:29.762 [main] INFO  com.demo.baseutil.Basetest - Clicked on : wt is clicked
13:11:31.768 [main] INFO  com.demo.baseutil.Basetest - Enter the value into weight entered
13:11:32.037 [main] INFO  com.demo.baseutil.Basetest - 1000 typed into weight entered
13:11:34.048 [main] INFO  com.demo.baseutil.Basetest - Validate wtcap is clicked is clickable
13:11:36.481 [main] INFO  com.demo.baseutil.Basetest - Clicked on : wtcap is clicked
13:11:38.497 [main] INFO  com.demo.baseutil.Basetest - Validate tons is clicked is clickable
13:11:40.850 [main] INFO  com.demo.baseutil.Basetest - Clicked on : tons is clicked
13:11:42.855 [main] INFO  com.demo.baseutil.Basetest - Validate Click on Add button is clickable
13:11:45.134 [main] INFO  com.demo.baseutil.Basetest - Clicked on : Click on Add button
13:11:56.141 [main] INFO  com.demo.baseutil.Basetest - Validate transaction is clicked is clickable
13:11:58.632 [main] INFO  com.demo.baseutil.Basetest - Clicked on : transaction is clicked
13:12:03.646 [main] INFO  com.demo.baseutil.Basetest - Validate add new is clicked is clickable
13:12:06.036 [main] INFO  com.demo.baseutil.Basetest - Clicked on : add new is clicked
13:12:16.063 [main] INFO  com.demo.baseutil.Basetest - Validate clicked on CTE is clickable
13:12:18.458 [main] INFO  com.demo.baseutil.Basetest - Clicked on : clicked on CTE
13:12:22.468 [main] INFO  com.demo.baseutil.Basetest - Validate clicked on CTE comm is clickable
13:12:24.834 [main] INFO  com.demo.baseutil.Basetest - Clicked on : clicked on CTE comm
13:12:26.850 [main] INFO  com.demo.baseutil.Basetest - Validate Product id is clicked is clickable
13:12:29.292 [main] INFO  com.demo.baseutil.Basetest - Clicked on : Product id is clicked
13:12:31.298 [main] INFO  com.demo.baseutil.Basetest - Enter the value into Saved Value is entered
13:12:31.719 [main] INFO  com.demo.baseutil.Basetest - F2PG10002632 typed into Saved Value is entered
13:12:33.728 [main] INFO  com.demo.baseutil.Basetest - Validate Product id is clicked is clickable
13:12:36.080 [main] INFO  com.demo.baseutil.Basetest - Clicked on : Product id is clicked
13:12:38.087 [main] INFO  com.demo.baseutil.Basetest - Validate Product id is clicked is clickable
13:12:40.478 [main] INFO  com.demo.baseutil.Basetest - Clicked on : Product id is clicked
13:12:42.485 [main] INFO  com.demo.baseutil.Basetest - Validate chooseprocess id is clicked is clickable
13:12:44.926 [main] INFO  com.demo.baseutil.Basetest - Clicked on : chooseprocess id is clicked
13:12:46.932 [main] INFO  com.demo.baseutil.Basetest - Enter the value into Harvestiong/commission is entered
13:12:47.251 [main] INFO  com.demo.baseutil.Basetest - Harvesting typed into Harvestiong/commission is entered
13:12:49.265 [main] INFO  com.demo.baseutil.Basetest - Validate Process commision is selected is clickable
13:13:30.451 [main] ERROR com.demo.baseutil.Basetest - Process commision is selected is not clickable
13:13:30.451 [main] ERROR com.demo.baseutil.Basetest - Unable to click on Process commision is selected
