18:19:07.710 [main] INFO  com.demo.baseutil.Basetest - 
18:19:07.716 [main] INFO  com.demo.baseutil.Basetest - Running locally JavaMail
18:19:07.889 [main] INFO  com.demo.baseutil.Basetest2 - Folder creation for Extent
18:19:07.901 [main] INFO  com.demo.baseutil.Basetest - ExtentDir:-C:\Users\Deepti Jindal\eclipse-workspace2\com.NFR.Trace QA latest/reports/Automation Report- 01_14_2025_18_19_07/Report/01_14_2025_18_19_07
18:19:08.058 [main] INFO  com.demo.baseutil.Basetest - Report Initiated
18:19:08.060 [main] INFO  com.demo.baseutil.Basetest - Screenshot folder created
18:19:53.074 [main] INFO  com.demo.baseutil.Basetest - Validate Sign in with FarmtoPlate account is clickable
18:19:56.511 [main] INFO  com.demo.baseutil.Basetest - Clicked on : Sign in with FarmtoPlate account
18:19:56.723 [main] INFO  com.demo.baseutil.Basetest - Url contains farmtoplateapps.io/login
18:19:56.757 [main] INFO  com.demo.baseutil.Basetest - Sign in title matched
18:19:56.758 [main] INFO  com.demo.baseutil.Basetest - UI verified for Sigin page.
18:19:56.759 [main] INFO  com.demo.baseutil.Basetest - Sign in function call
18:19:56.759 [main] INFO  com.demo.baseutil.Basetest - Validate email address field is clicked is clickable
18:19:59.768 [main] INFO  com.demo.baseutil.Basetest - Clicked on : email address field is clicked
18:19:59.769 [main] INFO  com.demo.baseutil.Basetest - Enter the value into Email Id Entered
18:20:00.248 [main] INFO  com.demo.baseutil.Basetest - 139@yopmail.com typed into Email Id Entered
18:20:00.249 [main] INFO  com.demo.baseutil.Basetest - Validate Enter the password is clickable
18:20:02.797 [main] INFO  com.demo.baseutil.Basetest - Clicked on : Enter the password
18:20:02.799 [main] INFO  com.demo.baseutil.Basetest - Enter the value into Password Id Entered
18:20:03.264 [main] INFO  com.demo.baseutil.Basetest - Admin@1234 typed into Password Id Entered
18:20:07.392 [main] INFO  com.demo.baseutil.Basetest - Scroll down
18:20:07.392 [main] INFO  com.demo.baseutil.Basetest - Validate Press the signin button is clickable
18:20:19.239 [main] INFO  com.demo.baseutil.Basetest - Clicked on : Press the signin button
18:20:21.773 [main] INFO  com.demo.baseutil.Basetest - HomePage title  is matched
18:20:31.814 [main] INFO  com.demo.baseutil.Basetest - Validate click on trace is clickable
18:20:35.134 [main] INFO  com.demo.baseutil.Basetest - Clicked on : click on trace
18:20:37.142 [main] INFO  com.demo.baseutil.Basetest - Validate click on dashboard is clickable
18:20:40.015 [main] INFO  com.demo.baseutil.Basetest - Clicked on : click on dashboard
18:20:42.038 [main] INFO  com.demo.baseutil.Basetest - Validate click on organisation network is clickable
18:20:45.021 [main] INFO  com.demo.baseutil.Basetest - Clicked on : click on organisation network
18:20:50.386 [main] INFO  com.demo.baseutil.Basetest - Sign in title matched
18:20:50.386 [main] INFO  com.demo.baseutil.Basetest - UI verified for Organisation network page.
18:20:52.511 [main] INFO  com.demo.baseutil.Basetest - Validate click on product register is clickable
18:20:55.236 [main] INFO  com.demo.baseutil.Basetest - Clicked on : click on product register
18:21:02.333 [main] INFO  com.demo.baseutil.Basetest - Sign in title matched
18:21:02.335 [main] INFO  com.demo.baseutil.Basetest - UI verified for Product page.
18:21:03.398 [main] INFO  com.demo.baseutil.Basetest - Validate click on lots is clickable
18:21:06.558 [main] INFO  com.demo.baseutil.Basetest - Clicked on : click on lots
18:21:12.807 [main] INFO  com.demo.baseutil.Basetest - Sign in title matched
18:21:12.822 [main] INFO  com.demo.baseutil.Basetest - UI verified for Lots page.
18:21:19.191 [main] INFO  com.demo.baseutil.Basetest - Browser is closed sucessfuly
18:21:25.030 [main] INFO  com.demo.baseutil.Basetest - Browser is closed sucessfuly
18:22:15.440 [main] INFO  com.demo.baseutil.Basetest - Validate Sign in with FarmtoPlate account is clickable
18:22:21.307 [main] INFO  com.demo.baseutil.Basetest - Clicked on : Sign in with FarmtoPlate account
18:22:21.528 [main] INFO  com.demo.baseutil.Basetest - Url contains farmtoplateapps.io/login
18:22:21.556 [main] INFO  com.demo.baseutil.Basetest - Sign in title matched
18:22:21.556 [main] INFO  com.demo.baseutil.Basetest - UI verified for Sigin page.
18:22:21.559 [main] INFO  com.demo.baseutil.Basetest - Sign in function call
18:22:21.560 [main] INFO  com.demo.baseutil.Basetest - Validate email address field is clicked is clickable
18:22:24.687 [main] INFO  com.demo.baseutil.Basetest - Clicked on : email address field is clicked
18:22:24.690 [main] INFO  com.demo.baseutil.Basetest - Enter the value into Email Id Entered
18:22:25.401 [main] INFO  com.demo.baseutil.Basetest - 139@yopmail.com typed into Email Id Entered
18:22:25.401 [main] INFO  com.demo.baseutil.Basetest - Validate Enter the password is clickable
18:22:27.922 [main] INFO  com.demo.baseutil.Basetest - Clicked on : Enter the password
18:22:27.924 [main] INFO  com.demo.baseutil.Basetest - Enter the value into Password Id Entered
18:22:28.541 [main] INFO  com.demo.baseutil.Basetest - Admin@1234 typed into Password Id Entered
18:22:32.619 [main] INFO  com.demo.baseutil.Basetest - Scroll down
18:22:32.619 [main] INFO  com.demo.baseutil.Basetest - Validate Press the signin button is clickable
18:22:37.861 [main] INFO  com.demo.baseutil.Basetest - Clicked on : Press the signin button
18:22:41.337 [main] INFO  com.demo.baseutil.Basetest - HomePage title  is matched
18:22:51.354 [main] INFO  com.demo.baseutil.Basetest - Validate click on trace is clickable
18:22:53.820 [main] INFO  com.demo.baseutil.Basetest - Clicked on : click on trace
18:22:55.882 [main] INFO  com.demo.baseutil.Basetest - Validate Network Management is clicked is clickable
18:22:58.518 [main] INFO  com.demo.baseutil.Basetest - Clicked on : Network Management is clicked
18:23:03.532 [main] INFO  com.demo.baseutil.Basetest - Validate Add new is clicked is clickable
18:23:06.059 [main] INFO  com.demo.baseutil.Basetest - Clicked on : Add new is clicked
18:23:08.060 [main] INFO  com.demo.baseutil.Basetest - Validate Organisation Name is clicked is clickable
18:23:10.708 [main] INFO  com.demo.baseutil.Basetest - Clicked on : Organisation Name is clicked
18:23:10.721 [main] INFO  com.demo.baseutil.Basetest - Enter the value into Organisation is Entered
18:23:11.052 [main] INFO  com.demo.baseutil.Basetest - sqdQuyeg typed into Organisation is Entered
18:23:11.053 [main] INFO  com.demo.baseutil.Basetest - Validate Organisation type is clicked is clickable
18:23:13.391 [main] INFO  com.demo.baseutil.Basetest - Clicked on : Organisation type is clicked
18:23:13.397 [main] INFO  com.demo.baseutil.Basetest - Validate upstream is selected is clickable
18:23:15.736 [main] INFO  com.demo.baseutil.Basetest - Clicked on : upstream is selected
18:23:15.739 [main] INFO  com.demo.baseutil.Basetest - Validate Organisation role is clicked is clickable
18:23:18.094 [main] INFO  com.demo.baseutil.Basetest - Clicked on : Organisation role is clicked
18:23:18.094 [main] INFO  com.demo.baseutil.Basetest - Validate Organisation role is selected is clickable
18:23:20.711 [main] INFO  com.demo.baseutil.Basetest - Clicked on : Organisation role is selected
18:23:20.711 [main] INFO  com.demo.baseutil.Basetest - Validate module is clicked is clickable
18:23:23.175 [main] INFO  com.demo.baseutil.Basetest - Clicked on : module is clicked
18:23:23.175 [main] INFO  com.demo.baseutil.Basetest - Validate module is selected is clickable
18:23:25.601 [main] INFO  com.demo.baseutil.Basetest - Clicked on : module is selected
18:23:25.605 [main] INFO  com.demo.baseutil.Basetest - Validate email field is clicked is clickable
18:23:27.981 [main] INFO  com.demo.baseutil.Basetest - Clicked on : email field is clicked
18:23:27.985 [main] INFO  com.demo.baseutil.Basetest - Enter the value into emailid is Entered
18:23:28.573 [main] INFO  com.demo.baseutil.Basetest - ahiyuUiP490@yopmail.com typed into emailid is Entered
18:23:29.599 [main] INFO  com.demo.baseutil.Basetest - Validate sendinvite button is clicked is clickable
18:23:32.838 [main] INFO  com.demo.baseutil.Basetest - Clicked on : sendinvite button is clicked
18:23:34.842 [main] INFO  com.demo.baseutil.Basetest - Validate submit is selected is clickable
18:23:37.313 [main] INFO  com.demo.baseutil.Basetest - Clicked on : submit is selected
18:23:52.981 [main] INFO  com.demo.baseutil.Basetest - Validate Email address input field is clicked is clickable
18:23:55.341 [main] INFO  com.demo.baseutil.Basetest - Clicked on : Email address input field is clicked
18:23:55.348 [main] INFO  com.demo.baseutil.Basetest - Enter the value into email address is entered
18:23:55.659 [main] INFO  com.demo.baseutil.Basetest - ahiyuUiP490@yopmail.com typed into email address is entered
18:23:55.659 [main] INFO  com.demo.baseutil.Basetest - Validate arrow button is clicked is clickable
18:23:59.740 [main] INFO  com.demo.baseutil.Basetest - Clicked on : arrow button is clicked
18:24:02.831 [main] INFO  com.demo.baseutil.Basetest - Validate first email is clicked is clickable
18:24:05.304 [main] INFO  com.demo.baseutil.Basetest - Clicked on : first email is clicked
18:24:07.428 [main] INFO  com.demo.baseutil.Basetest - Validate email address is clicked is clickable
18:24:09.993 [main] INFO  com.demo.baseutil.Basetest - Clicked on : email address is clicked
18:24:12.029 [main] INFO  com.demo.baseutil.Basetest - Validate pass is clicked is clickable
18:24:17.625 [main] INFO  com.demo.baseutil.Basetest - Clicked on : pass is clicked
18:24:17.627 [main] INFO  com.demo.baseutil.Basetest - Enter the value into Password is entered
18:24:17.960 [main] INFO  com.demo.baseutil.Basetest - Admin@1234 typed into Password is entered
18:24:17.962 [main] INFO  com.demo.baseutil.Basetest - Validate confirm password is clicked is clickable
18:24:20.348 [main] INFO  com.demo.baseutil.Basetest - Clicked on : confirm password is clicked
18:24:20.348 [main] INFO  com.demo.baseutil.Basetest - Enter the value into Confirm Password is entered
18:24:20.591 [main] INFO  com.demo.baseutil.Basetest - Admin@1234 typed into Confirm Password is entered
18:24:26.677 [main] INFO  com.demo.baseutil.Basetest - Scroll down
18:24:26.679 [main] INFO  com.demo.baseutil.Basetest - Validate button is clicked is clickable
18:24:29.009 [main] INFO  com.demo.baseutil.Basetest - Clicked on : button is clicked
18:24:31.032 [main] INFO  com.demo.baseutil.Basetest - Validate email address field is clicked is clickable
18:24:34.227 [main] INFO  com.demo.baseutil.Basetest - Clicked on : email address field is clicked
18:24:34.228 [main] INFO  com.demo.baseutil.Basetest - Enter the value into Email Id Entered
18:24:34.552 [main] INFO  com.demo.baseutil.Basetest - ahiyuUiP490@yopmail.com typed into Email Id Entered
18:24:34.552 [main] INFO  com.demo.baseutil.Basetest - Validate Enter the password is clickable
18:24:37.036 [main] INFO  com.demo.baseutil.Basetest - Clicked on : Enter the password
18:24:37.037 [main] INFO  com.demo.baseutil.Basetest - Enter the value into Password Id Entered
18:24:37.446 [main] INFO  com.demo.baseutil.Basetest - Admin@1234 typed into Password Id Entered
18:24:41.527 [main] INFO  com.demo.baseutil.Basetest - Scroll down
18:24:41.527 [main] INFO  com.demo.baseutil.Basetest - Validate Press the signin button is clickable
18:24:45.044 [main] INFO  com.demo.baseutil.Basetest - Clicked on : Press the signin button
18:24:51.052 [main] INFO  com.demo.baseutil.Basetest - Validate Press the continue button is clickable
18:24:53.477 [main] INFO  com.demo.baseutil.Basetest - Clicked on : Press the continue button
18:24:53.508 [main] INFO  com.demo.baseutil.Basetest - Scroll down successful
18:24:57.599 [main] INFO  com.demo.baseutil.Basetest - Scroll down
18:25:02.623 [main] INFO  com.demo.baseutil.Basetest - Scroll down successful
18:25:02.624 [main] INFO  com.demo.baseutil.Basetest - Validate Press the signin button is clickable
18:25:05.014 [main] INFO  com.demo.baseutil.Basetest - Clicked on : Press the signin button
18:25:05.016 [main] INFO  com.demo.baseutil.Basetest - Validate Press the button is clickable
18:25:07.388 [main] INFO  com.demo.baseutil.Basetest - Clicked on : Press the button
18:25:07.679 [main] INFO  com.demo.baseutil.Basetest - Browser is closed sucessfuly
18:25:09.806 [main] INFO  com.demo.baseutil.Basetest - Browser is closed sucessfuly
18:25:53.637 [main] INFO  com.demo.baseutil.Basetest - Validate Sign in with FarmtoPlate account is clickable
18:25:56.131 [main] INFO  com.demo.baseutil.Basetest - Clicked on : Sign in with FarmtoPlate account
18:25:56.139 [main] INFO  com.demo.baseutil.Basetest - Url contains farmtoplateapps.io/login
18:25:56.151 [main] INFO  com.demo.baseutil.Basetest - Sign in title matched
18:25:56.151 [main] INFO  com.demo.baseutil.Basetest - UI verified for Sigin page.
18:25:56.156 [main] INFO  com.demo.baseutil.Basetest - Sign in function call
18:25:56.156 [main] INFO  com.demo.baseutil.Basetest - Validate email address field is clicked is clickable
18:25:58.594 [main] INFO  com.demo.baseutil.Basetest - Clicked on : email address field is clicked
18:25:58.595 [main] INFO  com.demo.baseutil.Basetest - Enter the value into Email Id Entered
18:25:58.895 [main] INFO  com.demo.baseutil.Basetest - 139@yopmail.com typed into Email Id Entered
18:25:58.896 [main] INFO  com.demo.baseutil.Basetest - Validate Enter the password is clickable
18:26:01.194 [main] INFO  com.demo.baseutil.Basetest - Clicked on : Enter the password
18:26:01.194 [main] INFO  com.demo.baseutil.Basetest - Enter the value into Password Id Entered
18:26:01.431 [main] INFO  com.demo.baseutil.Basetest - Admin@1234 typed into Password Id Entered
18:26:05.494 [main] INFO  com.demo.baseutil.Basetest - Scroll down
18:26:05.494 [main] INFO  com.demo.baseutil.Basetest - Validate Press the signin button is clickable
18:26:09.527 [main] INFO  com.demo.baseutil.Basetest - Clicked on : Press the signin button
18:26:11.902 [main] INFO  com.demo.baseutil.Basetest - HomePage title  is matched
18:26:21.937 [main] INFO  com.demo.baseutil.Basetest - Validate click on trace is clickable
18:26:24.441 [main] INFO  com.demo.baseutil.Basetest - Clicked on : click on trace
18:26:30.498 [main] INFO  com.demo.baseutil.Basetest - Validate Asset & Infrastructure Data is clicked is clickable
18:26:33.049 [main] INFO  com.demo.baseutil.Basetest - Clicked on : Asset & Infrastructure Data is clicked
18:26:35.055 [main] INFO  com.demo.baseutil.Basetest - Validate Assets is clicked is clickable
18:26:37.615 [main] INFO  com.demo.baseutil.Basetest - Clicked on : Assets is clicked
18:26:39.623 [main] INFO  com.demo.baseutil.Basetest - Validate Add new is clicked is clickable
18:26:42.422 [main] INFO  com.demo.baseutil.Basetest - Clicked on : Add new is clicked
18:26:44.442 [main] INFO  com.demo.baseutil.Basetest - Validate Asset type is clicked is clickable
18:26:46.857 [main] INFO  com.demo.baseutil.Basetest - Clicked on : Asset type is clicked
18:26:46.857 [main] INFO  com.demo.baseutil.Basetest - Validate vehicle is selected is clickable
18:26:49.343 [main] INFO  com.demo.baseutil.Basetest - Clicked on : vehicle is selected
18:26:49.343 [main] INFO  com.demo.baseutil.Basetest - Validate Click on Vehicle Name is clickable
18:26:51.811 [main] INFO  com.demo.baseutil.Basetest - Clicked on : Click on Vehicle Name
18:26:51.824 [main] INFO  com.demo.baseutil.Basetest - Enter the value into enter the vehicle name
18:26:52.239 [main] INFO  com.demo.baseutil.Basetest - Loading Vehicleehcf typed into enter the vehicle name
18:26:52.239 [main] INFO  com.demo.baseutil.Basetest - Validate Click on Vehicle Number is clickable
18:26:54.708 [main] INFO  com.demo.baseutil.Basetest - Clicked on : Click on Vehicle Number
18:26:54.721 [main] INFO  com.demo.baseutil.Basetest - Enter the value into Enter the vehicle number
18:26:55.083 [main] INFO  com.demo.baseutil.Basetest - iObrcqtA typed into Enter the vehicle number
18:26:55.083 [main] INFO  com.demo.baseutil.Basetest - Validate click the dropdown of carrier is clickable
18:26:57.405 [main] INFO  com.demo.baseutil.Basetest - Clicked on : click the dropdown of carrier
18:26:57.409 [main] INFO  com.demo.baseutil.Basetest - Validate click the tanker is clickable
18:26:59.830 [main] INFO  com.demo.baseutil.Basetest - Clicked on : click the tanker
18:26:59.830 [main] INFO  com.demo.baseutil.Basetest - Validate Click on Make is clickable
18:27:02.183 [main] INFO  com.demo.baseutil.Basetest - Clicked on : Click on Make
18:27:02.188 [main] INFO  com.demo.baseutil.Basetest - Enter the value into enter the make
18:27:02.485 [main] INFO  com.demo.baseutil.Basetest - Mahindra typed into enter the make
18:27:02.486 [main] INFO  com.demo.baseutil.Basetest - Validate Click on Model is clickable
18:27:04.914 [main] INFO  com.demo.baseutil.Basetest - Clicked on : Click on Model
18:27:04.916 [main] INFO  com.demo.baseutil.Basetest - Enter the value into enter the model
18:27:05.174 [main] INFO  com.demo.baseutil.Basetest - XUV typed into enter the model
18:27:05.174 [main] INFO  com.demo.baseutil.Basetest - Validate Click on Model is clickable
18:27:07.578 [main] INFO  com.demo.baseutil.Basetest - Clicked on : Click on Model
18:27:07.581 [main] INFO  com.demo.baseutil.Basetest - Enter the value into enter the model
18:27:07.939 [main] INFO  com.demo.baseutil.Basetest - XUV typed into enter the model
18:27:07.939 [main] INFO  com.demo.baseutil.Basetest - Validate Click on Vehicle Number is clickable
18:27:10.452 [main] INFO  com.demo.baseutil.Basetest - Clicked on : Click on Vehicle Number
18:27:10.456 [main] INFO  com.demo.baseutil.Basetest - Enter the value into Enter the engine number
18:27:10.784 [main] INFO  com.demo.baseutil.Basetest - YjQSacdd1 typed into Enter the engine number
18:27:10.786 [main] INFO  com.demo.baseutil.Basetest - Validate Click on Class-GVWR is clickable
18:27:13.858 [main] INFO  com.demo.baseutil.Basetest - Clicked on : Click on Class-GVWR
18:27:13.858 [main] INFO  com.demo.baseutil.Basetest - Enter the value into enter the classgvwr
18:27:14.157 [main] INFO  com.demo.baseutil.Basetest - C1-20 typed into enter the classgvwr
18:27:14.158 [main] INFO  com.demo.baseutil.Basetest - Validate Click on Weight Capacity is clickable
18:27:16.533 [main] INFO  com.demo.baseutil.Basetest - Clicked on : Click on Weight Capacity
18:27:16.535 [main] INFO  com.demo.baseutil.Basetest - Enter the value into enter the weight capacity
18:27:16.874 [main] INFO  com.demo.baseutil.Basetest - 100 typed into enter the weight capacity
18:27:20.935 [main] INFO  com.demo.baseutil.Basetest - Scroll down
18:27:20.957 [main] INFO  com.demo.baseutil.Basetest - Scroll down successful
18:27:20.958 [main] INFO  com.demo.baseutil.Basetest - Validate Click on Add button is clickable
18:27:23.378 [main] INFO  com.demo.baseutil.Basetest - Clicked on : Click on Add button
18:27:24.630 [main] INFO  com.demo.baseutil.Basetest - Browser is closed sucessfuly
18:27:25.468 [main] INFO  com.demo.baseutil.Basetest - Browser is closed sucessfuly
18:28:06.347 [main] INFO  com.demo.baseutil.Basetest - Validate Sign in with FarmtoPlate account is clickable
18:28:08.827 [main] INFO  com.demo.baseutil.Basetest - Clicked on : Sign in with FarmtoPlate account
18:28:08.845 [main] INFO  com.demo.baseutil.Basetest - Url contains farmtoplateapps.io/login
18:28:08.852 [main] INFO  com.demo.baseutil.Basetest - Sign in title matched
18:28:08.852 [main] INFO  com.demo.baseutil.Basetest - UI verified for Sigin page.
18:28:08.852 [main] INFO  com.demo.baseutil.Basetest - Sign in function call
18:28:08.852 [main] INFO  com.demo.baseutil.Basetest - Validate email address field is clicked is clickable
18:28:11.159 [main] INFO  com.demo.baseutil.Basetest - Clicked on : email address field is clicked
18:28:11.159 [main] INFO  com.demo.baseutil.Basetest - Enter the value into Email Id Entered
18:28:11.576 [main] INFO  com.demo.baseutil.Basetest - 139@yopmail.com typed into Email Id Entered
18:28:11.577 [main] INFO  com.demo.baseutil.Basetest - Validate Enter the password is clickable
18:28:13.986 [main] INFO  com.demo.baseutil.Basetest - Clicked on : Enter the password
18:28:13.988 [main] INFO  com.demo.baseutil.Basetest - Enter the value into Password Id Entered
18:28:14.229 [main] INFO  com.demo.baseutil.Basetest - Admin@1234 typed into Password Id Entered
18:28:18.303 [main] INFO  com.demo.baseutil.Basetest - Scroll down
18:28:18.304 [main] INFO  com.demo.baseutil.Basetest - Validate Press the signin button is clickable
18:28:21.947 [main] INFO  com.demo.baseutil.Basetest - Clicked on : Press the signin button
18:28:24.073 [main] INFO  com.demo.baseutil.Basetest - HomePage title  is matched
18:28:34.084 [main] INFO  com.demo.baseutil.Basetest - Validate click on trace is clickable
18:28:36.600 [main] INFO  com.demo.baseutil.Basetest - Clicked on : click on trace
18:28:42.697 [main] INFO  com.demo.baseutil.Basetest - Validate Asset & Infrastructure Data is clicked is clickable
18:28:45.284 [main] INFO  com.demo.baseutil.Basetest - Clicked on : Asset & Infrastructure Data is clicked
18:28:47.306 [main] INFO  com.demo.baseutil.Basetest - Validate Infra is clicked is clickable
18:28:49.817 [main] INFO  com.demo.baseutil.Basetest - Clicked on : Infra is clicked
18:28:51.822 [main] INFO  com.demo.baseutil.Basetest - Validate Add new is clicked is clickable
18:28:54.338 [main] INFO  com.demo.baseutil.Basetest - Clicked on : Add new is clicked
18:28:56.338 [main] INFO  com.demo.baseutil.Basetest - Validate Click on Location Name is clickable
18:28:58.803 [main] INFO  com.demo.baseutil.Basetest - Clicked on : Click on Location Name
18:28:58.820 [main] INFO  com.demo.baseutil.Basetest - Enter the value into enter the location name
18:28:59.193 [main] INFO  com.demo.baseutil.Basetest - Warehouse B typed into enter the location name
18:28:59.193 [main] INFO  com.demo.baseutil.Basetest - Validate Asset type is clicked is clickable
18:29:01.671 [main] INFO  com.demo.baseutil.Basetest - Clicked on : Asset type is clicked
18:29:01.710 [main] INFO  com.demo.baseutil.Basetest - Validate vehicle is selected is clickable
18:29:04.040 [main] INFO  com.demo.baseutil.Basetest - Clicked on : vehicle is selected
18:29:04.041 [main] INFO  com.demo.baseutil.Basetest - Validate Click on GLN is clickable
18:29:06.486 [main] INFO  com.demo.baseutil.Basetest - Clicked on : Click on GLN
18:29:06.492 [main] INFO  com.demo.baseutil.Basetest - Enter the value into enter the GLN
18:29:06.878 [main] INFO  com.demo.baseutil.Basetest - 4649643215894 typed into enter the GLN
18:29:06.878 [main] INFO  com.demo.baseutil.Basetest - Validate Click on address is clickable
18:29:09.391 [main] INFO  com.demo.baseutil.Basetest - Clicked on : Click on address
18:29:09.401 [main] INFO  com.demo.baseutil.Basetest - Enter the value into enter the  address
18:29:09.960 [main] INFO  com.demo.baseutil.Basetest - Bangalore Palace, Palace Cross Road, Vasanth Nagar, Bengaluru, Karnataka, India typed into enter the  address
18:29:09.960 [main] INFO  com.demo.baseutil.Basetest - Validate Click on state is clickable
18:29:12.310 [main] INFO  com.demo.baseutil.Basetest - Clicked on : Click on state
18:29:12.312 [main] INFO  com.demo.baseutil.Basetest - Enter the value into Enetered the state
18:29:12.586 [main] INFO  com.demo.baseutil.Basetest - KA typed into Enetered the state
18:29:12.586 [main] INFO  com.demo.baseutil.Basetest - Validate Click on city is clickable
18:29:15.046 [main] INFO  com.demo.baseutil.Basetest - Clicked on : Click on city
18:29:15.049 [main] INFO  com.demo.baseutil.Basetest - Enter the value into Enetered the city
18:29:15.474 [main] INFO  com.demo.baseutil.Basetest - Bengaluru typed into Enetered the city
18:29:15.478 [main] INFO  com.demo.baseutil.Basetest - Validate Click on country is clickable
18:29:17.943 [main] INFO  com.demo.baseutil.Basetest - Clicked on : Click on country
18:29:17.944 [main] INFO  com.demo.baseutil.Basetest - Enter the value into Enetered the city
18:29:18.204 [main] INFO  com.demo.baseutil.Basetest - India typed into Enetered the city
18:29:18.204 [main] INFO  com.demo.baseutil.Basetest - Validate Click on zip is clickable
18:29:20.658 [main] INFO  com.demo.baseutil.Basetest - Clicked on : Click on zip
18:29:20.659 [main] INFO  com.demo.baseutil.Basetest - Enter the value into Enetred the Zip
18:29:20.947 [main] INFO  com.demo.baseutil.Basetest - 560052 typed into Enetred the Zip
18:29:25.040 [main] INFO  com.demo.baseutil.Basetest - Scroll down
18:29:25.040 [main] INFO  com.demo.baseutil.Basetest - Validate Click on Add button is clickable
18:29:27.445 [main] INFO  com.demo.baseutil.Basetest - Clicked on : Click on Add button
18:29:28.821 [main] INFO  com.demo.baseutil.Basetest - Browser is closed sucessfuly
18:29:29.883 [main] INFO  com.demo.baseutil.Basetest - Browser is closed sucessfuly
18:30:12.944 [main] INFO  com.demo.baseutil.Basetest - Validate Sign in with FarmtoPlate account is clickable
18:30:15.368 [main] INFO  com.demo.baseutil.Basetest - Clicked on : Sign in with FarmtoPlate account
18:30:15.419 [main] INFO  com.demo.baseutil.Basetest - Url contains farmtoplateapps.io/login
18:30:15.430 [main] INFO  com.demo.baseutil.Basetest - Sign in title matched
18:30:15.431 [main] INFO  com.demo.baseutil.Basetest - UI verified for Sigin page.
18:30:15.431 [main] INFO  com.demo.baseutil.Basetest - Sign in function call
18:30:15.431 [main] INFO  com.demo.baseutil.Basetest - Validate email address field is clicked is clickable
18:30:17.855 [main] INFO  com.demo.baseutil.Basetest - Clicked on : email address field is clicked
18:30:17.855 [main] INFO  com.demo.baseutil.Basetest - Enter the value into Email Id Entered
18:30:18.265 [main] INFO  com.demo.baseutil.Basetest - 139@yopmail.com typed into Email Id Entered
18:30:18.265 [main] INFO  com.demo.baseutil.Basetest - Validate Enter the password is clickable
18:30:20.568 [main] INFO  com.demo.baseutil.Basetest - Clicked on : Enter the password
18:30:20.568 [main] INFO  com.demo.baseutil.Basetest - Enter the value into Password Id Entered
18:30:20.892 [main] INFO  com.demo.baseutil.Basetest - Admin@1234 typed into Password Id Entered
18:30:24.970 [main] INFO  com.demo.baseutil.Basetest - Scroll down
18:30:24.970 [main] INFO  com.demo.baseutil.Basetest - Validate Press the signin button is clickable
18:30:28.565 [main] INFO  com.demo.baseutil.Basetest - Clicked on : Press the signin button
18:30:31.140 [main] INFO  com.demo.baseutil.Basetest - HomePage title  is matched
18:30:41.155 [main] INFO  com.demo.baseutil.Basetest - Validate click on trace is clickable
18:30:43.720 [main] INFO  com.demo.baseutil.Basetest - Clicked on : click on trace
18:30:49.801 [main] INFO  com.demo.baseutil.Basetest - Validate Asset & Infrastructure Data is clicked is clickable
18:30:52.218 [main] INFO  com.demo.baseutil.Basetest - Clicked on : Asset & Infrastructure Data is clicked
18:30:54.228 [main] INFO  com.demo.baseutil.Basetest - Validate Assets is clicked is clickable
18:30:56.802 [main] INFO  com.demo.baseutil.Basetest - Clicked on : Assets is clicked
18:31:01.806 [main] INFO  com.demo.baseutil.Basetest - Validate Add new is clicked is clickable
18:31:04.252 [main] INFO  com.demo.baseutil.Basetest - Clicked on : Add new is clicked
18:31:09.255 [main] INFO  com.demo.baseutil.Basetest - Validate Asset type is clicked is clickable
18:31:11.595 [main] INFO  com.demo.baseutil.Basetest - Clicked on : Asset type is clicked
18:31:11.597 [main] INFO  com.demo.baseutil.Basetest - Validate Click on Vehicle Name is clickable
18:31:14.018 [main] INFO  com.demo.baseutil.Basetest - Clicked on : Click on Vehicle Name
18:31:16.029 [main] INFO  com.demo.baseutil.Basetest - Validate container name is clicked is clickable
18:31:18.415 [main] INFO  com.demo.baseutil.Basetest - Clicked on : container name is clicked
18:31:18.415 [main] INFO  com.demo.baseutil.Basetest - Enter the value into enter the container name
18:31:18.910 [main] INFO  com.demo.baseutil.Basetest - containerrr133abc133 typed into enter the container name
18:31:20.929 [main] INFO  com.demo.baseutil.Basetest - Validate length is clicked is clickable
18:31:23.299 [main] INFO  com.demo.baseutil.Basetest - Clicked on : length is clicked
18:31:25.316 [main] INFO  com.demo.baseutil.Basetest - Enter the value into enter the length
18:31:25.685 [main] INFO  com.demo.baseutil.Basetest - 10 typed into enter the length
18:31:25.685 [main] INFO  com.demo.baseutil.Basetest - Validate breadth is clicked is clickable
18:31:27.986 [main] INFO  com.demo.baseutil.Basetest - Clicked on : breadth is clicked
18:31:27.987 [main] INFO  com.demo.baseutil.Basetest - Enter the value into breath entered
18:31:28.386 [main] INFO  com.demo.baseutil.Basetest - 10 typed into breath entered
18:31:30.397 [main] INFO  com.demo.baseutil.Basetest - Validate height is clicked is clickable
18:31:32.855 [main] INFO  com.demo.baseutil.Basetest - Clicked on : height is clicked
18:31:34.865 [main] INFO  com.demo.baseutil.Basetest - Enter the value into height entered
18:31:35.541 [main] INFO  com.demo.baseutil.Basetest - 20 typed into height entered
18:31:37.543 [main] INFO  com.demo.baseutil.Basetest - Validate dom is clicked is clickable
18:31:39.947 [main] INFO  com.demo.baseutil.Basetest - Clicked on : dom is clicked
18:31:41.954 [main] INFO  com.demo.baseutil.Basetest - Validate ft is clicked is clickable
18:31:44.411 [main] INFO  com.demo.baseutil.Basetest - Clicked on : ft is clicked
18:31:46.419 [main] INFO  com.demo.baseutil.Basetest - Validate wt is clicked is clickable
18:31:48.812 [main] INFO  com.demo.baseutil.Basetest - Clicked on : wt is clicked
18:31:50.822 [main] INFO  com.demo.baseutil.Basetest - Enter the value into weight entered
18:31:51.135 [main] INFO  com.demo.baseutil.Basetest - 1000 typed into weight entered
18:31:53.152 [main] INFO  com.demo.baseutil.Basetest - Validate wtcap is clicked is clickable
18:31:55.523 [main] INFO  com.demo.baseutil.Basetest - Clicked on : wtcap is clicked
18:31:57.533 [main] INFO  com.demo.baseutil.Basetest - Validate tons is clicked is clickable
18:31:59.882 [main] INFO  com.demo.baseutil.Basetest - Clicked on : tons is clicked
18:32:01.894 [main] INFO  com.demo.baseutil.Basetest - Validate Click on Add button is clickable
18:32:04.241 [main] INFO  com.demo.baseutil.Basetest - Clicked on : Click on Add button
18:32:10.480 [main] INFO  com.demo.baseutil.Basetest - Browser is closed sucessfuly
18:32:11.267 [main] INFO  com.demo.baseutil.Basetest - Browser is closed sucessfuly
18:32:52.733 [main] INFO  com.demo.baseutil.Basetest - Validate Sign in with FarmtoPlate account is clickable
18:32:55.320 [main] INFO  com.demo.baseutil.Basetest - Clicked on : Sign in with FarmtoPlate account
18:32:55.401 [main] INFO  com.demo.baseutil.Basetest - Url contains farmtoplateapps.io/login
18:32:55.408 [main] INFO  com.demo.baseutil.Basetest - Sign in title matched
18:32:55.408 [main] INFO  com.demo.baseutil.Basetest - UI verified for Sigin page.
18:32:55.409 [main] INFO  com.demo.baseutil.Basetest - Sign in function call
18:32:55.409 [main] INFO  com.demo.baseutil.Basetest - Validate email address field is clicked is clickable
18:32:57.754 [main] INFO  com.demo.baseutil.Basetest - Clicked on : email address field is clicked
18:32:57.756 [main] INFO  com.demo.baseutil.Basetest - Enter the value into Email Id Entered
18:32:58.090 [main] INFO  com.demo.baseutil.Basetest - 139@yopmail.com typed into Email Id Entered
18:32:58.090 [main] INFO  com.demo.baseutil.Basetest - Validate Enter the password is clickable
18:33:00.501 [main] INFO  com.demo.baseutil.Basetest - Clicked on : Enter the password
18:33:00.502 [main] INFO  com.demo.baseutil.Basetest - Enter the value into Password Id Entered
18:33:00.848 [main] INFO  com.demo.baseutil.Basetest - Admin@1234 typed into Password Id Entered
18:33:04.906 [main] INFO  com.demo.baseutil.Basetest - Scroll down
18:33:04.906 [main] INFO  com.demo.baseutil.Basetest - Validate Press the signin button is clickable
18:33:08.430 [main] INFO  com.demo.baseutil.Basetest - Clicked on : Press the signin button
18:33:10.974 [main] INFO  com.demo.baseutil.Basetest - HomePage title  is matched
18:33:20.991 [main] INFO  com.demo.baseutil.Basetest - Validate click on trace is clickable
18:33:23.421 [main] INFO  com.demo.baseutil.Basetest - Clicked on : click on trace
18:33:29.524 [main] INFO  com.demo.baseutil.Basetest - Validate User Management is clicked is clickable
18:33:31.897 [main] INFO  com.demo.baseutil.Basetest - Clicked on : User Management is clicked
18:33:33.921 [main] INFO  com.demo.baseutil.Basetest - Validate users is clicked is clickable
18:33:36.488 [main] INFO  com.demo.baseutil.Basetest - Clicked on : users is clicked
18:33:38.496 [main] INFO  com.demo.baseutil.Basetest - Validate Add new is clicked is clickable
18:33:41.027 [main] INFO  com.demo.baseutil.Basetest - Clicked on : Add new is clicked
18:33:43.044 [main] INFO  com.demo.baseutil.Basetest - Validate first name is clicked is clickable
18:33:45.560 [main] INFO  com.demo.baseutil.Basetest - Clicked on : first name is clicked
18:33:47.571 [main] INFO  com.demo.baseutil.Basetest - Enter the value into first name is entered
18:33:47.824 [main] INFO  com.demo.baseutil.Basetest - abc typed into first name is entered
18:33:49.835 [main] INFO  com.demo.baseutil.Basetest - Validate last name is clicked is clickable
18:33:52.205 [main] INFO  com.demo.baseutil.Basetest - Clicked on : last name is clicked
18:33:54.217 [main] INFO  com.demo.baseutil.Basetest - Enter the value into lastname name is entered
18:33:54.469 [main] INFO  com.demo.baseutil.Basetest - abc typed into lastname name is entered
18:33:56.482 [main] INFO  com.demo.baseutil.Basetest - Validate modulename is clicked is clickable
18:33:58.852 [main] INFO  com.demo.baseutil.Basetest - Clicked on : modulename is clicked
18:34:00.853 [main] INFO  com.demo.baseutil.Basetest - Validate module name is clicked is clickable
18:34:03.389 [main] INFO  com.demo.baseutil.Basetest - Clicked on : module name is clicked
18:34:05.405 [main] INFO  com.demo.baseutil.Basetest - Validate assignrole is clicked is clickable
18:34:07.789 [main] INFO  com.demo.baseutil.Basetest - Clicked on : assignrole is clicked
18:34:09.793 [main] INFO  com.demo.baseutil.Basetest - Validate assignitem is clicked is clickable
18:34:12.169 [main] INFO  com.demo.baseutil.Basetest - Clicked on : assignitem is clicked
18:34:14.173 [main] INFO  com.demo.baseutil.Basetest - Validate emailuser is clicked is clickable
18:34:16.692 [main] INFO  com.demo.baseutil.Basetest - Clicked on : emailuser is clicked
18:34:18.705 [main] INFO  com.demo.baseutil.Basetest - Enter the value into eamil is entered
18:34:19.227 [main] INFO  com.demo.baseutil.Basetest - abcdefjjggk826@yopmail.com typed into eamil is entered
18:34:21.237 [main] INFO  com.demo.baseutil.Basetest - Validate countrycode is clicked is clickable
18:34:23.756 [main] INFO  com.demo.baseutil.Basetest - Clicked on : countrycode is clicked
18:34:25.768 [main] INFO  com.demo.baseutil.Basetest - Enter the value into countrycode is entered
18:34:26.058 [main] INFO  com.demo.baseutil.Basetest - +91 typed into countrycode is entered
18:34:30.078 [main] INFO  com.demo.baseutil.Basetest - Validate countrycode select is clicked is clickable
18:34:32.513 [main] INFO  com.demo.baseutil.Basetest - Clicked on : countrycode select is clicked
18:34:34.518 [main] INFO  com.demo.baseutil.Basetest - Validate phnumber is clicked is clickable
18:34:37.131 [main] INFO  com.demo.baseutil.Basetest - Clicked on : phnumber is clicked
18:34:39.146 [main] INFO  com.demo.baseutil.Basetest - Enter the value into phnumber is entered
18:34:39.431 [main] INFO  com.demo.baseutil.Basetest - 7056830799 typed into phnumber is entered
18:34:43.440 [main] INFO  com.demo.baseutil.Basetest - Validate send invite user  is clicked is clickable
18:34:45.872 [main] INFO  com.demo.baseutil.Basetest - Clicked on : send invite user  is clicked
18:34:50.274 [main] INFO  com.demo.baseutil.Basetest - Validate Email address input field is clicked is clickable
18:34:55.901 [main] INFO  com.demo.baseutil.Basetest - Clicked on : Email address input field is clicked
18:34:55.901 [main] INFO  com.demo.baseutil.Basetest - Enter the value into email address is entered
18:34:56.205 [main] INFO  com.demo.baseutil.Basetest - abcdefjjggk826@yopmail.com typed into email address is entered
18:34:56.213 [main] INFO  com.demo.baseutil.Basetest - Validate arrow button is clicked is clickable
18:35:01.764 [main] INFO  com.demo.baseutil.Basetest - Clicked on : arrow button is clicked
18:35:12.283 [main] INFO  com.demo.baseutil.Basetest - Validate first email is clicked is clickable
18:35:14.879 [main] INFO  com.demo.baseutil.Basetest - Clicked on : first email is clicked
18:35:16.984 [main] INFO  com.demo.baseutil.Basetest - Validate email address is clicked is clickable
18:35:19.643 [main] INFO  com.demo.baseutil.Basetest - Clicked on : email address is clicked
18:35:21.670 [main] INFO  com.demo.baseutil.Basetest - Validate pass is clicked is clickable
18:35:24.917 [main] INFO  com.demo.baseutil.Basetest - Clicked on : pass is clicked
18:35:24.925 [main] INFO  com.demo.baseutil.Basetest - Enter the value into Password is entered
18:35:25.228 [main] INFO  com.demo.baseutil.Basetest - Admin@1234 typed into Password is entered
18:35:25.229 [main] INFO  com.demo.baseutil.Basetest - Validate confirm password is clicked is clickable
18:35:28.016 [main] INFO  com.demo.baseutil.Basetest - Clicked on : confirm password is clicked
18:35:28.019 [main] INFO  com.demo.baseutil.Basetest - Enter the value into Confirm Password is entered
18:35:28.293 [main] INFO  com.demo.baseutil.Basetest - Admin@1234 typed into Confirm Password is entered
18:35:30.331 [main] INFO  com.demo.baseutil.Basetest - Scroll down successful
18:35:30.334 [main] INFO  com.demo.baseutil.Basetest - Validate button is clicked is clickable
18:35:32.710 [main] INFO  com.demo.baseutil.Basetest - Clicked on : button is clicked
18:35:39.721 [main] INFO  com.demo.baseutil.Basetest - Validate email address field is clicked is clickable
18:35:42.162 [main] INFO  com.demo.baseutil.Basetest - Clicked on : email address field is clicked
18:35:42.165 [main] INFO  com.demo.baseutil.Basetest - Enter the value into Email Id Entered
18:35:42.489 [main] INFO  com.demo.baseutil.Basetest - abcdefjjggk826@yopmail.com typed into Email Id Entered
18:35:42.489 [main] INFO  com.demo.baseutil.Basetest - Validate Enter the password is clickable
18:35:44.993 [main] INFO  com.demo.baseutil.Basetest - Clicked on : Enter the password
18:35:44.996 [main] INFO  com.demo.baseutil.Basetest - Enter the value into Password Id Entered
18:35:45.269 [main] INFO  com.demo.baseutil.Basetest - Admin@1234 typed into Password Id Entered
18:35:45.295 [main] INFO  com.demo.baseutil.Basetest - Scroll down successful
18:35:45.295 [main] INFO  com.demo.baseutil.Basetest - Validate Press the signin button is clickable
18:35:49.067 [main] INFO  com.demo.baseutil.Basetest - Clicked on : Press the signin button
18:35:52.355 [main] INFO  com.demo.baseutil.Basetest - Scroll down successful
18:35:53.360 [main] INFO  com.demo.baseutil.Basetest - Validate Press the button is clickable
18:35:56.713 [main] INFO  com.demo.baseutil.Basetest - Clicked on : Press the button
18:35:56.730 [main] INFO  com.demo.baseutil.Basetest - Scroll down successful
18:35:56.730 [main] INFO  com.demo.baseutil.Basetest - Validate Press the signin button is clickable
18:35:59.084 [main] INFO  com.demo.baseutil.Basetest - Clicked on : Press the signin button
18:36:01.089 [main] INFO  com.demo.baseutil.Basetest - Validate Press the button is clickable
18:36:03.371 [main] INFO  com.demo.baseutil.Basetest - Clicked on : Press the button
18:36:03.560 [main] INFO  com.demo.baseutil.Basetest - Browser is closed sucessfuly
18:36:05.164 [main] INFO  com.demo.baseutil.Basetest - Browser is closed sucessfuly
18:36:50.227 [main] INFO  com.demo.baseutil.Basetest - Validate Sign in with FarmtoPlate account is clickable
18:36:52.583 [main] INFO  com.demo.baseutil.Basetest - Clicked on : Sign in with FarmtoPlate account
18:36:52.594 [main] INFO  com.demo.baseutil.Basetest - Url contains farmtoplateapps.io/login
18:36:52.602 [main] INFO  com.demo.baseutil.Basetest - Sign in title matched
18:36:52.602 [main] INFO  com.demo.baseutil.Basetest - UI verified for Sigin page.
18:36:52.602 [main] INFO  com.demo.baseutil.Basetest - Sign in function call
18:36:52.602 [main] INFO  com.demo.baseutil.Basetest - Validate email address field is clicked is clickable
18:36:54.963 [main] INFO  com.demo.baseutil.Basetest - Clicked on : email address field is clicked
18:36:54.964 [main] INFO  com.demo.baseutil.Basetest - Enter the value into Email Id Entered
18:36:55.282 [main] INFO  com.demo.baseutil.Basetest - 139@yopmail.com typed into Email Id Entered
18:36:55.282 [main] INFO  com.demo.baseutil.Basetest - Validate Enter the password is clickable
18:36:57.580 [main] INFO  com.demo.baseutil.Basetest - Clicked on : Enter the password
18:36:57.581 [main] INFO  com.demo.baseutil.Basetest - Enter the value into Password Id Entered
18:36:57.893 [main] INFO  com.demo.baseutil.Basetest - Admin@1234 typed into Password Id Entered
18:37:01.968 [main] INFO  com.demo.baseutil.Basetest - Scroll down
18:37:01.969 [main] INFO  com.demo.baseutil.Basetest - Validate Press the signin button is clickable
18:37:05.324 [main] INFO  com.demo.baseutil.Basetest - Clicked on : Press the signin button
18:37:07.687 [main] INFO  com.demo.baseutil.Basetest - HomePage title  is matched
18:37:17.703 [main] INFO  com.demo.baseutil.Basetest - Validate click on trace is clickable
18:37:20.294 [main] INFO  com.demo.baseutil.Basetest - Clicked on : click on trace
18:37:26.402 [main] INFO  com.demo.baseutil.Basetest - Validate User Management is clicked is clickable
18:37:28.932 [main] INFO  com.demo.baseutil.Basetest - Clicked on : User Management is clicked
18:37:30.943 [main] INFO  com.demo.baseutil.Basetest - Validate roles is clicked is clickable
18:37:33.453 [main] INFO  com.demo.baseutil.Basetest - Clicked on : roles is clicked
18:37:35.458 [main] INFO  com.demo.baseutil.Basetest - Validate Add new is clicked is clickable
18:37:38.054 [main] INFO  com.demo.baseutil.Basetest - Clicked on : Add new is clicked
18:37:43.055 [main] INFO  com.demo.baseutil.Basetest - Validate role name is clicked is clickable
18:37:45.401 [main] INFO  com.demo.baseutil.Basetest - Clicked on : role name is clicked
18:37:47.402 [main] INFO  com.demo.baseutil.Basetest - Enter the value into rolename is entered
18:37:47.733 [main] INFO  com.demo.baseutil.Basetest - rolename46 typed into rolename is entered
18:37:49.748 [main] INFO  com.demo.baseutil.Basetest - Validate roletype is clicked is clickable
18:37:52.123 [main] INFO  com.demo.baseutil.Basetest - Clicked on : roletype is clicked
18:37:54.134 [main] INFO  com.demo.baseutil.Basetest - Validate Admin is clicked is clickable
18:37:56.582 [main] INFO  com.demo.baseutil.Basetest - Clicked on : Admin is clicked
18:37:58.612 [main] INFO  com.demo.baseutil.Basetest - Scroll down successful
18:38:00.620 [main] INFO  com.demo.baseutil.Basetest - Validate modulename is clicked is clickable
18:38:03.037 [main] INFO  com.demo.baseutil.Basetest - Clicked on : modulename is clicked
18:38:05.044 [main] INFO  com.demo.baseutil.Basetest - Validate module name is clicked is clickable
18:38:07.949 [main] INFO  com.demo.baseutil.Basetest - Clicked on : module name is clicked
18:38:09.954 [main] INFO  com.demo.baseutil.Basetest - Validate orgdept is clicked is clickable
18:38:12.293 [main] INFO  com.demo.baseutil.Basetest - Clicked on : orgdept is clicked
18:38:14.303 [main] INFO  com.demo.baseutil.Basetest - Validate orgdeptselect is clicked is clickable
18:38:16.709 [main] INFO  com.demo.baseutil.Basetest - Clicked on : orgdeptselect is clicked
18:38:18.715 [main] INFO  com.demo.baseutil.Basetest - Validate nxtbutton is clicked is clickable
18:38:21.066 [main] INFO  com.demo.baseutil.Basetest - Clicked on : nxtbutton is clicked
18:38:29.072 [main] INFO  com.demo.baseutil.Basetest - Scroll till the nxtbutton1 scrolled
18:38:29.202 [main] INFO  com.demo.baseutil.Basetest - Scroll till the nxtbutton1 scrolled completed
18:38:31.206 [main] INFO  com.demo.baseutil.Basetest - Validate nxtbutton1 is clicked is clickable
18:38:33.712 [main] INFO  com.demo.baseutil.Basetest - Clicked on : nxtbutton1 is clicked
18:38:52.572 [main] INFO  com.demo.baseutil.Basetest - Validate update1 select is clicked is clickable
18:38:55.140 [main] INFO  com.demo.baseutil.Basetest - Clicked on : update1 select is clicked
18:38:57.154 [main] INFO  com.demo.baseutil.Basetest - Validate update2 is clicked is clickable
18:38:59.658 [main] INFO  com.demo.baseutil.Basetest - Clicked on : update2 is clicked
18:39:03.670 [main] INFO  com.demo.baseutil.Basetest - Validate alert1  is clicked is clickable
18:39:06.287 [main] INFO  com.demo.baseutil.Basetest - Clicked on : alert1  is clicked
18:39:08.296 [main] INFO  com.demo.baseutil.Basetest - Validate alert2  is clicked is clickable
18:39:10.871 [main] INFO  com.demo.baseutil.Basetest - Clicked on : alert2  is clicked
18:39:14.905 [main] INFO  com.demo.baseutil.Basetest - Scroll till the submitbtn scrolled
18:39:15.012 [main] INFO  com.demo.baseutil.Basetest - Scroll till the submitbtn scrolled completed
18:39:17.019 [main] INFO  com.demo.baseutil.Basetest - Validate submitbtn is clicked is clickable
18:39:19.538 [main] INFO  com.demo.baseutil.Basetest - Clicked on : submitbtn is clicked
18:39:24.823 [main] INFO  com.demo.baseutil.Basetest - Browser is closed sucessfuly
18:39:26.329 [main] INFO  com.demo.baseutil.Basetest - Browser is closed sucessfuly
18:40:13.788 [main] INFO  com.demo.baseutil.Basetest - Validate Sign in with FarmtoPlate account is clickable
18:40:16.532 [main] INFO  com.demo.baseutil.Basetest - Clicked on : Sign in with FarmtoPlate account
18:40:16.967 [main] INFO  com.demo.baseutil.Basetest - Url contains farmtoplateapps.io/login
18:40:16.981 [main] INFO  com.demo.baseutil.Basetest - Sign in title matched
18:40:16.981 [main] INFO  com.demo.baseutil.Basetest - UI verified for Sigin page.
18:40:16.981 [main] INFO  com.demo.baseutil.Basetest - Sign in function call
18:40:16.981 [main] INFO  com.demo.baseutil.Basetest - Validate email address field is clicked is clickable
18:40:19.397 [main] INFO  com.demo.baseutil.Basetest - Clicked on : email address field is clicked
18:40:19.399 [main] INFO  com.demo.baseutil.Basetest - Enter the value into Email Id Entered
18:40:20.069 [main] INFO  com.demo.baseutil.Basetest - distributorqa@yopmail.com typed into Email Id Entered
18:40:20.069 [main] INFO  com.demo.baseutil.Basetest - Validate Enter the password is clickable
18:40:22.552 [main] INFO  com.demo.baseutil.Basetest - Clicked on : Enter the password
18:40:22.552 [main] INFO  com.demo.baseutil.Basetest - Enter the value into Password Id Entered
18:40:22.999 [main] INFO  com.demo.baseutil.Basetest - Admin@1234 typed into Password Id Entered
18:40:27.739 [main] INFO  com.demo.baseutil.Basetest - Scroll down
18:40:27.739 [main] INFO  com.demo.baseutil.Basetest - Validate Press the signin button is clickable
18:40:32.167 [main] INFO  com.demo.baseutil.Basetest - Clicked on : Press the signin button
18:40:35.314 [main] INFO  com.demo.baseutil.Basetest - HomePage title  is matched
18:40:45.388 [main] INFO  com.demo.baseutil.Basetest - Validate click on trace is clickable
18:40:48.530 [main] INFO  com.demo.baseutil.Basetest - Clicked on : click on trace
18:40:50.534 [main] INFO  com.demo.baseutil.Basetest - Validate click on questionbank is clickable
18:41:32.146 [main] ERROR com.demo.baseutil.Basetest - click on questionbank is not clickable
18:41:32.162 [main] ERROR com.demo.baseutil.Basetest - Unable to click on click on questionbank
18:42:15.120 [main] INFO  com.demo.baseutil.Basetest - Browser is closed sucessfuly
18:42:19.083 [main] INFO  com.demo.baseutil.Basetest - Browser is closed sucessfuly
18:43:00.421 [main] INFO  com.demo.baseutil.Basetest - Validate Sign in with FarmtoPlate account is clickable
18:43:04.078 [main] INFO  com.demo.baseutil.Basetest - Clicked on : Sign in with FarmtoPlate account
18:43:04.144 [main] INFO  com.demo.baseutil.Basetest - Url contains farmtoplateapps.io/login
18:43:04.185 [main] INFO  com.demo.baseutil.Basetest - Sign in title matched
18:43:04.185 [main] INFO  com.demo.baseutil.Basetest - UI verified for Sigin page.
18:43:04.185 [main] INFO  com.demo.baseutil.Basetest - Sign in function call
18:43:04.185 [main] INFO  com.demo.baseutil.Basetest - Validate email address field is clicked is clickable
18:43:07.179 [main] INFO  com.demo.baseutil.Basetest - Clicked on : email address field is clicked
18:43:07.179 [main] INFO  com.demo.baseutil.Basetest - Enter the value into Email Id Entered
18:43:07.681 [main] INFO  com.demo.baseutil.Basetest - 139@yopmail.com typed into Email Id Entered
18:43:07.681 [main] INFO  com.demo.baseutil.Basetest - Validate Enter the password is clickable
18:43:11.429 [main] INFO  com.demo.baseutil.Basetest - Clicked on : Enter the password
18:43:11.431 [main] INFO  com.demo.baseutil.Basetest - Enter the value into Password Id Entered
18:43:11.890 [main] INFO  com.demo.baseutil.Basetest - Admin@1234 typed into Password Id Entered
18:43:16.094 [main] INFO  com.demo.baseutil.Basetest - Scroll down
18:43:16.108 [main] INFO  com.demo.baseutil.Basetest - Validate Press the signin button is clickable
18:43:26.582 [main] INFO  com.demo.baseutil.Basetest - Clicked on : Press the signin button
18:43:33.068 [main] INFO  com.demo.baseutil.Basetest - HomePage title  is matched
18:43:43.234 [main] INFO  com.demo.baseutil.Basetest - Validate click on trace is clickable
18:43:50.021 [main] INFO  com.demo.baseutil.Basetest - Clicked on : click on trace
18:43:56.224 [main] INFO  com.demo.baseutil.Basetest - Validate Asset & Infrastructure Data is clicked is clickable
18:43:59.235 [main] INFO  com.demo.baseutil.Basetest - Clicked on : Asset & Infrastructure Data is clicked
18:44:01.248 [main] INFO  com.demo.baseutil.Basetest - Validate drivers is clicked is clickable
18:44:06.101 [main] INFO  com.demo.baseutil.Basetest - Clicked on : drivers is clicked
18:44:08.118 [main] INFO  com.demo.baseutil.Basetest - Validate Add new is clicked is clickable
18:44:10.715 [main] INFO  com.demo.baseutil.Basetest - Clicked on : Add new is clicked
18:44:12.739 [main] INFO  com.demo.baseutil.Basetest - Validate drivername is clicked is clickable
18:44:15.772 [main] INFO  com.demo.baseutil.Basetest - Clicked on : drivername is clicked
18:44:15.780 [main] INFO  com.demo.baseutil.Basetest - Enter the value into driver name is entered
18:44:16.224 [main] INFO  com.demo.baseutil.Basetest - driver typed into driver name is entered
18:44:16.224 [main] INFO  com.demo.baseutil.Basetest - Validate countrycode is selected is clickable
18:44:18.857 [main] INFO  com.demo.baseutil.Basetest - Clicked on : countrycode is selected
18:44:18.857 [main] INFO  com.demo.baseutil.Basetest - Enter the value into countrycode is entered
18:44:19.679 [main] INFO  com.demo.baseutil.Basetest - +91 typed into countrycode is entered
18:44:21.695 [main] INFO  com.demo.baseutil.Basetest - Validate country code is selected is clickable
18:44:24.588 [main] INFO  com.demo.baseutil.Basetest - Clicked on : country code is selected
18:44:26.597 [main] INFO  com.demo.baseutil.Basetest - Validate phone number is clicked is clickable
18:44:29.180 [main] INFO  com.demo.baseutil.Basetest - Clicked on : phone number is clicked
18:44:29.181 [main] INFO  com.demo.baseutil.Basetest - Enter the value into enter the Phone
18:44:30.181 [main] INFO  com.demo.baseutil.Basetest - 8167059962 typed into enter the Phone
18:44:33.210 [main] INFO  com.demo.baseutil.Basetest - Validate Click on workinghours is clickable
18:44:40.738 [main] INFO  com.demo.baseutil.Basetest - Clicked on : Click on workinghours
18:44:43.104 [main] INFO  com.demo.baseutil.Basetest - Validate click the time1 is clickable
18:44:50.847 [main] INFO  com.demo.baseutil.Basetest - Clicked on : click the time1
18:44:50.866 [main] INFO  com.demo.baseutil.Basetest - Validate click the time2 is clickable
18:44:54.311 [main] INFO  com.demo.baseutil.Basetest - Clicked on : click the time2
18:44:56.317 [main] INFO  com.demo.baseutil.Basetest - Validate click the ok is clickable
18:44:59.048 [main] INFO  com.demo.baseutil.Basetest - Clicked on : click the ok
18:45:01.063 [main] INFO  com.demo.baseutil.Basetest - Validate Add driver button is clicked is clickable
18:45:03.652 [main] INFO  com.demo.baseutil.Basetest - Clicked on : Add driver button is clicked
18:45:07.139 [main] INFO  com.demo.baseutil.Basetest - Browser is closed sucessfuly
18:45:15.451 [main] INFO  com.demo.baseutil.Basetest - Browser is closed sucessfuly
18:45:21.845 [main] ERROR com.demo.baseutil.Basetest - Failed to close the Browser
