13:32:18.906 [main] INFO  com.demo.baseutil.Basetest - 
13:32:18.919 [main] INFO  com.demo.baseutil.Basetest - Running locally JavaMail
13:32:19.150 [main] INFO  com.demo.baseutil.Basetest2 - Folder creation for Extent
13:32:19.168 [main] INFO  com.demo.baseutil.Basetest - ExtentDir:-C:\Users\Deepti Jindal\eclipse-workspace2\com.NFR.Trace/reports/Automation Report- 08_09_2024_13_32_19/Report/08_09_2024_13_32_19
13:32:19.460 [main] INFO  com.demo.baseutil.Basetest - Report Initiated
13:32:19.462 [main] INFO  com.demo.baseutil.Basetest - Screenshot folder created
13:32:34.892 [main] INFO  com.demo.baseutil.Basetest - Validate Sign in with FarmtoPlate account is clickable
13:32:37.641 [main] INFO  com.demo.baseutil.Basetest - Clicked on : Sign in with FarmtoPlate account
13:32:38.097 [main] INFO  com.demo.baseutil.Basetest - Url contains farmtoplateapps.io/login
13:32:38.112 [main] INFO  com.demo.baseutil.Basetest - Sign in title matched
13:32:38.112 [main] INFO  com.demo.baseutil.Basetest - UI verified for Sigin page.
13:32:38.112 [main] INFO  com.demo.baseutil.Basetest - Sign in function call
13:32:38.113 [main] INFO  com.demo.baseutil.Basetest - Validate email address field is clicked is clickable
13:32:40.546 [main] INFO  com.demo.baseutil.Basetest - Clicked on : email address field is clicked
13:32:40.547 [main] INFO  com.demo.baseutil.Basetest - Enter the value into Email Id Entered
13:32:41.078 [main] INFO  com.demo.baseutil.Basetest - ldekkenq362@yopmail.com typed into Email Id Entered
13:32:41.079 [main] INFO  com.demo.baseutil.Basetest - Validate Enter the password is clickable
13:32:43.587 [main] INFO  com.demo.baseutil.Basetest - Clicked on : Enter the password
13:32:43.588 [main] INFO  com.demo.baseutil.Basetest - Enter the value into Password Id Entered
13:32:44.079 [main] INFO  com.demo.baseutil.Basetest - Admin@1234 typed into Password Id Entered
13:32:48.156 [main] INFO  com.demo.baseutil.Basetest - Scroll down
13:32:48.157 [main] INFO  com.demo.baseutil.Basetest - Validate Press the signin button is clickable
13:32:51.605 [main] INFO  com.demo.baseutil.Basetest - Clicked on : Press the signin button
13:32:55.058 [main] INFO  com.demo.baseutil.Basetest - HomePage title  is matched
13:33:09.148 [main] INFO  com.demo.baseutil.Basetest - Scroll down
13:33:11.164 [main] INFO  com.demo.baseutil.Basetest - Validate Products is clicked is clickable
13:33:13.687 [main] INFO  com.demo.baseutil.Basetest - Clicked on : Products is clicked
13:33:18.692 [main] INFO  com.demo.baseutil.Basetest - Validate Add new is clicked is clickable
13:33:21.206 [main] INFO  com.demo.baseutil.Basetest - Clicked on : Add new is clicked
13:33:23.216 [main] INFO  com.demo.baseutil.Basetest - Validate Click on productcategory is clickable
13:33:25.588 [main] INFO  com.demo.baseutil.Basetest - Clicked on : Click on productcategory
13:33:25.590 [main] INFO  com.demo.baseutil.Basetest - Validate productbasedfood is clicked is clickable
13:33:28.062 [main] INFO  com.demo.baseutil.Basetest - Clicked on : productbasedfood is clicked
13:33:28.063 [main] INFO  com.demo.baseutil.Basetest - Validate product name is selected is clickable
13:33:30.603 [main] INFO  com.demo.baseutil.Basetest - Clicked on : product name is selected
13:33:30.603 [main] INFO  com.demo.baseutil.Basetest - Enter the value into enter the product
13:33:30.992 [main] INFO  com.demo.baseutil.Basetest - wheat12686 typed into enter the product
13:33:30.993 [main] INFO  com.demo.baseutil.Basetest - Validate Click on productid is clickable
13:33:33.383 [main] INFO  com.demo.baseutil.Basetest - Clicked on : Click on productid
13:33:33.383 [main] INFO  com.demo.baseutil.Basetest - Validate Click on checkbox is clickable
13:33:35.821 [main] INFO  com.demo.baseutil.Basetest - Clicked on : Click on checkbox
13:33:35.821 [main] INFO  com.demo.baseutil.Basetest - Validate Click on autogenerate is clickable
13:33:38.351 [main] INFO  com.demo.baseutil.Basetest - Clicked on : Click on autogenerate
13:33:38.351 [main] INFO  com.demo.baseutil.Basetest - Validate Click on productdesc is clickable
13:33:40.795 [main] INFO  com.demo.baseutil.Basetest - Clicked on : Click on productdesc
13:33:40.795 [main] INFO  com.demo.baseutil.Basetest - Enter the value into Enetered the product desc
13:33:41.174 [main] INFO  com.demo.baseutil.Basetest - test typed into Enetered the product desc
13:33:41.175 [main] INFO  com.demo.baseutil.Basetest - Validate Click on upload is clickable
13:33:43.561 [main] INFO  com.demo.baseutil.Basetest - Clicked on : Click on upload
13:33:54.348 [main] INFO  com.demo.baseutil.Basetest - Scroll down
13:33:54.348 [main] INFO  com.demo.baseutil.Basetest - Validate Click on ingrediant name is clickable
13:33:56.819 [main] INFO  com.demo.baseutil.Basetest - Clicked on : Click on ingrediant name
13:33:56.819 [main] INFO  com.demo.baseutil.Basetest - Enter the value into ingredient name is entered
13:33:57.190 [main] INFO  com.demo.baseutil.Basetest - wheat typed into ingredient name is entered
13:34:00.211 [main] INFO  com.demo.baseutil.Basetest - Validate Click on ingrediant name is clickable
13:34:02.716 [main] INFO  com.demo.baseutil.Basetest - Clicked on : Click on ingrediant name
13:34:02.716 [main] INFO  com.demo.baseutil.Basetest - Enter the value into nutri name is entered
13:34:03.020 [main] INFO  com.demo.baseutil.Basetest - fact typed into nutri name is entered
13:34:03.020 [main] INFO  com.demo.baseutil.Basetest - Validate Click on ingrediant QTY is clickable
13:34:05.477 [main] INFO  com.demo.baseutil.Basetest - Clicked on : Click on ingrediant QTY
13:34:05.477 [main] INFO  com.demo.baseutil.Basetest - Enter the value into nutri qty is entered
13:34:05.841 [main] INFO  com.demo.baseutil.Basetest - 1 typed into nutri qty is entered
13:34:05.841 [main] INFO  com.demo.baseutil.Basetest - Validate Click on ingrediant drop is clickable
13:34:08.187 [main] INFO  com.demo.baseutil.Basetest - Clicked on : Click on ingrediant drop
13:34:10.203 [main] INFO  com.demo.baseutil.Basetest - Validate Click on ingrediant value is clickable
13:34:12.579 [main] INFO  com.demo.baseutil.Basetest - Clicked on : Click on ingrediant value
13:34:18.641 [main] INFO  com.demo.baseutil.Basetest - Scroll down
13:34:20.662 [main] INFO  com.demo.baseutil.Basetest - Scroll down successful
13:34:20.662 [main] INFO  com.demo.baseutil.Basetest - Validate Click on ingrediant name is clickable
13:34:23.026 [main] INFO  com.demo.baseutil.Basetest - Clicked on : Click on ingrediant name
13:34:23.026 [main] INFO  com.demo.baseutil.Basetest - Validate Click on ingrediant name is clickable
13:34:25.388 [main] INFO  com.demo.baseutil.Basetest - Clicked on : Click on ingrediant name
13:34:25.388 [main] INFO  com.demo.baseutil.Basetest - Validate Click on ingrediant name is clickable
13:34:27.715 [main] INFO  com.demo.baseutil.Basetest - Clicked on : Click on ingrediant name
13:34:27.716 [main] INFO  com.demo.baseutil.Basetest - Enter the value into price is entered
13:34:28.066 [main] INFO  com.demo.baseutil.Basetest - 1 typed into price is entered
13:34:28.068 [main] INFO  com.demo.baseutil.Basetest - Validate Click on currency is clickable
13:34:30.511 [main] INFO  com.demo.baseutil.Basetest - Clicked on : Click on currency
13:34:30.511 [main] INFO  com.demo.baseutil.Basetest - Validate Click on currency value is clickable
13:34:32.889 [main] INFO  com.demo.baseutil.Basetest - Clicked on : Click on currency value
13:34:32.889 [main] INFO  com.demo.baseutil.Basetest - Validate Click on typepacking value is clickable
13:34:35.253 [main] INFO  com.demo.baseutil.Basetest - Clicked on : Click on typepacking value
13:34:35.253 [main] INFO  com.demo.baseutil.Basetest - Enter the value into typepacking is entered
13:34:35.571 [main] INFO  com.demo.baseutil.Basetest - 1 typed into typepacking is entered
13:34:35.571 [main] INFO  com.demo.baseutil.Basetest - Validate Click on length value is clickable
13:34:37.866 [main] INFO  com.demo.baseutil.Basetest - Clicked on : Click on length value
13:34:37.867 [main] INFO  com.demo.baseutil.Basetest - Enter the value into length is entered
13:34:38.157 [main] INFO  com.demo.baseutil.Basetest - 1 typed into length is entered
13:34:38.157 [main] INFO  com.demo.baseutil.Basetest - Validate Click on breath value is clickable
13:34:40.565 [main] INFO  com.demo.baseutil.Basetest - Clicked on : Click on breath value
13:34:40.566 [main] INFO  com.demo.baseutil.Basetest - Enter the value into breath is entered
13:34:40.835 [main] INFO  com.demo.baseutil.Basetest - 1 typed into breath is entered
13:34:40.835 [main] INFO  com.demo.baseutil.Basetest - Validate Click on height value is clickable
13:34:43.227 [main] INFO  com.demo.baseutil.Basetest - Clicked on : Click on height value
13:34:43.227 [main] INFO  com.demo.baseutil.Basetest - Enter the value into height is entered
13:34:43.468 [main] INFO  com.demo.baseutil.Basetest - 1 typed into height is entered
13:34:45.493 [main] INFO  com.demo.baseutil.Basetest - Scroll down successful
13:34:45.493 [main] INFO  com.demo.baseutil.Basetest - Validate Click on checkbox1 is clickable
13:34:47.952 [main] INFO  com.demo.baseutil.Basetest - Clicked on : Click on checkbox1
13:34:57.030 [main] INFO  com.demo.baseutil.Basetest - Scroll down
13:34:57.030 [main] INFO  com.demo.baseutil.Basetest - Validate Click on gln1 is clickable
13:34:59.374 [main] INFO  com.demo.baseutil.Basetest - Clicked on : Click on gln1
13:34:59.374 [main] INFO  com.demo.baseutil.Basetest - Enter the value into gln1 is entered
13:34:59.781 [main] INFO  com.demo.baseutil.Basetest - warehouse typed into gln1 is entered
13:35:03.784 [main] INFO  com.demo.baseutil.Basetest - Validate Click on autosearch is clickable
13:35:06.098 [main] INFO  com.demo.baseutil.Basetest - Clicked on : Click on autosearch
13:35:08.111 [main] INFO  com.demo.baseutil.Basetest - Validate Click on gln2 is clickable
13:35:09.887 [main] INFO  com.demo.baseutil.Basetest - Browser is closed sucessfuly
13:35:11.113 [main] INFO  com.demo.baseutil.Basetest - Browser is closed sucessfuly
13:35:12.269 [main] ERROR com.demo.baseutil.Basetest - Failed to close the Browser
