15:50:39.498 [main] INFO  com.demo.baseutil.Basetest - 
15:50:39.503 [main] INFO  com.demo.baseutil.Basetest - Running locally JavaMail
15:50:39.616 [main] INFO  com.demo.baseutil.Basetest2 - Folder creation for Extent
15:50:39.622 [main] INFO  com.demo.baseutil.Basetest - ExtentDir:-C:\Users\Deepti Jindal\eclipse-workspace2\com.NFR.Trace QA latest/reports/Automation Report- 09_25_2024_15_50_39/Report/09_25_2024_15_50_39
15:50:39.744 [main] INFO  com.demo.baseutil.Basetest - Report Initiated
15:50:39.745 [main] INFO  com.demo.baseutil.Basetest - Screenshot folder created
15:51:11.746 [main] INFO  com.demo.baseutil.Basetest - Validate Sign in with FarmtoPlate account is clickable
15:51:14.510 [main] INFO  com.demo.baseutil.Basetest - Clicked on : Sign in with FarmtoPlate account
15:51:14.550 [main] INFO  com.demo.baseutil.Basetest - Url contains farmtoplateapps.io/login
15:51:14.567 [main] INFO  com.demo.baseutil.Basetest - Sign in title matched
15:51:14.568 [main] INFO  com.demo.baseutil.Basetest - UI verified for Sigin page.
15:51:14.568 [main] INFO  com.demo.baseutil.Basetest - Sign in function call
15:51:14.568 [main] INFO  com.demo.baseutil.Basetest - Validate email address field is clicked is clickable
15:51:17.447 [main] INFO  com.demo.baseutil.Basetest - Clicked on : email address field is clicked
15:51:17.449 [main] INFO  com.demo.baseutil.Basetest - Enter the value into Email Id Entered
15:51:18.042 [main] INFO  com.demo.baseutil.Basetest - ldekkenq362@yopmail.com typed into Email Id Entered
15:51:18.043 [main] INFO  com.demo.baseutil.Basetest - Validate Enter the password is clickable
15:51:20.456 [main] INFO  com.demo.baseutil.Basetest - Clicked on : Enter the password
15:51:20.456 [main] INFO  com.demo.baseutil.Basetest - Enter the value into Password Id Entered
15:51:20.787 [main] INFO  com.demo.baseutil.Basetest - Admin@1234 typed into Password Id Entered
15:51:24.870 [main] INFO  com.demo.baseutil.Basetest - Scroll down
15:51:24.870 [main] INFO  com.demo.baseutil.Basetest - Validate Press the signin button is clickable
15:51:28.212 [main] INFO  com.demo.baseutil.Basetest - Clicked on : Press the signin button
15:51:30.489 [main] INFO  com.demo.baseutil.Basetest - HomePage title  is matched
15:51:40.510 [main] INFO  com.demo.baseutil.Basetest - Validate trace is clicked is clickable
15:51:42.997 [main] INFO  com.demo.baseutil.Basetest - Clicked on : trace is clicked
15:51:47.999 [main] INFO  com.demo.baseutil.Basetest - Scroll till the scrolled to process
15:51:48.131 [main] INFO  com.demo.baseutil.Basetest - Scroll till the scrolled to process completed
15:51:53.140 [main] INFO  com.demo.baseutil.Basetest - Validate Process is clicked is clickable
15:51:55.627 [main] INFO  com.demo.baseutil.Basetest - Clicked on : Process is clicked
15:52:00.635 [main] INFO  com.demo.baseutil.Basetest - Validate Process add is clicked is clickable
15:52:03.386 [main] INFO  com.demo.baseutil.Basetest - Clicked on : Process add is clicked
15:52:08.399 [main] INFO  com.demo.baseutil.Basetest - Validate shared product id is clicked is clickable
15:52:10.880 [main] INFO  com.demo.baseutil.Basetest - Clicked on : shared product id is clicked
15:52:14.886 [main] INFO  com.demo.baseutil.Basetest - Validate Product id is clicked is clickable
15:52:17.257 [main] INFO  com.demo.baseutil.Basetest - Clicked on : Product id is clicked
15:52:25.735 [main] INFO  com.demo.baseutil.Basetest - Validate Product id is selected is clickable
15:52:28.223 [main] INFO  com.demo.baseutil.Basetest - Clicked on : Product id is selected
15:52:30.234 [main] INFO  com.demo.baseutil.Basetest - Validate process name is clicked is clickable
15:52:32.649 [main] INFO  com.demo.baseutil.Basetest - Clicked on : process name is clicked
15:52:34.657 [main] INFO  com.demo.baseutil.Basetest - Enter the value into process name Value is entered
15:52:34.999 [main] INFO  com.demo.baseutil.Basetest - processdisagg typed into process name Value is entered
15:52:37.008 [main] INFO  com.demo.baseutil.Basetest - Validate process loc is clicked is clickable
15:52:39.518 [main] INFO  com.demo.baseutil.Basetest - Clicked on : process loc is clicked
15:52:41.524 [main] INFO  com.demo.baseutil.Basetest - Enter the value into process name Value is entered
15:52:41.926 [main] INFO  com.demo.baseutil.Basetest - 9650541994111 typed into process name Value is entered
15:52:49.940 [main] INFO  com.demo.baseutil.Basetest - Validate process loc is clicked is clickable
15:52:52.339 [main] INFO  com.demo.baseutil.Basetest - Clicked on : process loc is clicked
15:52:57.351 [main] INFO  com.demo.baseutil.Basetest - Validate process type is clicked is clickable
15:52:59.719 [main] INFO  com.demo.baseutil.Basetest - Clicked on : process type is clicked
15:53:01.762 [main] INFO  com.demo.baseutil.Basetest - Scroll down successful
15:53:01.762 [main] INFO  com.demo.baseutil.Basetest - Validate process disagg is clicked is clickable
15:53:04.217 [main] INFO  com.demo.baseutil.Basetest - Clicked on : process disagg is clicked
15:53:06.228 [main] INFO  com.demo.baseutil.Basetest - Scroll till the process add is scrolled
15:53:06.372 [main] INFO  com.demo.baseutil.Basetest - Scroll till the process add is scrolled completed
15:53:06.374 [main] INFO  com.demo.baseutil.Basetest - Validate process add button is clicked is clickable
15:53:08.814 [main] INFO  com.demo.baseutil.Basetest - Clicked on : process add button is clicked
15:53:14.311 [main] INFO  com.demo.baseutil.Basetest - Browser is closed sucessfuly
15:53:16.370 [main] INFO  com.demo.baseutil.Basetest - Browser is closed sucessfuly
15:53:45.902 [main] INFO  com.demo.baseutil.Basetest - Validate Sign in with FarmtoPlate account is clickable
15:53:48.337 [main] INFO  com.demo.baseutil.Basetest - Clicked on : Sign in with FarmtoPlate account
15:53:48.350 [main] INFO  com.demo.baseutil.Basetest - Url contains farmtoplateapps.io/login
15:53:48.356 [main] INFO  com.demo.baseutil.Basetest - Sign in title matched
15:53:48.357 [main] INFO  com.demo.baseutil.Basetest - UI verified for Sigin page.
15:53:48.357 [main] INFO  com.demo.baseutil.Basetest - Sign in function call
15:53:48.357 [main] INFO  com.demo.baseutil.Basetest - Validate email address field is clicked is clickable
15:53:51.208 [main] INFO  com.demo.baseutil.Basetest - Clicked on : email address field is clicked
15:53:51.211 [main] INFO  com.demo.baseutil.Basetest - Enter the value into Email Id Entered
15:53:51.595 [main] INFO  com.demo.baseutil.Basetest - ldekkenq362@yopmail.com typed into Email Id Entered
15:53:51.595 [main] INFO  com.demo.baseutil.Basetest - Validate Enter the password is clickable
15:53:54.058 [main] INFO  com.demo.baseutil.Basetest - Clicked on : Enter the password
15:53:54.058 [main] INFO  com.demo.baseutil.Basetest - Enter the value into Password Id Entered
15:53:54.399 [main] INFO  com.demo.baseutil.Basetest - Admin@1234 typed into Password Id Entered
15:53:58.484 [main] INFO  com.demo.baseutil.Basetest - Scroll down
15:53:58.484 [main] INFO  com.demo.baseutil.Basetest - Validate Press the signin button is clickable
15:54:01.639 [main] INFO  com.demo.baseutil.Basetest - Clicked on : Press the signin button
15:54:03.953 [main] INFO  com.demo.baseutil.Basetest - HomePage title  is matched
15:54:13.971 [main] INFO  com.demo.baseutil.Basetest - Validate click on trace is clickable
15:54:16.413 [main] INFO  com.demo.baseutil.Basetest - Clicked on : click on trace
15:54:21.421 [main] INFO  com.demo.baseutil.Basetest - Scroll till the transaction is scrolled
15:54:21.510 [main] INFO  com.demo.baseutil.Basetest - Scroll till the transaction is scrolled completed
15:54:21.510 [main] INFO  com.demo.baseutil.Basetest - Validate transaction is clicked is clickable
15:54:24.129 [main] INFO  com.demo.baseutil.Basetest - Clicked on : transaction is clicked
15:54:29.131 [main] INFO  com.demo.baseutil.Basetest - Validate add new is clicked is clickable
15:54:31.781 [main] INFO  com.demo.baseutil.Basetest - Clicked on : add new is clicked
15:54:36.789 [main] INFO  com.demo.baseutil.Basetest - Validate sharedproduct is clicked is clickable
15:54:39.213 [main] INFO  com.demo.baseutil.Basetest - Clicked on : sharedproduct is clicked
15:54:44.227 [main] INFO  com.demo.baseutil.Basetest - Validate Product id is clicked is clickable
15:54:46.560 [main] INFO  com.demo.baseutil.Basetest - Clicked on : Product id is clicked
15:54:48.831 [main] INFO  com.demo.baseutil.Basetest - Validate Productselect is clicked is clickable
15:54:52.702 [main] INFO  com.demo.baseutil.Basetest - Clicked on : Productselect is clicked
15:54:54.710 [main] INFO  com.demo.baseutil.Basetest - Validate chooseprocess id is clicked is clickable
15:54:57.237 [main] INFO  com.demo.baseutil.Basetest - Clicked on : chooseprocess id is clicked
15:54:59.241 [main] INFO  com.demo.baseutil.Basetest - Enter the value into Harvestiong/commission is entered
15:54:59.553 [main] INFO  com.demo.baseutil.Basetest - disagg typed into Harvestiong/commission is entered
15:55:04.563 [main] INFO  com.demo.baseutil.Basetest - Validate process is selected is clickable
15:55:06.862 [main] INFO  com.demo.baseutil.Basetest - Clicked on : process is selected
15:55:12.868 [main] INFO  com.demo.baseutil.Basetest - Validate locf is clicked is clickable
15:55:15.247 [main] INFO  com.demo.baseutil.Basetest - Clicked on : locf is clicked
15:55:17.253 [main] INFO  com.demo.baseutil.Basetest - Enter the value into locf Value is entered
15:55:17.679 [main] INFO  com.demo.baseutil.Basetest - 9650541994111 typed into locf Value is entered
15:55:22.691 [main] INFO  com.demo.baseutil.Basetest - Validate locfvalue is clicked is clickable
15:55:25.233 [main] INFO  com.demo.baseutil.Basetest - Clicked on : locfvalue is clicked
15:55:30.249 [main] INFO  com.demo.baseutil.Basetest - Validate activity is selected is clickable
15:55:32.906 [main] INFO  com.demo.baseutil.Basetest - Clicked on : activity is selected
15:55:32.906 [main] INFO  com.demo.baseutil.Basetest - Enter the value into activity Value is entered
15:55:33.375 [main] INFO  com.demo.baseutil.Basetest - abcd typed into activity Value is entered
15:55:33.376 [main] INFO  com.demo.baseutil.Basetest - Scroll till the scrolled to sscc1
15:55:33.521 [main] INFO  com.demo.baseutil.Basetest - Scroll till the scrolled to sscc1 completed
15:55:33.522 [main] INFO  com.demo.baseutil.Basetest - Validate sscc1 is selected is clickable
15:55:36.063 [main] INFO  com.demo.baseutil.Basetest - Clicked on : sscc1 is selected
15:55:36.063 [main] INFO  com.demo.baseutil.Basetest - Enter the value into sscc Value is entered
15:55:36.539 [main] INFO  com.demo.baseutil.Basetest - 1690025092410000001 typed into sscc Value is entered
15:55:36.555 [main] INFO  com.demo.baseutil.Basetest - Validate sscc arrow is selected is clickable
15:55:38.968 [main] INFO  com.demo.baseutil.Basetest - Clicked on : sscc arrow is selected
15:55:44.981 [main] INFO  com.demo.baseutil.Basetest - Scroll till the scrolled to document
15:55:45.088 [main] INFO  com.demo.baseutil.Basetest - Scroll till the scrolled to document completed
15:55:48.090 [main] INFO  com.demo.baseutil.Basetest - Validate document is clicked is clickable
15:55:50.530 [main] INFO  com.demo.baseutil.Basetest - Clicked on : document is clicked
15:55:50.530 [main] INFO  com.demo.baseutil.Basetest - Enter the value into document is entered
15:55:50.821 [main] INFO  com.demo.baseutil.Basetest - 1234567 typed into document is entered
15:55:52.832 [main] INFO  com.demo.baseutil.Basetest - Validate bill is clicked is clickable
15:55:55.112 [main] INFO  com.demo.baseutil.Basetest - Clicked on : bill is clicked
15:55:55.112 [main] INFO  com.demo.baseutil.Basetest - Enter the value into purchase is entered
15:55:55.437 [main] INFO  com.demo.baseutil.Basetest - 12345 typed into purchase is entered
15:55:57.463 [main] INFO  com.demo.baseutil.Basetest - Validate product descriptiom is clicked is clickable
15:55:59.881 [main] INFO  com.demo.baseutil.Basetest - Clicked on : product descriptiom is clicked
15:55:59.881 [main] INFO  com.demo.baseutil.Basetest - Enter the value into Product desc is entered
15:56:00.422 [main] INFO  com.demo.baseutil.Basetest - abcd typed into Product desc is entered
15:56:02.430 [main] INFO  com.demo.baseutil.Basetest - Validate remarks is clicked is clickable
15:56:04.832 [main] INFO  com.demo.baseutil.Basetest - Clicked on : remarks is clicked
15:56:06.855 [main] INFO  com.demo.baseutil.Basetest - Enter the value into remarks is entered
15:56:07.186 [main] INFO  com.demo.baseutil.Basetest - test typed into remarks is entered
15:56:11.204 [main] INFO  com.demo.baseutil.Basetest - Scroll till the remarks area is scroll
15:56:11.312 [main] INFO  com.demo.baseutil.Basetest - Scroll till the remarks area is scroll completed
15:56:11.312 [main] INFO  com.demo.baseutil.Basetest - Validate remarks is clicked is clickable
15:56:13.713 [main] INFO  com.demo.baseutil.Basetest - Clicked on : remarks is clicked
15:56:15.722 [main] INFO  com.demo.baseutil.Basetest - Enter the value into remarks is entered
15:56:16.222 [main] INFO  com.demo.baseutil.Basetest - test typed into remarks is entered
15:56:20.237 [main] INFO  com.demo.baseutil.Basetest - Validate addsign is clicked is clickable
15:56:22.750 [main] INFO  com.demo.baseutil.Basetest - Clicked on : addsign is clicked
15:56:24.753 [main] INFO  com.demo.baseutil.Basetest - Validate typesign is clicked is clickable
15:56:27.222 [main] INFO  com.demo.baseutil.Basetest - Clicked on : typesign is clicked
15:56:29.238 [main] INFO  com.demo.baseutil.Basetest - Validate pacesign is clicked is clickable
15:56:31.795 [main] INFO  com.demo.baseutil.Basetest - Clicked on : pacesign is clicked
15:56:33.803 [main] INFO  com.demo.baseutil.Basetest - Enter the value into placesign is entered
15:56:34.208 [main] INFO  com.demo.baseutil.Basetest - deep typed into placesign is entered
15:56:38.220 [main] INFO  com.demo.baseutil.Basetest - Validate signsubmit is clicked is clickable
15:56:40.665 [main] INFO  com.demo.baseutil.Basetest - Clicked on : signsubmit is clicked
15:56:42.682 [main] INFO  com.demo.baseutil.Basetest - Scroll till the add trans is scrolled
15:56:42.791 [main] INFO  com.demo.baseutil.Basetest - Scroll till the add trans is scrolled completed
15:56:42.791 [main] INFO  com.demo.baseutil.Basetest - Validate Add Transaction is selected is clickable
15:56:45.246 [main] INFO  com.demo.baseutil.Basetest - Clicked on : Add Transaction is selected
15:56:53.556 [main] INFO  com.demo.baseutil.Basetest - Browser is closed sucessfuly
15:56:55.714 [main] INFO  com.demo.baseutil.Basetest - Browser is closed sucessfuly
15:57:16.153 [main] INFO  com.demo.baseutil.Basetest - Validate Sign in with FarmtoPlate account is clickable
15:57:18.804 [main] INFO  com.demo.baseutil.Basetest - Clicked on : Sign in with FarmtoPlate account
15:57:18.817 [main] INFO  com.demo.baseutil.Basetest - Url contains farmtoplateapps.io/login
15:57:18.825 [main] INFO  com.demo.baseutil.Basetest - Sign in title matched
15:57:18.825 [main] INFO  com.demo.baseutil.Basetest - UI verified for Sigin page.
15:57:18.825 [main] INFO  com.demo.baseutil.Basetest - Sign in function call
15:57:18.825 [main] INFO  com.demo.baseutil.Basetest - Validate email address field is clicked is clickable
15:57:22.881 [main] INFO  com.demo.baseutil.Basetest - Clicked on : email address field is clicked
15:57:22.882 [main] INFO  com.demo.baseutil.Basetest - Enter the value into Email Id Entered
15:57:23.326 [main] INFO  com.demo.baseutil.Basetest - ldekkenq362@yopmail.com typed into Email Id Entered
15:57:23.326 [main] INFO  com.demo.baseutil.Basetest - Validate Enter the password is clickable
15:57:25.660 [main] INFO  com.demo.baseutil.Basetest - Clicked on : Enter the password
15:57:25.660 [main] INFO  com.demo.baseutil.Basetest - Enter the value into Password Id Entered
15:57:26.003 [main] INFO  com.demo.baseutil.Basetest - Admin@1234 typed into Password Id Entered
15:57:30.079 [main] INFO  com.demo.baseutil.Basetest - Scroll down
15:57:30.079 [main] INFO  com.demo.baseutil.Basetest - Validate Press the signin button is clickable
15:57:33.113 [main] INFO  com.demo.baseutil.Basetest - Clicked on : Press the signin button
15:57:35.134 [main] INFO  com.demo.baseutil.Basetest - HomePage title  is matched
15:57:45.153 [main] INFO  com.demo.baseutil.Basetest - Validate click on trace is clickable
15:57:47.557 [main] INFO  com.demo.baseutil.Basetest - Clicked on : click on trace
15:57:55.656 [main] INFO  com.demo.baseutil.Basetest - Scroll down
15:57:57.661 [main] INFO  com.demo.baseutil.Basetest - Validate Products is clicked is clickable
15:58:00.094 [main] INFO  com.demo.baseutil.Basetest - Clicked on : Products is clicked
15:58:05.101 [main] INFO  com.demo.baseutil.Basetest - Validate Add new is clicked is clickable
15:58:07.623 [main] INFO  com.demo.baseutil.Basetest - Clicked on : Add new is clicked
15:58:09.634 [main] INFO  com.demo.baseutil.Basetest - Validate Click on productcategory is clickable
15:58:11.939 [main] INFO  com.demo.baseutil.Basetest - Clicked on : Click on productcategory
15:58:11.939 [main] INFO  com.demo.baseutil.Basetest - Validate productbasedfood is clicked is clickable
15:58:14.440 [main] INFO  com.demo.baseutil.Basetest - Clicked on : productbasedfood is clicked
15:58:14.440 [main] INFO  com.demo.baseutil.Basetest - Validate product name is selected is clickable
15:58:16.812 [main] INFO  com.demo.baseutil.Basetest - Clicked on : product name is selected
15:58:16.813 [main] INFO  com.demo.baseutil.Basetest - Enter the value into enter the product
15:58:17.200 [main] INFO  com.demo.baseutil.Basetest - wheat3909 typed into enter the product
15:58:17.200 [main] INFO  com.demo.baseutil.Basetest - Validate Click on productid is clickable
15:58:19.561 [main] INFO  com.demo.baseutil.Basetest - Clicked on : Click on productid
15:58:19.561 [main] INFO  com.demo.baseutil.Basetest - Validate Click on checkbox is clickable
15:58:22.039 [main] INFO  com.demo.baseutil.Basetest - Clicked on : Click on checkbox
15:58:22.039 [main] INFO  com.demo.baseutil.Basetest - Validate Click on autogenerate is clickable
15:58:24.518 [main] INFO  com.demo.baseutil.Basetest - Clicked on : Click on autogenerate
15:58:24.518 [main] INFO  com.demo.baseutil.Basetest - Validate Click on productdesc is clickable
15:58:26.959 [main] INFO  com.demo.baseutil.Basetest - Clicked on : Click on productdesc
15:58:26.959 [main] INFO  com.demo.baseutil.Basetest - Enter the value into Enetered the product desc
15:58:27.252 [main] INFO  com.demo.baseutil.Basetest - test typed into Enetered the product desc
15:58:27.252 [main] INFO  com.demo.baseutil.Basetest - Validate Click on upload is clickable
15:58:29.745 [main] INFO  com.demo.baseutil.Basetest - Clicked on : Click on upload
15:58:40.909 [main] INFO  com.demo.baseutil.Basetest - Scroll down
15:58:40.910 [main] INFO  com.demo.baseutil.Basetest - Validate Click on ingrediant name is clickable
15:58:43.565 [main] INFO  com.demo.baseutil.Basetest - Clicked on : Click on ingrediant name
15:58:43.565 [main] INFO  com.demo.baseutil.Basetest - Enter the value into ingredient name is entered
15:58:43.883 [main] INFO  com.demo.baseutil.Basetest - wheat typed into ingredient name is entered
15:58:46.917 [main] INFO  com.demo.baseutil.Basetest - Validate Click on ingrediant name is clickable
15:58:49.195 [main] INFO  com.demo.baseutil.Basetest - Clicked on : Click on ingrediant name
15:58:49.195 [main] INFO  com.demo.baseutil.Basetest - Enter the value into nutri name is entered
15:58:49.715 [main] INFO  com.demo.baseutil.Basetest - fact typed into nutri name is entered
15:58:49.716 [main] INFO  com.demo.baseutil.Basetest - Validate Click on ingrediant QTY is clickable
15:58:52.213 [main] INFO  com.demo.baseutil.Basetest - Clicked on : Click on ingrediant QTY
15:58:52.214 [main] INFO  com.demo.baseutil.Basetest - Enter the value into nutri qty is entered
15:58:52.617 [main] INFO  com.demo.baseutil.Basetest - 1 typed into nutri qty is entered
15:58:52.617 [main] INFO  com.demo.baseutil.Basetest - Validate Click on ingrediant drop is clickable
15:58:54.972 [main] INFO  com.demo.baseutil.Basetest - Clicked on : Click on ingrediant drop
15:58:56.980 [main] INFO  com.demo.baseutil.Basetest - Validate Click on ingrediant value is clickable
15:58:59.429 [main] INFO  com.demo.baseutil.Basetest - Clicked on : Click on ingrediant value
15:59:05.499 [main] INFO  com.demo.baseutil.Basetest - Scroll down
15:59:07.529 [main] INFO  com.demo.baseutil.Basetest - Scroll down successful
15:59:07.529 [main] INFO  com.demo.baseutil.Basetest - Validate Click on ingrediant name is clickable
15:59:09.831 [main] INFO  com.demo.baseutil.Basetest - Clicked on : Click on ingrediant name
15:59:09.831 [main] INFO  com.demo.baseutil.Basetest - Validate Click on ingrediant name is clickable
15:59:12.258 [main] INFO  com.demo.baseutil.Basetest - Clicked on : Click on ingrediant name
15:59:12.258 [main] INFO  com.demo.baseutil.Basetest - Validate Click on ingrediant name is clickable
15:59:14.760 [main] INFO  com.demo.baseutil.Basetest - Clicked on : Click on ingrediant name
15:59:14.763 [main] INFO  com.demo.baseutil.Basetest - Enter the value into price is entered
15:59:15.184 [main] INFO  com.demo.baseutil.Basetest - 1 typed into price is entered
15:59:15.185 [main] INFO  com.demo.baseutil.Basetest - Validate Click on currency is clickable
15:59:17.652 [main] INFO  com.demo.baseutil.Basetest - Clicked on : Click on currency
15:59:17.652 [main] INFO  com.demo.baseutil.Basetest - Validate Click on currency value is clickable
15:59:20.107 [main] INFO  com.demo.baseutil.Basetest - Clicked on : Click on currency value
15:59:20.107 [main] INFO  com.demo.baseutil.Basetest - Validate Click on typepacking value is clickable
15:59:22.577 [main] INFO  com.demo.baseutil.Basetest - Clicked on : Click on typepacking value
15:59:22.577 [main] INFO  com.demo.baseutil.Basetest - Enter the value into typepacking is entered
15:59:22.923 [main] INFO  com.demo.baseutil.Basetest - 1 typed into typepacking is entered
15:59:22.923 [main] INFO  com.demo.baseutil.Basetest - Validate Click on length value is clickable
15:59:25.244 [main] INFO  com.demo.baseutil.Basetest - Clicked on : Click on length value
15:59:25.244 [main] INFO  com.demo.baseutil.Basetest - Enter the value into length is entered
15:59:25.557 [main] INFO  com.demo.baseutil.Basetest - 1 typed into length is entered
15:59:25.557 [main] INFO  com.demo.baseutil.Basetest - Validate Click on breath value is clickable
15:59:27.894 [main] INFO  com.demo.baseutil.Basetest - Clicked on : Click on breath value
15:59:27.894 [main] INFO  com.demo.baseutil.Basetest - Enter the value into breath is entered
15:59:28.227 [main] INFO  com.demo.baseutil.Basetest - 1 typed into breath is entered
15:59:28.227 [main] INFO  com.demo.baseutil.Basetest - Validate Click on height value is clickable
15:59:30.627 [main] INFO  com.demo.baseutil.Basetest - Clicked on : Click on height value
15:59:30.627 [main] INFO  com.demo.baseutil.Basetest - Enter the value into height is entered
15:59:30.992 [main] INFO  com.demo.baseutil.Basetest - 1 typed into height is entered
15:59:33.024 [main] INFO  com.demo.baseutil.Basetest - Scroll down successful
15:59:33.024 [main] INFO  com.demo.baseutil.Basetest - Validate Click on checkbox1 is clickable
15:59:35.451 [main] INFO  com.demo.baseutil.Basetest - Clicked on : Click on checkbox1
15:59:44.685 [main] INFO  com.demo.baseutil.Basetest - Scroll down
15:59:44.685 [main] INFO  com.demo.baseutil.Basetest - Validate Click on gln1 is clickable
15:59:47.127 [main] INFO  com.demo.baseutil.Basetest - Clicked on : Click on gln1
15:59:47.134 [main] INFO  com.demo.baseutil.Basetest - Enter the value into gln1 is entered
15:59:47.457 [main] INFO  com.demo.baseutil.Basetest - 9650541994111 typed into gln1 is entered
15:59:51.465 [main] INFO  com.demo.baseutil.Basetest - Validate Click on autosearch is clickable
15:59:53.815 [main] INFO  com.demo.baseutil.Basetest - Clicked on : Click on autosearch
15:59:55.833 [main] INFO  com.demo.baseutil.Basetest - Validate Click on gln2 is clickable
15:59:58.126 [main] INFO  com.demo.baseutil.Basetest - Clicked on : Click on gln2
15:59:58.126 [main] INFO  com.demo.baseutil.Basetest - Enter the value into gln2 is entered
15:59:58.499 [main] INFO  com.demo.baseutil.Basetest - 9650541994111 typed into gln2 is entered
16:00:02.515 [main] INFO  com.demo.baseutil.Basetest - Validate Click on autosearch is clickable
16:00:04.971 [main] INFO  com.demo.baseutil.Basetest - Clicked on : Click on autosearch
16:00:09.977 [main] INFO  com.demo.baseutil.Basetest - Validate Click on gln3 is clickable
16:00:12.396 [main] INFO  com.demo.baseutil.Basetest - Clicked on : Click on gln3
16:00:12.396 [main] INFO  com.demo.baseutil.Basetest - Enter the value into gln3 is entered
16:00:13.098 [main] INFO  com.demo.baseutil.Basetest - 9650541994111 typed into gln3 is entered
16:00:15.124 [main] INFO  com.demo.baseutil.Basetest - Scroll till the scrolldown to table:
16:00:15.241 [main] INFO  com.demo.baseutil.Basetest - Scroll till the scrolldown to table: completed
16:00:17.254 [main] INFO  com.demo.baseutil.Basetest - Validate Click on autosearch is clickable
16:00:19.658 [main] INFO  com.demo.baseutil.Basetest - Clicked on : Click on autosearch
16:00:25.740 [main] INFO  com.demo.baseutil.Basetest - Scroll down
16:00:27.743 [main] INFO  com.demo.baseutil.Basetest - Validate Click on registerproduct is clickable
16:00:30.308 [main] INFO  com.demo.baseutil.Basetest - Clicked on : Click on registerproduct
16:00:54.931 [main] INFO  com.demo.baseutil.Basetest - Browser is closed sucessfuly
16:00:56.442 [main] INFO  com.demo.baseutil.Basetest - Browser is closed sucessfuly
16:01:11.514 [main] INFO  com.demo.baseutil.Basetest - Validate Sign in with FarmtoPlate account is clickable
16:01:14.097 [main] INFO  com.demo.baseutil.Basetest - Clicked on : Sign in with FarmtoPlate account
16:01:14.104 [main] INFO  com.demo.baseutil.Basetest - Url contains farmtoplateapps.io/login
16:01:14.109 [main] INFO  com.demo.baseutil.Basetest - Sign in title matched
16:01:14.109 [main] INFO  com.demo.baseutil.Basetest - UI verified for Sigin page.
16:01:14.109 [main] INFO  com.demo.baseutil.Basetest - Sign in function call
16:01:14.109 [main] INFO  com.demo.baseutil.Basetest - Validate email address field is clicked is clickable
16:01:16.804 [main] INFO  com.demo.baseutil.Basetest - Clicked on : email address field is clicked
16:01:16.805 [main] INFO  com.demo.baseutil.Basetest - Enter the value into Email Id Entered
16:01:17.178 [main] INFO  com.demo.baseutil.Basetest - ldekkenq362@yopmail.com typed into Email Id Entered
16:01:17.179 [main] INFO  com.demo.baseutil.Basetest - Validate Enter the password is clickable
16:01:19.496 [main] INFO  com.demo.baseutil.Basetest - Clicked on : Enter the password
16:01:19.496 [main] INFO  com.demo.baseutil.Basetest - Enter the value into Password Id Entered
16:01:20.531 [main] INFO  com.demo.baseutil.Basetest - Admin@1234 typed into Password Id Entered
16:01:25.266 [main] INFO  com.demo.baseutil.Basetest - Scroll down
16:01:25.266 [main] INFO  com.demo.baseutil.Basetest - Validate Press the signin button is clickable
16:01:28.856 [main] INFO  com.demo.baseutil.Basetest - Clicked on : Press the signin button
16:01:31.157 [main] INFO  com.demo.baseutil.Basetest - HomePage title  is matched
16:01:41.190 [main] INFO  com.demo.baseutil.Basetest - Validate click on trace is clickable
16:01:43.682 [main] INFO  com.demo.baseutil.Basetest - Clicked on : click on trace
16:01:51.773 [main] INFO  com.demo.baseutil.Basetest - Scroll down
16:01:53.782 [main] INFO  com.demo.baseutil.Basetest - Validate Process is clicked is clickable
16:01:56.337 [main] INFO  com.demo.baseutil.Basetest - Clicked on : Process is clicked
16:02:01.354 [main] INFO  com.demo.baseutil.Basetest - Validate Process add is clicked is clickable
16:02:03.854 [main] INFO  com.demo.baseutil.Basetest - Clicked on : Process add is clicked
16:02:08.858 [main] INFO  com.demo.baseutil.Basetest - Validate Product id is clicked is clickable
16:02:11.186 [main] INFO  com.demo.baseutil.Basetest - Clicked on : Product id is clicked
16:02:15.537 [main] INFO  com.demo.baseutil.Basetest - Validate Product id is clicked is clickable
16:02:17.966 [main] INFO  com.demo.baseutil.Basetest - Clicked on : Product id is clicked
16:02:19.977 [main] INFO  com.demo.baseutil.Basetest - Validate Product id is clicked is clickable
16:02:22.471 [main] INFO  com.demo.baseutil.Basetest - Clicked on : Product id is clicked
16:02:24.479 [main] INFO  com.demo.baseutil.Basetest - Validate outside is clicked is clickable
16:02:27.019 [main] INFO  com.demo.baseutil.Basetest - Clicked on : outside is clicked
16:02:33.085 [main] INFO  com.demo.baseutil.Basetest - Scroll down
16:02:33.085 [main] INFO  com.demo.baseutil.Basetest - Validate process name is clicked is clickable
16:02:35.537 [main] INFO  com.demo.baseutil.Basetest - Clicked on : process name is clicked
16:02:37.544 [main] INFO  com.demo.baseutil.Basetest - Enter the value into process name Value is entered
16:02:37.933 [main] INFO  com.demo.baseutil.Basetest - processcomm typed into process name Value is entered
16:02:39.955 [main] INFO  com.demo.baseutil.Basetest - Scroll down successful
16:02:39.965 [main] INFO  com.demo.baseutil.Basetest - Validate process loc is clicked is clickable
16:02:42.373 [main] INFO  com.demo.baseutil.Basetest - Clicked on : process loc is clicked
16:02:44.379 [main] INFO  com.demo.baseutil.Basetest - Enter the value into process name Value is entered
16:02:44.695 [main] INFO  com.demo.baseutil.Basetest - 9650541994111 typed into process name Value is entered
16:02:49.698 [main] INFO  com.demo.baseutil.Basetest - Validate process loc is clicked is clickable
16:02:51.997 [main] INFO  com.demo.baseutil.Basetest - Clicked on : process loc is clicked
16:02:54.008 [main] INFO  com.demo.baseutil.Basetest - Validate process type is clicked is clickable
16:02:56.248 [main] INFO  com.demo.baseutil.Basetest - Clicked on : process type is clicked
16:02:58.304 [main] INFO  com.demo.baseutil.Basetest - Scroll down successful
16:02:58.304 [main] INFO  com.demo.baseutil.Basetest - Validate process comm is clicked is clickable
16:03:00.740 [main] INFO  com.demo.baseutil.Basetest - Clicked on : process comm is clicked
16:03:06.896 [main] INFO  com.demo.baseutil.Basetest - Scroll down
16:03:06.896 [main] INFO  com.demo.baseutil.Basetest - Validate process add button is clicked is clickable
16:03:09.271 [main] INFO  com.demo.baseutil.Basetest - Clicked on : process add button is clicked
16:03:26.366 [main] INFO  com.demo.baseutil.Basetest - Scroll down
16:03:28.373 [main] INFO  com.demo.baseutil.Basetest - Validate Process is clicked is clickable
16:03:30.841 [main] INFO  com.demo.baseutil.Basetest - Clicked on : Process is clicked
16:03:35.850 [main] INFO  com.demo.baseutil.Basetest - Validate Process add is clicked is clickable
16:03:38.441 [main] INFO  com.demo.baseutil.Basetest - Clicked on : Process add is clicked
16:03:43.445 [main] INFO  com.demo.baseutil.Basetest - Validate Product id is clicked is clickable
16:03:45.769 [main] INFO  com.demo.baseutil.Basetest - Clicked on : Product id is clicked
16:03:50.369 [main] INFO  com.demo.baseutil.Basetest - Validate Product id is clicked is clickable
16:03:52.801 [main] INFO  com.demo.baseutil.Basetest - Clicked on : Product id is clicked
16:03:54.809 [main] INFO  com.demo.baseutil.Basetest - Validate Product id is clicked is clickable
16:03:57.145 [main] INFO  com.demo.baseutil.Basetest - Clicked on : Product id is clicked
16:03:59.151 [main] INFO  com.demo.baseutil.Basetest - Validate outside is clicked is clickable
16:04:01.563 [main] INFO  com.demo.baseutil.Basetest - Clicked on : outside is clicked
16:04:07.648 [main] INFO  com.demo.baseutil.Basetest - Scroll down
16:04:07.648 [main] INFO  com.demo.baseutil.Basetest - Validate process name is clicked is clickable
16:04:10.083 [main] INFO  com.demo.baseutil.Basetest - Clicked on : process name is clicked
16:04:12.091 [main] INFO  com.demo.baseutil.Basetest - Enter the value into process name Value is entered
16:04:12.527 [main] INFO  com.demo.baseutil.Basetest - processcooling typed into process name Value is entered
16:04:14.552 [main] INFO  com.demo.baseutil.Basetest - Scroll down successful
16:04:14.559 [main] INFO  com.demo.baseutil.Basetest - Validate process loc is clicked is clickable
16:04:17.035 [main] INFO  com.demo.baseutil.Basetest - Clicked on : process loc is clicked
16:04:19.041 [main] INFO  com.demo.baseutil.Basetest - Enter the value into process name Value is entered
16:04:19.297 [main] INFO  com.demo.baseutil.Basetest - 9650541994111 typed into process name Value is entered
16:04:24.313 [main] INFO  com.demo.baseutil.Basetest - Validate process loc is clicked is clickable
16:04:26.658 [main] INFO  com.demo.baseutil.Basetest - Clicked on : process loc is clicked
16:04:28.665 [main] INFO  com.demo.baseutil.Basetest - Validate process type is clicked is clickable
16:04:31.072 [main] INFO  com.demo.baseutil.Basetest - Clicked on : process type is clicked
16:04:33.090 [main] INFO  com.demo.baseutil.Basetest - Scroll down successful
16:04:33.090 [main] INFO  com.demo.baseutil.Basetest - Validate process trans is clicked is clickable
16:04:35.375 [main] INFO  com.demo.baseutil.Basetest - Clicked on : process trans is clicked
16:04:41.436 [main] INFO  com.demo.baseutil.Basetest - Scroll down
16:04:41.436 [main] INFO  com.demo.baseutil.Basetest - Validate process add button is clicked is clickable
16:04:43.839 [main] INFO  com.demo.baseutil.Basetest - Clicked on : process add button is clicked
16:05:00.920 [main] INFO  com.demo.baseutil.Basetest - Scroll down
16:05:02.924 [main] INFO  com.demo.baseutil.Basetest - Validate Process is clicked is clickable
16:05:05.564 [main] INFO  com.demo.baseutil.Basetest - Clicked on : Process is clicked
16:05:10.569 [main] INFO  com.demo.baseutil.Basetest - Validate Process add is clicked is clickable
16:05:12.930 [main] INFO  com.demo.baseutil.Basetest - Clicked on : Process add is clicked
16:05:17.940 [main] INFO  com.demo.baseutil.Basetest - Validate Product id is clicked is clickable
16:05:20.333 [main] INFO  com.demo.baseutil.Basetest - Clicked on : Product id is clicked
16:05:24.632 [main] INFO  com.demo.baseutil.Basetest - Validate Product id is clicked is clickable
16:05:26.933 [main] INFO  com.demo.baseutil.Basetest - Clicked on : Product id is clicked
16:05:28.940 [main] INFO  com.demo.baseutil.Basetest - Validate Product id is clicked is clickable
16:05:31.245 [main] INFO  com.demo.baseutil.Basetest - Clicked on : Product id is clicked
16:05:33.255 [main] INFO  com.demo.baseutil.Basetest - Validate outside is clicked is clickable
16:05:35.796 [main] INFO  com.demo.baseutil.Basetest - Clicked on : outside is clicked
16:05:41.886 [main] INFO  com.demo.baseutil.Basetest - Scroll down
16:05:41.886 [main] INFO  com.demo.baseutil.Basetest - Validate process name is clicked is clickable
16:05:44.254 [main] INFO  com.demo.baseutil.Basetest - Clicked on : process name is clicked
16:05:46.262 [main] INFO  com.demo.baseutil.Basetest - Enter the value into process name Value is entered
16:05:46.657 [main] INFO  com.demo.baseutil.Basetest - processobsnosscc typed into process name Value is entered
16:05:48.681 [main] INFO  com.demo.baseutil.Basetest - Scroll down successful
16:05:48.681 [main] INFO  com.demo.baseutil.Basetest - Validate process loc is clicked is clickable
16:05:51.115 [main] INFO  com.demo.baseutil.Basetest - Clicked on : process loc is clicked
16:05:53.122 [main] INFO  com.demo.baseutil.Basetest - Enter the value into process name Value is entered
16:05:53.380 [main] INFO  com.demo.baseutil.Basetest - 9650541994111 typed into process name Value is entered
16:05:58.395 [main] INFO  com.demo.baseutil.Basetest - Validate process loc is clicked is clickable
16:06:00.739 [main] INFO  com.demo.baseutil.Basetest - Clicked on : process loc is clicked
16:06:02.743 [main] INFO  com.demo.baseutil.Basetest - Validate process type is clicked is clickable
16:06:05.256 [main] INFO  com.demo.baseutil.Basetest - Clicked on : process type is clicked
16:06:07.304 [main] INFO  com.demo.baseutil.Basetest - Scroll down successful
16:06:07.304 [main] INFO  com.demo.baseutil.Basetest - Validate process trans is clicked is clickable
16:06:09.637 [main] INFO  com.demo.baseutil.Basetest - Clicked on : process trans is clicked
16:06:11.653 [main] INFO  com.demo.baseutil.Basetest - Validate kdesscc  is clicked is clickable
16:06:14.053 [main] INFO  com.demo.baseutil.Basetest - Clicked on : kdesscc  is clicked
16:06:20.258 [main] INFO  com.demo.baseutil.Basetest - Scroll down
16:06:20.258 [main] INFO  com.demo.baseutil.Basetest - Validate process add button is clicked is clickable
16:06:22.757 [main] INFO  com.demo.baseutil.Basetest - Clicked on : process add button is clicked
16:06:27.918 [main] INFO  com.demo.baseutil.Basetest - Browser is closed sucessfuly
16:06:30.203 [main] INFO  com.demo.baseutil.Basetest - Browser is closed sucessfuly
16:06:45.349 [main] INFO  com.demo.baseutil.Basetest - Validate Sign in with FarmtoPlate account is clickable
16:06:47.860 [main] INFO  com.demo.baseutil.Basetest - Clicked on : Sign in with FarmtoPlate account
16:06:47.872 [main] INFO  com.demo.baseutil.Basetest - Url contains farmtoplateapps.io/login
16:06:47.879 [main] INFO  com.demo.baseutil.Basetest - Sign in title matched
16:06:47.879 [main] INFO  com.demo.baseutil.Basetest - UI verified for Sigin page.
16:06:47.879 [main] INFO  com.demo.baseutil.Basetest - Sign in function call
16:06:47.879 [main] INFO  com.demo.baseutil.Basetest - Validate email address field is clicked is clickable
16:06:50.157 [main] INFO  com.demo.baseutil.Basetest - Clicked on : email address field is clicked
16:06:50.157 [main] INFO  com.demo.baseutil.Basetest - Enter the value into Email Id Entered
16:06:50.660 [main] INFO  com.demo.baseutil.Basetest - ldekkenq362@yopmail.com typed into Email Id Entered
16:06:50.660 [main] INFO  com.demo.baseutil.Basetest - Validate Enter the password is clickable
16:06:53.072 [main] INFO  com.demo.baseutil.Basetest - Clicked on : Enter the password
16:06:53.072 [main] INFO  com.demo.baseutil.Basetest - Enter the value into Password Id Entered
16:06:53.355 [main] INFO  com.demo.baseutil.Basetest - Admin@1234 typed into Password Id Entered
16:06:57.636 [main] INFO  com.demo.baseutil.Basetest - Scroll down
16:06:57.636 [main] INFO  com.demo.baseutil.Basetest - Validate Press the signin button is clickable
16:07:01.450 [main] INFO  com.demo.baseutil.Basetest - Clicked on : Press the signin button
16:07:04.805 [main] INFO  com.demo.baseutil.Basetest - HomePage title  is matched
16:07:22.832 [main] INFO  com.demo.baseutil.Basetest - Validate click on trace is clickable
16:07:25.440 [main] INFO  com.demo.baseutil.Basetest - Clicked on : click on trace
16:07:31.523 [main] INFO  com.demo.baseutil.Basetest - Validate Asset & Infrastructure Data is clicked is clickable
16:07:33.989 [main] INFO  com.demo.baseutil.Basetest - Clicked on : Asset & Infrastructure Data is clicked
16:07:35.995 [main] INFO  com.demo.baseutil.Basetest - Validate Assets is clicked is clickable
16:07:38.562 [main] INFO  com.demo.baseutil.Basetest - Clicked on : Assets is clicked
16:07:40.575 [main] INFO  com.demo.baseutil.Basetest - Validate Add new is clicked is clickable
16:07:43.187 [main] INFO  com.demo.baseutil.Basetest - Clicked on : Add new is clicked
16:07:45.205 [main] INFO  com.demo.baseutil.Basetest - Validate Asset type is clicked is clickable
16:07:47.673 [main] INFO  com.demo.baseutil.Basetest - Clicked on : Asset type is clicked
16:07:47.673 [main] INFO  com.demo.baseutil.Basetest - Validate Click on Vehicle Name is clickable
16:07:50.284 [main] INFO  com.demo.baseutil.Basetest - Clicked on : Click on Vehicle Name
16:07:52.286 [main] INFO  com.demo.baseutil.Basetest - Validate container name is clicked is clickable
16:07:54.694 [main] INFO  com.demo.baseutil.Basetest - Clicked on : container name is clicked
16:07:54.694 [main] INFO  com.demo.baseutil.Basetest - Enter the value into enter the container name
16:07:55.301 [main] INFO  com.demo.baseutil.Basetest - container905905 typed into enter the container name
16:07:57.323 [main] INFO  com.demo.baseutil.Basetest - Validate length is clicked is clickable
16:07:59.812 [main] INFO  com.demo.baseutil.Basetest - Clicked on : length is clicked
16:08:01.823 [main] INFO  com.demo.baseutil.Basetest - Enter the value into enter the length
16:08:02.257 [main] INFO  com.demo.baseutil.Basetest - 10 typed into enter the length
16:08:02.257 [main] INFO  com.demo.baseutil.Basetest - Validate breadth is clicked is clickable
16:08:04.678 [main] INFO  com.demo.baseutil.Basetest - Clicked on : breadth is clicked
16:08:04.678 [main] INFO  com.demo.baseutil.Basetest - Enter the value into breath entered
16:08:05.078 [main] INFO  com.demo.baseutil.Basetest - 10 typed into breath entered
16:08:07.099 [main] INFO  com.demo.baseutil.Basetest - Validate height is clicked is clickable
16:08:09.482 [main] INFO  com.demo.baseutil.Basetest - Clicked on : height is clicked
16:08:11.489 [main] INFO  com.demo.baseutil.Basetest - Enter the value into height entered
16:08:11.757 [main] INFO  com.demo.baseutil.Basetest - 20 typed into height entered
16:08:13.766 [main] INFO  com.demo.baseutil.Basetest - Validate dom is clicked is clickable
16:08:16.232 [main] INFO  com.demo.baseutil.Basetest - Clicked on : dom is clicked
16:08:18.239 [main] INFO  com.demo.baseutil.Basetest - Validate ft is clicked is clickable
16:08:20.617 [main] INFO  com.demo.baseutil.Basetest - Clicked on : ft is clicked
16:08:22.629 [main] INFO  com.demo.baseutil.Basetest - Validate wt is clicked is clickable
16:08:24.996 [main] INFO  com.demo.baseutil.Basetest - Clicked on : wt is clicked
16:08:27.002 [main] INFO  com.demo.baseutil.Basetest - Enter the value into weight entered
16:08:27.257 [main] INFO  com.demo.baseutil.Basetest - 1000 typed into weight entered
16:08:29.260 [main] INFO  com.demo.baseutil.Basetest - Validate wtcap is clicked is clickable
16:08:31.597 [main] INFO  com.demo.baseutil.Basetest - Clicked on : wtcap is clicked
16:08:33.613 [main] INFO  com.demo.baseutil.Basetest - Validate tons is clicked is clickable
16:08:35.963 [main] INFO  com.demo.baseutil.Basetest - Clicked on : tons is clicked
16:08:37.971 [main] INFO  com.demo.baseutil.Basetest - Validate Click on Add button is clickable
16:08:40.483 [main] INFO  com.demo.baseutil.Basetest - Clicked on : Click on Add button
16:08:51.489 [main] INFO  com.demo.baseutil.Basetest - Validate transaction is clicked is clickable
16:08:54.086 [main] INFO  com.demo.baseutil.Basetest - Clicked on : transaction is clicked
16:08:59.086 [main] INFO  com.demo.baseutil.Basetest - Validate add new is clicked is clickable
16:09:01.490 [main] INFO  com.demo.baseutil.Basetest - Clicked on : add new is clicked
16:09:06.490 [main] INFO  com.demo.baseutil.Basetest - Validate Product id is clicked is clickable
16:09:08.942 [main] INFO  com.demo.baseutil.Basetest - Clicked on : Product id is clicked
16:09:11.013 [main] INFO  com.demo.baseutil.Basetest - Enter the value into Saved Value is entered
16:09:11.248 [main] INFO  com.demo.baseutil.Basetest - F2PG10002441 typed into Saved Value is entered
16:09:13.264 [main] INFO  com.demo.baseutil.Basetest - Validate Product id is clicked is clickable
16:09:15.532 [main] INFO  com.demo.baseutil.Basetest - Clicked on : Product id is clicked
16:09:17.540 [main] INFO  com.demo.baseutil.Basetest - Validate Product id is clicked is clickable
16:09:19.882 [main] INFO  com.demo.baseutil.Basetest - Clicked on : Product id is clicked
16:09:21.882 [main] INFO  com.demo.baseutil.Basetest - Validate chooseprocess id is clicked is clickable
16:09:24.279 [main] INFO  com.demo.baseutil.Basetest - Clicked on : chooseprocess id is clicked
16:09:26.289 [main] INFO  com.demo.baseutil.Basetest - Enter the value into Harvestiong/commission is entered
16:09:26.600 [main] INFO  com.demo.baseutil.Basetest - processcomm typed into Harvestiong/commission is entered
16:09:28.614 [main] INFO  com.demo.baseutil.Basetest - Validate chooseprocess id is clicked is clickable
16:09:30.966 [main] INFO  com.demo.baseutil.Basetest - Clicked on : chooseprocess id is clicked
16:09:33.972 [main] INFO  com.demo.baseutil.Basetest - Validate Process commision is selected is clickable
16:09:36.338 [main] INFO  com.demo.baseutil.Basetest - Clicked on : Process commision is selected
16:09:38.356 [main] INFO  com.demo.baseutil.Basetest - Scroll down successful
16:09:38.356 [main] INFO  com.demo.baseutil.Basetest - Validate date is selected is clickable
16:09:40.972 [main] INFO  com.demo.baseutil.Basetest - Clicked on : date is selected
16:09:41.976 [main] INFO  com.demo.baseutil.Basetest - Validate date netx button is clickable
16:09:44.416 [main] INFO  com.demo.baseutil.Basetest - Clicked on : date netx button
16:09:44.416 [main] INFO  com.demo.baseutil.Basetest - Validate date is entered is clickable
16:09:46.939 [main] INFO  com.demo.baseutil.Basetest - Clicked on : date is entered
16:09:48.940 [main] INFO  com.demo.baseutil.Basetest - Validate date is selected is clickable
16:09:51.388 [main] INFO  com.demo.baseutil.Basetest - Clicked on : date is selected
16:09:57.467 [main] INFO  com.demo.baseutil.Basetest - Scroll down
16:09:57.467 [main] INFO  com.demo.baseutil.Basetest - Validate activity is selected is clickable
16:09:59.849 [main] INFO  com.demo.baseutil.Basetest - Clicked on : activity is selected
16:09:59.850 [main] INFO  com.demo.baseutil.Basetest - Enter the value into activity Value is entered
16:10:00.684 [main] INFO  com.demo.baseutil.Basetest - abcd typed into activity Value is entered
16:10:02.692 [main] INFO  com.demo.baseutil.Basetest - Validate packing type dropdown is selected is clickable
16:10:05.082 [main] INFO  com.demo.baseutil.Basetest - Clicked on : packing type dropdown is selected
16:10:05.082 [main] INFO  com.demo.baseutil.Basetest - Validate packing type dropdown is selected is clickable
16:10:07.447 [main] INFO  com.demo.baseutil.Basetest - Clicked on : packing type dropdown is selected
16:10:13.511 [main] INFO  com.demo.baseutil.Basetest - Scroll down
16:10:13.511 [main] INFO  com.demo.baseutil.Basetest - Validate tlc is clicked is clickable
16:10:16.189 [main] INFO  com.demo.baseutil.Basetest - Clicked on : tlc is clicked
16:10:16.189 [main] INFO  com.demo.baseutil.Basetest - Enter the value into Tlc no is entered
16:10:16.484 [main] INFO  com.demo.baseutil.Basetest - 1234567890 typed into Tlc no is entered
16:10:16.484 [main] INFO  com.demo.baseutil.Basetest - Validate location is clicked is clickable
16:10:18.893 [main] INFO  com.demo.baseutil.Basetest - Clicked on : location is clicked
16:10:18.893 [main] INFO  com.demo.baseutil.Basetest - Enter the value into location no is entered
16:10:19.341 [main] INFO  com.demo.baseutil.Basetest - test typed into location no is entered
16:10:19.341 [main] INFO  com.demo.baseutil.Basetest - Validate commodity is clicked is clickable
16:10:21.744 [main] INFO  com.demo.baseutil.Basetest - Clicked on : commodity is clicked
16:10:21.744 [main] INFO  com.demo.baseutil.Basetest - Enter the value into commodity is entered
16:10:22.024 [main] INFO  com.demo.baseutil.Basetest - commodity typed into commodity is entered
16:10:22.024 [main] INFO  com.demo.baseutil.Basetest - Scroll till the scrolled to down
16:10:22.158 [main] INFO  com.demo.baseutil.Basetest - Scroll till the scrolled to down completed
16:10:22.158 [main] INFO  com.demo.baseutil.Basetest - Validate count sgtin is clicked is clickable
16:10:24.527 [main] INFO  com.demo.baseutil.Basetest - Clicked on : count sgtin is clicked
16:10:24.529 [main] INFO  com.demo.baseutil.Basetest - Enter the value into countsgtin is entered
16:10:24.946 [main] INFO  com.demo.baseutil.Basetest - 123 typed into countsgtin is entered
16:10:24.949 [main] INFO  com.demo.baseutil.Basetest - Validate weightsgtin sgtin is clicked is clickable
16:10:27.392 [main] INFO  com.demo.baseutil.Basetest - Clicked on : weightsgtin sgtin is clicked
16:10:27.392 [main] INFO  com.demo.baseutil.Basetest - Enter the value into weightsgtin is entered
16:10:27.684 [main] INFO  com.demo.baseutil.Basetest - 1234567 typed into weightsgtin is entered
16:10:27.684 [main] INFO  com.demo.baseutil.Basetest - Validate itemsgtin sgtin is clicked is clickable
16:10:30.014 [main] INFO  com.demo.baseutil.Basetest - Clicked on : itemsgtin sgtin is clicked
16:10:30.014 [main] INFO  com.demo.baseutil.Basetest - Validate itemgtin is entered is clickable
16:10:32.362 [main] INFO  com.demo.baseutil.Basetest - Clicked on : itemgtin is entered
16:10:32.362 [main] INFO  com.demo.baseutil.Basetest - Validate filed is clicked is clickable
16:10:34.844 [main] INFO  com.demo.baseutil.Basetest - Clicked on : filed is clicked
16:10:34.846 [main] INFO  com.demo.baseutil.Basetest - Enter the value into filed is entered
16:10:35.149 [main] INFO  com.demo.baseutil.Basetest - filed typed into filed is entered
16:10:35.149 [main] INFO  com.demo.baseutil.Basetest - Validate container is clicked is clickable
16:10:37.547 [main] INFO  com.demo.baseutil.Basetest - Clicked on : container is clicked
16:10:37.548 [main] INFO  com.demo.baseutil.Basetest - Enter the value into filed is entered
16:10:37.830 [main] INFO  com.demo.baseutil.Basetest - container905905 typed into filed is entered
16:10:41.835 [main] INFO  com.demo.baseutil.Basetest - Validate Selected the conatiner is clickable
16:10:44.181 [main] INFO  com.demo.baseutil.Basetest - Clicked on : Selected the conatiner
16:10:45.197 [main] INFO  com.demo.baseutil.Basetest - Validate document is clicked is clickable
16:10:47.564 [main] INFO  com.demo.baseutil.Basetest - Clicked on : document is clicked
16:10:47.565 [main] INFO  com.demo.baseutil.Basetest - Enter the value into document is entered
16:10:47.954 [main] INFO  com.demo.baseutil.Basetest - 1234567 typed into document is entered
16:10:52.043 [main] INFO  com.demo.baseutil.Basetest - Scroll down
16:10:52.043 [main] INFO  com.demo.baseutil.Basetest - Validate Add Transaction is selected is clickable
16:10:54.545 [main] INFO  com.demo.baseutil.Basetest - Clicked on : Add Transaction is selected
16:11:05.573 [main] INFO  com.demo.baseutil.Basetest - Scroll till the Transaction is scrolled
16:11:05.715 [main] INFO  com.demo.baseutil.Basetest - Scroll till the Transaction is scrolled completed
16:11:05.715 [main] INFO  com.demo.baseutil.Basetest - Validate transaction is clicked is clickable
16:11:08.156 [main] INFO  com.demo.baseutil.Basetest - Clicked on : transaction is clicked
16:11:10.162 [main] INFO  com.demo.baseutil.Basetest - Validate productid is selected is clickable
16:11:12.543 [main] INFO  com.demo.baseutil.Basetest - Clicked on : productid is selected
16:11:12.543 [main] INFO  com.demo.baseutil.Basetest - Enter the value into enter the productid
16:11:12.865 [main] INFO  com.demo.baseutil.Basetest - F2PG10002441 typed into enter the productid
16:11:12.865 [main] INFO  com.demo.baseutil.Basetest - Validate search is selected is clickable
16:11:15.271 [main] INFO  com.demo.baseutil.Basetest - Clicked on : search is selected
16:11:15.271 [main] INFO  com.demo.baseutil.Basetest - Validate search button is clicked is clickable
16:11:17.649 [main] INFO  com.demo.baseutil.Basetest - Clicked on : search button is clicked
16:11:19.732 [main] INFO  com.demo.baseutil.Basetest - Scroll up
16:11:21.759 [main] INFO  com.demo.baseutil.Basetest - Scroll up
16:11:25.762 [main] INFO  com.demo.baseutil.Basetest - Validate transaction is clicked is clickable
16:11:28.183 [main] INFO  com.demo.baseutil.Basetest - Clicked on : transaction is clicked
16:11:33.190 [main] INFO  com.demo.baseutil.Basetest - Scroll till the Transaction is scrolled
16:11:33.252 [main] INFO  com.demo.baseutil.Basetest - Scroll till the Transaction is scrolled completed
16:11:33.252 [main] INFO  com.demo.baseutil.Basetest - Validate transaction is clicked is clickable
16:11:35.682 [main] INFO  com.demo.baseutil.Basetest - Clicked on : transaction is clicked
16:11:40.691 [main] INFO  com.demo.baseutil.Basetest - Validate add new is clicked is clickable
16:11:43.094 [main] INFO  com.demo.baseutil.Basetest - Clicked on : add new is clicked
16:11:48.102 [main] INFO  com.demo.baseutil.Basetest - Validate Product id is clicked is clickable
16:11:50.555 [main] INFO  com.demo.baseutil.Basetest - Clicked on : Product id is clicked
16:11:52.563 [main] INFO  com.demo.baseutil.Basetest - Enter the value into Saved Value is entered
16:11:53.107 [main] INFO  com.demo.baseutil.Basetest - F2PG10002441 typed into Saved Value is entered
16:11:55.120 [main] INFO  com.demo.baseutil.Basetest - Validate Product id is clicked is clickable
16:11:57.692 [main] INFO  com.demo.baseutil.Basetest - Clicked on : Product id is clicked
16:11:59.700 [main] INFO  com.demo.baseutil.Basetest - Validate Product id is clicked is clickable
16:12:02.276 [main] INFO  com.demo.baseutil.Basetest - Clicked on : Product id is clicked
16:12:04.292 [main] INFO  com.demo.baseutil.Basetest - Validate chooseprocess id is clicked is clickable
16:12:06.805 [main] INFO  com.demo.baseutil.Basetest - Clicked on : chooseprocess id is clicked
16:12:08.813 [main] INFO  com.demo.baseutil.Basetest - Enter the value into Transformation is entered
16:12:09.132 [main] INFO  com.demo.baseutil.Basetest - transformation typed into Transformation is entered
16:12:11.146 [main] INFO  com.demo.baseutil.Basetest - Validate chooseprocess id is clicked is clickable
16:12:13.571 [main] INFO  com.demo.baseutil.Basetest - Clicked on : chooseprocess id is clicked
16:12:16.581 [main] INFO  com.demo.baseutil.Basetest - Validate Process Transformation is selected is clickable
16:12:18.991 [main] INFO  com.demo.baseutil.Basetest - Clicked on : Process Transformation is selected
16:12:24.003 [main] INFO  com.demo.baseutil.Basetest - Validate date is selected is clickable
16:12:26.496 [main] INFO  com.demo.baseutil.Basetest - Clicked on : date is selected
16:12:27.512 [main] INFO  com.demo.baseutil.Basetest - Validate date prev button is clickable
16:12:29.834 [main] INFO  com.demo.baseutil.Basetest - Clicked on : date prev button
16:12:29.834 [main] INFO  com.demo.baseutil.Basetest - Validate date is entered is clickable
16:12:32.190 [main] INFO  com.demo.baseutil.Basetest - Clicked on : date is entered
16:12:34.194 [main] INFO  com.demo.baseutil.Basetest - Validate date is selected is clickable
16:12:36.626 [main] INFO  com.demo.baseutil.Basetest - Clicked on : date is selected
16:12:38.635 [main] INFO  com.demo.baseutil.Basetest - Validate date is selected is clickable
16:12:40.953 [main] INFO  com.demo.baseutil.Basetest - Clicked on : date is selected
16:12:41.957 [main] INFO  com.demo.baseutil.Basetest - Validate date next button is clickable
16:12:44.314 [main] INFO  com.demo.baseutil.Basetest - Clicked on : date next button
16:12:44.314 [main] INFO  com.demo.baseutil.Basetest - Validate date is entered is clickable
16:12:46.813 [main] INFO  com.demo.baseutil.Basetest - Clicked on : date is entered
16:12:48.816 [main] INFO  com.demo.baseutil.Basetest - Validate date is selected is clickable
16:12:51.263 [main] INFO  com.demo.baseutil.Basetest - Clicked on : date is selected
16:12:57.331 [main] INFO  com.demo.baseutil.Basetest - Scroll down
16:12:57.331 [main] INFO  com.demo.baseutil.Basetest - Validate activity is selected is clickable
16:12:59.759 [main] INFO  com.demo.baseutil.Basetest - Clicked on : activity is selected
16:12:59.759 [main] INFO  com.demo.baseutil.Basetest - Enter the value into activity Value is entered
16:13:00.097 [main] INFO  com.demo.baseutil.Basetest - abcd typed into activity Value is entered
16:13:02.110 [main] INFO  com.demo.baseutil.Basetest - Validate newlgtin is clicked is clickable
16:13:04.507 [main] INFO  com.demo.baseutil.Basetest - Clicked on : newlgtin is clicked
16:13:04.507 [main] INFO  com.demo.baseutil.Basetest - Enter the value into lotvalue is entered
16:13:04.914 [main] INFO  com.demo.baseutil.Basetest - 1781025092410000002 typed into lotvalue is entered
16:13:07.927 [main] INFO  com.demo.baseutil.Basetest - Validate newlgtinarrow is clicked is clickable
16:13:10.331 [main] INFO  com.demo.baseutil.Basetest - Clicked on : newlgtinarrow is clicked
16:13:13.339 [main] INFO  com.demo.baseutil.Basetest - Scroll till the packing type scrolled
16:13:13.493 [main] INFO  com.demo.baseutil.Basetest - Scroll till the packing type scrolled completed
16:13:15.496 [main] INFO  com.demo.baseutil.Basetest - Validate qtyconsumed is clicked is clickable
16:13:17.868 [main] INFO  com.demo.baseutil.Basetest - Clicked on : qtyconsumed is clicked
16:13:17.869 [main] INFO  com.demo.baseutil.Basetest - Enter the value into qtyconsumeda is entered
16:13:18.713 [main] INFO  com.demo.baseutil.Basetest - 1 typed into qtyconsumeda is entered
16:13:18.713 [main] INFO  com.demo.baseutil.Basetest - Validate packingtype is selected is clickable
16:13:21.260 [main] INFO  com.demo.baseutil.Basetest - Clicked on : packingtype is selected
16:13:23.302 [main] INFO  com.demo.baseutil.Basetest - Validate packingtypeselect is selected is clickable
16:13:26.455 [main] INFO  com.demo.baseutil.Basetest - Clicked on : packingtypeselect is selected
16:13:28.470 [main] INFO  com.demo.baseutil.Basetest - Scroll till the batch scrolled
16:13:29.079 [main] INFO  com.demo.baseutil.Basetest - Scroll till the batch scrolled completed
16:13:31.095 [main] INFO  com.demo.baseutil.Basetest - Validate remarks is selected is clickable
16:13:34.308 [main] INFO  com.demo.baseutil.Basetest - Clicked on : remarks is selected
16:13:34.308 [main] INFO  com.demo.baseutil.Basetest - Enter the value into remarks Value is entered
16:13:34.584 [main] INFO  com.demo.baseutil.Basetest - test typed into remarks Value is entered
16:13:34.584 [main] INFO  com.demo.baseutil.Basetest - Validate document is selected is clickable
16:13:36.904 [main] INFO  com.demo.baseutil.Basetest - Clicked on : document is selected
16:13:36.904 [main] INFO  com.demo.baseutil.Basetest - Enter the value into document Value is entered
16:13:37.238 [main] INFO  com.demo.baseutil.Basetest - 12345 typed into document Value is entered
16:13:37.244 [main] INFO  com.demo.baseutil.Basetest - Scroll till the addtran is scrolled
16:13:37.353 [main] INFO  com.demo.baseutil.Basetest - Scroll till the addtran is scrolled completed
16:13:39.365 [main] INFO  com.demo.baseutil.Basetest - Validate tlc is selected is clickable
16:13:41.676 [main] INFO  com.demo.baseutil.Basetest - Clicked on : tlc is selected
16:13:41.677 [main] INFO  com.demo.baseutil.Basetest - Enter the value into tlc Value is entered
16:13:42.139 [main] INFO  com.demo.baseutil.Basetest - 12345 typed into tlc Value is entered
16:13:42.139 [main] INFO  com.demo.baseutil.Basetest - Validate count sgtin is clicked is clickable
16:13:44.658 [main] INFO  com.demo.baseutil.Basetest - Clicked on : count sgtin is clicked
16:13:44.660 [main] INFO  com.demo.baseutil.Basetest - Enter the value into countsgtin is entered
16:13:45.150 [main] INFO  com.demo.baseutil.Basetest - 123 typed into countsgtin is entered
16:13:45.150 [main] INFO  com.demo.baseutil.Basetest - Validate itemsgtin is selected is clickable
16:13:47.633 [main] INFO  com.demo.baseutil.Basetest - Clicked on : itemsgtin is selected
16:13:47.634 [main] INFO  com.demo.baseutil.Basetest - Validate itemsgtinvalue is selected is clickable
16:13:50.242 [main] INFO  com.demo.baseutil.Basetest - Clicked on : itemsgtinvalue is selected
16:13:50.242 [main] INFO  com.demo.baseutil.Basetest - Validate Add Transaction is selected is clickable
16:13:52.677 [main] INFO  com.demo.baseutil.Basetest - Clicked on : Add Transaction is selected
16:14:12.879 [main] INFO  com.demo.baseutil.Basetest - Scroll down
16:14:23.953 [main] INFO  com.demo.baseutil.Basetest - Scroll down
16:14:25.954 [main] INFO  com.demo.baseutil.Basetest - Validate transaction is clicked is clickable
16:14:28.589 [main] INFO  com.demo.baseutil.Basetest - Clicked on : transaction is clicked
16:14:33.591 [main] INFO  com.demo.baseutil.Basetest - Validate productid is selected is clickable
16:14:35.980 [main] INFO  com.demo.baseutil.Basetest - Clicked on : productid is selected
16:14:36.013 [main] INFO  com.demo.baseutil.Basetest - Enter the value into enter the productid
16:14:36.352 [main] INFO  com.demo.baseutil.Basetest - F2PG10002441 typed into enter the productid
16:14:36.352 [main] INFO  com.demo.baseutil.Basetest - Validate productid is selected is clickable
16:14:38.749 [main] INFO  com.demo.baseutil.Basetest - Clicked on : productid is selected
16:14:40.756 [main] INFO  com.demo.baseutil.Basetest - Validate productid is selected is clickable
16:14:43.223 [main] INFO  com.demo.baseutil.Basetest - Clicked on : productid is selected
16:14:49.226 [main] INFO  com.demo.baseutil.Basetest - Validate search is selected is clickable
16:14:51.557 [main] INFO  com.demo.baseutil.Basetest - Clicked on : search is selected
16:14:57.644 [main] INFO  com.demo.baseutil.Basetest - Scroll up
16:14:59.678 [main] INFO  com.demo.baseutil.Basetest - Scroll up
16:15:03.703 [main] INFO  com.demo.baseutil.Basetest - Validate transaction is clicked is clickable
16:15:06.210 [main] INFO  com.demo.baseutil.Basetest - Clicked on : transaction is clicked
16:15:11.218 [main] INFO  com.demo.baseutil.Basetest - Validate add new is clicked is clickable
16:15:13.759 [main] INFO  com.demo.baseutil.Basetest - Clicked on : add new is clicked
16:15:18.788 [main] INFO  com.demo.baseutil.Basetest - Validate Product id is clicked is clickable
16:15:21.190 [main] INFO  com.demo.baseutil.Basetest - Clicked on : Product id is clicked
16:15:23.196 [main] INFO  com.demo.baseutil.Basetest - Enter the value into Saved Value is entered
16:15:23.533 [main] INFO  com.demo.baseutil.Basetest - F2PG10002441 typed into Saved Value is entered
16:15:25.540 [main] INFO  com.demo.baseutil.Basetest - Validate Product id is clicked is clickable
16:15:27.904 [main] INFO  com.demo.baseutil.Basetest - Clicked on : Product id is clicked
16:15:29.908 [main] INFO  com.demo.baseutil.Basetest - Validate Product id is clicked is clickable
16:15:32.402 [main] INFO  com.demo.baseutil.Basetest - Clicked on : Product id is clicked
16:15:34.410 [main] INFO  com.demo.baseutil.Basetest - Validate chooseprocess id is clicked is clickable
16:15:36.867 [main] INFO  com.demo.baseutil.Basetest - Clicked on : chooseprocess id is clicked
16:15:38.878 [main] INFO  com.demo.baseutil.Basetest - Enter the value into Observation is entered
16:15:39.177 [main] INFO  com.demo.baseutil.Basetest - processobsnosscc typed into Observation is entered
16:15:43.189 [main] INFO  com.demo.baseutil.Basetest - Validate chooseprocess id is clicked is clickable
16:15:45.575 [main] INFO  com.demo.baseutil.Basetest - Clicked on : chooseprocess id is clicked
16:15:48.588 [main] INFO  com.demo.baseutil.Basetest - Validate activity is clicked is clickable
16:16:19.490 [main] ERROR com.demo.baseutil.Basetest - activity is clicked is not clickable
16:16:19.506 [main] ERROR com.demo.baseutil.Basetest - Unable to click on activity is clicked
16:16:50.571 [main] INFO  com.demo.baseutil.Basetest - Browser is closed sucessfuly
16:16:53.712 [main] INFO  com.demo.baseutil.Basetest - Browser is closed sucessfuly
16:16:55.185 [main] ERROR com.demo.baseutil.Basetest - Failed to close the Browser
