14:21:45.304 [main] INFO  com.demo.baseutil.Basetest - 
14:21:45.315 [main] INFO  com.demo.baseutil.Basetest - Running locally JavaMail
14:21:45.452 [main] INFO  com.demo.baseutil.Basetest2 - Folder creation for Extent
14:21:45.462 [main] INFO  com.demo.baseutil.Basetest - ExtentDir:-C:\Users\Deepti Jindal\eclipse-workspace2\com.NFR.Trace/reports/Automation Report- 08_12_2024_14_21_45/Report/08_12_2024_14_21_45
14:21:45.597 [main] INFO  com.demo.baseutil.Basetest - Report Initiated
14:21:45.598 [main] INFO  com.demo.baseutil.Basetest - Screenshot folder created
14:22:00.329 [main] INFO  com.demo.baseutil.Basetest - Validate Sign in with FarmtoPlate account is clickable
14:22:02.863 [main] INFO  com.demo.baseutil.Basetest - Clicked on : Sign in with FarmtoPlate account
14:22:02.875 [main] INFO  com.demo.baseutil.Basetest - Url contains farmtoplateapps.io/login
14:22:02.885 [main] INFO  com.demo.baseutil.Basetest - Sign in title matched
14:22:02.885 [main] INFO  com.demo.baseutil.Basetest - UI verified for Sigin page.
14:22:02.885 [main] INFO  com.demo.baseutil.Basetest - Sign in function call
14:22:02.885 [main] INFO  com.demo.baseutil.Basetest - Validate email address field is clicked is clickable
14:22:05.909 [main] INFO  com.demo.baseutil.Basetest - Clicked on : email address field is clicked
14:22:05.909 [main] INFO  com.demo.baseutil.Basetest - Enter the value into Email Id Entered
14:22:06.301 [main] INFO  com.demo.baseutil.Basetest - ldekkenq362@yopmail.com typed into Email Id Entered
14:22:06.301 [main] INFO  com.demo.baseutil.Basetest - Validate Enter the password is clickable
14:22:08.609 [main] INFO  com.demo.baseutil.Basetest - Clicked on : Enter the password
14:22:08.609 [main] INFO  com.demo.baseutil.Basetest - Enter the value into Password Id Entered
14:22:08.940 [main] INFO  com.demo.baseutil.Basetest - Admin@1234 typed into Password Id Entered
14:22:13.008 [main] INFO  com.demo.baseutil.Basetest - Scroll down
14:22:13.008 [main] INFO  com.demo.baseutil.Basetest - Validate Press the signin button is clickable
14:22:16.227 [main] INFO  com.demo.baseutil.Basetest - Clicked on : Press the signin button
14:22:18.692 [main] INFO  com.demo.baseutil.Basetest - HomePage title  is matched
14:22:24.718 [main] INFO  com.demo.baseutil.Basetest - Scroll till the scrolled to process
14:22:27.160 [main] INFO  com.demo.baseutil.Basetest - Scroll till the scrolled to process completed
14:22:29.170 [main] INFO  com.demo.baseutil.Basetest - Validate Process is clicked is clickable
14:22:31.692 [main] INFO  com.demo.baseutil.Basetest - Clicked on : Process is clicked
14:22:36.694 [main] INFO  com.demo.baseutil.Basetest - Validate Process add is clicked is clickable
14:22:39.099 [main] INFO  com.demo.baseutil.Basetest - Clicked on : Process add is clicked
14:22:44.102 [main] INFO  com.demo.baseutil.Basetest - Validate Product id is clicked is clickable
14:22:46.498 [main] INFO  com.demo.baseutil.Basetest - Clicked on : Product id is clicked
14:22:48.506 [main] INFO  com.demo.baseutil.Basetest - Validate Product id is selected is clickable
14:22:50.860 [main] INFO  com.demo.baseutil.Basetest - Clicked on : Product id is selected
14:22:52.861 [main] INFO  com.demo.baseutil.Basetest - Validate process name is clicked is clickable
14:22:55.283 [main] INFO  com.demo.baseutil.Basetest - Clicked on : process name is clicked
14:22:57.289 [main] INFO  com.demo.baseutil.Basetest - Enter the value into process name Value is entered
14:22:57.609 [main] INFO  com.demo.baseutil.Basetest - processobs typed into process name Value is entered
14:22:59.615 [main] INFO  com.demo.baseutil.Basetest - Validate process loc is clicked is clickable
14:23:01.992 [main] INFO  com.demo.baseutil.Basetest - Clicked on : process loc is clicked
14:23:04.006 [main] INFO  com.demo.baseutil.Basetest - Enter the value into process name Value is entered
14:23:04.337 [main] INFO  com.demo.baseutil.Basetest - 9650541994111 typed into process name Value is entered
14:23:12.351 [main] INFO  com.demo.baseutil.Basetest - Validate process loc is clicked is clickable
14:23:14.763 [main] INFO  com.demo.baseutil.Basetest - Clicked on : process loc is clicked
14:23:19.774 [main] INFO  com.demo.baseutil.Basetest - Validate process type is clicked is clickable
14:23:22.128 [main] INFO  com.demo.baseutil.Basetest - Clicked on : process type is clicked
14:23:24.154 [main] INFO  com.demo.baseutil.Basetest - Scroll down successful
14:23:24.154 [main] INFO  com.demo.baseutil.Basetest - Validate process obs is clicked is clickable
14:23:26.473 [main] INFO  com.demo.baseutil.Basetest - Clicked on : process obs is clicked
14:23:28.474 [main] INFO  com.demo.baseutil.Basetest - Scroll till the process add is scrolled
14:23:28.562 [main] INFO  com.demo.baseutil.Basetest - Scroll till the process add is scrolled completed
14:23:30.577 [main] INFO  com.demo.baseutil.Basetest - Validate process add button is clicked is clickable
14:23:32.988 [main] INFO  com.demo.baseutil.Basetest - Clicked on : process add button is clicked
14:23:42.011 [main] INFO  com.demo.baseutil.Basetest - Scroll till the scrolled to process
14:23:42.089 [main] INFO  com.demo.baseutil.Basetest - Scroll till the scrolled to process completed
14:23:44.107 [main] INFO  com.demo.baseutil.Basetest - Validate Process is clicked is clickable
14:23:46.572 [main] INFO  com.demo.baseutil.Basetest - Clicked on : Process is clicked
14:23:51.574 [main] INFO  com.demo.baseutil.Basetest - Validate Process add is clicked is clickable
14:23:53.961 [main] INFO  com.demo.baseutil.Basetest - Clicked on : Process add is clicked
14:23:58.966 [main] INFO  com.demo.baseutil.Basetest - Validate Product id is clicked is clickable
14:24:01.381 [main] INFO  com.demo.baseutil.Basetest - Clicked on : Product id is clicked
14:24:03.387 [main] INFO  com.demo.baseutil.Basetest - Validate Product id is selected is clickable
14:24:05.752 [main] INFO  com.demo.baseutil.Basetest - Clicked on : Product id is selected
14:24:07.754 [main] INFO  com.demo.baseutil.Basetest - Validate process name is clicked is clickable
14:24:10.163 [main] INFO  com.demo.baseutil.Basetest - Clicked on : process name is clicked
14:24:12.170 [main] INFO  com.demo.baseutil.Basetest - Enter the value into process name Value is entered
14:24:12.491 [main] INFO  com.demo.baseutil.Basetest - processobs typed into process name Value is entered
14:24:14.496 [main] INFO  com.demo.baseutil.Basetest - Validate process loc is clicked is clickable
14:24:16.886 [main] INFO  com.demo.baseutil.Basetest - Clicked on : process loc is clicked
14:24:18.887 [main] INFO  com.demo.baseutil.Basetest - Enter the value into process name Value is entered
14:24:19.169 [main] INFO  com.demo.baseutil.Basetest - 9650541994111 typed into process name Value is entered
14:24:27.184 [main] INFO  com.demo.baseutil.Basetest - Validate process loc is clicked is clickable
14:24:29.485 [main] INFO  com.demo.baseutil.Basetest - Clicked on : process loc is clicked
14:24:34.488 [main] INFO  com.demo.baseutil.Basetest - Validate process type is clicked is clickable
14:24:36.865 [main] INFO  com.demo.baseutil.Basetest - Clicked on : process type is clicked
14:24:38.887 [main] INFO  com.demo.baseutil.Basetest - Scroll down successful
14:24:38.887 [main] INFO  com.demo.baseutil.Basetest - Validate process obs is clicked is clickable
14:24:41.241 [main] INFO  com.demo.baseutil.Basetest - Clicked on : process obs is clicked
14:24:43.244 [main] INFO  com.demo.baseutil.Basetest - Scroll till the process add is scrolled
14:24:43.364 [main] INFO  com.demo.baseutil.Basetest - Scroll till the process add is scrolled completed
14:24:43.364 [main] INFO  com.demo.baseutil.Basetest - Validate kdesscc  is clicked is clickable
14:24:45.729 [main] INFO  com.demo.baseutil.Basetest - Clicked on : kdesscc  is clicked
14:24:47.734 [main] INFO  com.demo.baseutil.Basetest - Validate process add button is clicked is clickable
14:24:50.136 [main] INFO  com.demo.baseutil.Basetest - Clicked on : process add button is clicked
14:24:55.445 [main] INFO  com.demo.baseutil.Basetest - Browser is closed sucessfuly
14:24:56.034 [main] INFO  com.demo.baseutil.Basetest - Browser is closed sucessfuly
14:24:56.675 [main] ERROR com.demo.baseutil.Basetest - Failed to close the Browser
