19:04:09.580 [main] INFO  com.demo.baseutil.Basetest - 
19:04:09.585 [main] INFO  com.demo.baseutil.Basetest - Running locally JavaMail
19:04:09.660 [main] INFO  com.demo.baseutil.Basetest2 - Folder creation for Extent
19:04:09.663 [main] INFO  com.demo.baseutil.Basetest - ExtentDir:-C:\Users\Deepti Jindal\eclipse-workspace\com.NFR.Trace/reports/Automation Report- 04_01_2024_19_04_09/Report/04_01_2024_19_04_09
19:04:09.747 [main] INFO  com.demo.baseutil.Basetest - Report Initiated
19:04:09.748 [main] INFO  com.demo.baseutil.Basetest - Screenshot folder created
19:04:22.987 [main] INFO  com.demo.baseutil.Basetest - Validate Sign in with FarmtoPlate account is clickable
19:04:25.339 [main] INFO  com.demo.baseutil.Basetest - Clicked on : Sign in with FarmtoPlate account
19:04:25.358 [main] INFO  com.demo.baseutil.Basetest - Url contains farmtoplateapps.io/login
19:04:25.371 [main] INFO  com.demo.baseutil.Basetest - Sign in title matched
19:04:25.371 [main] INFO  com.demo.baseutil.Basetest - UI verified for Sigin page.
19:04:25.371 [main] INFO  com.demo.baseutil.Basetest - Sign in function call
19:04:25.371 [main] INFO  com.demo.baseutil.Basetest - Validate email address field is clicked is clickable
19:04:27.649 [main] INFO  com.demo.baseutil.Basetest - Clicked on : email address field is clicked
19:04:27.651 [main] INFO  com.demo.baseutil.Basetest - Enter the value into Email Id Entered
19:04:27.914 [main] INFO  com.demo.baseutil.Basetest - farmtoplatef2p@paramountsoft.net typed into Email Id Entered
19:04:27.915 [main] INFO  com.demo.baseutil.Basetest - Validate Enter the password is clickable
19:04:30.252 [main] INFO  com.demo.baseutil.Basetest - Clicked on : Enter the password
19:04:30.252 [main] INFO  com.demo.baseutil.Basetest - Enter the value into Password Id Entered
19:04:30.443 [main] INFO  com.demo.baseutil.Basetest - Admin1234 typed into Password Id Entered
19:04:30.461 [main] INFO  com.demo.baseutil.Basetest - Scroll down
19:04:30.461 [main] INFO  com.demo.baseutil.Basetest - Validate Press the signin button is clickable
19:04:33.231 [main] INFO  com.demo.baseutil.Basetest - Clicked on : Press the signin button
19:04:41.242 [main] INFO  com.demo.baseutil.Basetest - HomePage title  is matched
19:04:54.265 [main] INFO  com.demo.baseutil.Basetest - Validate Network Management is clicked is clickable
19:04:56.582 [main] INFO  com.demo.baseutil.Basetest - Clicked on : Network Management is clicked
19:04:58.595 [main] INFO  com.demo.baseutil.Basetest - Validate Add new is clicked is clickable
19:05:00.980 [main] INFO  com.demo.baseutil.Basetest - Clicked on : Add new is clicked
19:05:02.986 [main] INFO  com.demo.baseutil.Basetest - Validate Organisation Name is clicked is clickable
19:05:05.379 [main] INFO  com.demo.baseutil.Basetest - Clicked on : Organisation Name is clicked
19:05:05.379 [main] INFO  com.demo.baseutil.Basetest - Enter the value into Organisation is Entered
19:05:05.704 [main] INFO  com.demo.baseutil.Basetest - Q6LohILt typed into Organisation is Entered
19:05:05.704 [main] INFO  com.demo.baseutil.Basetest - Validate Organisation type is clicked is clickable
19:05:08.049 [main] INFO  com.demo.baseutil.Basetest - Clicked on : Organisation type is clicked
19:05:08.049 [main] INFO  com.demo.baseutil.Basetest - Validate upstream is selected is clickable
19:05:10.463 [main] INFO  com.demo.baseutil.Basetest - Clicked on : upstream is selected
19:05:10.463 [main] INFO  com.demo.baseutil.Basetest - Validate Organisation role is clicked is clickable
19:05:12.836 [main] INFO  com.demo.baseutil.Basetest - Clicked on : Organisation role is clicked
19:05:12.836 [main] INFO  com.demo.baseutil.Basetest - Validate Organisation role is selected is clickable
19:05:15.294 [main] INFO  com.demo.baseutil.Basetest - Clicked on : Organisation role is selected
19:05:15.294 [main] INFO  com.demo.baseutil.Basetest - Validate module is clicked is clickable
19:05:18.761 [main] INFO  com.demo.baseutil.Basetest - Clicked on : module is clicked
19:05:18.761 [main] INFO  com.demo.baseutil.Basetest - Validate module is selected is clickable
19:05:21.180 [main] INFO  com.demo.baseutil.Basetest - Clicked on : module is selected
19:05:21.180 [main] INFO  com.demo.baseutil.Basetest - Validate email field is clicked is clickable
19:05:23.629 [main] INFO  com.demo.baseutil.Basetest - Clicked on : email field is clicked
19:05:23.629 [main] INFO  com.demo.baseutil.Basetest - Enter the value into emailid is Entered
19:05:24.034 [main] INFO  com.demo.baseutil.Basetest - 864@yopmail.com typed into emailid is Entered
19:05:24.055 [main] INFO  com.demo.baseutil.Basetest - Scroll down
19:05:24.056 [main] INFO  com.demo.baseutil.Basetest - Validate Database Type is clicked is clickable
19:05:26.449 [main] INFO  com.demo.baseutil.Basetest - Clicked on : Database Type is clicked
19:05:26.449 [main] INFO  com.demo.baseutil.Basetest - Validate Db is selected is clickable
19:05:28.844 [main] INFO  com.demo.baseutil.Basetest - Clicked on : Db is selected
19:05:30.887 [main] INFO  com.demo.baseutil.Basetest - Scroll down
19:05:31.899 [main] INFO  com.demo.baseutil.Basetest - Validate Db is selected is clickable
19:05:34.341 [main] INFO  com.demo.baseutil.Basetest - Clicked on : Db is selected
19:05:36.345 [main] INFO  com.demo.baseutil.Basetest - Validate ordermgmt is selected is clickable
19:05:38.730 [main] INFO  com.demo.baseutil.Basetest - Clicked on : ordermgmt is selected
19:05:38.730 [main] INFO  com.demo.baseutil.Basetest - Validate Soil Dashboard is selected is clickable
19:05:41.421 [main] INFO  com.demo.baseutil.Basetest - Clicked on : Soil Dashboard is selected
19:05:41.421 [main] INFO  com.demo.baseutil.Basetest - Validate Submit Button is clicked is clickable
19:05:43.815 [main] INFO  com.demo.baseutil.Basetest - Clicked on : Submit Button is clicked
19:05:45.953 [main] INFO  com.demo.baseutil.Basetest - Validate Email address input field is clicked is clickable
19:05:59.076 [main] INFO  com.demo.baseutil.Basetest - Clicked on : Email address input field is clicked
19:05:59.076 [main] INFO  com.demo.baseutil.Basetest - Enter the value into email address is entered
19:05:59.408 [main] INFO  com.demo.baseutil.Basetest - 864@yopmail.com typed into email address is entered
19:05:59.408 [main] INFO  com.demo.baseutil.Basetest - Validate arrow button is clicked is clickable
19:06:03.581 [main] INFO  com.demo.baseutil.Basetest - Clicked on : arrow button is clicked
19:06:06.673 [main] INFO  com.demo.baseutil.Basetest - Validate first email is clicked is clickable
19:06:09.014 [main] INFO  com.demo.baseutil.Basetest - Clicked on : first email is clicked
19:06:11.112 [main] INFO  com.demo.baseutil.Basetest - Validate email address is clicked is clickable
19:06:13.477 [main] INFO  com.demo.baseutil.Basetest - Clicked on : email address is clicked
19:06:15.510 [main] INFO  com.demo.baseutil.Basetest - Validate pass is clicked is clickable
19:06:19.506 [main] INFO  com.demo.baseutil.Basetest - Clicked on : pass is clicked
19:06:19.506 [main] INFO  com.demo.baseutil.Basetest - Enter the value into Password is entered
19:06:19.817 [main] INFO  com.demo.baseutil.Basetest - Admin@1234 typed into Password is entered
19:06:19.817 [main] INFO  com.demo.baseutil.Basetest - Validate confirm password is clicked is clickable
19:06:22.176 [main] INFO  com.demo.baseutil.Basetest - Clicked on : confirm password is clicked
19:06:22.176 [main] INFO  com.demo.baseutil.Basetest - Enter the value into Confirm Password is entered
19:06:22.411 [main] INFO  com.demo.baseutil.Basetest - Admin@1234 typed into Confirm Password is entered
19:06:24.448 [main] INFO  com.demo.baseutil.Basetest - Scroll down
19:06:24.448 [main] INFO  com.demo.baseutil.Basetest - Validate button is clicked is clickable
19:06:26.829 [main] INFO  com.demo.baseutil.Basetest - Clicked on : button is clicked
19:06:28.833 [main] INFO  com.demo.baseutil.Basetest - Validate email address field is clicked is clickable
19:06:31.687 [main] INFO  com.demo.baseutil.Basetest - Clicked on : email address field is clicked
19:06:31.687 [main] INFO  com.demo.baseutil.Basetest - Enter the value into Email Id Entered
19:06:32.173 [main] INFO  com.demo.baseutil.Basetest - 864@yopmail.com typed into Email Id Entered
19:06:32.173 [main] INFO  com.demo.baseutil.Basetest - Validate Enter the password is clickable
19:06:34.492 [main] INFO  com.demo.baseutil.Basetest - Clicked on : Enter the password
19:06:34.492 [main] INFO  com.demo.baseutil.Basetest - Enter the value into Password Id Entered
19:06:34.784 [main] INFO  com.demo.baseutil.Basetest - Admin@1234 typed into Password Id Entered
19:06:34.807 [main] INFO  com.demo.baseutil.Basetest - Scroll down
19:06:34.808 [main] INFO  com.demo.baseutil.Basetest - Validate Press the signin button is clickable
19:06:37.547 [main] INFO  com.demo.baseutil.Basetest - Clicked on : Press the signin button
19:06:40.562 [main] INFO  com.demo.baseutil.Basetest - Validate Press the signin button is clickable
19:06:44.894 [main] INFO  com.demo.baseutil.Basetest - Clicked on : Press the signin button
19:06:44.918 [main] INFO  com.demo.baseutil.Basetest - Scroll down
19:06:45.922 [main] INFO  com.demo.baseutil.Basetest - Validate Press the button is clickable
19:06:48.301 [main] INFO  com.demo.baseutil.Basetest - Clicked on : Press the button
19:06:48.301 [main] INFO  com.demo.baseutil.Basetest - Validate Press the signin button is clickable
19:06:50.642 [main] INFO  com.demo.baseutil.Basetest - Clicked on : Press the signin button
19:06:50.658 [main] INFO  com.demo.baseutil.Basetest - Scroll down
19:06:50.658 [main] INFO  com.demo.baseutil.Basetest - Validate Press the signin button is clickable
19:06:53.054 [main] INFO  com.demo.baseutil.Basetest - Clicked on : Press the signin button
19:06:53.054 [main] INFO  com.demo.baseutil.Basetest - Validate Press the button is clickable
19:06:55.511 [main] INFO  com.demo.baseutil.Basetest - Clicked on : Press the button
19:06:58.521 [main] INFO  com.demo.baseutil.Basetest - Validate Click on First is clickable
19:07:00.889 [main] INFO  com.demo.baseutil.Basetest - Clicked on : Click on First
19:07:00.889 [main] INFO  com.demo.baseutil.Basetest - Enter the value into enter the  First
19:07:01.127 [main] INFO  com.demo.baseutil.Basetest - First typed into enter the  First
19:07:01.129 [main] INFO  com.demo.baseutil.Basetest - Validate Click on last is clickable
19:07:03.523 [main] INFO  com.demo.baseutil.Basetest - Clicked on : Click on last
19:07:03.523 [main] INFO  com.demo.baseutil.Basetest - Enter the value into enter the  Last
19:07:03.792 [main] INFO  com.demo.baseutil.Basetest - Last typed into enter the  Last
19:07:03.796 [main] INFO  com.demo.baseutil.Basetest - Validate Click on dest is clickable
19:07:06.058 [main] INFO  com.demo.baseutil.Basetest - Clicked on : Click on dest
19:07:06.058 [main] INFO  com.demo.baseutil.Basetest - Enter the value into enter the  dest
19:07:06.282 [main] INFO  com.demo.baseutil.Basetest - dest typed into enter the  dest
19:07:06.282 [main] INFO  com.demo.baseutil.Basetest - Validate Click on Submit is clickable
19:07:08.597 [main] INFO  com.demo.baseutil.Basetest - Clicked on : Click on Submit
19:07:08.597 [main] INFO  com.demo.baseutil.Basetest - Validate Click on address is clickable
19:07:12.904 [main] INFO  com.demo.baseutil.Basetest - Clicked on : Click on address
19:07:12.904 [main] INFO  com.demo.baseutil.Basetest - Enter the value into enter the  address
19:07:13.218 [main] INFO  com.demo.baseutil.Basetest - 123 William Street, New York, NY, USA typed into enter the  address
19:07:13.218 [main] INFO  com.demo.baseutil.Basetest - Validate Click on state is clickable
19:07:15.504 [main] INFO  com.demo.baseutil.Basetest - Clicked on : Click on state
19:07:15.504 [main] INFO  com.demo.baseutil.Basetest - Enter the value into Enetered the state
19:07:15.841 [main] INFO  com.demo.baseutil.Basetest - NY typed into Enetered the state
19:07:15.841 [main] INFO  com.demo.baseutil.Basetest - Validate Click on zip is clickable
19:07:18.175 [main] INFO  com.demo.baseutil.Basetest - Clicked on : Click on zip
19:07:18.175 [main] INFO  com.demo.baseutil.Basetest - Enter the value into Enetred the Zip
19:07:18.410 [main] INFO  com.demo.baseutil.Basetest - 10038-3804 typed into Enetred the Zip
19:07:18.412 [main] INFO  com.demo.baseutil.Basetest - Validate Click on city is clickable
19:07:20.792 [main] INFO  com.demo.baseutil.Basetest - Clicked on : Click on city
19:07:20.792 [main] INFO  com.demo.baseutil.Basetest - Enter the value into Enetered the city
19:07:21.068 [main] INFO  com.demo.baseutil.Basetest - New York typed into Enetered the city
19:07:24.115 [main] INFO  com.demo.baseutil.Basetest - Validate Click on Submit is clickable
19:07:26.614 [main] INFO  com.demo.baseutil.Basetest - Clicked on : Click on Submit
19:07:27.642 [main] INFO  com.demo.baseutil.Basetest - Validate Click on close button is clickable
19:07:31.490 [main] INFO  com.demo.baseutil.Basetest - Clicked on : Click on close button
19:07:31.800 [main] INFO  com.demo.baseutil.Basetest - Browser is closed sucessfuly
19:07:45.133 [main] INFO  com.demo.baseutil.Basetest - Validate Sign in with FarmtoPlate account is clickable
19:07:47.461 [main] INFO  com.demo.baseutil.Basetest - Clicked on : Sign in with FarmtoPlate account
19:07:47.483 [main] INFO  com.demo.baseutil.Basetest - Url contains farmtoplateapps.io/login
19:07:47.495 [main] INFO  com.demo.baseutil.Basetest - Sign in title matched
19:07:47.496 [main] INFO  com.demo.baseutil.Basetest - UI verified for Sigin page.
19:07:47.496 [main] INFO  com.demo.baseutil.Basetest - Sign in function call
19:07:47.496 [main] INFO  com.demo.baseutil.Basetest - Validate email address field is clicked is clickable
19:07:49.945 [main] INFO  com.demo.baseutil.Basetest - Clicked on : email address field is clicked
19:07:49.946 [main] INFO  com.demo.baseutil.Basetest - Enter the value into Email Id Entered
19:07:50.236 [main] INFO  com.demo.baseutil.Basetest - 139@yopmail.com typed into Email Id Entered
19:07:50.237 [main] INFO  com.demo.baseutil.Basetest - Validate Enter the password is clickable
19:07:52.493 [main] INFO  com.demo.baseutil.Basetest - Clicked on : Enter the password
19:07:52.494 [main] INFO  com.demo.baseutil.Basetest - Enter the value into Password Id Entered
19:07:52.726 [main] INFO  com.demo.baseutil.Basetest - Admin@1234 typed into Password Id Entered
19:07:52.750 [main] INFO  com.demo.baseutil.Basetest - Scroll down
19:07:52.751 [main] INFO  com.demo.baseutil.Basetest - Validate Press the signin button is clickable
19:07:55.508 [main] INFO  com.demo.baseutil.Basetest - Clicked on : Press the signin button
19:07:59.272 [main] INFO  com.demo.baseutil.Basetest - HomePage title  is matched
19:08:09.277 [main] INFO  com.demo.baseutil.Basetest - Validate click on trace is clickable
19:08:11.674 [main] INFO  com.demo.baseutil.Basetest - Clicked on : click on trace
19:08:13.679 [main] INFO  com.demo.baseutil.Basetest - Validate click on dashboard is clickable
19:08:16.229 [main] INFO  com.demo.baseutil.Basetest - Clicked on : click on dashboard
19:08:18.243 [main] INFO  com.demo.baseutil.Basetest - Validate click on organisation network is clickable
19:08:20.591 [main] INFO  com.demo.baseutil.Basetest - Clicked on : click on organisation network
19:08:25.653 [main] INFO  com.demo.baseutil.Basetest - Sign in title matched
19:08:25.653 [main] INFO  com.demo.baseutil.Basetest - UI verified for Organisation network page.
19:08:27.704 [main] INFO  com.demo.baseutil.Basetest - Validate click on product register is clickable
19:08:30.044 [main] INFO  com.demo.baseutil.Basetest - Clicked on : click on product register
19:08:37.109 [main] INFO  com.demo.baseutil.Basetest - Sign in title matched
19:08:37.109 [main] INFO  com.demo.baseutil.Basetest - UI verified for Product page.
19:08:38.164 [main] INFO  com.demo.baseutil.Basetest - Validate click on lots is clickable
19:08:40.527 [main] INFO  com.demo.baseutil.Basetest - Clicked on : click on lots
19:08:46.575 [main] INFO  com.demo.baseutil.Basetest - Sign in title matched
19:08:46.575 [main] INFO  com.demo.baseutil.Basetest - UI verified for Lots page.
19:08:49.124 [main] INFO  com.demo.baseutil.Basetest - Browser is closed sucessfuly
19:09:01.344 [main] INFO  com.demo.baseutil.Basetest - Validate Sign in with FarmtoPlate account is clickable
19:09:03.693 [main] INFO  com.demo.baseutil.Basetest - Clicked on : Sign in with FarmtoPlate account
19:09:03.715 [main] INFO  com.demo.baseutil.Basetest - Url contains farmtoplateapps.io/login
19:09:03.731 [main] INFO  com.demo.baseutil.Basetest - Sign in title matched
19:09:03.731 [main] INFO  com.demo.baseutil.Basetest - UI verified for Sigin page.
19:09:03.731 [main] INFO  com.demo.baseutil.Basetest - Sign in function call
19:09:03.732 [main] INFO  com.demo.baseutil.Basetest - Validate email address field is clicked is clickable
19:09:06.044 [main] INFO  com.demo.baseutil.Basetest - Clicked on : email address field is clicked
19:09:06.044 [main] INFO  com.demo.baseutil.Basetest - Enter the value into Email Id Entered
19:09:06.350 [main] INFO  com.demo.baseutil.Basetest - 139@yopmail.com typed into Email Id Entered
19:09:06.351 [main] INFO  com.demo.baseutil.Basetest - Validate Enter the password is clickable
19:09:08.609 [main] INFO  com.demo.baseutil.Basetest - Clicked on : Enter the password
19:09:08.609 [main] INFO  com.demo.baseutil.Basetest - Enter the value into Password Id Entered
19:09:08.830 [main] INFO  com.demo.baseutil.Basetest - Admin@1234 typed into Password Id Entered
19:09:08.848 [main] INFO  com.demo.baseutil.Basetest - Scroll down
19:09:08.849 [main] INFO  com.demo.baseutil.Basetest - Validate Press the signin button is clickable
19:09:11.594 [main] INFO  com.demo.baseutil.Basetest - Clicked on : Press the signin button
19:09:13.619 [main] INFO  com.demo.baseutil.Basetest - HomePage title  is matched
19:09:23.628 [main] INFO  com.demo.baseutil.Basetest - Validate click on trace is clickable
19:09:26.064 [main] INFO  com.demo.baseutil.Basetest - Clicked on : click on trace
19:09:28.069 [main] INFO  com.demo.baseutil.Basetest - Validate Network Management is clicked is clickable
19:09:30.459 [main] INFO  com.demo.baseutil.Basetest - Clicked on : Network Management is clicked
19:09:35.475 [main] INFO  com.demo.baseutil.Basetest - Validate Add new is clicked is clickable
19:09:37.862 [main] INFO  com.demo.baseutil.Basetest - Clicked on : Add new is clicked
19:09:39.876 [main] INFO  com.demo.baseutil.Basetest - Validate Organisation Name is clicked is clickable
19:09:42.170 [main] INFO  com.demo.baseutil.Basetest - Clicked on : Organisation Name is clicked
19:09:42.170 [main] INFO  com.demo.baseutil.Basetest - Enter the value into Organisation is Entered
19:09:42.480 [main] INFO  com.demo.baseutil.Basetest - wm4ateeX typed into Organisation is Entered
19:09:42.480 [main] INFO  com.demo.baseutil.Basetest - Validate Organisation type is clicked is clickable
19:09:44.774 [main] INFO  com.demo.baseutil.Basetest - Clicked on : Organisation type is clicked
19:09:44.774 [main] INFO  com.demo.baseutil.Basetest - Validate upstream is selected is clickable
19:09:47.039 [main] INFO  com.demo.baseutil.Basetest - Clicked on : upstream is selected
19:09:47.039 [main] INFO  com.demo.baseutil.Basetest - Validate Organisation role is clicked is clickable
19:09:49.410 [main] INFO  com.demo.baseutil.Basetest - Clicked on : Organisation role is clicked
19:09:49.410 [main] INFO  com.demo.baseutil.Basetest - Validate Organisation role is selected is clickable
19:09:51.765 [main] INFO  com.demo.baseutil.Basetest - Clicked on : Organisation role is selected
19:09:51.765 [main] INFO  com.demo.baseutil.Basetest - Validate module is clicked is clickable
19:09:54.072 [main] INFO  com.demo.baseutil.Basetest - Clicked on : module is clicked
19:09:54.072 [main] INFO  com.demo.baseutil.Basetest - Validate module is selected is clickable
19:09:56.377 [main] INFO  com.demo.baseutil.Basetest - Clicked on : module is selected
19:09:56.377 [main] INFO  com.demo.baseutil.Basetest - Validate email field is clicked is clickable
19:09:58.602 [main] INFO  com.demo.baseutil.Basetest - Clicked on : email field is clicked
19:09:58.602 [main] INFO  com.demo.baseutil.Basetest - Enter the value into emailid is Entered
19:09:58.980 [main] INFO  com.demo.baseutil.Basetest - xZWdZ91Y983@yopmail.com typed into emailid is Entered
19:09:59.996 [main] INFO  com.demo.baseutil.Basetest - Validate sendinvite button is clicked is clickable
19:10:02.373 [main] INFO  com.demo.baseutil.Basetest - Clicked on : sendinvite button is clicked
19:10:04.377 [main] INFO  com.demo.baseutil.Basetest - Validate submit is selected is clickable
19:10:06.774 [main] INFO  com.demo.baseutil.Basetest - Clicked on : submit is selected
19:10:21.890 [main] INFO  com.demo.baseutil.Basetest - Validate Email address input field is clicked is clickable
19:10:26.987 [main] INFO  com.demo.baseutil.Basetest - Clicked on : Email address input field is clicked
19:10:26.987 [main] INFO  com.demo.baseutil.Basetest - Enter the value into email address is entered
19:10:27.276 [main] INFO  com.demo.baseutil.Basetest - xZWdZ91Y983@yopmail.com typed into email address is entered
19:10:27.276 [main] INFO  com.demo.baseutil.Basetest - Validate arrow button is clicked is clickable
19:10:32.174 [main] INFO  com.demo.baseutil.Basetest - Clicked on : arrow button is clicked
19:10:35.245 [main] INFO  com.demo.baseutil.Basetest - Validate first email is clicked is clickable
19:10:37.691 [main] INFO  com.demo.baseutil.Basetest - Clicked on : first email is clicked
19:10:39.776 [main] INFO  com.demo.baseutil.Basetest - Validate email address is clicked is clickable
19:10:42.108 [main] INFO  com.demo.baseutil.Basetest - Clicked on : email address is clicked
19:10:44.135 [main] INFO  com.demo.baseutil.Basetest - Validate pass is clicked is clickable
19:10:48.423 [main] INFO  com.demo.baseutil.Basetest - Clicked on : pass is clicked
19:10:48.423 [main] INFO  com.demo.baseutil.Basetest - Enter the value into Password is entered
19:10:48.648 [main] INFO  com.demo.baseutil.Basetest - Admin@1234 typed into Password is entered
19:10:48.648 [main] INFO  com.demo.baseutil.Basetest - Validate confirm password is clicked is clickable
19:10:50.982 [main] INFO  com.demo.baseutil.Basetest - Clicked on : confirm password is clicked
19:10:50.982 [main] INFO  com.demo.baseutil.Basetest - Enter the value into Confirm Password is entered
19:10:51.230 [main] INFO  com.demo.baseutil.Basetest - Admin@1234 typed into Confirm Password is entered
19:10:53.270 [main] INFO  com.demo.baseutil.Basetest - Scroll down
19:10:53.270 [main] INFO  com.demo.baseutil.Basetest - Validate button is clicked is clickable
19:10:55.655 [main] INFO  com.demo.baseutil.Basetest - Clicked on : button is clicked
19:10:57.657 [main] INFO  com.demo.baseutil.Basetest - Validate email address field is clicked is clickable
19:10:59.907 [main] INFO  com.demo.baseutil.Basetest - Clicked on : email address field is clicked
19:10:59.907 [main] INFO  com.demo.baseutil.Basetest - Enter the value into Email Id Entered
19:11:00.244 [main] INFO  com.demo.baseutil.Basetest - xZWdZ91Y983@yopmail.com typed into Email Id Entered
19:11:00.244 [main] INFO  com.demo.baseutil.Basetest - Validate Enter the password is clickable
19:11:02.520 [main] INFO  com.demo.baseutil.Basetest - Clicked on : Enter the password
19:11:02.520 [main] INFO  com.demo.baseutil.Basetest - Enter the value into Password Id Entered
19:11:02.759 [main] INFO  com.demo.baseutil.Basetest - Admin@1234 typed into Password Id Entered
19:11:02.779 [main] INFO  com.demo.baseutil.Basetest - Scroll down
19:11:02.779 [main] INFO  com.demo.baseutil.Basetest - Validate Press the signin button is clickable
19:11:05.607 [main] INFO  com.demo.baseutil.Basetest - Clicked on : Press the signin button
19:11:11.623 [main] INFO  com.demo.baseutil.Basetest - Validate Press the signin button is clickable
19:11:14.597 [main] INFO  com.demo.baseutil.Basetest - Clicked on : Press the signin button
19:11:15.598 [main] INFO  com.demo.baseutil.Basetest - Validate Press the button is clickable
19:11:17.893 [main] INFO  com.demo.baseutil.Basetest - Clicked on : Press the button
19:11:20.896 [main] INFO  com.demo.baseutil.Basetest - Validate Press the signin button is clickable
19:11:23.364 [main] INFO  com.demo.baseutil.Basetest - Clicked on : Press the signin button
19:11:23.387 [main] INFO  com.demo.baseutil.Basetest - Scroll down
19:11:23.387 [main] INFO  com.demo.baseutil.Basetest - Validate Press the signin button is clickable
19:11:25.785 [main] INFO  com.demo.baseutil.Basetest - Clicked on : Press the signin button
19:11:25.785 [main] INFO  com.demo.baseutil.Basetest - Validate Press the button is clickable
19:11:28.105 [main] INFO  com.demo.baseutil.Basetest - Clicked on : Press the button
19:11:28.377 [main] INFO  com.demo.baseutil.Basetest - Browser is closed sucessfuly
19:11:42.096 [main] INFO  com.demo.baseutil.Basetest - Validate Sign in with FarmtoPlate account is clickable
19:11:44.457 [main] INFO  com.demo.baseutil.Basetest - Clicked on : Sign in with FarmtoPlate account
19:11:44.468 [main] INFO  com.demo.baseutil.Basetest - Url contains farmtoplateapps.io/login
19:11:44.476 [main] INFO  com.demo.baseutil.Basetest - Sign in title matched
19:11:44.476 [main] INFO  com.demo.baseutil.Basetest - UI verified for Sigin page.
19:11:44.477 [main] INFO  com.demo.baseutil.Basetest - Sign in function call
19:11:44.477 [main] INFO  com.demo.baseutil.Basetest - Validate email address field is clicked is clickable
19:11:46.837 [main] INFO  com.demo.baseutil.Basetest - Clicked on : email address field is clicked
19:11:46.837 [main] INFO  com.demo.baseutil.Basetest - Enter the value into Email Id Entered
19:11:47.107 [main] INFO  com.demo.baseutil.Basetest - 139@yopmail.com typed into Email Id Entered
19:11:47.107 [main] INFO  com.demo.baseutil.Basetest - Validate Enter the password is clickable
19:11:49.387 [main] INFO  com.demo.baseutil.Basetest - Clicked on : Enter the password
19:11:49.387 [main] INFO  com.demo.baseutil.Basetest - Enter the value into Password Id Entered
19:11:49.640 [main] INFO  com.demo.baseutil.Basetest - Admin@1234 typed into Password Id Entered
19:11:49.660 [main] INFO  com.demo.baseutil.Basetest - Scroll down
19:11:49.660 [main] INFO  com.demo.baseutil.Basetest - Validate Press the signin button is clickable
19:11:52.391 [main] INFO  com.demo.baseutil.Basetest - Clicked on : Press the signin button
19:11:55.981 [main] INFO  com.demo.baseutil.Basetest - HomePage title  is matched
19:12:05.997 [main] INFO  com.demo.baseutil.Basetest - Validate click on trace is clickable
19:12:08.347 [main] INFO  com.demo.baseutil.Basetest - Clicked on : click on trace
19:12:14.426 [main] INFO  com.demo.baseutil.Basetest - Validate Asset & Infrastructure Data is clicked is clickable
19:12:16.765 [main] INFO  com.demo.baseutil.Basetest - Clicked on : Asset & Infrastructure Data is clicked
19:12:18.768 [main] INFO  com.demo.baseutil.Basetest - Validate Assets is clicked is clickable
19:12:21.289 [main] INFO  com.demo.baseutil.Basetest - Clicked on : Assets is clicked
19:12:23.299 [main] INFO  com.demo.baseutil.Basetest - Validate Add new is clicked is clickable
19:12:25.715 [main] INFO  com.demo.baseutil.Basetest - Clicked on : Add new is clicked
19:12:27.731 [main] INFO  com.demo.baseutil.Basetest - Validate Asset type is clicked is clickable
19:12:30.145 [main] INFO  com.demo.baseutil.Basetest - Clicked on : Asset type is clicked
19:12:30.192 [main] INFO  com.demo.baseutil.Basetest - Validate vehicle is selected is clickable
19:12:33.365 [main] INFO  com.demo.baseutil.Basetest - Clicked on : vehicle is selected
19:12:33.365 [main] INFO  com.demo.baseutil.Basetest - Validate Click on Vehicle Name is clickable
19:12:35.631 [main] INFO  com.demo.baseutil.Basetest - Clicked on : Click on Vehicle Name
19:12:35.631 [main] INFO  com.demo.baseutil.Basetest - Enter the value into enter the vehicle name
19:12:35.906 [main] INFO  com.demo.baseutil.Basetest - Loading Vehicle typed into enter the vehicle name
19:12:35.906 [main] INFO  com.demo.baseutil.Basetest - Validate Click on Vehicle Number is clickable
19:12:38.233 [main] INFO  com.demo.baseutil.Basetest - Clicked on : Click on Vehicle Number
19:12:38.233 [main] INFO  com.demo.baseutil.Basetest - Enter the value into Enter the vehicle number
19:12:38.532 [main] INFO  com.demo.baseutil.Basetest - GfRgBwK8 typed into Enter the vehicle number
19:12:38.532 [main] INFO  com.demo.baseutil.Basetest - Validate Click on Make is clickable
19:12:40.847 [main] INFO  com.demo.baseutil.Basetest - Clicked on : Click on Make
19:12:40.847 [main] INFO  com.demo.baseutil.Basetest - Enter the value into enter the make
19:12:41.102 [main] INFO  com.demo.baseutil.Basetest - Mahindra typed into enter the make
19:12:41.104 [main] INFO  com.demo.baseutil.Basetest - Validate Click on Model is clickable
19:12:43.481 [main] INFO  com.demo.baseutil.Basetest - Clicked on : Click on Model
19:12:43.481 [main] INFO  com.demo.baseutil.Basetest - Enter the value into enter the model
19:12:43.699 [main] INFO  com.demo.baseutil.Basetest - XUV typed into enter the model
19:12:43.699 [main] INFO  com.demo.baseutil.Basetest - Validate Click on Model is clickable
19:12:45.982 [main] INFO  com.demo.baseutil.Basetest - Clicked on : Click on Model
19:12:45.982 [main] INFO  com.demo.baseutil.Basetest - Enter the value into enter the model
19:12:46.266 [main] INFO  com.demo.baseutil.Basetest - XUV typed into enter the model
19:12:46.266 [main] INFO  com.demo.baseutil.Basetest - Validate Click on Vehicle Number is clickable
19:12:48.580 [main] INFO  com.demo.baseutil.Basetest - Clicked on : Click on Vehicle Number
19:12:48.580 [main] INFO  com.demo.baseutil.Basetest - Enter the value into Enter the engine number
19:12:48.840 [main] INFO  com.demo.baseutil.Basetest - Sx6CKxgk typed into Enter the engine number
19:12:48.840 [main] INFO  com.demo.baseutil.Basetest - Validate Click on Class-GVWR is clickable
19:12:51.197 [main] INFO  com.demo.baseutil.Basetest - Clicked on : Click on Class-GVWR
19:12:51.197 [main] INFO  com.demo.baseutil.Basetest - Enter the value into enter the classgvwr
19:12:51.445 [main] INFO  com.demo.baseutil.Basetest - Class I typed into enter the classgvwr
19:12:51.445 [main] INFO  com.demo.baseutil.Basetest - Validate Click on Weight Capacity is clickable
19:12:53.863 [main] INFO  com.demo.baseutil.Basetest - Clicked on : Click on Weight Capacity
19:12:53.863 [main] INFO  com.demo.baseutil.Basetest - Enter the value into enter the weight capacity
19:12:54.109 [main] INFO  com.demo.baseutil.Basetest - 100 typed into enter the weight capacity
19:12:54.109 [main] INFO  com.demo.baseutil.Basetest - Validate UoM is clicked is clickable
19:12:56.533 [main] INFO  com.demo.baseutil.Basetest - Clicked on : UoM is clicked
19:12:56.533 [main] INFO  com.demo.baseutil.Basetest - Validate KGS is selected is clickable
19:12:58.899 [main] INFO  com.demo.baseutil.Basetest - Clicked on : KGS is selected
19:12:58.926 [main] INFO  com.demo.baseutil.Basetest - Scroll down
19:12:58.926 [main] INFO  com.demo.baseutil.Basetest - Validate Click on Add button is clickable
19:13:01.337 [main] INFO  com.demo.baseutil.Basetest - Clicked on : Click on Add button
19:13:02.662 [main] INFO  com.demo.baseutil.Basetest - Browser is closed sucessfuly
19:13:28.318 [main] INFO  com.demo.baseutil.Basetest - Validate Sign in with FarmtoPlate account is clickable
19:13:30.718 [main] INFO  com.demo.baseutil.Basetest - Clicked on : Sign in with FarmtoPlate account
19:13:30.729 [main] INFO  com.demo.baseutil.Basetest - Url contains farmtoplateapps.io/login
19:13:30.737 [main] INFO  com.demo.baseutil.Basetest - Sign in title matched
19:13:30.737 [main] INFO  com.demo.baseutil.Basetest - UI verified for Sigin page.
19:13:30.737 [main] INFO  com.demo.baseutil.Basetest - Sign in function call
19:13:30.737 [main] INFO  com.demo.baseutil.Basetest - Validate email address field is clicked is clickable
19:13:33.020 [main] INFO  com.demo.baseutil.Basetest - Clicked on : email address field is clicked
19:13:33.020 [main] INFO  com.demo.baseutil.Basetest - Enter the value into Email Id Entered
19:13:33.267 [main] INFO  com.demo.baseutil.Basetest - 139@yopmail.com typed into Email Id Entered
19:13:33.268 [main] INFO  com.demo.baseutil.Basetest - Validate Enter the password is clickable
19:13:35.519 [main] INFO  com.demo.baseutil.Basetest - Clicked on : Enter the password
19:13:35.519 [main] INFO  com.demo.baseutil.Basetest - Enter the value into Password Id Entered
19:13:35.806 [main] INFO  com.demo.baseutil.Basetest - Admin@1234 typed into Password Id Entered
19:13:35.829 [main] INFO  com.demo.baseutil.Basetest - Scroll down
19:13:35.829 [main] INFO  com.demo.baseutil.Basetest - Validate Press the signin button is clickable
19:13:38.613 [main] INFO  com.demo.baseutil.Basetest - Clicked on : Press the signin button
19:13:43.006 [main] INFO  com.demo.baseutil.Basetest - HomePage title  is matched
19:13:53.011 [main] INFO  com.demo.baseutil.Basetest - Validate click on trace is clickable
19:13:55.434 [main] INFO  com.demo.baseutil.Basetest - Clicked on : click on trace
19:14:01.517 [main] INFO  com.demo.baseutil.Basetest - Validate Asset & Infrastructure Data is clicked is clickable
19:14:03.901 [main] INFO  com.demo.baseutil.Basetest - Clicked on : Asset & Infrastructure Data is clicked
19:14:05.914 [main] INFO  com.demo.baseutil.Basetest - Validate Infra is clicked is clickable
19:14:08.436 [main] INFO  com.demo.baseutil.Basetest - Clicked on : Infra is clicked
19:14:10.445 [main] INFO  com.demo.baseutil.Basetest - Validate Add new is clicked is clickable
19:14:12.846 [main] INFO  com.demo.baseutil.Basetest - Clicked on : Add new is clicked
19:14:14.861 [main] INFO  com.demo.baseutil.Basetest - Validate Click on Location Name is clickable
19:14:17.197 [main] INFO  com.demo.baseutil.Basetest - Clicked on : Click on Location Name
19:14:17.197 [main] INFO  com.demo.baseutil.Basetest - Enter the value into enter the location name
19:14:17.444 [main] INFO  com.demo.baseutil.Basetest - Warehouse B typed into enter the location name
19:14:17.444 [main] INFO  com.demo.baseutil.Basetest - Validate Asset type is clicked is clickable
19:14:19.833 [main] INFO  com.demo.baseutil.Basetest - Clicked on : Asset type is clicked
19:14:19.833 [main] INFO  com.demo.baseutil.Basetest - Validate vehicle is selected is clickable
19:14:22.163 [main] INFO  com.demo.baseutil.Basetest - Clicked on : vehicle is selected
19:14:22.163 [main] INFO  com.demo.baseutil.Basetest - Validate Click on GLN is clickable
19:14:24.545 [main] INFO  com.demo.baseutil.Basetest - Clicked on : Click on GLN
19:14:24.545 [main] INFO  com.demo.baseutil.Basetest - Enter the value into enter the GLN
19:14:24.903 [main] INFO  com.demo.baseutil.Basetest - 1684810994703 typed into enter the GLN
19:14:24.903 [main] INFO  com.demo.baseutil.Basetest - Validate Click on address is clickable
19:14:27.362 [main] INFO  com.demo.baseutil.Basetest - Clicked on : Click on address
19:14:27.362 [main] INFO  com.demo.baseutil.Basetest - Enter the value into enter the  address
19:14:28.393 [main] INFO  com.demo.baseutil.Basetest - Bangalore Palace, Palace Cross Road, Vasanth Nagar, Bengaluru, Karnataka, India typed into enter the  address
19:14:28.394 [main] INFO  com.demo.baseutil.Basetest - Validate Click on state is clickable
19:14:30.778 [main] INFO  com.demo.baseutil.Basetest - Clicked on : Click on state
19:14:30.778 [main] INFO  com.demo.baseutil.Basetest - Enter the value into Enetered the state
19:14:31.071 [main] INFO  com.demo.baseutil.Basetest - KA typed into Enetered the state
19:14:31.071 [main] INFO  com.demo.baseutil.Basetest - Validate Click on city is clickable
19:14:33.362 [main] INFO  com.demo.baseutil.Basetest - Clicked on : Click on city
19:14:33.362 [main] INFO  com.demo.baseutil.Basetest - Enter the value into Enetered the city
19:14:33.609 [main] INFO  com.demo.baseutil.Basetest - Bengaluru typed into Enetered the city
19:14:33.609 [main] INFO  com.demo.baseutil.Basetest - Validate Click on zip is clickable
19:14:35.946 [main] INFO  com.demo.baseutil.Basetest - Clicked on : Click on zip
19:14:35.946 [main] INFO  com.demo.baseutil.Basetest - Enter the value into Enetred the Zip
19:14:36.273 [main] INFO  com.demo.baseutil.Basetest - 560052 typed into Enetred the Zip
19:14:40.348 [main] INFO  com.demo.baseutil.Basetest - Scroll down
19:14:40.348 [main] INFO  com.demo.baseutil.Basetest - Validate Click on Add button is clickable
19:14:42.653 [main] INFO  com.demo.baseutil.Basetest - Clicked on : Click on Add button
19:14:44.002 [main] INFO  com.demo.baseutil.Basetest - Browser is closed sucessfuly
19:14:56.884 [main] INFO  com.demo.baseutil.Basetest - Validate Sign in with FarmtoPlate account is clickable
19:14:59.168 [main] INFO  com.demo.baseutil.Basetest - Clicked on : Sign in with FarmtoPlate account
19:14:59.183 [main] INFO  com.demo.baseutil.Basetest - Url contains farmtoplateapps.io/login
19:14:59.195 [main] INFO  com.demo.baseutil.Basetest - Sign in title matched
19:14:59.195 [main] INFO  com.demo.baseutil.Basetest - UI verified for Sigin page.
19:14:59.195 [main] INFO  com.demo.baseutil.Basetest - Sign in function call
19:14:59.196 [main] INFO  com.demo.baseutil.Basetest - Validate email address field is clicked is clickable
19:15:01.514 [main] INFO  com.demo.baseutil.Basetest - Clicked on : email address field is clicked
19:15:01.514 [main] INFO  com.demo.baseutil.Basetest - Enter the value into Email Id Entered
19:15:01.759 [main] INFO  com.demo.baseutil.Basetest - 139@yopmail.com typed into Email Id Entered
19:15:01.759 [main] INFO  com.demo.baseutil.Basetest - Validate Enter the password is clickable
19:15:04.015 [main] INFO  com.demo.baseutil.Basetest - Clicked on : Enter the password
19:15:04.015 [main] INFO  com.demo.baseutil.Basetest - Enter the value into Password Id Entered
19:15:04.222 [main] INFO  com.demo.baseutil.Basetest - Admin@1234 typed into Password Id Entered
19:15:04.237 [main] INFO  com.demo.baseutil.Basetest - Scroll down
19:15:04.237 [main] INFO  com.demo.baseutil.Basetest - Validate Press the signin button is clickable
19:15:06.913 [main] INFO  com.demo.baseutil.Basetest - Clicked on : Press the signin button
19:15:10.866 [main] INFO  com.demo.baseutil.Basetest - HomePage title  is matched
19:15:20.878 [main] INFO  com.demo.baseutil.Basetest - Validate click on trace is clickable
19:15:23.331 [main] INFO  com.demo.baseutil.Basetest - Clicked on : click on trace
19:15:31.412 [main] INFO  com.demo.baseutil.Basetest - Scroll down
19:15:33.426 [main] INFO  com.demo.baseutil.Basetest - Validate Products is clicked is clickable
19:15:35.820 [main] INFO  com.demo.baseutil.Basetest - Clicked on : Products is clicked
19:15:40.834 [main] INFO  com.demo.baseutil.Basetest - Validate Add new is clicked is clickable
19:15:43.202 [main] INFO  com.demo.baseutil.Basetest - Clicked on : Add new is clicked
19:15:45.208 [main] INFO  com.demo.baseutil.Basetest - Validate Click on productcategory is clickable
19:15:47.560 [main] INFO  com.demo.baseutil.Basetest - Clicked on : Click on productcategory
19:15:47.560 [main] INFO  com.demo.baseutil.Basetest - Validate productbasedfood is clicked is clickable
19:15:50.013 [main] INFO  com.demo.baseutil.Basetest - Clicked on : productbasedfood is clicked
19:15:50.013 [main] INFO  com.demo.baseutil.Basetest - Validate product name is selected is clickable
19:15:52.382 [main] INFO  com.demo.baseutil.Basetest - Clicked on : product name is selected
19:15:52.383 [main] INFO  com.demo.baseutil.Basetest - Enter the value into enter the product
19:15:52.735 [main] INFO  com.demo.baseutil.Basetest - wheat534 typed into enter the product
19:15:52.736 [main] INFO  com.demo.baseutil.Basetest - Validate Click on productid is clickable
19:15:55.059 [main] INFO  com.demo.baseutil.Basetest - Clicked on : Click on productid
19:15:55.059 [main] INFO  com.demo.baseutil.Basetest - Validate Click on checkbox is clickable
19:15:57.440 [main] INFO  com.demo.baseutil.Basetest - Clicked on : Click on checkbox
19:15:57.440 [main] INFO  com.demo.baseutil.Basetest - Validate Click on autogenerate is clickable
19:15:59.899 [main] INFO  com.demo.baseutil.Basetest - Clicked on : Click on autogenerate
19:15:59.899 [main] INFO  com.demo.baseutil.Basetest - Validate Click on productdesc is clickable
19:16:02.232 [main] INFO  com.demo.baseutil.Basetest - Clicked on : Click on productdesc
19:16:02.232 [main] INFO  com.demo.baseutil.Basetest - Enter the value into Enetered the product desc
19:16:02.505 [main] INFO  com.demo.baseutil.Basetest - test typed into Enetered the product desc
19:16:02.505 [main] INFO  com.demo.baseutil.Basetest - Validate Click on upload is clickable
19:16:04.922 [main] INFO  com.demo.baseutil.Basetest - Clicked on : Click on upload
19:16:09.290 [main] INFO  com.demo.baseutil.Basetest - Scroll down
19:16:11.327 [main] INFO  com.demo.baseutil.Basetest - Scroll down
19:16:11.327 [main] INFO  com.demo.baseutil.Basetest - Validate Click on ingrediant name is clickable
19:16:13.775 [main] INFO  com.demo.baseutil.Basetest - Clicked on : Click on ingrediant name
19:16:13.775 [main] INFO  com.demo.baseutil.Basetest - Enter the value into ingredient name is entered
19:16:14.044 [main] INFO  com.demo.baseutil.Basetest - wheat typed into ingredient name is entered
19:16:15.083 [main] INFO  com.demo.baseutil.Basetest - Scroll down
19:16:17.096 [main] INFO  com.demo.baseutil.Basetest - Validate Click on ingrediant name is clickable
19:16:19.525 [main] INFO  com.demo.baseutil.Basetest - Clicked on : Click on ingrediant name
19:16:19.525 [main] INFO  com.demo.baseutil.Basetest - Enter the value into nutri name is entered
19:16:19.822 [main] INFO  com.demo.baseutil.Basetest - fact typed into nutri name is entered
19:16:19.822 [main] INFO  com.demo.baseutil.Basetest - Validate Click on ingrediant QTY is clickable
19:16:22.143 [main] INFO  com.demo.baseutil.Basetest - Clicked on : Click on ingrediant QTY
19:16:22.143 [main] INFO  com.demo.baseutil.Basetest - Enter the value into nutri qty is entered
19:16:22.434 [main] INFO  com.demo.baseutil.Basetest - 1 typed into nutri qty is entered
19:16:22.436 [main] INFO  com.demo.baseutil.Basetest - Validate Click on ingrediant drop is clickable
19:16:24.763 [main] INFO  com.demo.baseutil.Basetest - Clicked on : Click on ingrediant drop
19:16:26.780 [main] INFO  com.demo.baseutil.Basetest - Validate Click on ingrediant value is clickable
19:16:29.195 [main] INFO  com.demo.baseutil.Basetest - Clicked on : Click on ingrediant value
19:16:31.221 [main] INFO  com.demo.baseutil.Basetest - Scroll down
19:16:33.254 [main] INFO  com.demo.baseutil.Basetest - Scroll down
19:16:33.254 [main] INFO  com.demo.baseutil.Basetest - Validate Click on ingrediant name is clickable
19:16:35.665 [main] INFO  com.demo.baseutil.Basetest - Clicked on : Click on ingrediant name
19:16:35.665 [main] INFO  com.demo.baseutil.Basetest - Validate Click on ingrediant name is clickable
19:16:38.097 [main] INFO  com.demo.baseutil.Basetest - Clicked on : Click on ingrediant name
19:16:38.097 [main] INFO  com.demo.baseutil.Basetest - Validate Click on ingrediant name is clickable
19:16:40.464 [main] INFO  com.demo.baseutil.Basetest - Clicked on : Click on ingrediant name
19:16:40.464 [main] INFO  com.demo.baseutil.Basetest - Enter the value into price is entered
19:16:40.819 [main] INFO  com.demo.baseutil.Basetest - 1 typed into price is entered
19:16:40.819 [main] INFO  com.demo.baseutil.Basetest - Validate Click on currency is clickable
19:16:43.184 [main] INFO  com.demo.baseutil.Basetest - Clicked on : Click on currency
19:16:43.211 [main] INFO  com.demo.baseutil.Basetest - Scroll down
19:16:43.211 [main] INFO  com.demo.baseutil.Basetest - Validate Click on currency value is clickable
19:16:45.688 [main] INFO  com.demo.baseutil.Basetest - Clicked on : Click on currency value
19:16:45.688 [main] INFO  com.demo.baseutil.Basetest - Validate Click on typepacking value is clickable
19:16:48.100 [main] INFO  com.demo.baseutil.Basetest - Clicked on : Click on typepacking value
19:16:48.100 [main] INFO  com.demo.baseutil.Basetest - Enter the value into typepacking is entered
19:16:48.334 [main] INFO  com.demo.baseutil.Basetest - 1 typed into typepacking is entered
19:16:48.334 [main] INFO  com.demo.baseutil.Basetest - Validate Click on length value is clickable
19:16:50.581 [main] INFO  com.demo.baseutil.Basetest - Clicked on : Click on length value
19:16:50.581 [main] INFO  com.demo.baseutil.Basetest - Enter the value into length is entered
19:16:50.906 [main] INFO  com.demo.baseutil.Basetest - 1 typed into length is entered
19:16:50.906 [main] INFO  com.demo.baseutil.Basetest - Validate Click on breath value is clickable
19:16:53.277 [main] INFO  com.demo.baseutil.Basetest - Clicked on : Click on breath value
19:16:53.277 [main] INFO  com.demo.baseutil.Basetest - Enter the value into breath is entered
19:16:53.548 [main] INFO  com.demo.baseutil.Basetest - 1 typed into breath is entered
19:16:53.549 [main] INFO  com.demo.baseutil.Basetest - Validate Click on height value is clickable
19:16:55.998 [main] INFO  com.demo.baseutil.Basetest - Clicked on : Click on height value
19:16:55.998 [main] INFO  com.demo.baseutil.Basetest - Enter the value into height is entered
19:16:56.248 [main] INFO  com.demo.baseutil.Basetest - 1 typed into height is entered
19:16:58.283 [main] INFO  com.demo.baseutil.Basetest - Scroll down
19:17:00.319 [main] INFO  com.demo.baseutil.Basetest - Scroll down
19:17:00.319 [main] INFO  com.demo.baseutil.Basetest - Validate Click on checkbox1 is clickable
19:17:02.784 [main] INFO  com.demo.baseutil.Basetest - Clicked on : Click on checkbox1
19:17:02.801 [main] INFO  com.demo.baseutil.Basetest - Scroll down
19:17:08.937 [main] INFO  com.demo.baseutil.Basetest - Scroll down
19:17:08.937 [main] INFO  com.demo.baseutil.Basetest - Validate Click on gln1 is clickable
19:17:12.075 [main] INFO  com.demo.baseutil.Basetest - Clicked on : Click on gln1
19:17:12.075 [main] INFO  com.demo.baseutil.Basetest - Enter the value into gln1 is entered
19:17:12.466 [main] INFO  com.demo.baseutil.Basetest - 0956265002424 typed into gln1 is entered
19:17:16.482 [main] INFO  com.demo.baseutil.Basetest - Validate Click on autosearch is clickable
19:17:18.920 [main] INFO  com.demo.baseutil.Basetest - Clicked on : Click on autosearch
19:17:20.926 [main] INFO  com.demo.baseutil.Basetest - Validate Click on gln2 is clickable
19:17:23.308 [main] INFO  com.demo.baseutil.Basetest - Clicked on : Click on gln2
19:17:23.308 [main] INFO  com.demo.baseutil.Basetest - Enter the value into gln2 is entered
19:17:23.669 [main] INFO  com.demo.baseutil.Basetest - 0956265002424 typed into gln2 is entered
19:17:25.680 [main] INFO  com.demo.baseutil.Basetest - Validate Click on autosearch is clickable
19:17:28.072 [main] INFO  com.demo.baseutil.Basetest - Clicked on : Click on autosearch
19:17:30.074 [main] INFO  com.demo.baseutil.Basetest - Validate Click on gln3 is clickable
19:17:33.531 [main] INFO  com.demo.baseutil.Basetest - Browser is closed sucessfuly
19:17:34.204 [main] ERROR com.demo.baseutil.Basetest - Failed to close the Browser
