14:12:20.380 [main] INFO  com.demo.baseutil.Basetest - 
14:12:20.395 [main] INFO  com.demo.baseutil.Basetest - Running locally JavaMail
14:12:20.727 [main] INFO  com.demo.baseutil.Basetest2 - Folder creation for Extent
14:12:20.744 [main] INFO  com.demo.baseutil.Basetest - ExtentDir:-C:\Users\Deepti Jindal\eclipse-workspace2\com.NFR.Trace QA latest/reports/Automation Report- 01_15_2025_14_12_20/Report/01_15_2025_14_12_20
14:12:21.083 [main] INFO  com.demo.baseutil.Basetest - Report Initiated
14:12:21.086 [main] INFO  com.demo.baseutil.Basetest - Screenshot folder created
14:12:41.787 [main] INFO  com.demo.baseutil.Basetest - Validate Sign in with FarmtoPlate account is clickable
14:12:45.006 [main] INFO  com.demo.baseutil.Basetest - Clicked on : Sign in with FarmtoPlate account
14:12:45.148 [main] INFO  com.demo.baseutil.Basetest - Url contains farmtoplateapps.io/login
14:12:45.186 [main] INFO  com.demo.baseutil.Basetest - Sign in title matched
14:12:45.187 [main] INFO  com.demo.baseutil.Basetest - UI verified for Sigin page.
14:12:45.187 [main] INFO  com.demo.baseutil.Basetest - Sign in function call
14:12:45.187 [main] INFO  com.demo.baseutil.Basetest - Validate email address field is clicked is clickable
14:12:48.013 [main] INFO  com.demo.baseutil.Basetest - Clicked on : email address field is clicked
14:12:48.015 [main] INFO  com.demo.baseutil.Basetest - Enter the value into Email Id Entered
14:12:48.744 [main] INFO  com.demo.baseutil.Basetest - 139@yopmail.com typed into Email Id Entered
14:12:48.744 [main] INFO  com.demo.baseutil.Basetest - Validate Enter the password is clickable
14:12:51.467 [main] INFO  com.demo.baseutil.Basetest - Clicked on : Enter the password
14:12:51.472 [main] INFO  com.demo.baseutil.Basetest - Enter the value into Password Id Entered
14:12:52.150 [main] INFO  com.demo.baseutil.Basetest - Admin@1234 typed into Password Id Entered
14:12:56.238 [main] INFO  com.demo.baseutil.Basetest - Scroll down
14:12:56.239 [main] INFO  com.demo.baseutil.Basetest - Validate Press the signin button is clickable
14:13:01.172 [main] INFO  com.demo.baseutil.Basetest - Clicked on : Press the signin button
14:13:03.670 [main] INFO  com.demo.baseutil.Basetest - HomePage title  is matched
14:13:13.688 [main] INFO  com.demo.baseutil.Basetest - Validate click on trace is clickable
14:13:16.381 [main] INFO  com.demo.baseutil.Basetest - Clicked on : click on trace
14:13:24.470 [main] INFO  com.demo.baseutil.Basetest - Scroll down
14:13:26.483 [main] INFO  com.demo.baseutil.Basetest - Validate Products is clicked is clickable
14:13:29.576 [main] INFO  com.demo.baseutil.Basetest - Clicked on : Products is clicked
14:13:34.586 [main] INFO  com.demo.baseutil.Basetest - Validate Add new is clicked is clickable
14:13:37.493 [main] INFO  com.demo.baseutil.Basetest - Clicked on : Add new is clicked
14:13:39.495 [main] INFO  com.demo.baseutil.Basetest - Validate Click on productcategory is clickable
14:13:42.115 [main] INFO  com.demo.baseutil.Basetest - Clicked on : Click on productcategory
14:13:42.117 [main] INFO  com.demo.baseutil.Basetest - Validate productbasedfood is clicked is clickable
14:13:44.719 [main] INFO  com.demo.baseutil.Basetest - Clicked on : productbasedfood is clicked
14:13:44.720 [main] INFO  com.demo.baseutil.Basetest - Validate product name is selected is clickable
14:13:47.255 [main] INFO  com.demo.baseutil.Basetest - Clicked on : product name is selected
14:13:47.259 [main] INFO  com.demo.baseutil.Basetest - Enter the value into enter the product
14:13:47.884 [main] INFO  com.demo.baseutil.Basetest - wheat123017641615046102 typed into enter the product
14:13:47.886 [main] INFO  com.demo.baseutil.Basetest - Validate Click on productid is clickable
14:13:50.517 [main] INFO  com.demo.baseutil.Basetest - Clicked on : Click on productid
14:13:50.518 [main] INFO  com.demo.baseutil.Basetest - Validate Click on checkbox is clickable
14:13:53.208 [main] INFO  com.demo.baseutil.Basetest - Clicked on : Click on checkbox
14:13:53.210 [main] INFO  com.demo.baseutil.Basetest - Validate Click on autogenerate is clickable
14:13:56.039 [main] INFO  com.demo.baseutil.Basetest - Clicked on : Click on autogenerate
14:13:56.040 [main] INFO  com.demo.baseutil.Basetest - Validate Click on productdesc is clickable
14:13:58.784 [main] INFO  com.demo.baseutil.Basetest - Clicked on : Click on productdesc
14:13:58.785 [main] INFO  com.demo.baseutil.Basetest - Enter the value into Enetered the product desc
14:13:59.281 [main] INFO  com.demo.baseutil.Basetest - test typed into Enetered the product desc
14:13:59.283 [main] INFO  com.demo.baseutil.Basetest - Validate Click on upload is clickable
14:14:01.917 [main] INFO  com.demo.baseutil.Basetest - Clicked on : Click on upload
14:14:12.598 [main] INFO  com.demo.baseutil.Basetest - Scroll down
14:14:12.601 [main] INFO  com.demo.baseutil.Basetest - Validate Click on ingrediant name is clickable
14:14:15.236 [main] INFO  com.demo.baseutil.Basetest - Clicked on : Click on ingrediant name
14:14:15.237 [main] INFO  com.demo.baseutil.Basetest - Enter the value into ingredient name is entered
14:14:15.718 [main] INFO  com.demo.baseutil.Basetest - wheat typed into ingredient name is entered
14:14:18.739 [main] INFO  com.demo.baseutil.Basetest - Validate Click on ingrediant name is clickable
14:14:21.345 [main] INFO  com.demo.baseutil.Basetest - Clicked on : Click on ingrediant name
14:14:21.346 [main] INFO  com.demo.baseutil.Basetest - Enter the value into nutri name is entered
14:14:21.860 [main] INFO  com.demo.baseutil.Basetest - fact typed into nutri name is entered
14:14:21.863 [main] INFO  com.demo.baseutil.Basetest - Validate Click on ingrediant QTY is clickable
14:14:24.667 [main] INFO  com.demo.baseutil.Basetest - Clicked on : Click on ingrediant QTY
14:14:24.670 [main] INFO  com.demo.baseutil.Basetest - Enter the value into nutri qty is entered
14:14:25.153 [main] INFO  com.demo.baseutil.Basetest - 1 typed into nutri qty is entered
14:14:25.154 [main] INFO  com.demo.baseutil.Basetest - Validate Click on ingrediant drop is clickable
14:14:27.908 [main] INFO  com.demo.baseutil.Basetest - Clicked on : Click on ingrediant drop
14:14:29.927 [main] INFO  com.demo.baseutil.Basetest - Validate Click on ingrediant value is clickable
14:14:32.802 [main] INFO  com.demo.baseutil.Basetest - Clicked on : Click on ingrediant value
14:14:38.933 [main] INFO  com.demo.baseutil.Basetest - Scroll down
14:14:40.973 [main] INFO  com.demo.baseutil.Basetest - Scroll down successful
14:14:40.974 [main] INFO  com.demo.baseutil.Basetest - Validate Click on ingrediant name is clickable
14:14:43.649 [main] INFO  com.demo.baseutil.Basetest - Clicked on : Click on ingrediant name
14:14:43.652 [main] INFO  com.demo.baseutil.Basetest - Validate Click on ingrediant name is clickable
14:14:46.469 [main] INFO  com.demo.baseutil.Basetest - Clicked on : Click on ingrediant name
14:14:46.471 [main] INFO  com.demo.baseutil.Basetest - Validate Click on ingrediant name is clickable
14:14:49.055 [main] INFO  com.demo.baseutil.Basetest - Clicked on : Click on ingrediant name
14:14:49.056 [main] INFO  com.demo.baseutil.Basetest - Enter the value into price is entered
14:14:49.463 [main] INFO  com.demo.baseutil.Basetest - 1 typed into price is entered
14:14:49.464 [main] INFO  com.demo.baseutil.Basetest - Validate Click on currency is clickable
14:14:52.079 [main] INFO  com.demo.baseutil.Basetest - Clicked on : Click on currency
14:14:52.080 [main] INFO  com.demo.baseutil.Basetest - Validate Click on currency value is clickable
14:14:54.641 [main] INFO  com.demo.baseutil.Basetest - Clicked on : Click on currency value
14:14:54.643 [main] INFO  com.demo.baseutil.Basetest - Validate Click on typepacking value is clickable
14:14:57.402 [main] INFO  com.demo.baseutil.Basetest - Clicked on : Click on typepacking value
14:14:57.403 [main] INFO  com.demo.baseutil.Basetest - Enter the value into typepacking is entered
14:14:58.011 [main] INFO  com.demo.baseutil.Basetest - 1 typed into typepacking is entered
14:14:58.013 [main] INFO  com.demo.baseutil.Basetest - Validate Click on length value is clickable
14:15:00.736 [main] INFO  com.demo.baseutil.Basetest - Clicked on : Click on length value
14:15:00.737 [main] INFO  com.demo.baseutil.Basetest - Enter the value into length is entered
14:15:01.238 [main] INFO  com.demo.baseutil.Basetest - 1 typed into length is entered
14:15:01.239 [main] INFO  com.demo.baseutil.Basetest - Validate Click on breath value is clickable
14:15:03.800 [main] INFO  com.demo.baseutil.Basetest - Clicked on : Click on breath value
14:15:03.802 [main] INFO  com.demo.baseutil.Basetest - Enter the value into breath is entered
14:15:04.529 [main] INFO  com.demo.baseutil.Basetest - 1 typed into breath is entered
14:15:04.530 [main] INFO  com.demo.baseutil.Basetest - Validate Click on height value is clickable
14:15:07.450 [main] INFO  com.demo.baseutil.Basetest - Clicked on : Click on height value
14:15:07.450 [main] INFO  com.demo.baseutil.Basetest - Enter the value into height is entered
14:15:08.133 [main] INFO  com.demo.baseutil.Basetest - 1 typed into height is entered
14:15:10.180 [main] INFO  com.demo.baseutil.Basetest - Scroll down successful
14:15:10.182 [main] INFO  com.demo.baseutil.Basetest - Validate Click on checkbox1 is clickable
14:15:12.862 [main] INFO  com.demo.baseutil.Basetest - Clicked on : Click on checkbox1
14:15:21.965 [main] INFO  com.demo.baseutil.Basetest - Scroll down
14:15:21.965 [main] INFO  com.demo.baseutil.Basetest - Validate Click on gln1 is clickable
14:15:24.709 [main] INFO  com.demo.baseutil.Basetest - Clicked on : Click on gln1
14:15:24.711 [main] INFO  com.demo.baseutil.Basetest - Enter the value into gln1 is entered
14:15:25.027 [main] INFO  com.demo.baseutil.Basetest - warehouse typed into gln1 is entered
14:15:29.038 [main] INFO  com.demo.baseutil.Basetest - Validate Click on autosearch is clickable
14:15:31.575 [main] INFO  com.demo.baseutil.Basetest - Clicked on : Click on autosearch
14:15:33.578 [main] INFO  com.demo.baseutil.Basetest - Validate Click on gln2 is clickable
14:15:36.191 [main] INFO  com.demo.baseutil.Basetest - Clicked on : Click on gln2
14:15:36.192 [main] INFO  com.demo.baseutil.Basetest - Enter the value into gln2 is entered
14:15:36.498 [main] INFO  com.demo.baseutil.Basetest - warehouse typed into gln2 is entered
14:15:39.512 [main] INFO  com.demo.baseutil.Basetest - Validate Click on autosearch is clickable
14:15:42.057 [main] INFO  com.demo.baseutil.Basetest - Clicked on : Click on autosearch
14:15:44.071 [main] INFO  com.demo.baseutil.Basetest - Validate Click on gln3 is clickable
14:15:46.794 [main] INFO  com.demo.baseutil.Basetest - Clicked on : Click on gln3
14:15:46.795 [main] INFO  com.demo.baseutil.Basetest - Enter the value into gln3 is entered
14:15:47.271 [main] INFO  com.demo.baseutil.Basetest - warehouse typed into gln3 is entered
14:15:49.283 [main] INFO  com.demo.baseutil.Basetest - Scroll till the scrolldown to table:
14:16:20.150 [main] ERROR com.demo.baseutil.Basetest - Scroll till the scrolldown to table: failed
14:16:22.161 [main] INFO  com.demo.baseutil.Basetest - Validate Click on autosearch is clickable
14:16:24.866 [main] INFO  com.demo.baseutil.Basetest - Clicked on : Click on autosearch
14:16:29.882 [main] INFO  com.demo.baseutil.Basetest - Validate Click on gln5 is clickable
14:16:32.453 [main] INFO  com.demo.baseutil.Basetest - Clicked on : Click on gln5
14:16:32.454 [main] INFO  com.demo.baseutil.Basetest - Enter the value into gln5 is entered
14:16:32.912 [main] INFO  com.demo.baseutil.Basetest - warehouse typed into gln5 is entered
14:16:34.921 [main] INFO  com.demo.baseutil.Basetest - Scroll till the scrolldown to table:
14:17:05.605 [main] ERROR com.demo.baseutil.Basetest - Scroll till the scrolldown to table: failed
14:17:07.622 [main] INFO  com.demo.baseutil.Basetest - Validate Click on autosearch is clickable
14:17:10.467 [main] INFO  com.demo.baseutil.Basetest - Clicked on : Click on autosearch
14:17:15.486 [main] INFO  com.demo.baseutil.Basetest - Validate click on del of ship is clickable
14:17:16.770 [main] INFO  com.demo.baseutil.Basetest - Browser is closed sucessfuly
14:17:19.424 [main] INFO  com.demo.baseutil.Basetest - Browser is closed sucessfuly
14:17:21.828 [main] ERROR com.demo.baseutil.Basetest - Failed to close the Browser
