18:27:30.524 [main] INFO  com.demo.baseutil.Basetest - 
18:27:30.528 [main] INFO  com.demo.baseutil.Basetest - Running locally JavaMail
18:27:30.608 [main] INFO  com.demo.baseutil.Basetest2 - Folder creation for Extent
18:27:30.613 [main] INFO  com.demo.baseutil.Basetest - ExtentDir:-C:\Users\Deepti Jindal\eclipse-workspace\com.NFR.Trace/reports/Automation Report- 05_30_2024_18_27_30/Report/05_30_2024_18_27_30
18:27:30.708 [main] INFO  com.demo.baseutil.Basetest - Report Initiated
18:27:30.709 [main] INFO  com.demo.baseutil.Basetest - Screenshot folder created
18:27:44.051 [main] INFO  com.demo.baseutil.Basetest - Validate Sign in with FarmtoPlate account is clickable
18:27:46.467 [main] INFO  com.demo.baseutil.Basetest - Clicked on : Sign in with FarmtoPlate account
18:27:46.488 [main] INFO  com.demo.baseutil.Basetest - Url contains farmtoplateapps.io/login
18:27:46.496 [main] INFO  com.demo.baseutil.Basetest - Sign in title matched
18:27:46.496 [main] INFO  com.demo.baseutil.Basetest - UI verified for Sigin page.
18:27:46.496 [main] INFO  com.demo.baseutil.Basetest - Sign in function call
18:27:46.496 [main] INFO  com.demo.baseutil.Basetest - Validate email address field is clicked is clickable
18:27:48.721 [main] INFO  com.demo.baseutil.Basetest - Clicked on : email address field is clicked
18:27:48.721 [main] INFO  com.demo.baseutil.Basetest - Enter the value into Email Id Entered
18:27:48.976 [main] INFO  com.demo.baseutil.Basetest - 139@yopmail.com typed into Email Id Entered
18:27:48.976 [main] INFO  com.demo.baseutil.Basetest - Validate Enter the password is clickable
18:27:51.251 [main] INFO  com.demo.baseutil.Basetest - Clicked on : Enter the password
18:27:51.252 [main] INFO  com.demo.baseutil.Basetest - Enter the value into Password Id Entered
18:27:51.486 [main] INFO  com.demo.baseutil.Basetest - Admin@1234 typed into Password Id Entered
18:27:55.549 [main] INFO  com.demo.baseutil.Basetest - Scroll down
18:27:55.549 [main] INFO  com.demo.baseutil.Basetest - Validate Press the signin button is clickable
18:27:58.425 [main] INFO  com.demo.baseutil.Basetest - Clicked on : Press the signin button
18:28:00.439 [main] INFO  com.demo.baseutil.Basetest - HomePage title  is matched
18:28:10.464 [main] INFO  com.demo.baseutil.Basetest - Validate click on trace is clickable
18:28:13.031 [main] INFO  com.demo.baseutil.Basetest - Clicked on : click on trace
18:28:19.116 [main] INFO  com.demo.baseutil.Basetest - Validate Asset & Infrastructure Data is clicked is clickable
18:28:21.583 [main] INFO  com.demo.baseutil.Basetest - Clicked on : Asset & Infrastructure Data is clicked
18:28:23.599 [main] INFO  com.demo.baseutil.Basetest - Validate Assets is clicked is clickable
18:28:26.132 [main] INFO  com.demo.baseutil.Basetest - Clicked on : Assets is clicked
18:28:28.147 [main] INFO  com.demo.baseutil.Basetest - Validate Add new is clicked is clickable
18:28:30.530 [main] INFO  com.demo.baseutil.Basetest - Clicked on : Add new is clicked
18:28:32.532 [main] INFO  com.demo.baseutil.Basetest - Validate Asset type is clicked is clickable
18:28:34.940 [main] INFO  com.demo.baseutil.Basetest - Clicked on : Asset type is clicked
18:28:34.940 [main] INFO  com.demo.baseutil.Basetest - Validate Click on Vehicle Name is clickable
18:28:37.300 [main] INFO  com.demo.baseutil.Basetest - Clicked on : Click on Vehicle Name
18:28:39.310 [main] INFO  com.demo.baseutil.Basetest - Validate container name is clicked is clickable
18:28:41.709 [main] INFO  com.demo.baseutil.Basetest - Clicked on : container name is clicked
18:28:41.709 [main] INFO  com.demo.baseutil.Basetest - Enter the value into enter the container name
18:28:42.123 [main] INFO  com.demo.baseutil.Basetest - container299 typed into enter the container name
18:28:44.134 [main] INFO  com.demo.baseutil.Basetest - Validate length is clicked is clickable
18:28:46.487 [main] INFO  com.demo.baseutil.Basetest - Clicked on : length is clicked
18:28:48.489 [main] INFO  com.demo.baseutil.Basetest - Enter the value into enter the length
18:28:48.834 [main] INFO  com.demo.baseutil.Basetest - 10 typed into enter the length
18:28:48.834 [main] INFO  com.demo.baseutil.Basetest - Validate breadth is clicked is clickable
18:28:51.276 [main] INFO  com.demo.baseutil.Basetest - Clicked on : breadth is clicked
18:28:51.276 [main] INFO  com.demo.baseutil.Basetest - Enter the value into breath entered
18:28:51.508 [main] INFO  com.demo.baseutil.Basetest - 10 typed into breath entered
18:28:53.515 [main] INFO  com.demo.baseutil.Basetest - Validate height is clicked is clickable
18:28:55.820 [main] INFO  com.demo.baseutil.Basetest - Clicked on : height is clicked
18:28:57.830 [main] INFO  com.demo.baseutil.Basetest - Enter the value into height entered
18:28:58.051 [main] INFO  com.demo.baseutil.Basetest - 20 typed into height entered
18:29:00.058 [main] INFO  com.demo.baseutil.Basetest - Validate dom is clicked is clickable
18:29:02.399 [main] INFO  com.demo.baseutil.Basetest - Clicked on : dom is clicked
18:29:04.414 [main] INFO  com.demo.baseutil.Basetest - Validate ft is clicked is clickable
18:29:10.303 [main] INFO  com.demo.baseutil.Basetest - Clicked on : ft is clicked
18:29:12.308 [main] INFO  com.demo.baseutil.Basetest - Validate wt is clicked is clickable
18:29:14.642 [main] INFO  com.demo.baseutil.Basetest - Clicked on : wt is clicked
18:29:16.650 [main] INFO  com.demo.baseutil.Basetest - Enter the value into weight entered
18:29:16.883 [main] INFO  com.demo.baseutil.Basetest - 1000 typed into weight entered
18:29:18.892 [main] INFO  com.demo.baseutil.Basetest - Validate wtcap is clicked is clickable
18:29:21.297 [main] INFO  com.demo.baseutil.Basetest - Clicked on : wtcap is clicked
18:29:23.305 [main] INFO  com.demo.baseutil.Basetest - Validate tons is clicked is clickable
18:29:25.723 [main] INFO  com.demo.baseutil.Basetest - Clicked on : tons is clicked
18:29:27.737 [main] INFO  com.demo.baseutil.Basetest - Validate Click on Add button is clickable
18:29:30.103 [main] INFO  com.demo.baseutil.Basetest - Clicked on : Click on Add button
18:29:31.426 [main] INFO  com.demo.baseutil.Basetest - Browser is closed sucessfuly
18:29:32.376 [main] INFO  com.demo.baseutil.Basetest - Browser is closed sucessfuly
18:29:48.756 [main] INFO  com.demo.baseutil.Basetest - Validate Sign in with FarmtoPlate account is clickable
18:29:51.077 [main] INFO  com.demo.baseutil.Basetest - Clicked on : Sign in with FarmtoPlate account
18:29:51.081 [main] INFO  com.demo.baseutil.Basetest - Url contains farmtoplateapps.io/login
18:29:51.096 [main] INFO  com.demo.baseutil.Basetest - Sign in title matched
18:29:51.096 [main] INFO  com.demo.baseutil.Basetest - UI verified for Sigin page.
18:29:51.096 [main] INFO  com.demo.baseutil.Basetest - Sign in function call
18:29:51.096 [main] INFO  com.demo.baseutil.Basetest - Validate email address field is clicked is clickable
18:29:53.510 [main] INFO  com.demo.baseutil.Basetest - Clicked on : email address field is clicked
18:29:53.510 [main] INFO  com.demo.baseutil.Basetest - Enter the value into Email Id Entered
18:29:53.749 [main] INFO  com.demo.baseutil.Basetest - 139@yopmail.com typed into Email Id Entered
18:29:53.750 [main] INFO  com.demo.baseutil.Basetest - Validate Enter the password is clickable
18:29:56.027 [main] INFO  com.demo.baseutil.Basetest - Clicked on : Enter the password
18:29:56.028 [main] INFO  com.demo.baseutil.Basetest - Enter the value into Password Id Entered
18:29:56.279 [main] INFO  com.demo.baseutil.Basetest - Admin@1234 typed into Password Id Entered
18:30:00.345 [main] INFO  com.demo.baseutil.Basetest - Scroll down
18:30:00.345 [main] INFO  com.demo.baseutil.Basetest - Validate Press the signin button is clickable
18:30:03.290 [main] INFO  com.demo.baseutil.Basetest - Clicked on : Press the signin button
18:30:05.669 [main] INFO  com.demo.baseutil.Basetest - HomePage title  is matched
18:30:15.696 [main] INFO  com.demo.baseutil.Basetest - Validate click on trace is clickable
18:30:18.053 [main] INFO  com.demo.baseutil.Basetest - Clicked on : click on trace
18:30:26.360 [main] INFO  com.demo.baseutil.Basetest - Scroll down
18:30:28.363 [main] INFO  com.demo.baseutil.Basetest - Validate transaction is clicked is clickable
18:30:30.735 [main] INFO  com.demo.baseutil.Basetest - Clicked on : transaction is clicked
18:30:35.789 [main] INFO  com.demo.baseutil.Basetest - Validate add new is clicked is clickable
18:30:38.241 [main] INFO  com.demo.baseutil.Basetest - Clicked on : add new is clicked
18:30:43.248 [main] INFO  com.demo.baseutil.Basetest - Validate Product id is clicked is clickable
18:30:45.693 [main] INFO  com.demo.baseutil.Basetest - Clicked on : Product id is clicked
18:30:47.710 [main] INFO  com.demo.baseutil.Basetest - Enter the value into Saved Value is entered
18:30:47.983 [main] INFO  com.demo.baseutil.Basetest - F2PG10000783 typed into Saved Value is entered
18:30:49.989 [main] INFO  com.demo.baseutil.Basetest - Validate Product id is clicked is clickable
18:30:52.716 [main] INFO  com.demo.baseutil.Basetest - Clicked on : Product id is clicked
18:30:54.723 [main] INFO  com.demo.baseutil.Basetest - Validate Product id is clicked is clickable
18:30:57.071 [main] INFO  com.demo.baseutil.Basetest - Clicked on : Product id is clicked
18:30:59.082 [main] INFO  com.demo.baseutil.Basetest - Validate chooseprocess id is clicked is clickable
18:31:01.424 [main] INFO  com.demo.baseutil.Basetest - Clicked on : chooseprocess id is clicked
18:31:03.428 [main] INFO  com.demo.baseutil.Basetest - Enter the value into Harvestiong/commission is entered
18:31:03.782 [main] INFO  com.demo.baseutil.Basetest - Harvesting typed into Harvestiong/commission is entered
18:31:05.803 [main] INFO  com.demo.baseutil.Basetest - Validate chooseprocess id is clicked is clickable
18:31:08.156 [main] INFO  com.demo.baseutil.Basetest - Clicked on : chooseprocess id is clicked
18:31:11.167 [main] INFO  com.demo.baseutil.Basetest - Validate Process commision is selected is clickable
18:31:13.542 [main] INFO  com.demo.baseutil.Basetest - Clicked on : Process commision is selected
18:31:15.573 [main] INFO  com.demo.baseutil.Basetest - Scroll down successful
18:31:15.573 [main] INFO  com.demo.baseutil.Basetest - Validate date is selected is clickable
18:31:17.938 [main] INFO  com.demo.baseutil.Basetest - Clicked on : date is selected
18:31:18.940 [main] INFO  com.demo.baseutil.Basetest - Validate date netx button is clickable
18:31:21.326 [main] INFO  com.demo.baseutil.Basetest - Clicked on : date netx button
18:31:21.326 [main] INFO  com.demo.baseutil.Basetest - Validate date is entered is clickable
18:31:23.855 [main] INFO  com.demo.baseutil.Basetest - Clicked on : date is entered
18:31:25.863 [main] INFO  com.demo.baseutil.Basetest - Validate date is selected is clickable
18:31:28.279 [main] INFO  com.demo.baseutil.Basetest - Clicked on : date is selected
18:31:34.371 [main] INFO  com.demo.baseutil.Basetest - Scroll down
18:31:34.371 [main] INFO  com.demo.baseutil.Basetest - Validate activity is selected is clickable
18:31:36.723 [main] INFO  com.demo.baseutil.Basetest - Clicked on : activity is selected
18:31:36.738 [main] INFO  com.demo.baseutil.Basetest - Enter the value into activity Value is entered
18:31:37.075 [main] INFO  com.demo.baseutil.Basetest - abcd typed into activity Value is entered
18:31:39.089 [main] INFO  com.demo.baseutil.Basetest - Validate packing type dropdown is selected is clickable
18:31:41.509 [main] INFO  com.demo.baseutil.Basetest - Clicked on : packing type dropdown is selected
18:31:41.509 [main] INFO  com.demo.baseutil.Basetest - Validate packing type dropdown is selected is clickable
18:31:43.933 [main] INFO  com.demo.baseutil.Basetest - Clicked on : packing type dropdown is selected
18:31:50.098 [main] INFO  com.demo.baseutil.Basetest - Scroll down
18:31:50.102 [main] INFO  com.demo.baseutil.Basetest - Validate tlc is clicked is clickable
18:31:52.450 [main] INFO  com.demo.baseutil.Basetest - Clicked on : tlc is clicked
18:31:52.450 [main] INFO  com.demo.baseutil.Basetest - Enter the value into Tlc no is entered
18:31:52.793 [main] INFO  com.demo.baseutil.Basetest - 1234567890 typed into Tlc no is entered
18:31:52.794 [main] INFO  com.demo.baseutil.Basetest - Validate location is clicked is clickable
18:31:55.188 [main] INFO  com.demo.baseutil.Basetest - Clicked on : location is clicked
18:31:55.191 [main] INFO  com.demo.baseutil.Basetest - Enter the value into location no is entered
18:31:55.502 [main] INFO  com.demo.baseutil.Basetest - location typed into location no is entered
18:31:55.502 [main] INFO  com.demo.baseutil.Basetest - Validate commodity is clicked is clickable
18:31:57.874 [main] INFO  com.demo.baseutil.Basetest - Clicked on : commodity is clicked
18:31:57.874 [main] INFO  com.demo.baseutil.Basetest - Enter the value into commodity is entered
18:31:58.162 [main] INFO  com.demo.baseutil.Basetest - commodity typed into commodity is entered
18:32:02.240 [main] INFO  com.demo.baseutil.Basetest - Scroll down
18:32:02.240 [main] INFO  com.demo.baseutil.Basetest - Validate filed is clicked is clickable
18:32:04.675 [main] INFO  com.demo.baseutil.Basetest - Clicked on : filed is clicked
18:32:04.681 [main] INFO  com.demo.baseutil.Basetest - Enter the value into filed is entered
18:32:05.004 [main] INFO  com.demo.baseutil.Basetest - filed typed into filed is entered
18:32:05.008 [main] INFO  com.demo.baseutil.Basetest - Validate container is clicked is clickable
18:32:07.272 [main] INFO  com.demo.baseutil.Basetest - Clicked on : container is clicked
18:32:07.288 [main] INFO  com.demo.baseutil.Basetest - Enter the value into filed is entered
18:32:07.644 [main] INFO  com.demo.baseutil.Basetest - container997 typed into filed is entered
18:32:07.644 [main] INFO  com.demo.baseutil.Basetest - Validate count sgtin is clicked is clickable
18:32:09.966 [main] INFO  com.demo.baseutil.Basetest - Clicked on : count sgtin is clicked
18:32:09.966 [main] INFO  com.demo.baseutil.Basetest - Enter the value into countsgtin is entered
18:32:10.226 [main] INFO  com.demo.baseutil.Basetest - 123 typed into countsgtin is entered
18:32:10.226 [main] INFO  com.demo.baseutil.Basetest - Validate weightsgtin sgtin is clicked is clickable
18:32:12.522 [main] INFO  com.demo.baseutil.Basetest - Clicked on : weightsgtin sgtin is clicked
18:32:12.522 [main] INFO  com.demo.baseutil.Basetest - Enter the value into weightsgtin is entered
18:32:12.807 [main] INFO  com.demo.baseutil.Basetest - 1234567 typed into weightsgtin is entered
18:32:12.808 [main] INFO  com.demo.baseutil.Basetest - Validate itemsgtin sgtin is clicked is clickable
