21:28:08.407 [main] INFO  com.demo.baseutil.Basetest - 
21:28:08.412 [main] INFO  com.demo.baseutil.Basetest - Running locally JavaMail
21:28:08.495 [main] INFO  com.demo.baseutil.Basetest2 - Folder creation for Extent
21:28:08.501 [main] INFO  com.demo.baseutil.Basetest - ExtentDir:-C:\Users\Deepti Jindal\eclipse-workspace2\com.NFR.Trace QA latest/reports/Automation Report- 11_26_2024_21_28_08/Report/11_26_2024_21_28_08
21:28:08.610 [main] INFO  com.demo.baseutil.Basetest - Report Initiated
21:28:08.614 [main] INFO  com.demo.baseutil.Basetest - Screenshot folder created
21:28:21.629 [main] INFO  com.demo.baseutil.Basetest - Validate Sign in with FarmtoPlate account is clickable
21:28:24.051 [main] INFO  com.demo.baseutil.Basetest - Clicked on : Sign in with FarmtoPlate account
21:28:24.068 [main] INFO  com.demo.baseutil.Basetest - Url contains farmtoplateapps.io/login
21:28:24.073 [main] INFO  com.demo.baseutil.Basetest - Sign in title matched
21:28:24.073 [main] INFO  com.demo.baseutil.Basetest - UI verified for Sigin page.
21:28:24.073 [main] INFO  com.demo.baseutil.Basetest - Sign in function call
21:28:24.073 [main] INFO  com.demo.baseutil.Basetest - Validate email address field is clicked is clickable
21:28:26.583 [main] INFO  com.demo.baseutil.Basetest - Clicked on : email address field is clicked
21:28:26.584 [main] INFO  com.demo.baseutil.Basetest - Enter the value into Email Id Entered
21:28:26.969 [main] INFO  com.demo.baseutil.Basetest - 139@yopmail.com typed into Email Id Entered
21:28:26.969 [main] INFO  com.demo.baseutil.Basetest - Validate Enter the password is clickable
21:28:29.311 [main] INFO  com.demo.baseutil.Basetest - Clicked on : Enter the password
21:28:29.311 [main] INFO  com.demo.baseutil.Basetest - Enter the value into Password Id Entered
21:28:29.513 [main] INFO  com.demo.baseutil.Basetest - Admin@1234 typed into Password Id Entered
21:28:33.595 [main] INFO  com.demo.baseutil.Basetest - Scroll down
21:28:33.595 [main] INFO  com.demo.baseutil.Basetest - Validate Press the signin button is clickable
21:28:36.814 [main] INFO  com.demo.baseutil.Basetest - Clicked on : Press the signin button
21:28:39.714 [main] INFO  com.demo.baseutil.Basetest - HomePage title  is matched
21:28:49.731 [main] INFO  com.demo.baseutil.Basetest - Validate click on trace is clickable
21:28:52.235 [main] INFO  com.demo.baseutil.Basetest - Clicked on : click on trace
21:29:00.320 [main] INFO  com.demo.baseutil.Basetest - Scroll down
21:29:02.328 [main] INFO  com.demo.baseutil.Basetest - Validate Products is clicked is clickable
21:29:04.918 [main] INFO  com.demo.baseutil.Basetest - Clicked on : Products is clicked
21:29:09.925 [main] INFO  com.demo.baseutil.Basetest - Validate Add new is clicked is clickable
21:29:12.417 [main] INFO  com.demo.baseutil.Basetest - Clicked on : Add new is clicked
21:29:14.430 [main] INFO  com.demo.baseutil.Basetest - Validate Click on productcategory is clickable
21:29:16.923 [main] INFO  com.demo.baseutil.Basetest - Clicked on : Click on productcategory
21:29:16.923 [main] INFO  com.demo.baseutil.Basetest - Validate productbasedfood is clicked is clickable
21:29:19.350 [main] INFO  com.demo.baseutil.Basetest - Clicked on : productbasedfood is clicked
21:29:19.350 [main] INFO  com.demo.baseutil.Basetest - Validate product name is selected is clickable
21:29:21.763 [main] INFO  com.demo.baseutil.Basetest - Clicked on : product name is selected
21:29:21.763 [main] INFO  com.demo.baseutil.Basetest - Enter the value into enter the product
21:29:22.131 [main] INFO  com.demo.baseutil.Basetest - wheat39635227578131612 typed into enter the product
21:29:22.132 [main] INFO  com.demo.baseutil.Basetest - Validate Click on productid is clickable
21:29:24.509 [main] INFO  com.demo.baseutil.Basetest - Clicked on : Click on productid
21:29:24.509 [main] INFO  com.demo.baseutil.Basetest - Validate Click on checkbox is clickable
21:29:26.980 [main] INFO  com.demo.baseutil.Basetest - Clicked on : Click on checkbox
21:29:26.980 [main] INFO  com.demo.baseutil.Basetest - Validate Click on autogenerate is clickable
21:29:29.393 [main] INFO  com.demo.baseutil.Basetest - Clicked on : Click on autogenerate
21:29:29.393 [main] INFO  com.demo.baseutil.Basetest - Validate Click on productdesc is clickable
21:29:31.756 [main] INFO  com.demo.baseutil.Basetest - Clicked on : Click on productdesc
21:29:31.756 [main] INFO  com.demo.baseutil.Basetest - Enter the value into Enetered the product desc
21:29:31.998 [main] INFO  com.demo.baseutil.Basetest - test typed into Enetered the product desc
21:29:31.998 [main] INFO  com.demo.baseutil.Basetest - Validate Click on upload is clickable
21:29:34.489 [main] INFO  com.demo.baseutil.Basetest - Clicked on : Click on upload
21:29:44.873 [main] INFO  com.demo.baseutil.Basetest - Scroll down
21:29:44.873 [main] INFO  com.demo.baseutil.Basetest - Validate Click on ingrediant name is clickable
21:29:47.324 [main] INFO  com.demo.baseutil.Basetest - Clicked on : Click on ingrediant name
21:29:47.324 [main] INFO  com.demo.baseutil.Basetest - Enter the value into ingredient name is entered
21:29:47.617 [main] INFO  com.demo.baseutil.Basetest - wheat typed into ingredient name is entered
21:29:50.643 [main] INFO  com.demo.baseutil.Basetest - Validate Click on ingrediant name is clickable
21:29:53.044 [main] INFO  com.demo.baseutil.Basetest - Clicked on : Click on ingrediant name
21:29:53.044 [main] INFO  com.demo.baseutil.Basetest - Enter the value into nutri name is entered
21:29:53.319 [main] INFO  com.demo.baseutil.Basetest - fact typed into nutri name is entered
21:29:53.319 [main] INFO  com.demo.baseutil.Basetest - Validate Click on ingrediant QTY is clickable
21:29:55.789 [main] INFO  com.demo.baseutil.Basetest - Clicked on : Click on ingrediant QTY
21:29:55.789 [main] INFO  com.demo.baseutil.Basetest - Enter the value into nutri qty is entered
21:29:56.149 [main] INFO  com.demo.baseutil.Basetest - 1 typed into nutri qty is entered
21:29:56.150 [main] INFO  com.demo.baseutil.Basetest - Validate Click on ingrediant drop is clickable
21:29:58.581 [main] INFO  com.demo.baseutil.Basetest - Clicked on : Click on ingrediant drop
21:30:00.596 [main] INFO  com.demo.baseutil.Basetest - Validate Click on ingrediant value is clickable
21:30:03.013 [main] INFO  com.demo.baseutil.Basetest - Clicked on : Click on ingrediant value
21:30:09.072 [main] INFO  com.demo.baseutil.Basetest - Scroll down
21:30:11.098 [main] INFO  com.demo.baseutil.Basetest - Scroll down successful
21:30:11.098 [main] INFO  com.demo.baseutil.Basetest - Validate Click on ingrediant name is clickable
21:30:13.517 [main] INFO  com.demo.baseutil.Basetest - Clicked on : Click on ingrediant name
21:30:13.517 [main] INFO  com.demo.baseutil.Basetest - Validate Click on ingrediant name is clickable
21:30:16.009 [main] INFO  com.demo.baseutil.Basetest - Clicked on : Click on ingrediant name
21:30:16.009 [main] INFO  com.demo.baseutil.Basetest - Validate Click on ingrediant name is clickable
21:30:18.557 [main] INFO  com.demo.baseutil.Basetest - Clicked on : Click on ingrediant name
21:30:18.557 [main] INFO  com.demo.baseutil.Basetest - Enter the value into price is entered
21:30:18.946 [main] INFO  com.demo.baseutil.Basetest - 1 typed into price is entered
21:30:18.946 [main] INFO  com.demo.baseutil.Basetest - Validate Click on currency is clickable
21:30:21.305 [main] INFO  com.demo.baseutil.Basetest - Clicked on : Click on currency
21:30:21.305 [main] INFO  com.demo.baseutil.Basetest - Validate Click on currency value is clickable
21:30:23.697 [main] INFO  com.demo.baseutil.Basetest - Clicked on : Click on currency value
21:30:23.697 [main] INFO  com.demo.baseutil.Basetest - Validate Click on typepacking value is clickable
21:30:26.127 [main] INFO  com.demo.baseutil.Basetest - Clicked on : Click on typepacking value
21:30:26.127 [main] INFO  com.demo.baseutil.Basetest - Enter the value into typepacking is entered
21:30:26.431 [main] INFO  com.demo.baseutil.Basetest - 1 typed into typepacking is entered
21:30:26.434 [main] INFO  com.demo.baseutil.Basetest - Validate Click on length value is clickable
21:30:28.878 [main] INFO  com.demo.baseutil.Basetest - Clicked on : Click on length value
21:30:28.878 [main] INFO  com.demo.baseutil.Basetest - Enter the value into length is entered
21:30:29.105 [main] INFO  com.demo.baseutil.Basetest - 1 typed into length is entered
21:30:29.114 [main] INFO  com.demo.baseutil.Basetest - Validate Click on breath value is clickable
21:30:30.780 [main] INFO  com.demo.baseutil.Basetest - Browser is closed sucessfuly
21:30:31.449 [main] INFO  com.demo.baseutil.Basetest - Browser is closed sucessfuly
21:30:34.559 [main] ERROR com.demo.baseutil.Basetest - Failed to launch the Browser
21:30:34.559 [main] INFO  com.demo.baseutil.Basetest - Validate Sign in with FarmtoPlate account is clickable
21:31:05.079 [main] ERROR com.demo.baseutil.Basetest - Sign in with FarmtoPlate account is not clickable
21:31:05.079 [main] ERROR com.demo.baseutil.Basetest - Unable to click on Sign in with FarmtoPlate account
21:31:35.363 [main] ERROR com.demo.baseutil.Basetest - disconnected: not connected to DevTools
  (failed to check if window was closed: disconnected: not connected to DevTools)
  (Session info: chrome=131.0.6778.86)
Build info: version: '3.141.59', revision: 'e82be7d358', time: '2018-11-14T08:17:03'
System info: host: 'PARAMOUNT-151', ip: '192.168.29.169', os.name: 'Windows 11', os.arch: 'amd64', os.version: '10.0', java.version: '21.0.2'
Driver info: org.openqa.selenium.chrome.ChromeDriver
Capabilities {acceptInsecureCerts: false, browserName: chrome, browserVersion: 131.0.6778.86, chrome: {chromedriverVersion: 131.0.6778.85 (3d81e41b6f3a..., userDataDir: C:\Users\DEEPTI~1\AppData\L...}, fedcm:accounts: true, goog:chromeOptions: {debuggerAddress: localhost:64580}, javascriptEnabled: true, networkConnectionEnabled: false, pageLoadStrategy: normal, platform: WINDOWS, platformName: WINDOWS, proxy: Proxy(), setWindowRect: true, strictFileInteractability: false, timeouts: {implicit: 0, pageLoad: 300000, script: 30000}, unhandledPromptBehavior: dismiss and notify, webauthn:extension:credBlob: true, webauthn:extension:largeBlob: true, webauthn:extension:minPinLength: true, webauthn:extension:prf: true, webauthn:virtualAuthenticators: true}
Session ID: fd3931d77168ec09fcc5be4b01df3e28
