18:55:14.403 [main] INFO  com.demo.baseutil.Basetest - 
18:55:14.411 [main] INFO  com.demo.baseutil.Basetest - Running locally JavaMail
18:55:14.589 [main] INFO  com.demo.baseutil.Basetest2 - Folder creation for Extent
18:55:14.611 [main] INFO  com.demo.baseutil.Basetest - ExtentDir:-C:\Users\Deepti Jindal\eclipse-workspace2\com.NFR.Trace QA latest/reports/Automation Report- 01_14_2025_18_55_14/Report/01_14_2025_18_55_14
18:55:14.913 [main] INFO  com.demo.baseutil.Basetest - Report Initiated
18:55:14.920 [main] INFO  com.demo.baseutil.Basetest - Screenshot folder created
18:56:01.066 [main] INFO  com.demo.baseutil.Basetest - Validate Sign in with FarmtoPlate account is clickable
18:56:04.403 [main] INFO  com.demo.baseutil.Basetest - Clicked on : Sign in with FarmtoPlate account
18:56:04.781 [main] INFO  com.demo.baseutil.Basetest - Url contains farmtoplateapps.io/login
18:56:04.806 [main] INFO  com.demo.baseutil.Basetest - Sign in title matched
18:56:04.807 [main] INFO  com.demo.baseutil.Basetest - UI verified for Sigin page.
18:56:04.808 [main] INFO  com.demo.baseutil.Basetest - Sign in function call
18:56:04.808 [main] INFO  com.demo.baseutil.Basetest - Validate email address field is clicked is clickable
18:56:07.169 [main] INFO  com.demo.baseutil.Basetest - Clicked on : email address field is clicked
18:56:07.170 [main] INFO  com.demo.baseutil.Basetest - Enter the value into Email Id Entered
18:56:07.691 [main] INFO  com.demo.baseutil.Basetest - distributorqa@yopmail.com typed into Email Id Entered
18:56:07.691 [main] INFO  com.demo.baseutil.Basetest - Validate Enter the password is clickable
18:56:10.363 [main] INFO  com.demo.baseutil.Basetest - Clicked on : Enter the password
18:56:10.367 [main] INFO  com.demo.baseutil.Basetest - Enter the value into Password Id Entered
18:56:10.940 [main] INFO  com.demo.baseutil.Basetest - Admin@1234 typed into Password Id Entered
18:56:15.033 [main] INFO  com.demo.baseutil.Basetest - Scroll down
18:56:15.033 [main] INFO  com.demo.baseutil.Basetest - Validate Press the signin button is clickable
18:56:21.788 [main] INFO  com.demo.baseutil.Basetest - Clicked on : Press the signin button
18:56:25.134 [main] INFO  com.demo.baseutil.Basetest - HomePage title  is matched
18:56:35.161 [main] INFO  com.demo.baseutil.Basetest - Validate click on trace is clickable
18:56:38.314 [main] INFO  com.demo.baseutil.Basetest - Clicked on : click on trace
18:56:40.333 [main] INFO  com.demo.baseutil.Basetest - Validate click on questionbank is clickable
18:57:25.486 [main] ERROR com.demo.baseutil.Basetest - click on questionbank is not clickable
18:57:25.654 [main] ERROR com.demo.baseutil.Basetest - Unable to click on click on questionbank
