19:28:53.734 [main] INFO  com.demo.baseutil.Basetest - 
19:28:53.739 [main] INFO  com.demo.baseutil.Basetest - Running locally JavaMail
19:28:53.802 [main] INFO  com.demo.baseutil.Basetest2 - Folder creation for Extent
19:28:53.806 [main] INFO  com.demo.baseutil.Basetest - ExtentDir:-C:\Users\Deepti Jindal\eclipse-workspace2\com.NFR.Trace/reports/Automation Report- 06_26_2024_19_28_53/Report/06_26_2024_19_28_53
19:28:53.877 [main] INFO  com.demo.baseutil.Basetest - Report Initiated
19:28:53.878 [main] INFO  com.demo.baseutil.Basetest - Screenshot folder created
19:29:09.996 [main] INFO  com.demo.baseutil.Basetest - Validate Sign in with FarmtoPlate account is clickable
19:29:12.295 [main] INFO  com.demo.baseutil.Basetest - Clicked on : Sign in with FarmtoPlate account
19:29:12.310 [main] INFO  com.demo.baseutil.Basetest - Url contains farmtoplateapps.io/login
19:29:12.317 [main] INFO  com.demo.baseutil.Basetest - Sign in title matched
19:29:12.317 [main] INFO  com.demo.baseutil.Basetest - UI verified for Sigin page.
19:29:12.317 [main] INFO  com.demo.baseutil.Basetest - Sign in function call
19:29:12.317 [main] INFO  com.demo.baseutil.Basetest - Validate email address field is clicked is clickable
19:29:14.548 [main] INFO  com.demo.baseutil.Basetest - Clicked on : email address field is clicked
19:29:14.549 [main] INFO  com.demo.baseutil.Basetest - Enter the value into Email Id Entered
19:29:14.825 [main] INFO  com.demo.baseutil.Basetest - 139@yopmail.com typed into Email Id Entered
19:29:14.826 [main] INFO  com.demo.baseutil.Basetest - Validate Enter the password is clickable
19:29:17.129 [main] INFO  com.demo.baseutil.Basetest - Clicked on : Enter the password
19:29:17.129 [main] INFO  com.demo.baseutil.Basetest - Enter the value into Password Id Entered
19:29:17.328 [main] INFO  com.demo.baseutil.Basetest - Admin@1234 typed into Password Id Entered
19:29:21.406 [main] INFO  com.demo.baseutil.Basetest - Scroll down
19:29:21.406 [main] INFO  com.demo.baseutil.Basetest - Validate Press the signin button is clickable
19:29:24.106 [main] INFO  com.demo.baseutil.Basetest - Clicked on : Press the signin button
19:29:26.284 [main] INFO  com.demo.baseutil.Basetest - HomePage title  is matched
19:29:44.318 [main] INFO  com.demo.baseutil.Basetest - Validate click on trace is clickable
19:29:46.751 [main] INFO  com.demo.baseutil.Basetest - Clicked on : click on trace
19:29:54.846 [main] INFO  com.demo.baseutil.Basetest - Scroll down
19:29:56.850 [main] INFO  com.demo.baseutil.Basetest - Validate Process is clicked is clickable
19:29:59.348 [main] INFO  com.demo.baseutil.Basetest - Clicked on : Process is clicked
19:30:04.359 [main] INFO  com.demo.baseutil.Basetest - Validate Process add is clicked is clickable
19:30:06.808 [main] INFO  com.demo.baseutil.Basetest - Clicked on : Process add is clicked
19:30:11.811 [main] INFO  com.demo.baseutil.Basetest - Validate Product id is clicked is clickable
19:30:53.103 [main] ERROR com.demo.baseutil.Basetest - Product id is clicked is not clickable
19:30:53.103 [main] ERROR com.demo.baseutil.Basetest - Unable to click on Product id is clicked
19:31:34.536 [main] INFO  com.demo.baseutil.Basetest - Browser is closed sucessfuly
19:31:34.902 [main] INFO  com.demo.baseutil.Basetest - Browser is closed sucessfuly
19:31:35.127 [main] ERROR com.demo.baseutil.Basetest - Failed to close the Browser
