19:33:51.632 [main] INFO  com.demo.baseutil.Basetest - 
19:33:51.636 [main] INFO  com.demo.baseutil.Basetest - Running locally JavaMail
19:33:51.781 [main] INFO  com.demo.baseutil.Basetest2 - Folder creation for Extent
19:33:51.794 [main] INFO  com.demo.baseutil.Basetest - ExtentDir:-C:\Users\Deepti Jindal\eclipse-workspace2\com.NFR.Trace/reports/Automation Report- 07_29_2024_19_33_51/Report/07_29_2024_19_33_51
19:33:51.945 [main] INFO  com.demo.baseutil.Basetest - Report Initiated
19:33:51.946 [main] INFO  com.demo.baseutil.Basetest - Screenshot folder created
19:34:07.754 [main] INFO  com.demo.baseutil.Basetest - Validate Sign in with FarmtoPlate account is clickable
19:34:10.145 [main] INFO  com.demo.baseutil.Basetest - Clicked on : Sign in with FarmtoPlate account
19:34:10.156 [main] INFO  com.demo.baseutil.Basetest - Url contains farmtoplateapps.io/login
19:34:10.164 [main] INFO  com.demo.baseutil.Basetest - Sign in title matched
19:34:10.164 [main] INFO  com.demo.baseutil.Basetest - UI verified for Sigin page.
19:34:10.164 [main] INFO  com.demo.baseutil.Basetest - Sign in function call
19:34:10.164 [main] INFO  com.demo.baseutil.Basetest - Validate email address field is clicked is clickable
19:34:12.397 [main] INFO  com.demo.baseutil.Basetest - Clicked on : email address field is clicked
19:34:12.397 [main] INFO  com.demo.baseutil.Basetest - Enter the value into Email Id Entered
19:34:12.744 [main] INFO  com.demo.baseutil.Basetest - 139@yopmail.com typed into Email Id Entered
19:34:12.745 [main] INFO  com.demo.baseutil.Basetest - Validate Enter the password is clickable
19:34:15.139 [main] INFO  com.demo.baseutil.Basetest - Clicked on : Enter the password
19:34:15.139 [main] INFO  com.demo.baseutil.Basetest - Enter the value into Password Id Entered
19:34:15.395 [main] INFO  com.demo.baseutil.Basetest - Admin@1234 typed into Password Id Entered
19:34:19.458 [main] INFO  com.demo.baseutil.Basetest - Scroll down
19:34:19.458 [main] INFO  com.demo.baseutil.Basetest - Validate Press the signin button is clickable
19:34:22.296 [main] INFO  com.demo.baseutil.Basetest - Clicked on : Press the signin button
19:34:24.313 [main] INFO  com.demo.baseutil.Basetest - HomePage title  is matched
19:34:34.338 [main] INFO  com.demo.baseutil.Basetest - Validate click on trace is clickable
19:34:36.763 [main] INFO  com.demo.baseutil.Basetest - Clicked on : click on trace
19:34:38.780 [main] INFO  com.demo.baseutil.Basetest - Validate click on dashboard is clickable
19:35:09.293 [main] ERROR com.demo.baseutil.Basetest - click on dashboard is not clickable
19:35:09.293 [main] ERROR com.demo.baseutil.Basetest - Unable to click on click on dashboard
