16:25:45.996 [main] INFO  com.demo.baseutil.Basetest - 
16:25:46.003 [main] INFO  com.demo.baseutil.Basetest - Running locally JavaMail
16:25:46.212 [main] INFO  com.demo.baseutil.Basetest2 - Folder creation for Extent
16:25:46.232 [main] INFO  com.demo.baseutil.Basetest - ExtentDir:-C:\Users\Deepti Jindal\eclipse-workspace2\com.NFR.Trace/reports/Automation Report- 07_30_2024_16_25_46/Report/07_30_2024_16_25_46
16:25:46.507 [main] INFO  com.demo.baseutil.Basetest - Report Initiated
16:25:46.515 [main] INFO  com.demo.baseutil.Basetest - Screenshot folder created
16:26:10.026 [main] INFO  com.demo.baseutil.Basetest - Validate Sign in with FarmtoPlate account is clickable
16:26:12.665 [main] INFO  com.demo.baseutil.Basetest - Clicked on : Sign in with FarmtoPlate account
16:26:12.691 [main] INFO  com.demo.baseutil.Basetest - Url contains farmtoplateapps.io/login
16:26:12.702 [main] INFO  com.demo.baseutil.Basetest - Sign in title matched
16:26:12.702 [main] INFO  com.demo.baseutil.Basetest - UI verified for Sigin page.
16:26:12.702 [main] INFO  com.demo.baseutil.Basetest - Sign in function call
16:26:12.702 [main] INFO  com.demo.baseutil.Basetest - Validate email address field is clicked is clickable
16:26:15.535 [main] INFO  com.demo.baseutil.Basetest - Clicked on : email address field is clicked
16:26:15.536 [main] INFO  com.demo.baseutil.Basetest - Enter the value into Email Id Entered
16:26:15.986 [main] INFO  com.demo.baseutil.Basetest - 139@yopmail.com typed into Email Id Entered
16:26:15.986 [main] INFO  com.demo.baseutil.Basetest - Validate Enter the password is clickable
16:26:18.434 [main] INFO  com.demo.baseutil.Basetest - Clicked on : Enter the password
16:26:18.434 [main] INFO  com.demo.baseutil.Basetest - Enter the value into Password Id Entered
16:26:18.760 [main] INFO  com.demo.baseutil.Basetest - Admin@1234 typed into Password Id Entered
16:26:22.833 [main] INFO  com.demo.baseutil.Basetest - Scroll down
16:26:22.834 [main] INFO  com.demo.baseutil.Basetest - Validate Press the signin button is clickable
16:26:25.899 [main] INFO  com.demo.baseutil.Basetest - Clicked on : Press the signin button
16:26:28.156 [main] INFO  com.demo.baseutil.Basetest - HomePage title  is matched
16:26:42.264 [main] INFO  com.demo.baseutil.Basetest - Scroll down
16:26:44.265 [main] INFO  com.demo.baseutil.Basetest - Validate Products is clicked is clickable
16:26:46.779 [main] INFO  com.demo.baseutil.Basetest - Clicked on : Products is clicked
16:26:51.791 [main] INFO  com.demo.baseutil.Basetest - Validate Add new is clicked is clickable
16:26:54.511 [main] INFO  com.demo.baseutil.Basetest - Clicked on : Add new is clicked
16:26:56.513 [main] INFO  com.demo.baseutil.Basetest - Validate Click on productcategory is clickable
16:26:59.043 [main] INFO  com.demo.baseutil.Basetest - Clicked on : Click on productcategory
16:26:59.052 [main] INFO  com.demo.baseutil.Basetest - Validate productbasedfood is clicked is clickable
16:27:01.801 [main] INFO  com.demo.baseutil.Basetest - Clicked on : productbasedfood is clicked
16:27:01.802 [main] INFO  com.demo.baseutil.Basetest - Validate product name is selected is clickable
16:27:04.427 [main] INFO  com.demo.baseutil.Basetest - Clicked on : product name is selected
16:27:04.430 [main] INFO  com.demo.baseutil.Basetest - Enter the value into enter the product
16:27:05.408 [main] INFO  com.demo.baseutil.Basetest - wheat9183 typed into enter the product
16:27:05.410 [main] INFO  com.demo.baseutil.Basetest - Validate Click on productid is clickable
16:27:08.703 [main] INFO  com.demo.baseutil.Basetest - Clicked on : Click on productid
16:27:08.705 [main] INFO  com.demo.baseutil.Basetest - Validate Click on checkbox is clickable
16:27:12.003 [main] INFO  com.demo.baseutil.Basetest - Clicked on : Click on checkbox
16:27:12.006 [main] INFO  com.demo.baseutil.Basetest - Validate Click on autogenerate is clickable
16:27:15.832 [main] INFO  com.demo.baseutil.Basetest - Clicked on : Click on autogenerate
16:27:15.834 [main] INFO  com.demo.baseutil.Basetest - Validate Click on productdesc is clickable
16:27:18.435 [main] INFO  com.demo.baseutil.Basetest - Clicked on : Click on productdesc
16:27:18.444 [main] INFO  com.demo.baseutil.Basetest - Enter the value into Enetered the product desc
16:27:19.094 [main] INFO  com.demo.baseutil.Basetest - test typed into Enetered the product desc
16:27:19.096 [main] INFO  com.demo.baseutil.Basetest - Validate Click on upload is clickable
16:27:21.855 [main] INFO  com.demo.baseutil.Basetest - Clicked on : Click on upload
16:27:34.664 [main] INFO  com.demo.baseutil.Basetest - Scroll down
16:27:34.666 [main] INFO  com.demo.baseutil.Basetest - Validate Click on ingrediant name is clickable
16:27:37.570 [main] INFO  com.demo.baseutil.Basetest - Clicked on : Click on ingrediant name
16:27:37.571 [main] INFO  com.demo.baseutil.Basetest - Enter the value into ingredient name is entered
16:27:38.372 [main] INFO  com.demo.baseutil.Basetest - wheat typed into ingredient name is entered
16:27:41.404 [main] INFO  com.demo.baseutil.Basetest - Validate Click on ingrediant name is clickable
16:27:44.431 [main] INFO  com.demo.baseutil.Basetest - Clicked on : Click on ingrediant name
16:27:44.433 [main] INFO  com.demo.baseutil.Basetest - Enter the value into nutri name is entered
16:27:45.145 [main] INFO  com.demo.baseutil.Basetest - fact typed into nutri name is entered
16:27:45.147 [main] INFO  com.demo.baseutil.Basetest - Validate Click on ingrediant QTY is clickable
16:27:48.182 [main] INFO  com.demo.baseutil.Basetest - Clicked on : Click on ingrediant QTY
16:27:48.190 [main] INFO  com.demo.baseutil.Basetest - Enter the value into nutri qty is entered
16:27:49.154 [main] INFO  com.demo.baseutil.Basetest - 1 typed into nutri qty is entered
16:27:49.155 [main] INFO  com.demo.baseutil.Basetest - Validate Click on ingrediant drop is clickable
16:27:52.421 [main] INFO  com.demo.baseutil.Basetest - Clicked on : Click on ingrediant drop
16:27:54.431 [main] INFO  com.demo.baseutil.Basetest - Validate Click on ingrediant value is clickable
16:27:57.721 [main] INFO  com.demo.baseutil.Basetest - Clicked on : Click on ingrediant value
16:28:03.838 [main] INFO  com.demo.baseutil.Basetest - Scroll down
16:28:05.887 [main] INFO  com.demo.baseutil.Basetest - Scroll down successful
16:28:05.887 [main] INFO  com.demo.baseutil.Basetest - Validate Click on ingrediant name is clickable
16:28:09.876 [main] INFO  com.demo.baseutil.Basetest - Clicked on : Click on ingrediant name
16:28:09.878 [main] INFO  com.demo.baseutil.Basetest - Validate Click on ingrediant name is clickable
16:28:13.019 [main] INFO  com.demo.baseutil.Basetest - Clicked on : Click on ingrediant name
16:28:13.021 [main] INFO  com.demo.baseutil.Basetest - Validate Click on ingrediant name is clickable
16:28:16.621 [main] INFO  com.demo.baseutil.Basetest - Clicked on : Click on ingrediant name
16:28:16.624 [main] INFO  com.demo.baseutil.Basetest - Enter the value into price is entered
16:28:17.333 [main] INFO  com.demo.baseutil.Basetest - 1 typed into price is entered
16:28:17.338 [main] INFO  com.demo.baseutil.Basetest - Validate Click on currency is clickable
16:28:20.117 [main] INFO  com.demo.baseutil.Basetest - Clicked on : Click on currency
16:28:20.121 [main] INFO  com.demo.baseutil.Basetest - Validate Click on currency value is clickable
16:28:22.857 [main] INFO  com.demo.baseutil.Basetest - Clicked on : Click on currency value
16:28:22.859 [main] INFO  com.demo.baseutil.Basetest - Validate Click on typepacking value is clickable
16:28:25.514 [main] INFO  com.demo.baseutil.Basetest - Clicked on : Click on typepacking value
16:28:25.515 [main] INFO  com.demo.baseutil.Basetest - Enter the value into typepacking is entered
16:28:26.118 [main] INFO  com.demo.baseutil.Basetest - 1 typed into typepacking is entered
16:28:26.119 [main] INFO  com.demo.baseutil.Basetest - Validate Click on length value is clickable
16:28:28.577 [main] INFO  com.demo.baseutil.Basetest - Clicked on : Click on length value
16:28:28.579 [main] INFO  com.demo.baseutil.Basetest - Enter the value into length is entered
16:28:29.149 [main] INFO  com.demo.baseutil.Basetest - 1 typed into length is entered
16:28:29.150 [main] INFO  com.demo.baseutil.Basetest - Validate Click on breath value is clickable
16:28:31.857 [main] INFO  com.demo.baseutil.Basetest - Clicked on : Click on breath value
16:28:31.859 [main] INFO  com.demo.baseutil.Basetest - Enter the value into breath is entered
16:28:32.466 [main] INFO  com.demo.baseutil.Basetest - 1 typed into breath is entered
16:28:32.469 [main] INFO  com.demo.baseutil.Basetest - Validate Click on height value is clickable
16:28:35.274 [main] INFO  com.demo.baseutil.Basetest - Clicked on : Click on height value
16:28:35.275 [main] INFO  com.demo.baseutil.Basetest - Enter the value into height is entered
16:28:35.833 [main] INFO  com.demo.baseutil.Basetest - 1 typed into height is entered
16:28:37.873 [main] INFO  com.demo.baseutil.Basetest - Scroll down successful
16:28:37.876 [main] INFO  com.demo.baseutil.Basetest - Validate Click on checkbox1 is clickable
16:28:40.484 [main] INFO  com.demo.baseutil.Basetest - Clicked on : Click on checkbox1
16:28:49.577 [main] INFO  com.demo.baseutil.Basetest - Scroll down
16:28:49.577 [main] INFO  com.demo.baseutil.Basetest - Validate Click on gln1 is clickable
16:28:52.258 [main] INFO  com.demo.baseutil.Basetest - Clicked on : Click on gln1
16:28:52.261 [main] INFO  com.demo.baseutil.Basetest - Enter the value into gln1 is entered
16:28:52.812 [main] INFO  com.demo.baseutil.Basetest - warehouse typed into gln1 is entered
16:28:56.818 [main] INFO  com.demo.baseutil.Basetest - Validate Click on autosearch is clickable
16:28:59.481 [main] INFO  com.demo.baseutil.Basetest - Clicked on : Click on autosearch
16:29:01.489 [main] INFO  com.demo.baseutil.Basetest - Validate Click on gln2 is clickable
16:29:04.315 [main] INFO  com.demo.baseutil.Basetest - Clicked on : Click on gln2
16:29:04.320 [main] INFO  com.demo.baseutil.Basetest - Enter the value into gln2 is entered
16:29:04.817 [main] INFO  com.demo.baseutil.Basetest - warehouse typed into gln2 is entered
16:29:08.822 [main] INFO  com.demo.baseutil.Basetest - Validate Click on autosearch is clickable
16:29:11.553 [main] INFO  com.demo.baseutil.Basetest - Clicked on : Click on autosearch
16:29:16.568 [main] INFO  com.demo.baseutil.Basetest - Validate Click on gln3 is clickable
16:29:19.425 [main] INFO  com.demo.baseutil.Basetest - Clicked on : Click on gln3
16:29:19.427 [main] INFO  com.demo.baseutil.Basetest - Enter the value into gln3 is entered
16:29:20.074 [main] INFO  com.demo.baseutil.Basetest - warehouse typed into gln3 is entered
16:29:22.082 [main] INFO  com.demo.baseutil.Basetest - Scroll till the scrolldown to table:
16:29:22.289 [main] INFO  com.demo.baseutil.Basetest - Scroll till the scrolldown to table: completed
16:29:24.296 [main] INFO  com.demo.baseutil.Basetest - Validate Click on autosearch is clickable
16:29:26.778 [main] INFO  com.demo.baseutil.Basetest - Clicked on : Click on autosearch
16:29:32.858 [main] INFO  com.demo.baseutil.Basetest - Scroll down
16:29:34.942 [main] INFO  com.demo.baseutil.Basetest - Validate Click on registerproduct is clickable
16:29:37.555 [main] INFO  com.demo.baseutil.Basetest - Clicked on : Click on registerproduct
16:30:12.061 [main] INFO  com.demo.baseutil.Basetest - Browser is closed sucessfuly
16:30:17.855 [main] INFO  com.demo.baseutil.Basetest - Browser is closed sucessfuly
16:30:48.044 [main] INFO  com.demo.baseutil.Basetest - Validate Sign in with FarmtoPlate account is clickable
16:30:51.160 [main] INFO  com.demo.baseutil.Basetest - Clicked on : Sign in with FarmtoPlate account
16:30:51.361 [main] INFO  com.demo.baseutil.Basetest - Url contains farmtoplateapps.io/login
16:30:51.425 [main] INFO  com.demo.baseutil.Basetest - Sign in title matched
16:30:51.425 [main] INFO  com.demo.baseutil.Basetest - UI verified for Sigin page.
16:30:51.425 [main] INFO  com.demo.baseutil.Basetest - Sign in function call
16:30:51.425 [main] INFO  com.demo.baseutil.Basetest - Validate email address field is clicked is clickable
16:30:54.028 [main] INFO  com.demo.baseutil.Basetest - Clicked on : email address field is clicked
16:30:54.029 [main] INFO  com.demo.baseutil.Basetest - Enter the value into Email Id Entered
16:30:54.501 [main] INFO  com.demo.baseutil.Basetest - 139@yopmail.com typed into Email Id Entered
16:30:54.502 [main] INFO  com.demo.baseutil.Basetest - Validate Enter the password is clickable
16:30:56.903 [main] INFO  com.demo.baseutil.Basetest - Clicked on : Enter the password
16:30:56.904 [main] INFO  com.demo.baseutil.Basetest - Enter the value into Password Id Entered
16:30:57.339 [main] INFO  com.demo.baseutil.Basetest - Admin@1234 typed into Password Id Entered
16:31:01.422 [main] INFO  com.demo.baseutil.Basetest - Scroll down
16:31:01.423 [main] INFO  com.demo.baseutil.Basetest - Validate Press the signin button is clickable
16:31:05.378 [main] INFO  com.demo.baseutil.Basetest - Clicked on : Press the signin button
16:31:07.404 [main] INFO  com.demo.baseutil.Basetest - HomePage title  is matched
16:31:21.503 [main] INFO  com.demo.baseutil.Basetest - Scroll down
16:31:23.518 [main] INFO  com.demo.baseutil.Basetest - Validate Process is clicked is clickable
16:31:25.976 [main] INFO  com.demo.baseutil.Basetest - Clicked on : Process is clicked
16:31:30.994 [main] INFO  com.demo.baseutil.Basetest - Validate Process add is clicked is clickable
16:31:33.462 [main] INFO  com.demo.baseutil.Basetest - Clicked on : Process add is clicked
16:31:38.498 [main] INFO  com.demo.baseutil.Basetest - Validate Product id is clicked is clickable
16:31:41.234 [main] INFO  com.demo.baseutil.Basetest - Clicked on : Product id is clicked
16:31:55.340 [main] INFO  com.demo.baseutil.Basetest - Validate Product id is clicked is clickable
16:31:57.807 [main] INFO  com.demo.baseutil.Basetest - Clicked on : Product id is clicked
16:31:59.812 [main] INFO  com.demo.baseutil.Basetest - Validate Product id searchbox is clicked is clickable
16:32:02.403 [main] INFO  com.demo.baseutil.Basetest - Clicked on : Product id searchbox is clicked
16:32:04.418 [main] INFO  com.demo.baseutil.Basetest - Validate outside is clicked is clickable
16:32:07.052 [main] INFO  com.demo.baseutil.Basetest - Clicked on : outside is clicked
16:32:09.099 [main] INFO  com.demo.baseutil.Basetest - Scroll down successful
16:32:09.100 [main] INFO  com.demo.baseutil.Basetest - Validate process name is clicked is clickable
16:32:11.471 [main] INFO  com.demo.baseutil.Basetest - Clicked on : process name is clicked
16:32:13.481 [main] INFO  com.demo.baseutil.Basetest - Enter the value into process name Value is entered
16:32:13.805 [main] INFO  com.demo.baseutil.Basetest - processname typed into process name Value is entered
16:32:19.917 [main] INFO  com.demo.baseutil.Basetest - Scroll down
16:32:21.919 [main] INFO  com.demo.baseutil.Basetest - Validate process loc is clicked is clickable
16:32:24.291 [main] INFO  com.demo.baseutil.Basetest - Clicked on : process loc is clicked
16:32:26.295 [main] INFO  com.demo.baseutil.Basetest - Enter the value into process name Value is entered
16:32:26.549 [main] INFO  com.demo.baseutil.Basetest - 0956265002424 typed into process name Value is entered
16:32:34.556 [main] INFO  com.demo.baseutil.Basetest - Validate process loc is clicked is clickable
16:32:36.962 [main] INFO  com.demo.baseutil.Basetest - Clicked on : process loc is clicked
16:32:41.981 [main] INFO  com.demo.baseutil.Basetest - Validate process type is clicked is clickable
16:32:44.337 [main] INFO  com.demo.baseutil.Basetest - Clicked on : process type is clicked
16:32:46.371 [main] INFO  com.demo.baseutil.Basetest - Scroll down successful
16:32:46.371 [main] INFO  com.demo.baseutil.Basetest - Validate process discomm is clicked is clickable
16:32:48.681 [main] INFO  com.demo.baseutil.Basetest - Clicked on : process discomm is clicked
16:32:54.763 [main] INFO  com.demo.baseutil.Basetest - Scroll down
16:32:54.763 [main] INFO  com.demo.baseutil.Basetest - Validate process add button is clicked is clickable
16:32:57.198 [main] INFO  com.demo.baseutil.Basetest - Clicked on : process add button is clicked
16:33:04.202 [main] INFO  com.demo.baseutil.Basetest - Validate process is clicked is clickable
16:33:06.821 [main] INFO  com.demo.baseutil.Basetest - Clicked on : process is clicked
16:33:08.822 [main] INFO  com.demo.baseutil.Basetest - Validate Process add is clicked is clickable
16:33:11.542 [main] INFO  com.demo.baseutil.Basetest - Clicked on : Process add is clicked
