21:43:14.881 [main] INFO  com.demo.baseutil.Basetest - 
21:43:14.887 [main] INFO  com.demo.baseutil.Basetest - Running locally JavaMail
21:43:14.967 [main] INFO  com.demo.baseutil.Basetest2 - Folder creation for Extent
21:43:14.971 [main] INFO  com.demo.baseutil.Basetest - ExtentDir:-C:\Users\Deepti Jindal\eclipse-workspace2\com.NFR.Trace QA latest/reports/Automation Report- 11_26_2024_21_43_14/Report/11_26_2024_21_43_14
21:43:15.063 [main] INFO  com.demo.baseutil.Basetest - Report Initiated
21:43:15.066 [main] INFO  com.demo.baseutil.Basetest - Screenshot folder created
21:43:26.811 [main] INFO  com.demo.baseutil.Basetest - Validate Sign in with FarmtoPlate account is clickable
21:43:29.345 [main] INFO  com.demo.baseutil.Basetest - Clicked on : Sign in with FarmtoPlate account
21:43:29.363 [main] INFO  com.demo.baseutil.Basetest - Url contains farmtoplateapps.io/login
21:43:29.369 [main] INFO  com.demo.baseutil.Basetest - Sign in title matched
21:43:29.369 [main] INFO  com.demo.baseutil.Basetest - UI verified for Sigin page.
21:43:29.369 [main] INFO  com.demo.baseutil.Basetest - Sign in function call
21:43:29.369 [main] INFO  com.demo.baseutil.Basetest - Validate email address field is clicked is clickable
21:43:31.654 [main] INFO  com.demo.baseutil.Basetest - Clicked on : email address field is clicked
21:43:31.655 [main] INFO  com.demo.baseutil.Basetest - Enter the value into Email Id Entered
21:43:32.054 [main] INFO  com.demo.baseutil.Basetest - 139@yopmail.com typed into Email Id Entered
21:43:32.055 [main] INFO  com.demo.baseutil.Basetest - Validate Enter the password is clickable
21:43:34.349 [main] INFO  com.demo.baseutil.Basetest - Clicked on : Enter the password
21:43:34.349 [main] INFO  com.demo.baseutil.Basetest - Enter the value into Password Id Entered
21:43:34.551 [main] INFO  com.demo.baseutil.Basetest - Admin@1234 typed into Password Id Entered
21:43:38.627 [main] INFO  com.demo.baseutil.Basetest - Scroll down
21:43:38.627 [main] INFO  com.demo.baseutil.Basetest - Validate Press the signin button is clickable
21:43:41.885 [main] INFO  com.demo.baseutil.Basetest - Clicked on : Press the signin button
21:43:43.995 [main] INFO  com.demo.baseutil.Basetest - HomePage title  is matched
21:43:54.018 [main] INFO  com.demo.baseutil.Basetest - Validate click on trace is clickable
21:43:56.483 [main] INFO  com.demo.baseutil.Basetest - Clicked on : click on trace
21:44:04.571 [main] INFO  com.demo.baseutil.Basetest - Scroll down
21:44:06.579 [main] INFO  com.demo.baseutil.Basetest - Validate Products is clicked is clickable
21:44:09.073 [main] INFO  com.demo.baseutil.Basetest - Clicked on : Products is clicked
21:44:14.083 [main] INFO  com.demo.baseutil.Basetest - Validate Add new is clicked is clickable
21:44:16.438 [main] INFO  com.demo.baseutil.Basetest - Clicked on : Add new is clicked
21:44:18.442 [main] INFO  com.demo.baseutil.Basetest - Validate Click on productcategory is clickable
21:44:20.964 [main] INFO  com.demo.baseutil.Basetest - Clicked on : Click on productcategory
21:44:20.964 [main] INFO  com.demo.baseutil.Basetest - Validate productbasedfood is clicked is clickable
21:44:23.274 [main] INFO  com.demo.baseutil.Basetest - Clicked on : productbasedfood is clicked
21:44:23.274 [main] INFO  com.demo.baseutil.Basetest - Validate product name is selected is clickable
21:44:25.686 [main] INFO  com.demo.baseutil.Basetest - Clicked on : product name is selected
21:44:25.686 [main] INFO  com.demo.baseutil.Basetest - Enter the value into enter the product
21:44:26.193 [main] INFO  com.demo.baseutil.Basetest - wheat43721572614896367 typed into enter the product
21:44:26.194 [main] INFO  com.demo.baseutil.Basetest - Validate Click on productid is clickable
21:44:28.642 [main] INFO  com.demo.baseutil.Basetest - Clicked on : Click on productid
21:44:28.642 [main] INFO  com.demo.baseutil.Basetest - Validate Click on checkbox is clickable
21:44:31.055 [main] INFO  com.demo.baseutil.Basetest - Clicked on : Click on checkbox
21:44:31.055 [main] INFO  com.demo.baseutil.Basetest - Validate Click on autogenerate is clickable
21:44:33.484 [main] INFO  com.demo.baseutil.Basetest - Clicked on : Click on autogenerate
21:44:33.484 [main] INFO  com.demo.baseutil.Basetest - Validate Click on productdesc is clickable
21:44:35.869 [main] INFO  com.demo.baseutil.Basetest - Clicked on : Click on productdesc
21:44:35.869 [main] INFO  com.demo.baseutil.Basetest - Enter the value into Enetered the product desc
21:44:36.177 [main] INFO  com.demo.baseutil.Basetest - test typed into Enetered the product desc
21:44:36.179 [main] INFO  com.demo.baseutil.Basetest - Validate Click on upload is clickable
21:44:38.636 [main] INFO  com.demo.baseutil.Basetest - Clicked on : Click on upload
21:44:48.987 [main] INFO  com.demo.baseutil.Basetest - Scroll down
21:44:48.987 [main] INFO  com.demo.baseutil.Basetest - Validate Click on ingrediant name is clickable
21:44:51.402 [main] INFO  com.demo.baseutil.Basetest - Clicked on : Click on ingrediant name
21:44:51.402 [main] INFO  com.demo.baseutil.Basetest - Enter the value into ingredient name is entered
21:44:51.657 [main] INFO  com.demo.baseutil.Basetest - wheat typed into ingredient name is entered
21:44:54.672 [main] INFO  com.demo.baseutil.Basetest - Validate Click on ingrediant name is clickable
21:44:57.024 [main] INFO  com.demo.baseutil.Basetest - Clicked on : Click on ingrediant name
21:44:57.024 [main] INFO  com.demo.baseutil.Basetest - Enter the value into nutri name is entered
21:44:57.288 [main] INFO  com.demo.baseutil.Basetest - fact typed into nutri name is entered
21:44:57.291 [main] INFO  com.demo.baseutil.Basetest - Validate Click on ingrediant QTY is clickable
21:44:59.734 [main] INFO  com.demo.baseutil.Basetest - Clicked on : Click on ingrediant QTY
21:44:59.734 [main] INFO  com.demo.baseutil.Basetest - Enter the value into nutri qty is entered
21:45:00.099 [main] INFO  com.demo.baseutil.Basetest - 1 typed into nutri qty is entered
21:45:00.099 [main] INFO  com.demo.baseutil.Basetest - Validate Click on ingrediant drop is clickable
21:45:02.471 [main] INFO  com.demo.baseutil.Basetest - Clicked on : Click on ingrediant drop
21:45:04.473 [main] INFO  com.demo.baseutil.Basetest - Validate Click on ingrediant value is clickable
21:45:06.963 [main] INFO  com.demo.baseutil.Basetest - Clicked on : Click on ingrediant value
21:45:13.038 [main] INFO  com.demo.baseutil.Basetest - Scroll down
21:45:15.068 [main] INFO  com.demo.baseutil.Basetest - Scroll down successful
21:45:15.068 [main] INFO  com.demo.baseutil.Basetest - Validate Click on ingrediant name is clickable
21:45:18.547 [main] INFO  com.demo.baseutil.Basetest - Clicked on : Click on ingrediant name
21:45:18.547 [main] INFO  com.demo.baseutil.Basetest - Validate Click on ingrediant name is clickable
21:45:21.055 [main] INFO  com.demo.baseutil.Basetest - Clicked on : Click on ingrediant name
21:45:21.055 [main] INFO  com.demo.baseutil.Basetest - Validate Click on ingrediant name is clickable
21:45:23.504 [main] INFO  com.demo.baseutil.Basetest - Clicked on : Click on ingrediant name
21:45:23.504 [main] INFO  com.demo.baseutil.Basetest - Enter the value into price is entered
21:45:23.810 [main] INFO  com.demo.baseutil.Basetest - 1 typed into price is entered
21:45:23.811 [main] INFO  com.demo.baseutil.Basetest - Validate Click on currency is clickable
21:45:26.151 [main] INFO  com.demo.baseutil.Basetest - Clicked on : Click on currency
21:45:26.151 [main] INFO  com.demo.baseutil.Basetest - Validate Click on currency value is clickable
21:45:28.646 [main] INFO  com.demo.baseutil.Basetest - Clicked on : Click on currency value
21:45:28.646 [main] INFO  com.demo.baseutil.Basetest - Validate Click on typepacking value is clickable
21:45:31.050 [main] INFO  com.demo.baseutil.Basetest - Clicked on : Click on typepacking value
21:45:31.050 [main] INFO  com.demo.baseutil.Basetest - Enter the value into typepacking is entered
21:45:31.342 [main] INFO  com.demo.baseutil.Basetest - 1 typed into typepacking is entered
21:45:31.342 [main] INFO  com.demo.baseutil.Basetest - Validate Click on length value is clickable
21:45:33.767 [main] INFO  com.demo.baseutil.Basetest - Clicked on : Click on length value
21:45:33.767 [main] INFO  com.demo.baseutil.Basetest - Enter the value into length is entered
21:45:34.059 [main] INFO  com.demo.baseutil.Basetest - 1 typed into length is entered
21:45:34.060 [main] INFO  com.demo.baseutil.Basetest - Validate Click on breath value is clickable
21:45:36.516 [main] INFO  com.demo.baseutil.Basetest - Clicked on : Click on breath value
21:45:36.516 [main] INFO  com.demo.baseutil.Basetest - Enter the value into breath is entered
21:45:36.827 [main] INFO  com.demo.baseutil.Basetest - 1 typed into breath is entered
21:45:36.828 [main] INFO  com.demo.baseutil.Basetest - Validate Click on height value is clickable
21:45:39.157 [main] INFO  com.demo.baseutil.Basetest - Clicked on : Click on height value
21:45:39.157 [main] INFO  com.demo.baseutil.Basetest - Enter the value into height is entered
21:45:39.410 [main] INFO  com.demo.baseutil.Basetest - 1 typed into height is entered
21:45:41.434 [main] INFO  com.demo.baseutil.Basetest - Scroll down successful
21:45:41.442 [main] INFO  com.demo.baseutil.Basetest - Validate Click on checkbox1 is clickable
21:45:43.873 [main] INFO  com.demo.baseutil.Basetest - Clicked on : Click on checkbox1
21:45:52.955 [main] INFO  com.demo.baseutil.Basetest - Scroll down
21:45:52.955 [main] INFO  com.demo.baseutil.Basetest - Validate Click on gln1 is clickable
21:45:55.383 [main] INFO  com.demo.baseutil.Basetest - Clicked on : Click on gln1
21:45:55.383 [main] INFO  com.demo.baseutil.Basetest - Enter the value into gln1 is entered
21:45:55.676 [main] INFO  com.demo.baseutil.Basetest - warehouse typed into gln1 is entered
21:45:59.690 [main] INFO  com.demo.baseutil.Basetest - Validate Click on autosearch is clickable
21:46:02.115 [main] INFO  com.demo.baseutil.Basetest - Clicked on : Click on autosearch
21:46:04.120 [main] INFO  com.demo.baseutil.Basetest - Validate Click on gln2 is clickable
21:46:06.622 [main] INFO  com.demo.baseutil.Basetest - Clicked on : Click on gln2
21:46:06.622 [main] INFO  com.demo.baseutil.Basetest - Enter the value into gln2 is entered
21:46:06.892 [main] INFO  com.demo.baseutil.Basetest - warehouse typed into gln2 is entered
21:46:10.909 [main] INFO  com.demo.baseutil.Basetest - Validate Click on autosearch is clickable
21:46:13.370 [main] INFO  com.demo.baseutil.Basetest - Clicked on : Click on autosearch
21:46:18.379 [main] INFO  com.demo.baseutil.Basetest - Validate Click on gln3 is clickable
21:46:22.274 [main] INFO  com.demo.baseutil.Basetest - Clicked on : Click on gln3
21:46:22.274 [main] INFO  com.demo.baseutil.Basetest - Enter the value into gln3 is entered
21:46:22.629 [main] INFO  com.demo.baseutil.Basetest - warehouse typed into gln3 is entered
21:46:24.650 [main] INFO  com.demo.baseutil.Basetest - Scroll till the scrolldown to table:
21:46:55.407 [main] ERROR com.demo.baseutil.Basetest - Scroll till the scrolldown to table: failed
21:46:57.427 [main] INFO  com.demo.baseutil.Basetest - Validate Click on autosearch is clickable
21:46:59.727 [main] INFO  com.demo.baseutil.Basetest - Clicked on : Click on autosearch
21:47:04.748 [main] INFO  com.demo.baseutil.Basetest - Validate Click on gln5 is clickable
21:47:07.181 [main] INFO  com.demo.baseutil.Basetest - Clicked on : Click on gln5
21:47:07.181 [main] INFO  com.demo.baseutil.Basetest - Enter the value into gln5 is entered
21:47:07.528 [main] INFO  com.demo.baseutil.Basetest - warehouse typed into gln5 is entered
21:47:09.537 [main] INFO  com.demo.baseutil.Basetest - Scroll till the scrolldown to table:
21:47:40.311 [main] ERROR com.demo.baseutil.Basetest - Scroll till the scrolldown to table: failed
21:47:42.322 [main] INFO  com.demo.baseutil.Basetest - Validate Click on autosearch is clickable
21:47:44.789 [main] INFO  com.demo.baseutil.Basetest - Clicked on : Click on autosearch
21:47:58.878 [main] INFO  com.demo.baseutil.Basetest - Scroll down
21:48:00.879 [main] INFO  com.demo.baseutil.Basetest - Validate Click on registerproduct is clickable
21:48:03.221 [main] INFO  com.demo.baseutil.Basetest - Clicked on : Click on registerproduct
21:48:13.455 [main] INFO  com.demo.baseutil.Basetest - Browser is closed sucessfuly
21:48:14.199 [main] INFO  com.demo.baseutil.Basetest - Browser is closed sucessfuly
