16:07:57.515 [main] INFO  com.demo.baseutil.Basetest - 
16:07:57.525 [main] INFO  com.demo.baseutil.Basetest - Running locally JavaMail
16:07:57.761 [main] INFO  com.demo.baseutil.Basetest2 - Folder creation for Extent
16:07:57.783 [main] INFO  com.demo.baseutil.Basetest - ExtentDir:-C:\Users\Deepti Jindal\eclipse-workspace\com.NFR.Trace/reports/Automation Report- 05_30_2024_16_07_57/Report/05_30_2024_16_07_57
16:07:58.037 [main] INFO  com.demo.baseutil.Basetest - Report Initiated
16:07:58.041 [main] INFO  com.demo.baseutil.Basetest - Screenshot folder created
16:08:22.740 [main] INFO  com.demo.baseutil.Basetest - Validate Sign in with FarmtoPlate account is clickable
16:08:25.410 [main] INFO  com.demo.baseutil.Basetest - Clicked on : Sign in with FarmtoPlate account
16:08:25.440 [main] INFO  com.demo.baseutil.Basetest - Url contains farmtoplateapps.io/login
16:08:25.489 [main] INFO  com.demo.baseutil.Basetest - Sign in title matched
16:08:25.489 [main] INFO  com.demo.baseutil.Basetest - UI verified for Sigin page.
16:08:25.490 [main] INFO  com.demo.baseutil.Basetest - Sign in function call
16:08:25.490 [main] INFO  com.demo.baseutil.Basetest - Validate email address field is clicked is clickable
16:08:28.437 [main] INFO  com.demo.baseutil.Basetest - Clicked on : email address field is clicked
16:08:28.437 [main] INFO  com.demo.baseutil.Basetest - Enter the value into Email Id Entered
16:08:28.898 [main] INFO  com.demo.baseutil.Basetest - 139@yopmail.com typed into Email Id Entered
16:08:28.899 [main] INFO  com.demo.baseutil.Basetest - Validate Enter the password is clickable
16:08:31.734 [main] INFO  com.demo.baseutil.Basetest - Clicked on : Enter the password
16:08:31.735 [main] INFO  com.demo.baseutil.Basetest - Enter the value into Password Id Entered
16:08:32.148 [main] INFO  com.demo.baseutil.Basetest - Admin@1234 typed into Password Id Entered
16:08:36.293 [main] INFO  com.demo.baseutil.Basetest - Scroll down
16:08:36.294 [main] INFO  com.demo.baseutil.Basetest - Validate Press the signin button is clickable
16:08:40.729 [main] INFO  com.demo.baseutil.Basetest - Clicked on : Press the signin button
16:08:43.779 [main] INFO  com.demo.baseutil.Basetest - HomePage title  is matched
16:08:53.800 [main] INFO  com.demo.baseutil.Basetest - Validate click on trace is clickable
16:08:56.371 [main] INFO  com.demo.baseutil.Basetest - Clicked on : click on trace
16:09:02.444 [main] INFO  com.demo.baseutil.Basetest - Validate Asset & Infrastructure Data is clicked is clickable
16:09:06.013 [main] INFO  com.demo.baseutil.Basetest - Clicked on : Asset & Infrastructure Data is clicked
16:09:08.024 [main] INFO  com.demo.baseutil.Basetest - Validate Assets is clicked is clickable
16:09:10.663 [main] INFO  com.demo.baseutil.Basetest - Clicked on : Assets is clicked
16:09:12.675 [main] INFO  com.demo.baseutil.Basetest - Validate Add new is clicked is clickable
16:09:15.290 [main] INFO  com.demo.baseutil.Basetest - Clicked on : Add new is clicked
16:09:17.300 [main] INFO  com.demo.baseutil.Basetest - Validate Asset type is clicked is clickable
16:09:19.727 [main] INFO  com.demo.baseutil.Basetest - Clicked on : Asset type is clicked
16:09:19.728 [main] INFO  com.demo.baseutil.Basetest - Validate Click on Vehicle Name is clickable
16:09:22.231 [main] INFO  com.demo.baseutil.Basetest - Clicked on : Click on Vehicle Name
16:09:24.242 [main] INFO  com.demo.baseutil.Basetest - Validate container name is clicked is clickable
16:09:26.704 [main] INFO  com.demo.baseutil.Basetest - Clicked on : container name is clicked
16:09:26.705 [main] INFO  com.demo.baseutil.Basetest - Enter the value into enter the container name
16:09:27.118 [main] INFO  com.demo.baseutil.Basetest - container464 typed into enter the container name
16:09:29.126 [main] INFO  com.demo.baseutil.Basetest - Validate length is clicked is clickable
16:09:31.768 [main] INFO  com.demo.baseutil.Basetest - Clicked on : length is clicked
16:09:33.797 [main] INFO  com.demo.baseutil.Basetest - Enter the value into enter the length
16:09:34.576 [main] INFO  com.demo.baseutil.Basetest - 10 typed into enter the length
16:09:34.625 [main] INFO  com.demo.baseutil.Basetest - Validate breadth is clicked is clickable
16:09:37.061 [main] INFO  com.demo.baseutil.Basetest - Clicked on : breadth is clicked
16:09:37.062 [main] INFO  com.demo.baseutil.Basetest - Enter the value into breath entered
16:09:37.408 [main] INFO  com.demo.baseutil.Basetest - 10 typed into breath entered
16:09:39.415 [main] INFO  com.demo.baseutil.Basetest - Validate height is clicked is clickable
16:09:41.814 [main] INFO  com.demo.baseutil.Basetest - Clicked on : height is clicked
16:09:43.825 [main] INFO  com.demo.baseutil.Basetest - Enter the value into height entered
16:09:44.153 [main] INFO  com.demo.baseutil.Basetest - 20 typed into height entered
16:09:46.167 [main] INFO  com.demo.baseutil.Basetest - Validate dom is clicked is clickable
16:09:48.581 [main] INFO  com.demo.baseutil.Basetest - Clicked on : dom is clicked
16:09:50.587 [main] INFO  com.demo.baseutil.Basetest - Validate ft is clicked is clickable
16:09:53.016 [main] INFO  com.demo.baseutil.Basetest - Clicked on : ft is clicked
16:09:55.032 [main] INFO  com.demo.baseutil.Basetest - Validate wt is clicked is clickable
16:09:57.842 [main] INFO  com.demo.baseutil.Basetest - Clicked on : wt is clicked
16:09:59.848 [main] INFO  com.demo.baseutil.Basetest - Enter the value into weight entered
16:10:01.525 [main] INFO  com.demo.baseutil.Basetest - 1000 typed into weight entered
16:10:03.542 [main] INFO  com.demo.baseutil.Basetest - Validate wtcap is clicked is clickable
16:10:06.033 [main] INFO  com.demo.baseutil.Basetest - Clicked on : wtcap is clicked
16:10:08.476 [main] INFO  com.demo.baseutil.Basetest - Validate tons is clicked is clickable
16:10:11.818 [main] INFO  com.demo.baseutil.Basetest - Clicked on : tons is clicked
16:10:26.051 [main] ERROR com.demo.baseutil.Basetest - Scroll down failed
16:10:26.053 [main] INFO  com.demo.baseutil.Basetest - Validate Click on Add button is clickable
16:11:08.520 [main] ERROR com.demo.baseutil.Basetest - Click on Add button is not clickable
16:11:08.531 [main] ERROR com.demo.baseutil.Basetest - Unable to click on Click on Add button
16:11:51.004 [main] INFO  com.demo.baseutil.Basetest - Browser is closed sucessfuly
16:11:54.079 [main] INFO  com.demo.baseutil.Basetest - Browser is closed sucessfuly
16:11:54.695 [main] ERROR com.demo.baseutil.Basetest - Failed to close the Browser
