16:59:39.860 [main] INFO  com.demo.baseutil.Basetest - 
16:59:39.879 [main] INFO  com.demo.baseutil.Basetest - Running locally JavaMail
16:59:40.035 [main] INFO  com.demo.baseutil.Basetest2 - Folder creation for Extent
16:59:40.051 [main] INFO  com.demo.baseutil.Basetest - ExtentDir:-C:\Users\Deepti Jindal\eclipse-workspace2\com.NFR.Trace QA latest/reports/Automation Report- 12_12_2024_16_59_40/Report/12_12_2024_16_59_40
16:59:40.219 [main] INFO  com.demo.baseutil.Basetest - Report Initiated
16:59:40.221 [main] INFO  com.demo.baseutil.Basetest - Screenshot folder created
16:59:55.134 [main] INFO  com.demo.baseutil.Basetest - Validate Sign in with FarmtoPlate account is clickable
16:59:57.938 [main] INFO  com.demo.baseutil.Basetest - Clicked on : Sign in with FarmtoPlate account
16:59:58.634 [main] INFO  com.demo.baseutil.Basetest - Url contains farmtoplateapps.io/login
16:59:58.661 [main] INFO  com.demo.baseutil.Basetest - Sign in title matched
16:59:58.661 [main] INFO  com.demo.baseutil.Basetest - UI verified for Sigin page.
16:59:58.662 [main] INFO  com.demo.baseutil.Basetest - Sign in function call
16:59:58.662 [main] INFO  com.demo.baseutil.Basetest - Validate email address field is clicked is clickable
17:00:01.831 [main] INFO  com.demo.baseutil.Basetest - Clicked on : email address field is clicked
17:00:01.832 [main] INFO  com.demo.baseutil.Basetest - Enter the value into Email Id Entered
17:00:02.456 [main] INFO  com.demo.baseutil.Basetest - ldekkenq362@yopmail.com typed into Email Id Entered
17:00:02.456 [main] INFO  com.demo.baseutil.Basetest - Validate Enter the password is clickable
17:00:05.000 [main] INFO  com.demo.baseutil.Basetest - Clicked on : Enter the password
17:00:05.000 [main] INFO  com.demo.baseutil.Basetest - Enter the value into Password Id Entered
17:00:05.667 [main] INFO  com.demo.baseutil.Basetest - Admin@1234 typed into Password Id Entered
17:00:09.793 [main] INFO  com.demo.baseutil.Basetest - Scroll down
17:00:09.793 [main] INFO  com.demo.baseutil.Basetest - Validate Press the signin button is clickable
17:00:13.847 [main] INFO  com.demo.baseutil.Basetest - Clicked on : Press the signin button
17:00:16.262 [main] INFO  com.demo.baseutil.Basetest - HomePage title  is matched
17:00:26.277 [main] INFO  com.demo.baseutil.Basetest - Validate click on trace is clickable
17:00:28.959 [main] INFO  com.demo.baseutil.Basetest - Clicked on : click on trace
17:00:37.065 [main] INFO  com.demo.baseutil.Basetest - Scroll down
17:00:39.072 [main] INFO  com.demo.baseutil.Basetest - Validate Products is clicked is clickable
17:00:41.987 [main] INFO  com.demo.baseutil.Basetest - Clicked on : Products is clicked
17:00:46.989 [main] INFO  com.demo.baseutil.Basetest - Validate Add new is clicked is clickable
17:00:49.718 [main] INFO  com.demo.baseutil.Basetest - Clicked on : Add new is clicked
17:00:51.723 [main] INFO  com.demo.baseutil.Basetest - Validate Click on productcategory is clickable
17:00:54.295 [main] INFO  com.demo.baseutil.Basetest - Clicked on : Click on productcategory
17:00:54.295 [main] INFO  com.demo.baseutil.Basetest - Validate productbasedfood is clicked is clickable
17:00:56.883 [main] INFO  com.demo.baseutil.Basetest - Clicked on : productbasedfood is clicked
17:00:56.883 [main] INFO  com.demo.baseutil.Basetest - Validate product name is selected is clickable
17:00:59.454 [main] INFO  com.demo.baseutil.Basetest - Clicked on : product name is selected
17:00:59.455 [main] INFO  com.demo.baseutil.Basetest - Enter the value into enter the product
17:00:59.940 [main] INFO  com.demo.baseutil.Basetest - wheat1830 typed into enter the product
17:00:59.941 [main] INFO  com.demo.baseutil.Basetest - Validate Click on productid is clickable
17:01:02.500 [main] INFO  com.demo.baseutil.Basetest - Clicked on : Click on productid
17:01:02.500 [main] INFO  com.demo.baseutil.Basetest - Validate Click on checkbox is clickable
17:01:05.055 [main] INFO  com.demo.baseutil.Basetest - Clicked on : Click on checkbox
17:01:05.055 [main] INFO  com.demo.baseutil.Basetest - Validate Click on autogenerate is clickable
17:01:07.545 [main] INFO  com.demo.baseutil.Basetest - Clicked on : Click on autogenerate
17:01:07.545 [main] INFO  com.demo.baseutil.Basetest - Validate Click on productdesc is clickable
17:01:10.036 [main] INFO  com.demo.baseutil.Basetest - Clicked on : Click on productdesc
17:01:10.037 [main] INFO  com.demo.baseutil.Basetest - Enter the value into Enetered the product desc
17:01:10.366 [main] INFO  com.demo.baseutil.Basetest - test typed into Enetered the product desc
17:01:10.366 [main] INFO  com.demo.baseutil.Basetest - Validate Click on upload is clickable
17:01:12.860 [main] INFO  com.demo.baseutil.Basetest - Clicked on : Click on upload
17:01:23.386 [main] INFO  com.demo.baseutil.Basetest - Scroll down
17:01:23.387 [main] INFO  com.demo.baseutil.Basetest - Validate Click on ingrediant name is clickable
17:01:25.924 [main] INFO  com.demo.baseutil.Basetest - Clicked on : Click on ingrediant name
17:01:25.924 [main] INFO  com.demo.baseutil.Basetest - Enter the value into ingredient name is entered
17:01:26.347 [main] INFO  com.demo.baseutil.Basetest - wheat typed into ingredient name is entered
17:01:29.379 [main] INFO  com.demo.baseutil.Basetest - Validate Click on nuritionfact name is clickable
17:01:31.916 [main] INFO  com.demo.baseutil.Basetest - Clicked on : Click on nuritionfact name
17:01:31.916 [main] INFO  com.demo.baseutil.Basetest - Enter the value into nutri name is entered
17:01:32.258 [main] INFO  com.demo.baseutil.Basetest - fact typed into nutri name is entered
17:01:32.258 [main] INFO  com.demo.baseutil.Basetest - Validate Click on nuritionfact QTY is clickable
17:01:34.782 [main] INFO  com.demo.baseutil.Basetest - Clicked on : Click on nuritionfact QTY
17:01:34.782 [main] INFO  com.demo.baseutil.Basetest - Enter the value into nutri qty is entered
17:01:35.225 [main] INFO  com.demo.baseutil.Basetest - 1 typed into nutri qty is entered
17:01:35.230 [main] INFO  com.demo.baseutil.Basetest - Validate Click on nuritionfact drop is clickable
17:01:37.764 [main] INFO  com.demo.baseutil.Basetest - Clicked on : Click on nuritionfact drop
17:01:39.772 [main] INFO  com.demo.baseutil.Basetest - Validate Click on nuritionfact value is clickable
17:01:42.335 [main] INFO  com.demo.baseutil.Basetest - Clicked on : Click on nuritionfact value
17:01:48.442 [main] INFO  com.demo.baseutil.Basetest - Scroll down
17:01:50.467 [main] INFO  com.demo.baseutil.Basetest - Scroll down successful
17:01:50.479 [main] INFO  com.demo.baseutil.Basetest - Validate Click on ingrediant name is clickable
17:01:52.988 [main] INFO  com.demo.baseutil.Basetest - Clicked on : Click on ingrediant name
17:01:52.989 [main] INFO  com.demo.baseutil.Basetest - Validate Click on ingrediant name is clickable
17:01:55.496 [main] INFO  com.demo.baseutil.Basetest - Clicked on : Click on ingrediant name
17:01:55.496 [main] INFO  com.demo.baseutil.Basetest - Validate Click on ingrediant name is clickable
17:01:57.996 [main] INFO  com.demo.baseutil.Basetest - Clicked on : Click on ingrediant name
17:01:57.996 [main] INFO  com.demo.baseutil.Basetest - Enter the value into price is entered
17:01:58.421 [main] INFO  com.demo.baseutil.Basetest - 1 typed into price is entered
17:01:58.421 [main] INFO  com.demo.baseutil.Basetest - Validate Click on currency is clickable
17:02:00.935 [main] INFO  com.demo.baseutil.Basetest - Clicked on : Click on currency
17:02:00.935 [main] INFO  com.demo.baseutil.Basetest - Validate Click on currency value is clickable
17:02:03.403 [main] INFO  com.demo.baseutil.Basetest - Clicked on : Click on currency value
17:02:03.403 [main] INFO  com.demo.baseutil.Basetest - Validate Click on typepacking value is clickable
17:02:05.819 [main] INFO  com.demo.baseutil.Basetest - Clicked on : Click on typepacking value
17:02:05.820 [main] INFO  com.demo.baseutil.Basetest - Enter the value into typepacking is entered
17:02:06.193 [main] INFO  com.demo.baseutil.Basetest - 1 typed into typepacking is entered
17:02:06.193 [main] INFO  com.demo.baseutil.Basetest - Validate Click on length value is clickable
17:02:08.701 [main] INFO  com.demo.baseutil.Basetest - Clicked on : Click on length value
17:02:08.701 [main] INFO  com.demo.baseutil.Basetest - Enter the value into length is entered
17:02:09.154 [main] INFO  com.demo.baseutil.Basetest - 1 typed into length is entered
17:02:09.155 [main] INFO  com.demo.baseutil.Basetest - Validate Click on breath value is clickable
17:02:11.632 [main] INFO  com.demo.baseutil.Basetest - Clicked on : Click on breath value
17:02:11.632 [main] INFO  com.demo.baseutil.Basetest - Enter the value into breath is entered
17:02:12.005 [main] INFO  com.demo.baseutil.Basetest - 1 typed into breath is entered
17:02:12.005 [main] INFO  com.demo.baseutil.Basetest - Validate Click on height value is clickable
17:02:14.501 [main] INFO  com.demo.baseutil.Basetest - Clicked on : Click on height value
17:02:14.502 [main] INFO  com.demo.baseutil.Basetest - Enter the value into height is entered
17:02:14.923 [main] INFO  com.demo.baseutil.Basetest - 1 typed into height is entered
17:02:16.971 [main] INFO  com.demo.baseutil.Basetest - Scroll down successful
17:02:16.973 [main] INFO  com.demo.baseutil.Basetest - Validate Click on checkbox1 is clickable
17:02:19.611 [main] INFO  com.demo.baseutil.Basetest - Clicked on : Click on checkbox1
17:02:28.688 [main] INFO  com.demo.baseutil.Basetest - Scroll down
17:02:28.688 [main] INFO  com.demo.baseutil.Basetest - Validate Click on gln1 is clickable
17:02:31.048 [main] INFO  com.demo.baseutil.Basetest - Clicked on : Click on gln1
17:02:31.049 [main] INFO  com.demo.baseutil.Basetest - Enter the value into gln1 is entered
17:02:31.372 [main] INFO  com.demo.baseutil.Basetest - 9650541994111 typed into gln1 is entered
17:02:35.378 [main] INFO  com.demo.baseutil.Basetest - Validate Click on autosearch is clickable
17:02:38.050 [main] INFO  com.demo.baseutil.Basetest - Clicked on : Click on autosearch
17:02:40.051 [main] INFO  com.demo.baseutil.Basetest - Validate Click on gln2 is clickable
17:02:42.593 [main] INFO  com.demo.baseutil.Basetest - Clicked on : Click on gln2
17:02:42.596 [main] INFO  com.demo.baseutil.Basetest - Enter the value into gln2 is entered
17:02:42.996 [main] INFO  com.demo.baseutil.Basetest - 9650541994111 typed into gln2 is entered
17:02:47.017 [main] INFO  com.demo.baseutil.Basetest - Validate Click on autosearch is clickable
17:02:49.554 [main] INFO  com.demo.baseutil.Basetest - Clicked on : Click on autosearch
17:02:54.566 [main] INFO  com.demo.baseutil.Basetest - Validate Click on gln3 is clickable
17:02:57.094 [main] INFO  com.demo.baseutil.Basetest - Clicked on : Click on gln3
17:02:57.094 [main] INFO  com.demo.baseutil.Basetest - Enter the value into gln3 is entered
17:02:57.365 [main] INFO  com.demo.baseutil.Basetest - 9650541994111 typed into gln3 is entered
17:02:59.376 [main] INFO  com.demo.baseutil.Basetest - Scroll till the scrolldown to table:
17:03:30.092 [main] ERROR com.demo.baseutil.Basetest - Scroll till the scrolldown to table: failed
17:03:34.108 [main] INFO  com.demo.baseutil.Basetest - Validate Click on autosearch is clickable
17:03:36.498 [main] INFO  com.demo.baseutil.Basetest - Clicked on : Click on autosearch
17:03:42.499 [main] INFO  com.demo.baseutil.Basetest - Validate Click on gln5 is clickable
17:03:44.825 [main] INFO  com.demo.baseutil.Basetest - Clicked on : Click on gln5
17:03:44.825 [main] INFO  com.demo.baseutil.Basetest - Enter the value into gln5 is entered
17:03:45.128 [main] INFO  com.demo.baseutil.Basetest - 9650541994111 typed into gln5 is entered
17:03:47.145 [main] INFO  com.demo.baseutil.Basetest - Scroll till the scrolldown to table:
17:04:17.782 [main] ERROR com.demo.baseutil.Basetest - Scroll till the scrolldown to table: failed
17:04:22.799 [main] INFO  com.demo.baseutil.Basetest - Validate Click on autosearch is clickable
17:04:25.147 [main] INFO  com.demo.baseutil.Basetest - Clicked on : Click on autosearch
17:04:38.211 [main] INFO  com.demo.baseutil.Basetest - Scroll down
17:04:47.220 [main] INFO  com.demo.baseutil.Basetest - Validate Click on registerproduct is clickable
17:04:49.615 [main] INFO  com.demo.baseutil.Basetest - Clicked on : Click on registerproduct
17:05:13.698 [main] INFO  com.demo.baseutil.Basetest - Scroll down
17:05:19.702 [main] INFO  com.demo.baseutil.Basetest - Validate Products is clicked is clickable
17:05:22.118 [main] INFO  com.demo.baseutil.Basetest - Clicked on : Products is clicked
17:05:27.120 [main] INFO  com.demo.baseutil.Basetest - Validate product exist is clicked is clickable
17:05:29.593 [main] INFO  com.demo.baseutil.Basetest - Clicked on : product exist is clicked
17:05:34.609 [main] INFO  com.demo.baseutil.Basetest - Validate product exist is clicked is clickable
17:05:37.024 [main] INFO  com.demo.baseutil.Basetest - Clicked on : product exist is clicked
17:05:42.481 [main] INFO  com.demo.baseutil.Basetest - Browser is closed sucessfuly
17:05:43.958 [main] INFO  com.demo.baseutil.Basetest - Browser is closed sucessfuly
17:05:53.417 [main] INFO  com.demo.baseutil.Basetest - Validate Sign in with FarmtoPlate account is clickable
17:05:55.859 [main] INFO  com.demo.baseutil.Basetest - Clicked on : Sign in with FarmtoPlate account
17:05:55.865 [main] INFO  com.demo.baseutil.Basetest - Url contains farmtoplateapps.io/login
17:05:55.877 [main] INFO  com.demo.baseutil.Basetest - Sign in title matched
17:05:55.882 [main] INFO  com.demo.baseutil.Basetest - UI verified for Sigin page.
17:05:55.882 [main] INFO  com.demo.baseutil.Basetest - Sign in function call
17:05:55.882 [main] INFO  com.demo.baseutil.Basetest - Validate email address field is clicked is clickable
17:05:58.379 [main] INFO  com.demo.baseutil.Basetest - Clicked on : email address field is clicked
17:05:58.380 [main] INFO  com.demo.baseutil.Basetest - Enter the value into Email Id Entered
17:05:58.740 [main] INFO  com.demo.baseutil.Basetest - ldekkenq362@yopmail.com typed into Email Id Entered
17:05:58.740 [main] INFO  com.demo.baseutil.Basetest - Validate Enter the password is clickable
17:06:01.187 [main] INFO  com.demo.baseutil.Basetest - Clicked on : Enter the password
17:06:01.189 [main] INFO  com.demo.baseutil.Basetest - Enter the value into Password Id Entered
17:06:01.425 [main] INFO  com.demo.baseutil.Basetest - Admin@1234 typed into Password Id Entered
17:06:05.478 [main] INFO  com.demo.baseutil.Basetest - Scroll down
17:06:05.478 [main] INFO  com.demo.baseutil.Basetest - Validate Press the signin button is clickable
17:06:08.375 [main] INFO  com.demo.baseutil.Basetest - Clicked on : Press the signin button
17:06:10.419 [main] INFO  com.demo.baseutil.Basetest - HomePage title  is matched
17:06:20.434 [main] INFO  com.demo.baseutil.Basetest - Validate click on trace is clickable
17:06:22.865 [main] INFO  com.demo.baseutil.Basetest - Clicked on : click on trace
17:06:30.942 [main] INFO  com.demo.baseutil.Basetest - Scroll down
17:06:32.946 [main] INFO  com.demo.baseutil.Basetest - Validate Process is clicked is clickable
17:06:35.371 [main] INFO  com.demo.baseutil.Basetest - Clicked on : Process is clicked
17:06:40.386 [main] INFO  com.demo.baseutil.Basetest - Validate Process add is clicked is clickable
17:06:42.907 [main] INFO  com.demo.baseutil.Basetest - Clicked on : Process add is clicked
17:06:47.923 [main] INFO  com.demo.baseutil.Basetest - Validate Product id is clicked is clickable
17:06:50.271 [main] INFO  com.demo.baseutil.Basetest - Clicked on : Product id is clicked
17:06:54.622 [main] INFO  com.demo.baseutil.Basetest - Validate Product id is clicked is clickable
17:06:56.911 [main] INFO  com.demo.baseutil.Basetest - Clicked on : Product id is clicked
17:06:58.918 [main] INFO  com.demo.baseutil.Basetest - Validate Product id is clicked is clickable
17:07:01.288 [main] INFO  com.demo.baseutil.Basetest - Clicked on : Product id is clicked
17:07:03.293 [main] INFO  com.demo.baseutil.Basetest - Validate outside is clicked is clickable
17:07:05.624 [main] INFO  com.demo.baseutil.Basetest - Clicked on : outside is clicked
17:07:11.687 [main] INFO  com.demo.baseutil.Basetest - Scroll down
17:07:11.687 [main] INFO  com.demo.baseutil.Basetest - Validate process name is clicked is clickable
17:07:14.005 [main] INFO  com.demo.baseutil.Basetest - Clicked on : process name is clicked
17:07:16.014 [main] INFO  com.demo.baseutil.Basetest - Enter the value into process name Value is entered
17:07:16.230 [main] INFO  com.demo.baseutil.Basetest - processcomm typed into process name Value is entered
17:07:18.271 [main] INFO  com.demo.baseutil.Basetest - Scroll down successful
17:07:18.271 [main] INFO  com.demo.baseutil.Basetest - Validate process loc is clicked is clickable
17:07:20.605 [main] INFO  com.demo.baseutil.Basetest - Clicked on : process loc is clicked
17:07:30.866 [main] INFO  com.demo.baseutil.Basetest - Validate process search is clicked is clickable
17:07:33.175 [main] INFO  com.demo.baseutil.Basetest - Clicked on : process search is clicked
17:07:35.191 [main] INFO  com.demo.baseutil.Basetest - Validate process type is clicked is clickable
17:07:37.556 [main] INFO  com.demo.baseutil.Basetest - Clicked on : process type is clicked
17:07:39.587 [main] INFO  com.demo.baseutil.Basetest - Scroll down successful
17:07:39.587 [main] INFO  com.demo.baseutil.Basetest - Validate process comm is clicked is clickable
17:07:41.989 [main] INFO  com.demo.baseutil.Basetest - Clicked on : process comm is clicked
17:07:48.080 [main] INFO  com.demo.baseutil.Basetest - Scroll down
17:07:48.080 [main] INFO  com.demo.baseutil.Basetest - Validate process add button is clicked is clickable
17:07:50.427 [main] INFO  com.demo.baseutil.Basetest - Clicked on : process add button is clicked
17:08:07.483 [main] INFO  com.demo.baseutil.Basetest - Scroll down
17:08:09.499 [main] INFO  com.demo.baseutil.Basetest - Validate Process is clicked is clickable
17:08:11.938 [main] INFO  com.demo.baseutil.Basetest - Clicked on : Process is clicked
17:08:16.939 [main] INFO  com.demo.baseutil.Basetest - Validate Process add is clicked is clickable
17:08:19.304 [main] INFO  com.demo.baseutil.Basetest - Clicked on : Process add is clicked
17:08:24.305 [main] INFO  com.demo.baseutil.Basetest - Validate Product id is clicked is clickable
17:08:26.718 [main] INFO  com.demo.baseutil.Basetest - Clicked on : Product id is clicked
17:08:30.987 [main] INFO  com.demo.baseutil.Basetest - Validate Product id is clicked is clickable
17:08:33.308 [main] INFO  com.demo.baseutil.Basetest - Clicked on : Product id is clicked
17:08:35.313 [main] INFO  com.demo.baseutil.Basetest - Validate Product id is clicked is clickable
17:08:37.728 [main] INFO  com.demo.baseutil.Basetest - Clicked on : Product id is clicked
17:08:39.738 [main] INFO  com.demo.baseutil.Basetest - Validate outside is clicked is clickable
17:08:42.115 [main] INFO  com.demo.baseutil.Basetest - Clicked on : outside is clicked
17:08:48.196 [main] INFO  com.demo.baseutil.Basetest - Scroll down
17:08:48.196 [main] INFO  com.demo.baseutil.Basetest - Validate process name is clicked is clickable
17:08:50.651 [main] INFO  com.demo.baseutil.Basetest - Clicked on : process name is clicked
17:08:52.660 [main] INFO  com.demo.baseutil.Basetest - Enter the value into process name Value is entered
17:08:52.932 [main] INFO  com.demo.baseutil.Basetest - processcooling typed into process name Value is entered
17:08:54.964 [main] INFO  com.demo.baseutil.Basetest - Scroll down successful
17:08:54.964 [main] INFO  com.demo.baseutil.Basetest - Validate process loc is clicked is clickable
17:08:57.353 [main] INFO  com.demo.baseutil.Basetest - Clicked on : process loc is clicked
17:09:04.615 [main] INFO  com.demo.baseutil.Basetest - Validate process loc is clicked is clickable
17:09:06.924 [main] INFO  com.demo.baseutil.Basetest - Clicked on : process loc is clicked
17:09:08.940 [main] INFO  com.demo.baseutil.Basetest - Validate process type is clicked is clickable
17:09:11.254 [main] INFO  com.demo.baseutil.Basetest - Clicked on : process type is clicked
17:09:13.286 [main] INFO  com.demo.baseutil.Basetest - Scroll down successful
17:09:13.286 [main] INFO  com.demo.baseutil.Basetest - Validate process trans is clicked is clickable
17:09:15.605 [main] INFO  com.demo.baseutil.Basetest - Clicked on : process trans is clicked
17:09:21.694 [main] INFO  com.demo.baseutil.Basetest - Scroll down
17:09:21.694 [main] INFO  com.demo.baseutil.Basetest - Validate process add button is clicked is clickable
17:09:24.086 [main] INFO  com.demo.baseutil.Basetest - Clicked on : process add button is clicked
17:09:41.144 [main] INFO  com.demo.baseutil.Basetest - Scroll down
17:09:43.159 [main] INFO  com.demo.baseutil.Basetest - Validate Process is clicked is clickable
17:09:45.535 [main] INFO  com.demo.baseutil.Basetest - Clicked on : Process is clicked
17:09:50.545 [main] INFO  com.demo.baseutil.Basetest - Validate Process add is clicked is clickable
17:09:52.987 [main] INFO  com.demo.baseutil.Basetest - Clicked on : Process add is clicked
17:09:57.988 [main] INFO  com.demo.baseutil.Basetest - Validate Product id is clicked is clickable
17:10:00.368 [main] INFO  com.demo.baseutil.Basetest - Clicked on : Product id is clicked
17:10:04.718 [main] INFO  com.demo.baseutil.Basetest - Validate Product id is clicked is clickable
17:10:07.024 [main] INFO  com.demo.baseutil.Basetest - Clicked on : Product id is clicked
17:10:09.028 [main] INFO  com.demo.baseutil.Basetest - Validate Product id is clicked is clickable
17:10:11.366 [main] INFO  com.demo.baseutil.Basetest - Clicked on : Product id is clicked
17:10:13.373 [main] INFO  com.demo.baseutil.Basetest - Validate outside is clicked is clickable
17:10:15.679 [main] INFO  com.demo.baseutil.Basetest - Clicked on : outside is clicked
17:10:21.775 [main] INFO  com.demo.baseutil.Basetest - Scroll down
17:10:21.775 [main] INFO  com.demo.baseutil.Basetest - Validate process name is clicked is clickable
17:10:24.116 [main] INFO  com.demo.baseutil.Basetest - Clicked on : process name is clicked
17:10:26.124 [main] INFO  com.demo.baseutil.Basetest - Enter the value into process name Value is entered
17:10:26.390 [main] INFO  com.demo.baseutil.Basetest - processobsnosscc typed into process name Value is entered
17:10:28.414 [main] INFO  com.demo.baseutil.Basetest - Scroll down successful
17:10:28.414 [main] INFO  com.demo.baseutil.Basetest - Validate process loc is clicked is clickable
17:10:30.799 [main] INFO  com.demo.baseutil.Basetest - Clicked on : process loc is clicked
17:10:38.029 [main] INFO  com.demo.baseutil.Basetest - Validate process loc is clicked is clickable
17:10:40.320 [main] INFO  com.demo.baseutil.Basetest - Clicked on : process loc is clicked
17:10:42.335 [main] INFO  com.demo.baseutil.Basetest - Validate process type is clicked is clickable
17:10:44.702 [main] INFO  com.demo.baseutil.Basetest - Clicked on : process type is clicked
17:10:46.733 [main] INFO  com.demo.baseutil.Basetest - Scroll down successful
17:10:46.733 [main] INFO  com.demo.baseutil.Basetest - Validate process trans is clicked is clickable
17:10:49.053 [main] INFO  com.demo.baseutil.Basetest - Clicked on : process trans is clicked
17:10:51.069 [main] INFO  com.demo.baseutil.Basetest - Validate kdesscc  is clicked is clickable
17:10:53.385 [main] INFO  com.demo.baseutil.Basetest - Clicked on : kdesscc  is clicked
17:10:59.460 [main] INFO  com.demo.baseutil.Basetest - Scroll down
17:10:59.460 [main] INFO  com.demo.baseutil.Basetest - Validate process add button is clicked is clickable
17:11:01.721 [main] INFO  com.demo.baseutil.Basetest - Clicked on : process add button is clicked
17:11:06.870 [main] INFO  com.demo.baseutil.Basetest - Browser is closed sucessfuly
17:11:07.641 [main] INFO  com.demo.baseutil.Basetest - Browser is closed sucessfuly
17:11:08.532 [main] ERROR com.demo.baseutil.Basetest - Failed to close the Browser
