12:50:32.312 [main] INFO  com.demo.baseutil.Basetest - 
12:50:32.319 [main] INFO  com.demo.baseutil.Basetest - Running locally JavaMail
12:50:32.502 [main] INFO  com.demo.baseutil.Basetest2 - Folder creation for Extent
12:50:32.510 [main] INFO  com.demo.baseutil.Basetest - ExtentDir:-C:\Users\Deepti Jindal\eclipse-workspace2\com.NFR.Trace QA latest/reports/Automation Report- 01_24_2025_12_50_32/Report/01_24_2025_12_50_32
12:50:32.654 [main] INFO  com.demo.baseutil.Basetest - Report Initiated
12:50:32.657 [main] INFO  com.demo.baseutil.Basetest - Screenshot folder created
12:50:47.663 [main] INFO  com.demo.baseutil.Basetest - Validate Sign in with FarmtoPlate account is clickable
12:50:50.305 [main] INFO  com.demo.baseutil.Basetest - Clicked on : Sign in with FarmtoPlate account
12:50:50.331 [main] INFO  com.demo.baseutil.Basetest - Url contains farmtoplateapps.io/login
12:50:50.348 [main] INFO  com.demo.baseutil.Basetest - Sign in title matched
12:50:50.349 [main] INFO  com.demo.baseutil.Basetest - UI verified for Sigin page.
12:50:50.349 [main] INFO  com.demo.baseutil.Basetest - Sign in function call
12:50:50.349 [main] INFO  com.demo.baseutil.Basetest - Validate email address field is clicked is clickable
12:50:53.781 [main] INFO  com.demo.baseutil.Basetest - Clicked on : email address field is clicked
12:50:53.782 [main] INFO  com.demo.baseutil.Basetest - Enter the value into Email Id Entered
12:50:54.264 [main] INFO  com.demo.baseutil.Basetest - farmtoplatef2p@paramountsoft.net typed into Email Id Entered
12:50:54.264 [main] INFO  com.demo.baseutil.Basetest - Validate Enter the password is clickable
12:50:56.746 [main] INFO  com.demo.baseutil.Basetest - Clicked on : Enter the password
12:50:56.746 [main] INFO  com.demo.baseutil.Basetest - Enter the value into Password Id Entered
12:50:57.173 [main] INFO  com.demo.baseutil.Basetest - Admin1234 typed into Password Id Entered
12:51:06.264 [main] INFO  com.demo.baseutil.Basetest - Scroll down
12:51:07.281 [main] INFO  com.demo.baseutil.Basetest - Validate Press the signin button is clickable
12:51:10.676 [main] INFO  com.demo.baseutil.Basetest - Clicked on : Press the signin button
12:51:18.694 [main] INFO  com.demo.baseutil.Basetest - HomePage title  is matched
12:51:31.717 [main] INFO  com.demo.baseutil.Basetest - Validate Network Management is clicked is clickable
12:51:34.285 [main] INFO  com.demo.baseutil.Basetest - Clicked on : Network Management is clicked
12:51:38.298 [main] INFO  com.demo.baseutil.Basetest - Validate Add new is clicked is clickable
12:51:40.876 [main] INFO  com.demo.baseutil.Basetest - Clicked on : Add new is clicked
12:51:42.891 [main] INFO  com.demo.baseutil.Basetest - Validate Organisation Name is clicked is clickable
12:51:45.439 [main] INFO  com.demo.baseutil.Basetest - Clicked on : Organisation Name is clicked
12:51:45.439 [main] INFO  com.demo.baseutil.Basetest - Enter the value into Organisation is Entered
12:51:45.921 [main] INFO  com.demo.baseutil.Basetest - Kujqnfda typed into Organisation is Entered
12:51:45.921 [main] INFO  com.demo.baseutil.Basetest - Validate Organisation type is clicked is clickable
12:51:48.467 [main] INFO  com.demo.baseutil.Basetest - Clicked on : Organisation type is clicked
12:51:48.467 [main] INFO  com.demo.baseutil.Basetest - Validate upstream is selected is clickable
12:51:51.057 [main] INFO  com.demo.baseutil.Basetest - Clicked on : upstream is selected
12:51:51.058 [main] INFO  com.demo.baseutil.Basetest - Validate Organisation role is clicked is clickable
12:51:53.557 [main] INFO  com.demo.baseutil.Basetest - Clicked on : Organisation role is clicked
12:51:53.557 [main] INFO  com.demo.baseutil.Basetest - Validate Organisation role is selected is clickable
12:51:56.093 [main] INFO  com.demo.baseutil.Basetest - Clicked on : Organisation role is selected
12:51:56.094 [main] INFO  com.demo.baseutil.Basetest - Validate module is clicked is clickable
12:51:58.672 [main] INFO  com.demo.baseutil.Basetest - Clicked on : module is clicked
12:51:58.672 [main] INFO  com.demo.baseutil.Basetest - Validate module is selected is clickable
12:52:01.234 [main] INFO  com.demo.baseutil.Basetest - Clicked on : module is selected
12:52:01.234 [main] INFO  com.demo.baseutil.Basetest - Validate email field is clicked is clickable
12:52:03.794 [main] INFO  com.demo.baseutil.Basetest - Clicked on : email field is clicked
12:52:03.794 [main] INFO  com.demo.baseutil.Basetest - Enter the value into emailid is Entered
12:52:04.434 [main] INFO  com.demo.baseutil.Basetest - 11001avcyghg@yopmail.com typed into emailid is Entered
12:52:10.534 [main] INFO  com.demo.baseutil.Basetest - Scroll down
12:52:17.544 [main] INFO  com.demo.baseutil.Basetest - Validate Database Type is clicked is clickable
12:52:20.100 [main] INFO  com.demo.baseutil.Basetest - Clicked on : Database Type is clicked
12:52:20.101 [main] INFO  com.demo.baseutil.Basetest - Validate Db is selected is clickable
12:52:22.629 [main] INFO  com.demo.baseutil.Basetest - Clicked on : Db is selected
12:52:24.676 [main] INFO  com.demo.baseutil.Basetest - Scroll down successful
12:52:25.692 [main] INFO  com.demo.baseutil.Basetest - Validate Db is selected is clickable
12:52:28.276 [main] INFO  com.demo.baseutil.Basetest - Clicked on : Db is selected
12:52:30.287 [main] INFO  com.demo.baseutil.Basetest - Validate ordermgmt is selected is clickable
12:52:32.838 [main] INFO  com.demo.baseutil.Basetest - Clicked on : ordermgmt is selected
12:52:32.838 [main] INFO  com.demo.baseutil.Basetest - Validate Soil Dashboard is selected is clickable
12:52:35.319 [main] INFO  com.demo.baseutil.Basetest - Clicked on : Soil Dashboard is selected
12:52:35.319 [main] INFO  com.demo.baseutil.Basetest - Validate Submit Button is clicked is clickable
12:52:37.942 [main] INFO  com.demo.baseutil.Basetest - Clicked on : Submit Button is clicked
12:52:40.156 [main] INFO  com.demo.baseutil.Basetest - Validate Email address input field is clicked is clickable
12:52:44.306 [main] INFO  com.demo.baseutil.Basetest - Clicked on : Email address input field is clicked
12:52:44.306 [main] INFO  com.demo.baseutil.Basetest - Enter the value into email address is entered
12:52:44.786 [main] INFO  com.demo.baseutil.Basetest - 11001avcyghg@yopmail.com typed into email address is entered
12:52:44.786 [main] INFO  com.demo.baseutil.Basetest - Validate arrow button is clicked is clickable
12:52:48.030 [main] INFO  com.demo.baseutil.Basetest - Clicked on : arrow button is clicked
12:52:59.795 [main] INFO  com.demo.baseutil.Basetest - Scroll till the scrolldown
12:52:59.902 [main] INFO  com.demo.baseutil.Basetest - Scroll till the scrolldown completed
12:53:01.912 [main] INFO  com.demo.baseutil.Basetest - Validate first email is clicked is clickable
12:53:04.495 [main] INFO  com.demo.baseutil.Basetest - Clicked on : first email is clicked
12:53:06.646 [main] INFO  com.demo.baseutil.Basetest - Validate email address is clicked is clickable
12:53:09.460 [main] INFO  com.demo.baseutil.Basetest - Clicked on : email address is clicked
12:53:11.542 [main] INFO  com.demo.baseutil.Basetest - Validate pass is clicked is clickable
12:53:15.710 [main] INFO  com.demo.baseutil.Basetest - Clicked on : pass is clicked
12:53:15.710 [main] INFO  com.demo.baseutil.Basetest - Enter the value into Password is entered
12:53:16.146 [main] INFO  com.demo.baseutil.Basetest - Admin@1234 typed into Password is entered
12:53:16.146 [main] INFO  com.demo.baseutil.Basetest - Validate confirm password is clicked is clickable
12:53:18.643 [main] INFO  com.demo.baseutil.Basetest - Clicked on : confirm password is clicked
12:53:18.644 [main] INFO  com.demo.baseutil.Basetest - Enter the value into Confirm Password is entered
12:53:19.030 [main] INFO  com.demo.baseutil.Basetest - Admin@1234 typed into Confirm Password is entered
12:53:25.147 [main] INFO  com.demo.baseutil.Basetest - Scroll down
12:53:25.147 [main] INFO  com.demo.baseutil.Basetest - Validate button is clicked is clickable
12:53:27.674 [main] INFO  com.demo.baseutil.Basetest - Clicked on : button is clicked
12:53:29.690 [main] INFO  com.demo.baseutil.Basetest - Validate email address field is clicked is clickable
12:53:33.129 [main] INFO  com.demo.baseutil.Basetest - Clicked on : email address field is clicked
12:53:33.129 [main] INFO  com.demo.baseutil.Basetest - Enter the value into Email Id Entered
12:53:33.644 [main] INFO  com.demo.baseutil.Basetest - 11001avcyghg@yopmail.com typed into Email Id Entered
12:53:33.644 [main] INFO  com.demo.baseutil.Basetest - Validate Enter the password is clickable
12:53:36.161 [main] INFO  com.demo.baseutil.Basetest - Clicked on : Enter the password
12:53:36.163 [main] INFO  com.demo.baseutil.Basetest - Enter the value into Password Id Entered
12:53:36.536 [main] INFO  com.demo.baseutil.Basetest - Admin@1234 typed into Password Id Entered
12:53:40.606 [main] INFO  com.demo.baseutil.Basetest - Scroll down
12:53:40.606 [main] INFO  com.demo.baseutil.Basetest - Validate Press the signin button is clickable
12:53:43.910 [main] INFO  com.demo.baseutil.Basetest - Clicked on : Press the signin button
12:53:46.935 [main] INFO  com.demo.baseutil.Basetest - Scroll down successful
12:53:48.943 [main] INFO  com.demo.baseutil.Basetest - Validate Press the button is clickable
12:53:50.930 [main] INFO  com.demo.baseutil.Basetest - Browser is closed sucessfuly
12:53:51.995 [main] INFO  com.demo.baseutil.Basetest - Browser is closed sucessfuly
12:54:01.344 [main] INFO  com.demo.baseutil.Basetest - Validate Sign in with FarmtoPlate account is clickable
12:54:04.007 [main] INFO  com.demo.baseutil.Basetest - Clicked on : Sign in with FarmtoPlate account
12:54:04.020 [main] INFO  com.demo.baseutil.Basetest - Url contains farmtoplateapps.io/login
12:54:04.042 [main] INFO  com.demo.baseutil.Basetest - Sign in title matched
12:54:04.042 [main] INFO  com.demo.baseutil.Basetest - UI verified for Sigin page.
12:54:04.042 [main] INFO  com.demo.baseutil.Basetest - Sign in function call
12:54:04.042 [main] INFO  com.demo.baseutil.Basetest - Validate email address field is clicked is clickable
12:54:06.999 [main] INFO  com.demo.baseutil.Basetest - Clicked on : email address field is clicked
12:54:06.999 [main] INFO  com.demo.baseutil.Basetest - Enter the value into Email Id Entered
12:54:07.310 [main] INFO  com.demo.baseutil.Basetest - 139@yopmail.com typed into Email Id Entered
12:54:07.311 [main] INFO  com.demo.baseutil.Basetest - Validate Enter the password is clickable
12:54:09.739 [main] INFO  com.demo.baseutil.Basetest - Clicked on : Enter the password
12:54:09.739 [main] INFO  com.demo.baseutil.Basetest - Enter the value into Password Id Entered
12:54:10.109 [main] INFO  com.demo.baseutil.Basetest - Admin@1234 typed into Password Id Entered
12:54:14.179 [main] INFO  com.demo.baseutil.Basetest - Scroll down
12:54:14.180 [main] INFO  com.demo.baseutil.Basetest - Validate Press the signin button is clickable
12:54:17.344 [main] INFO  com.demo.baseutil.Basetest - Clicked on : Press the signin button
12:54:19.370 [main] INFO  com.demo.baseutil.Basetest - HomePage title  is matched
12:54:29.375 [main] INFO  com.demo.baseutil.Basetest - Validate click on trace is clickable
12:54:31.945 [main] INFO  com.demo.baseutil.Basetest - Clicked on : click on trace
12:54:33.953 [main] INFO  com.demo.baseutil.Basetest - Validate click on dashboard is clickable
12:54:36.614 [main] INFO  com.demo.baseutil.Basetest - Clicked on : click on dashboard
12:54:38.644 [main] INFO  com.demo.baseutil.Basetest - Validate click on organisation network is clickable
12:54:41.560 [main] INFO  com.demo.baseutil.Basetest - Browser is closed sucessfuly
12:54:42.182 [main] INFO  com.demo.baseutil.Basetest - Browser is closed sucessfuly
12:54:54.293 [main] INFO  com.demo.baseutil.Basetest - Validate Sign in with FarmtoPlate account is clickable
12:54:56.793 [main] INFO  com.demo.baseutil.Basetest - Clicked on : Sign in with FarmtoPlate account
12:54:56.809 [main] INFO  com.demo.baseutil.Basetest - Url contains farmtoplateapps.io/login
12:54:56.820 [main] INFO  com.demo.baseutil.Basetest - Sign in title matched
12:54:56.820 [main] INFO  com.demo.baseutil.Basetest - UI verified for Sigin page.
12:54:56.821 [main] INFO  com.demo.baseutil.Basetest - Sign in function call
12:54:56.821 [main] INFO  com.demo.baseutil.Basetest - Validate email address field is clicked is clickable
12:55:00.161 [main] INFO  com.demo.baseutil.Basetest - Clicked on : email address field is clicked
12:55:00.161 [main] INFO  com.demo.baseutil.Basetest - Enter the value into Email Id Entered
12:55:00.560 [main] INFO  com.demo.baseutil.Basetest - 139@yopmail.com typed into Email Id Entered
12:55:00.560 [main] INFO  com.demo.baseutil.Basetest - Validate Enter the password is clickable
12:55:03.022 [main] INFO  com.demo.baseutil.Basetest - Clicked on : Enter the password
12:55:03.022 [main] INFO  com.demo.baseutil.Basetest - Enter the value into Password Id Entered
12:55:03.441 [main] INFO  com.demo.baseutil.Basetest - Admin@1234 typed into Password Id Entered
12:55:07.538 [main] INFO  com.demo.baseutil.Basetest - Scroll down
12:55:07.538 [main] INFO  com.demo.baseutil.Basetest - Validate Press the signin button is clickable
12:55:10.526 [main] INFO  com.demo.baseutil.Basetest - Clicked on : Press the signin button
12:55:12.550 [main] INFO  com.demo.baseutil.Basetest - HomePage title  is matched
12:55:22.554 [main] INFO  com.demo.baseutil.Basetest - Validate click on trace is clickable
12:55:25.092 [main] INFO  com.demo.baseutil.Basetest - Clicked on : click on trace
12:55:27.096 [main] INFO  com.demo.baseutil.Basetest - Validate Network Management is clicked is clickable
12:55:29.818 [main] INFO  com.demo.baseutil.Basetest - Clicked on : Network Management is clicked
12:55:34.833 [main] INFO  com.demo.baseutil.Basetest - Validate Add new is clicked is clickable
12:55:37.406 [main] INFO  com.demo.baseutil.Basetest - Clicked on : Add new is clicked
12:55:39.414 [main] INFO  com.demo.baseutil.Basetest - Validate Organisation Name is clicked is clickable
12:55:41.906 [main] INFO  com.demo.baseutil.Basetest - Clicked on : Organisation Name is clicked
12:55:41.908 [main] INFO  com.demo.baseutil.Basetest - Enter the value into Organisation is Entered
12:55:42.261 [main] INFO  com.demo.baseutil.Basetest - joUsnGeM typed into Organisation is Entered
12:55:42.261 [main] INFO  com.demo.baseutil.Basetest - Validate Organisation type is clicked is clickable
12:55:44.795 [main] INFO  com.demo.baseutil.Basetest - Clicked on : Organisation type is clicked
12:55:44.795 [main] INFO  com.demo.baseutil.Basetest - Validate upstream is selected is clickable
12:55:47.258 [main] INFO  com.demo.baseutil.Basetest - Clicked on : upstream is selected
12:55:47.258 [main] INFO  com.demo.baseutil.Basetest - Validate Organisation role is clicked is clickable
12:55:49.724 [main] INFO  com.demo.baseutil.Basetest - Clicked on : Organisation role is clicked
12:55:49.724 [main] INFO  com.demo.baseutil.Basetest - Validate Organisation role is selected is clickable
12:55:52.224 [main] INFO  com.demo.baseutil.Basetest - Clicked on : Organisation role is selected
12:55:52.224 [main] INFO  com.demo.baseutil.Basetest - Validate module is clicked is clickable
12:55:54.799 [main] INFO  com.demo.baseutil.Basetest - Clicked on : module is clicked
12:55:54.799 [main] INFO  com.demo.baseutil.Basetest - Validate module is selected is clickable
12:55:57.401 [main] INFO  com.demo.baseutil.Basetest - Clicked on : module is selected
12:55:57.401 [main] INFO  com.demo.baseutil.Basetest - Validate email field is clicked is clickable
12:55:59.998 [main] INFO  com.demo.baseutil.Basetest - Clicked on : email field is clicked
12:55:59.998 [main] INFO  com.demo.baseutil.Basetest - Enter the value into emailid is Entered
12:56:00.665 [main] INFO  com.demo.baseutil.Basetest - zcGTrinH468@yopmail.com typed into emailid is Entered
12:56:01.681 [main] INFO  com.demo.baseutil.Basetest - Validate sendinvite button is clicked is clickable
12:56:04.270 [main] INFO  com.demo.baseutil.Basetest - Clicked on : sendinvite button is clicked
12:56:06.274 [main] INFO  com.demo.baseutil.Basetest - Validate submit is selected is clickable
12:56:08.743 [main] INFO  com.demo.baseutil.Basetest - Clicked on : submit is selected
12:56:23.866 [main] INFO  com.demo.baseutil.Basetest - Validate Email address input field is clicked is clickable
12:56:26.387 [main] INFO  com.demo.baseutil.Basetest - Clicked on : Email address input field is clicked
12:56:26.387 [main] INFO  com.demo.baseutil.Basetest - Enter the value into email address is entered
12:56:26.844 [main] INFO  com.demo.baseutil.Basetest - zcGTrinH468@yopmail.com typed into email address is entered
12:56:26.844 [main] INFO  com.demo.baseutil.Basetest - Validate arrow button is clicked is clickable
12:56:30.041 [main] INFO  com.demo.baseutil.Basetest - Clicked on : arrow button is clicked
12:56:33.151 [main] INFO  com.demo.baseutil.Basetest - Validate first email is clicked is clickable
12:56:35.674 [main] INFO  com.demo.baseutil.Basetest - Clicked on : first email is clicked
12:56:37.768 [main] INFO  com.demo.baseutil.Basetest - Validate email address is clicked is clickable
12:56:40.400 [main] INFO  com.demo.baseutil.Basetest - Clicked on : email address is clicked
12:56:42.423 [main] INFO  com.demo.baseutil.Basetest - Validate pass is clicked is clickable
12:56:45.452 [main] INFO  com.demo.baseutil.Basetest - Clicked on : pass is clicked
12:56:45.452 [main] INFO  com.demo.baseutil.Basetest - Enter the value into Password is entered
12:56:45.857 [main] INFO  com.demo.baseutil.Basetest - Admin@1234 typed into Password is entered
12:56:45.857 [main] INFO  com.demo.baseutil.Basetest - Validate confirm password is clicked is clickable
12:56:48.357 [main] INFO  com.demo.baseutil.Basetest - Clicked on : confirm password is clicked
12:56:48.357 [main] INFO  com.demo.baseutil.Basetest - Enter the value into Confirm Password is entered
12:56:48.708 [main] INFO  com.demo.baseutil.Basetest - Admin@1234 typed into Confirm Password is entered
12:56:54.795 [main] INFO  com.demo.baseutil.Basetest - Scroll down
12:56:54.795 [main] INFO  com.demo.baseutil.Basetest - Validate button is clicked is clickable
12:56:57.295 [main] INFO  com.demo.baseutil.Basetest - Clicked on : button is clicked
12:56:59.300 [main] INFO  com.demo.baseutil.Basetest - Validate email address field is clicked is clickable
12:57:02.190 [main] INFO  com.demo.baseutil.Basetest - Clicked on : email address field is clicked
12:57:02.191 [main] INFO  com.demo.baseutil.Basetest - Enter the value into Email Id Entered
12:57:02.669 [main] INFO  com.demo.baseutil.Basetest - zcGTrinH468@yopmail.com typed into Email Id Entered
12:57:02.672 [main] INFO  com.demo.baseutil.Basetest - Validate Enter the password is clickable
12:57:05.183 [main] INFO  com.demo.baseutil.Basetest - Clicked on : Enter the password
12:57:05.183 [main] INFO  com.demo.baseutil.Basetest - Enter the value into Password Id Entered
12:57:05.542 [main] INFO  com.demo.baseutil.Basetest - Admin@1234 typed into Password Id Entered
12:57:09.635 [main] INFO  com.demo.baseutil.Basetest - Scroll down
12:57:09.635 [main] INFO  com.demo.baseutil.Basetest - Validate Press the signin button is clickable
12:57:12.806 [main] INFO  com.demo.baseutil.Basetest - Clicked on : Press the signin button
12:57:24.815 [main] INFO  com.demo.baseutil.Basetest - Validate Press the continue button is clickable
12:57:27.266 [main] INFO  com.demo.baseutil.Basetest - Clicked on : Press the continue button
12:57:27.282 [main] INFO  com.demo.baseutil.Basetest - Scroll down successful
12:57:31.365 [main] INFO  com.demo.baseutil.Basetest - Scroll down
12:57:36.393 [main] INFO  com.demo.baseutil.Basetest - Scroll down successful
12:57:36.393 [main] INFO  com.demo.baseutil.Basetest - Validate Press the signin button is clickable
12:57:38.864 [main] INFO  com.demo.baseutil.Basetest - Clicked on : Press the signin button
12:57:38.864 [main] INFO  com.demo.baseutil.Basetest - Validate Press the button is clickable
12:57:41.342 [main] INFO  com.demo.baseutil.Basetest - Clicked on : Press the button
12:57:41.502 [main] INFO  com.demo.baseutil.Basetest - Browser is closed sucessfuly
12:57:42.093 [main] INFO  com.demo.baseutil.Basetest - Browser is closed sucessfuly
12:57:52.378 [main] INFO  com.demo.baseutil.Basetest - Validate Sign in with FarmtoPlate account is clickable
12:57:54.784 [main] INFO  com.demo.baseutil.Basetest - Clicked on : Sign in with FarmtoPlate account
12:57:54.792 [main] INFO  com.demo.baseutil.Basetest - Url contains farmtoplateapps.io/login
12:57:54.797 [main] INFO  com.demo.baseutil.Basetest - Sign in title matched
12:57:54.797 [main] INFO  com.demo.baseutil.Basetest - UI verified for Sigin page.
12:57:54.798 [main] INFO  com.demo.baseutil.Basetest - Sign in function call
12:57:54.798 [main] INFO  com.demo.baseutil.Basetest - Validate email address field is clicked is clickable
12:57:57.190 [main] INFO  com.demo.baseutil.Basetest - Clicked on : email address field is clicked
12:57:57.190 [main] INFO  com.demo.baseutil.Basetest - Enter the value into Email Id Entered
12:57:57.617 [main] INFO  com.demo.baseutil.Basetest - 139@yopmail.com typed into Email Id Entered
12:57:57.618 [main] INFO  com.demo.baseutil.Basetest - Validate Enter the password is clickable
12:57:59.988 [main] INFO  com.demo.baseutil.Basetest - Clicked on : Enter the password
12:57:59.988 [main] INFO  com.demo.baseutil.Basetest - Enter the value into Password Id Entered
12:58:00.371 [main] INFO  com.demo.baseutil.Basetest - Admin@1234 typed into Password Id Entered
12:58:04.449 [main] INFO  com.demo.baseutil.Basetest - Scroll down
12:58:04.449 [main] INFO  com.demo.baseutil.Basetest - Validate Press the signin button is clickable
12:58:07.582 [main] INFO  com.demo.baseutil.Basetest - Clicked on : Press the signin button
12:58:09.770 [main] INFO  com.demo.baseutil.Basetest - HomePage title  is matched
12:58:19.798 [main] INFO  com.demo.baseutil.Basetest - Validate click on trace is clickable
12:58:22.400 [main] INFO  com.demo.baseutil.Basetest - Clicked on : click on trace
12:58:28.491 [main] INFO  com.demo.baseutil.Basetest - Validate Asset & Infrastructure Data is clicked is clickable
12:58:30.976 [main] INFO  com.demo.baseutil.Basetest - Clicked on : Asset & Infrastructure Data is clicked
12:58:32.984 [main] INFO  com.demo.baseutil.Basetest - Validate Assets is clicked is clickable
12:58:35.620 [main] INFO  com.demo.baseutil.Basetest - Clicked on : Assets is clicked
12:58:37.628 [main] INFO  com.demo.baseutil.Basetest - Validate Add new is clicked is clickable
12:58:40.150 [main] INFO  com.demo.baseutil.Basetest - Clicked on : Add new is clicked
12:58:42.152 [main] INFO  com.demo.baseutil.Basetest - Validate Asset type is clicked is clickable
12:58:44.620 [main] INFO  com.demo.baseutil.Basetest - Clicked on : Asset type is clicked
12:58:44.620 [main] INFO  com.demo.baseutil.Basetest - Validate vehicle is selected is clickable
12:58:47.119 [main] INFO  com.demo.baseutil.Basetest - Clicked on : vehicle is selected
12:58:47.120 [main] INFO  com.demo.baseutil.Basetest - Validate Click on Vehicle Name is clickable
12:58:49.630 [main] INFO  com.demo.baseutil.Basetest - Clicked on : Click on Vehicle Name
12:58:49.630 [main] INFO  com.demo.baseutil.Basetest - Enter the value into enter the vehicle name
12:58:50.090 [main] INFO  com.demo.baseutil.Basetest - Loading VehiclejfNq typed into enter the vehicle name
12:58:50.091 [main] INFO  com.demo.baseutil.Basetest - Validate Click on Vehicle Number is clickable
12:58:52.547 [main] INFO  com.demo.baseutil.Basetest - Clicked on : Click on Vehicle Number
12:58:52.547 [main] INFO  com.demo.baseutil.Basetest - Enter the value into Enter the vehicle number
12:58:52.904 [main] INFO  com.demo.baseutil.Basetest - pqfLuStA typed into Enter the vehicle number
12:58:52.904 [main] INFO  com.demo.baseutil.Basetest - Validate click the dropdown of carrier is clickable
12:58:55.399 [main] INFO  com.demo.baseutil.Basetest - Clicked on : click the dropdown of carrier
12:58:55.399 [main] INFO  com.demo.baseutil.Basetest - Validate click the tanker is clickable
12:58:57.877 [main] INFO  com.demo.baseutil.Basetest - Clicked on : click the tanker
12:58:57.877 [main] INFO  com.demo.baseutil.Basetest - Validate Click on Make is clickable
12:59:00.316 [main] INFO  com.demo.baseutil.Basetest - Clicked on : Click on Make
12:59:00.316 [main] INFO  com.demo.baseutil.Basetest - Enter the value into enter the make
12:59:00.682 [main] INFO  com.demo.baseutil.Basetest - Mahindra typed into enter the make
12:59:00.683 [main] INFO  com.demo.baseutil.Basetest - Validate Click on Model is clickable
12:59:03.130 [main] INFO  com.demo.baseutil.Basetest - Clicked on : Click on Model
12:59:03.130 [main] INFO  com.demo.baseutil.Basetest - Enter the value into enter the model
12:59:03.506 [main] INFO  com.demo.baseutil.Basetest - XUV typed into enter the model
12:59:03.506 [main] INFO  com.demo.baseutil.Basetest - Validate Click on Model is clickable
12:59:05.951 [main] INFO  com.demo.baseutil.Basetest - Clicked on : Click on Model
12:59:05.951 [main] INFO  com.demo.baseutil.Basetest - Enter the value into enter the model
12:59:06.331 [main] INFO  com.demo.baseutil.Basetest - XUV typed into enter the model
12:59:06.331 [main] INFO  com.demo.baseutil.Basetest - Validate Click on Vehicle Number is clickable
12:59:08.796 [main] INFO  com.demo.baseutil.Basetest - Clicked on : Click on Vehicle Number
12:59:08.796 [main] INFO  com.demo.baseutil.Basetest - Enter the value into Enter the engine number
12:59:09.122 [main] INFO  com.demo.baseutil.Basetest - UajbjoOm1 typed into Enter the engine number
12:59:09.122 [main] INFO  com.demo.baseutil.Basetest - Validate Click on Class-GVWR is clickable
12:59:11.607 [main] INFO  com.demo.baseutil.Basetest - Clicked on : Click on Class-GVWR
12:59:11.607 [main] INFO  com.demo.baseutil.Basetest - Enter the value into enter the classgvwr
12:59:12.034 [main] INFO  com.demo.baseutil.Basetest - C1-20 typed into enter the classgvwr
12:59:12.037 [main] INFO  com.demo.baseutil.Basetest - Validate Click on Weight Capacity is clickable
12:59:14.531 [main] INFO  com.demo.baseutil.Basetest - Clicked on : Click on Weight Capacity
12:59:14.531 [main] INFO  com.demo.baseutil.Basetest - Enter the value into enter the weight capacity
12:59:14.843 [main] INFO  com.demo.baseutil.Basetest - 100 typed into enter the weight capacity
12:59:18.920 [main] INFO  com.demo.baseutil.Basetest - Scroll down
12:59:18.935 [main] INFO  com.demo.baseutil.Basetest - Scroll down successful
12:59:18.935 [main] INFO  com.demo.baseutil.Basetest - Validate Click on Add button is clickable
12:59:21.399 [main] INFO  com.demo.baseutil.Basetest - Clicked on : Click on Add button
12:59:22.567 [main] INFO  com.demo.baseutil.Basetest - Browser is closed sucessfuly
12:59:23.106 [main] INFO  com.demo.baseutil.Basetest - Browser is closed sucessfuly
12:59:35.529 [main] INFO  com.demo.baseutil.Basetest - Validate Sign in with FarmtoPlate account is clickable
12:59:38.044 [main] INFO  com.demo.baseutil.Basetest - Clicked on : Sign in with FarmtoPlate account
12:59:38.061 [main] INFO  com.demo.baseutil.Basetest - Url contains farmtoplateapps.io/login
12:59:38.078 [main] INFO  com.demo.baseutil.Basetest - Sign in title matched
12:59:38.078 [main] INFO  com.demo.baseutil.Basetest - UI verified for Sigin page.
12:59:38.078 [main] INFO  com.demo.baseutil.Basetest - Sign in function call
12:59:38.078 [main] INFO  com.demo.baseutil.Basetest - Validate email address field is clicked is clickable
12:59:40.764 [main] INFO  com.demo.baseutil.Basetest - Clicked on : email address field is clicked
12:59:40.765 [main] INFO  com.demo.baseutil.Basetest - Enter the value into Email Id Entered
12:59:41.097 [main] INFO  com.demo.baseutil.Basetest - 139@yopmail.com typed into Email Id Entered
12:59:41.097 [main] INFO  com.demo.baseutil.Basetest - Validate Enter the password is clickable
12:59:43.472 [main] INFO  com.demo.baseutil.Basetest - Clicked on : Enter the password
12:59:43.472 [main] INFO  com.demo.baseutil.Basetest - Enter the value into Password Id Entered
12:59:43.903 [main] INFO  com.demo.baseutil.Basetest - Admin@1234 typed into Password Id Entered
12:59:47.996 [main] INFO  com.demo.baseutil.Basetest - Scroll down
12:59:47.996 [main] INFO  com.demo.baseutil.Basetest - Validate Press the signin button is clickable
12:59:51.113 [main] INFO  com.demo.baseutil.Basetest - Clicked on : Press the signin button
12:59:53.891 [main] INFO  com.demo.baseutil.Basetest - HomePage title  is matched
13:00:03.915 [main] INFO  com.demo.baseutil.Basetest - Validate click on trace is clickable
13:00:06.451 [main] INFO  com.demo.baseutil.Basetest - Clicked on : click on trace
13:00:12.526 [main] INFO  com.demo.baseutil.Basetest - Validate Asset & Infrastructure Data is clicked is clickable
13:00:15.068 [main] INFO  com.demo.baseutil.Basetest - Clicked on : Asset & Infrastructure Data is clicked
13:00:17.084 [main] INFO  com.demo.baseutil.Basetest - Validate Infra is clicked is clickable
13:00:19.768 [main] INFO  com.demo.baseutil.Basetest - Clicked on : Infra is clicked
13:00:21.785 [main] INFO  com.demo.baseutil.Basetest - Validate Add new is clicked is clickable
13:00:24.399 [main] INFO  com.demo.baseutil.Basetest - Clicked on : Add new is clicked
13:00:26.407 [main] INFO  com.demo.baseutil.Basetest - Validate Click on Location Name is clickable
13:00:28.944 [main] INFO  com.demo.baseutil.Basetest - Clicked on : Click on Location Name
13:00:28.944 [main] INFO  com.demo.baseutil.Basetest - Enter the value into enter the location name
13:00:29.338 [main] INFO  com.demo.baseutil.Basetest - Warehouse B typed into enter the location name
13:00:29.339 [main] INFO  com.demo.baseutil.Basetest - Validate Asset type is clicked is clickable
13:00:31.852 [main] INFO  com.demo.baseutil.Basetest - Clicked on : Asset type is clicked
13:00:31.852 [main] INFO  com.demo.baseutil.Basetest - Validate vehicle is selected is clickable
13:00:34.292 [main] INFO  com.demo.baseutil.Basetest - Clicked on : vehicle is selected
13:00:34.292 [main] INFO  com.demo.baseutil.Basetest - Validate Click on GLN is clickable
13:00:36.909 [main] INFO  com.demo.baseutil.Basetest - Clicked on : Click on GLN
13:00:36.909 [main] INFO  com.demo.baseutil.Basetest - Enter the value into enter the GLN
13:00:37.269 [main] INFO  com.demo.baseutil.Basetest - 9806511175562 typed into enter the GLN
13:00:37.269 [main] INFO  com.demo.baseutil.Basetest - Validate Click on address is clickable
13:00:39.742 [main] INFO  com.demo.baseutil.Basetest - Clicked on : Click on address
13:00:39.742 [main] INFO  com.demo.baseutil.Basetest - Enter the value into enter the  address
13:00:40.435 [main] INFO  com.demo.baseutil.Basetest - Bangalore Palace, Palace Cross Road, Vasanth Nagar, Bengaluru, Karnataka, India typed into enter the  address
13:00:40.435 [main] INFO  com.demo.baseutil.Basetest - Validate Click on state is clickable
13:00:42.927 [main] INFO  com.demo.baseutil.Basetest - Clicked on : Click on state
13:00:42.927 [main] INFO  com.demo.baseutil.Basetest - Enter the value into Enetered the state
13:00:43.287 [main] INFO  com.demo.baseutil.Basetest - KA typed into Enetered the state
13:00:43.287 [main] INFO  com.demo.baseutil.Basetest - Validate Click on city is clickable
13:00:45.796 [main] INFO  com.demo.baseutil.Basetest - Clicked on : Click on city
13:00:45.796 [main] INFO  com.demo.baseutil.Basetest - Enter the value into Enetered the city
13:00:46.158 [main] INFO  com.demo.baseutil.Basetest - Bengaluru typed into Enetered the city
13:00:46.159 [main] INFO  com.demo.baseutil.Basetest - Validate Click on country is clickable
13:00:48.677 [main] INFO  com.demo.baseutil.Basetest - Clicked on : Click on country
13:00:48.677 [main] INFO  com.demo.baseutil.Basetest - Enter the value into Enetered the city
13:00:49.042 [main] INFO  com.demo.baseutil.Basetest - India typed into Enetered the city
13:00:49.043 [main] INFO  com.demo.baseutil.Basetest - Validate Click on zip is clickable
13:00:51.544 [main] INFO  com.demo.baseutil.Basetest - Clicked on : Click on zip
13:00:51.544 [main] INFO  com.demo.baseutil.Basetest - Enter the value into Enetred the Zip
13:00:51.888 [main] INFO  com.demo.baseutil.Basetest - 560052 typed into Enetred the Zip
13:00:55.965 [main] INFO  com.demo.baseutil.Basetest - Scroll down
13:00:55.965 [main] INFO  com.demo.baseutil.Basetest - Validate Click on Add button is clickable
13:00:58.419 [main] INFO  com.demo.baseutil.Basetest - Clicked on : Click on Add button
13:00:59.653 [main] INFO  com.demo.baseutil.Basetest - Browser is closed sucessfuly
13:01:00.176 [main] INFO  com.demo.baseutil.Basetest - Browser is closed sucessfuly
13:01:12.870 [main] INFO  com.demo.baseutil.Basetest - Validate Sign in with FarmtoPlate account is clickable
13:01:15.373 [main] INFO  com.demo.baseutil.Basetest - Clicked on : Sign in with FarmtoPlate account
13:01:15.395 [main] INFO  com.demo.baseutil.Basetest - Url contains farmtoplateapps.io/login
13:01:15.412 [main] INFO  com.demo.baseutil.Basetest - Sign in title matched
13:01:15.412 [main] INFO  com.demo.baseutil.Basetest - UI verified for Sigin page.
13:01:15.412 [main] INFO  com.demo.baseutil.Basetest - Sign in function call
13:01:15.412 [main] INFO  com.demo.baseutil.Basetest - Validate email address field is clicked is clickable
13:01:17.926 [main] INFO  com.demo.baseutil.Basetest - Clicked on : email address field is clicked
13:01:17.926 [main] INFO  com.demo.baseutil.Basetest - Enter the value into Email Id Entered
13:01:18.239 [main] INFO  com.demo.baseutil.Basetest - 139@yopmail.com typed into Email Id Entered
13:01:18.239 [main] INFO  com.demo.baseutil.Basetest - Validate Enter the password is clickable
13:01:20.568 [main] INFO  com.demo.baseutil.Basetest - Clicked on : Enter the password
13:01:20.568 [main] INFO  com.demo.baseutil.Basetest - Enter the value into Password Id Entered
13:01:21.016 [main] INFO  com.demo.baseutil.Basetest - Admin@1234 typed into Password Id Entered
13:01:25.094 [main] INFO  com.demo.baseutil.Basetest - Scroll down
13:01:25.095 [main] INFO  com.demo.baseutil.Basetest - Validate Press the signin button is clickable
13:01:28.030 [main] INFO  com.demo.baseutil.Basetest - Clicked on : Press the signin button
13:01:30.042 [main] INFO  com.demo.baseutil.Basetest - HomePage title  is matched
13:01:40.070 [main] INFO  com.demo.baseutil.Basetest - Validate click on trace is clickable
13:01:42.631 [main] INFO  com.demo.baseutil.Basetest - Clicked on : click on trace
13:01:48.719 [main] INFO  com.demo.baseutil.Basetest - Validate Asset & Infrastructure Data is clicked is clickable
13:01:51.232 [main] INFO  com.demo.baseutil.Basetest - Clicked on : Asset & Infrastructure Data is clicked
13:01:53.235 [main] INFO  com.demo.baseutil.Basetest - Validate Assets is clicked is clickable
13:01:55.882 [main] INFO  com.demo.baseutil.Basetest - Clicked on : Assets is clicked
13:02:00.894 [main] INFO  com.demo.baseutil.Basetest - Validate Add new is clicked is clickable
13:02:03.504 [main] INFO  com.demo.baseutil.Basetest - Clicked on : Add new is clicked
13:02:08.517 [main] INFO  com.demo.baseutil.Basetest - Validate Asset type is clicked is clickable
13:02:11.024 [main] INFO  com.demo.baseutil.Basetest - Clicked on : Asset type is clicked
13:02:11.024 [main] INFO  com.demo.baseutil.Basetest - Validate Click on Vehicle Name is clickable
13:02:13.528 [main] INFO  com.demo.baseutil.Basetest - Clicked on : Click on Vehicle Name
13:02:15.536 [main] INFO  com.demo.baseutil.Basetest - Validate container name is clicked is clickable
13:02:18.058 [main] INFO  com.demo.baseutil.Basetest - Clicked on : container name is clicked
13:02:18.058 [main] INFO  com.demo.baseutil.Basetest - Enter the value into enter the container name
13:02:18.628 [main] INFO  com.demo.baseutil.Basetest - containerrr735abc735 typed into enter the container name
13:02:20.652 [main] INFO  com.demo.baseutil.Basetest - Validate length is clicked is clickable
13:02:23.261 [main] INFO  com.demo.baseutil.Basetest - Clicked on : length is clicked
13:02:25.270 [main] INFO  com.demo.baseutil.Basetest - Enter the value into enter the length
13:02:25.666 [main] INFO  com.demo.baseutil.Basetest - 10 typed into enter the length
13:02:25.666 [main] INFO  com.demo.baseutil.Basetest - Validate breadth is clicked is clickable
13:02:28.165 [main] INFO  com.demo.baseutil.Basetest - Clicked on : breadth is clicked
13:02:28.166 [main] INFO  com.demo.baseutil.Basetest - Enter the value into breath entered
13:02:28.582 [main] INFO  com.demo.baseutil.Basetest - 10 typed into breath entered
13:02:30.589 [main] INFO  com.demo.baseutil.Basetest - Validate height is clicked is clickable
13:02:33.108 [main] INFO  com.demo.baseutil.Basetest - Clicked on : height is clicked
13:02:35.121 [main] INFO  com.demo.baseutil.Basetest - Enter the value into height entered
13:02:35.535 [main] INFO  com.demo.baseutil.Basetest - 20 typed into height entered
13:02:37.548 [main] INFO  com.demo.baseutil.Basetest - Validate dom is clicked is clickable
13:02:40.075 [main] INFO  com.demo.baseutil.Basetest - Clicked on : dom is clicked
13:02:42.091 [main] INFO  com.demo.baseutil.Basetest - Validate ft is clicked is clickable
13:02:44.612 [main] INFO  com.demo.baseutil.Basetest - Clicked on : ft is clicked
13:02:46.612 [main] INFO  com.demo.baseutil.Basetest - Validate wt is clicked is clickable
13:02:49.125 [main] INFO  com.demo.baseutil.Basetest - Clicked on : wt is clicked
13:02:51.139 [main] INFO  com.demo.baseutil.Basetest - Enter the value into weight entered
13:02:51.544 [main] INFO  com.demo.baseutil.Basetest - 1000 typed into weight entered
13:02:53.554 [main] INFO  com.demo.baseutil.Basetest - Validate wtcap is clicked is clickable
13:02:56.029 [main] INFO  com.demo.baseutil.Basetest - Clicked on : wtcap is clicked
13:02:58.045 [main] INFO  com.demo.baseutil.Basetest - Validate tons is clicked is clickable
13:03:00.498 [main] INFO  com.demo.baseutil.Basetest - Clicked on : tons is clicked
13:03:02.514 [main] INFO  com.demo.baseutil.Basetest - Validate Click on Add button is clickable
13:03:04.965 [main] INFO  com.demo.baseutil.Basetest - Clicked on : Click on Add button
13:03:11.158 [main] INFO  com.demo.baseutil.Basetest - Browser is closed sucessfuly
13:03:11.672 [main] INFO  com.demo.baseutil.Basetest - Browser is closed sucessfuly
13:03:24.221 [main] INFO  com.demo.baseutil.Basetest - Validate Sign in with FarmtoPlate account is clickable
13:03:26.692 [main] INFO  com.demo.baseutil.Basetest - Clicked on : Sign in with FarmtoPlate account
13:03:26.711 [main] INFO  com.demo.baseutil.Basetest - Url contains farmtoplateapps.io/login
13:03:26.726 [main] INFO  com.demo.baseutil.Basetest - Sign in title matched
13:03:26.726 [main] INFO  com.demo.baseutil.Basetest - UI verified for Sigin page.
13:03:26.726 [main] INFO  com.demo.baseutil.Basetest - Sign in function call
13:03:26.726 [main] INFO  com.demo.baseutil.Basetest - Validate email address field is clicked is clickable
13:03:29.370 [main] INFO  com.demo.baseutil.Basetest - Clicked on : email address field is clicked
13:03:29.370 [main] INFO  com.demo.baseutil.Basetest - Enter the value into Email Id Entered
13:03:29.865 [main] INFO  com.demo.baseutil.Basetest - 139@yopmail.com typed into Email Id Entered
13:03:29.866 [main] INFO  com.demo.baseutil.Basetest - Validate Enter the password is clickable
13:03:32.190 [main] INFO  com.demo.baseutil.Basetest - Clicked on : Enter the password
13:03:32.190 [main] INFO  com.demo.baseutil.Basetest - Enter the value into Password Id Entered
13:03:32.470 [main] INFO  com.demo.baseutil.Basetest - Admin@1234 typed into Password Id Entered
13:03:36.543 [main] INFO  com.demo.baseutil.Basetest - Scroll down
13:03:36.543 [main] INFO  com.demo.baseutil.Basetest - Validate Press the signin button is clickable
13:03:39.694 [main] INFO  com.demo.baseutil.Basetest - Clicked on : Press the signin button
13:03:41.897 [main] INFO  com.demo.baseutil.Basetest - HomePage title  is matched
13:03:51.921 [main] INFO  com.demo.baseutil.Basetest - Validate click on trace is clickable
13:03:54.453 [main] INFO  com.demo.baseutil.Basetest - Clicked on : click on trace
13:04:00.536 [main] INFO  com.demo.baseutil.Basetest - Validate User Management is clicked is clickable
13:04:03.080 [main] INFO  com.demo.baseutil.Basetest - Clicked on : User Management is clicked
13:04:05.096 [main] INFO  com.demo.baseutil.Basetest - Validate users is clicked is clickable
13:04:07.713 [main] INFO  com.demo.baseutil.Basetest - Clicked on : users is clicked
13:04:09.723 [main] INFO  com.demo.baseutil.Basetest - Validate Add new is clicked is clickable
13:04:12.256 [main] INFO  com.demo.baseutil.Basetest - Clicked on : Add new is clicked
13:04:14.260 [main] INFO  com.demo.baseutil.Basetest - Validate first name is clicked is clickable
13:04:16.744 [main] INFO  com.demo.baseutil.Basetest - Clicked on : first name is clicked
13:04:18.745 [main] INFO  com.demo.baseutil.Basetest - Enter the value into first name is entered
13:04:19.058 [main] INFO  com.demo.baseutil.Basetest - abc typed into first name is entered
13:04:21.071 [main] INFO  com.demo.baseutil.Basetest - Validate last name is clicked is clickable
13:04:23.556 [main] INFO  com.demo.baseutil.Basetest - Clicked on : last name is clicked
13:04:25.567 [main] INFO  com.demo.baseutil.Basetest - Enter the value into lastname name is entered
13:04:25.898 [main] INFO  com.demo.baseutil.Basetest - abc typed into lastname name is entered
13:04:27.907 [main] INFO  com.demo.baseutil.Basetest - Validate modulename is clicked is clickable
13:04:30.357 [main] INFO  com.demo.baseutil.Basetest - Clicked on : modulename is clicked
13:04:32.364 [main] INFO  com.demo.baseutil.Basetest - Validate module name is clicked is clickable
13:04:34.857 [main] INFO  com.demo.baseutil.Basetest - Clicked on : module name is clicked
13:04:36.862 [main] INFO  com.demo.baseutil.Basetest - Validate assignrole is clicked is clickable
13:04:39.440 [main] INFO  com.demo.baseutil.Basetest - Clicked on : assignrole is clicked
13:04:41.442 [main] INFO  com.demo.baseutil.Basetest - Validate assignitem is clicked is clickable
13:04:43.961 [main] INFO  com.demo.baseutil.Basetest - Clicked on : assignitem is clicked
13:04:45.974 [main] INFO  com.demo.baseutil.Basetest - Validate emailuser is clicked is clickable
13:04:48.505 [main] INFO  com.demo.baseutil.Basetest - Clicked on : emailuser is clicked
13:04:50.514 [main] INFO  com.demo.baseutil.Basetest - Enter the value into eamil is entered
13:04:51.041 [main] INFO  com.demo.baseutil.Basetest - abcdefjjggk2@yopmail.com typed into eamil is entered
13:04:53.053 [main] INFO  com.demo.baseutil.Basetest - Validate countrycode is clicked is clickable
13:04:55.592 [main] INFO  com.demo.baseutil.Basetest - Clicked on : countrycode is clicked
13:04:57.599 [main] INFO  com.demo.baseutil.Basetest - Enter the value into countrycode is entered
13:04:57.946 [main] INFO  com.demo.baseutil.Basetest - +91 typed into countrycode is entered
13:05:01.956 [main] INFO  com.demo.baseutil.Basetest - Validate countrycode select is clicked is clickable
13:05:04.468 [main] INFO  com.demo.baseutil.Basetest - Clicked on : countrycode select is clicked
13:05:06.477 [main] INFO  com.demo.baseutil.Basetest - Validate phnumber is clicked is clickable
13:05:08.958 [main] INFO  com.demo.baseutil.Basetest - Clicked on : phnumber is clicked
13:05:10.963 [main] INFO  com.demo.baseutil.Basetest - Enter the value into phnumber is entered
13:05:11.335 [main] INFO  com.demo.baseutil.Basetest - 7467322837 typed into phnumber is entered
13:05:15.347 [main] INFO  com.demo.baseutil.Basetest - Validate send invite user  is clicked is clickable
13:05:17.893 [main] INFO  com.demo.baseutil.Basetest - Clicked on : send invite user  is clicked
13:05:22.067 [main] INFO  com.demo.baseutil.Basetest - Validate Email address input field is clicked is clickable
13:05:26.462 [main] INFO  com.demo.baseutil.Basetest - Clicked on : Email address input field is clicked
13:05:26.462 [main] INFO  com.demo.baseutil.Basetest - Enter the value into email address is entered
13:05:26.866 [main] INFO  com.demo.baseutil.Basetest - abcdefjjggk2@yopmail.com typed into email address is entered
13:05:26.867 [main] INFO  com.demo.baseutil.Basetest - Validate arrow button is clicked is clickable
13:05:30.578 [main] INFO  com.demo.baseutil.Basetest - Clicked on : arrow button is clicked
13:05:41.841 [main] INFO  com.demo.baseutil.Basetest - Validate first email is clicked is clickable
13:05:44.377 [main] INFO  com.demo.baseutil.Basetest - Clicked on : first email is clicked
13:05:46.476 [main] INFO  com.demo.baseutil.Basetest - Validate email address is clicked is clickable
13:05:49.224 [main] INFO  com.demo.baseutil.Basetest - Clicked on : email address is clicked
13:05:51.261 [main] INFO  com.demo.baseutil.Basetest - Validate pass is clicked is clickable
13:05:54.276 [main] INFO  com.demo.baseutil.Basetest - Clicked on : pass is clicked
13:05:54.276 [main] INFO  com.demo.baseutil.Basetest - Enter the value into Password is entered
13:05:54.627 [main] INFO  com.demo.baseutil.Basetest - Admin@1234 typed into Password is entered
13:05:54.627 [main] INFO  com.demo.baseutil.Basetest - Validate confirm password is clicked is clickable
13:05:57.122 [main] INFO  com.demo.baseutil.Basetest - Clicked on : confirm password is clicked
13:05:57.122 [main] INFO  com.demo.baseutil.Basetest - Enter the value into Confirm Password is entered
13:05:57.460 [main] INFO  com.demo.baseutil.Basetest - Admin@1234 typed into Confirm Password is entered
13:05:59.488 [main] INFO  com.demo.baseutil.Basetest - Scroll down successful
13:05:59.488 [main] INFO  com.demo.baseutil.Basetest - Validate button is clicked is clickable
13:06:02.002 [main] INFO  com.demo.baseutil.Basetest - Clicked on : button is clicked
13:06:09.005 [main] INFO  com.demo.baseutil.Basetest - Validate email address field is clicked is clickable
13:06:11.524 [main] INFO  com.demo.baseutil.Basetest - Clicked on : email address field is clicked
13:06:11.524 [main] INFO  com.demo.baseutil.Basetest - Enter the value into Email Id Entered
13:06:12.009 [main] INFO  com.demo.baseutil.Basetest - abcdefjjggk2@yopmail.com typed into Email Id Entered
13:06:12.009 [main] INFO  com.demo.baseutil.Basetest - Validate Enter the password is clickable
13:06:14.536 [main] INFO  com.demo.baseutil.Basetest - Clicked on : Enter the password
13:06:14.536 [main] INFO  com.demo.baseutil.Basetest - Enter the value into Password Id Entered
13:06:14.939 [main] INFO  com.demo.baseutil.Basetest - Admin@1234 typed into Password Id Entered
13:06:14.950 [main] INFO  com.demo.baseutil.Basetest - Scroll down successful
13:06:14.950 [main] INFO  com.demo.baseutil.Basetest - Validate Press the signin button is clickable
13:06:18.167 [main] INFO  com.demo.baseutil.Basetest - Clicked on : Press the signin button
13:06:21.189 [main] INFO  com.demo.baseutil.Basetest - Scroll down successful
13:06:29.207 [main] INFO  com.demo.baseutil.Basetest - Validate Press the button is clickable
13:06:31.750 [main] INFO  com.demo.baseutil.Basetest - Clicked on : Press the button
13:06:31.765 [main] INFO  com.demo.baseutil.Basetest - Scroll down successful
13:06:31.765 [main] INFO  com.demo.baseutil.Basetest - Validate Press the signin button is clickable
13:06:34.283 [main] INFO  com.demo.baseutil.Basetest - Clicked on : Press the signin button
13:06:36.290 [main] INFO  com.demo.baseutil.Basetest - Validate Press the button is clickable
13:06:38.714 [main] INFO  com.demo.baseutil.Basetest - Clicked on : Press the button
13:06:38.876 [main] INFO  com.demo.baseutil.Basetest - Browser is closed sucessfuly
13:06:39.510 [main] INFO  com.demo.baseutil.Basetest - Browser is closed sucessfuly
13:06:49.824 [main] INFO  com.demo.baseutil.Basetest - Validate Sign in with FarmtoPlate account is clickable
13:06:52.256 [main] INFO  com.demo.baseutil.Basetest - Clicked on : Sign in with FarmtoPlate account
13:06:52.270 [main] INFO  com.demo.baseutil.Basetest - Url contains farmtoplateapps.io/login
13:06:52.279 [main] INFO  com.demo.baseutil.Basetest - Sign in title matched
13:06:52.279 [main] INFO  com.demo.baseutil.Basetest - UI verified for Sigin page.
13:06:52.279 [main] INFO  com.demo.baseutil.Basetest - Sign in function call
13:06:52.279 [main] INFO  com.demo.baseutil.Basetest - Validate email address field is clicked is clickable
13:06:54.591 [main] INFO  com.demo.baseutil.Basetest - Clicked on : email address field is clicked
13:06:54.591 [main] INFO  com.demo.baseutil.Basetest - Enter the value into Email Id Entered
13:06:54.947 [main] INFO  com.demo.baseutil.Basetest - 139@yopmail.com typed into Email Id Entered
13:06:54.947 [main] INFO  com.demo.baseutil.Basetest - Validate Enter the password is clickable
13:06:57.256 [main] INFO  com.demo.baseutil.Basetest - Clicked on : Enter the password
13:06:57.257 [main] INFO  com.demo.baseutil.Basetest - Enter the value into Password Id Entered
13:06:57.613 [main] INFO  com.demo.baseutil.Basetest - Admin@1234 typed into Password Id Entered
13:07:01.689 [main] INFO  com.demo.baseutil.Basetest - Scroll down
13:07:01.689 [main] INFO  com.demo.baseutil.Basetest - Validate Press the signin button is clickable
13:07:04.772 [main] INFO  com.demo.baseutil.Basetest - Clicked on : Press the signin button
13:07:06.831 [main] INFO  com.demo.baseutil.Basetest - HomePage title  is matched
13:07:16.847 [main] INFO  com.demo.baseutil.Basetest - Validate click on trace is clickable
13:07:19.413 [main] INFO  com.demo.baseutil.Basetest - Clicked on : click on trace
13:07:25.501 [main] INFO  com.demo.baseutil.Basetest - Validate User Management is clicked is clickable
13:07:28.023 [main] INFO  com.demo.baseutil.Basetest - Clicked on : User Management is clicked
13:07:30.038 [main] INFO  com.demo.baseutil.Basetest - Validate roles is clicked is clickable
13:07:32.641 [main] INFO  com.demo.baseutil.Basetest - Clicked on : roles is clicked
13:07:34.653 [main] INFO  com.demo.baseutil.Basetest - Validate Add new is clicked is clickable
13:07:37.184 [main] INFO  com.demo.baseutil.Basetest - Clicked on : Add new is clicked
13:07:42.196 [main] INFO  com.demo.baseutil.Basetest - Validate role name is clicked is clickable
13:07:44.736 [main] INFO  com.demo.baseutil.Basetest - Clicked on : role name is clicked
13:07:46.744 [main] INFO  com.demo.baseutil.Basetest - Enter the value into rolename is entered
13:07:47.136 [main] INFO  com.demo.baseutil.Basetest - rolename887 typed into rolename is entered
13:07:49.138 [main] INFO  com.demo.baseutil.Basetest - Validate roletype is clicked is clickable
13:07:51.576 [main] INFO  com.demo.baseutil.Basetest - Clicked on : roletype is clicked
13:07:53.588 [main] INFO  com.demo.baseutil.Basetest - Validate Admin is clicked is clickable
13:07:56.052 [main] INFO  com.demo.baseutil.Basetest - Clicked on : Admin is clicked
13:07:58.084 [main] INFO  com.demo.baseutil.Basetest - Scroll down successful
13:08:00.102 [main] INFO  com.demo.baseutil.Basetest - Validate modulename is clicked is clickable
13:08:02.665 [main] INFO  com.demo.baseutil.Basetest - Clicked on : modulename is clicked
13:08:04.674 [main] INFO  com.demo.baseutil.Basetest - Validate module name is clicked is clickable
13:08:07.178 [main] INFO  com.demo.baseutil.Basetest - Clicked on : module name is clicked
13:08:09.194 [main] INFO  com.demo.baseutil.Basetest - Validate orgdept is clicked is clickable
13:08:11.649 [main] INFO  com.demo.baseutil.Basetest - Clicked on : orgdept is clicked
13:08:13.660 [main] INFO  com.demo.baseutil.Basetest - Validate orgdeptselect is clicked is clickable
13:08:16.120 [main] INFO  com.demo.baseutil.Basetest - Clicked on : orgdeptselect is clicked
13:08:18.120 [main] INFO  com.demo.baseutil.Basetest - Validate nxtbutton is clicked is clickable
13:08:20.606 [main] INFO  com.demo.baseutil.Basetest - Clicked on : nxtbutton is clicked
13:08:28.618 [main] INFO  com.demo.baseutil.Basetest - Scroll till the nxtbutton1 scrolled
13:08:28.748 [main] INFO  com.demo.baseutil.Basetest - Scroll till the nxtbutton1 scrolled completed
13:08:30.759 [main] INFO  com.demo.baseutil.Basetest - Validate nxtbutton1 is clicked is clickable
13:08:33.426 [main] INFO  com.demo.baseutil.Basetest - Clicked on : nxtbutton1 is clicked
13:08:51.916 [main] INFO  com.demo.baseutil.Basetest - Validate update1 select is clicked is clickable
13:08:54.542 [main] INFO  com.demo.baseutil.Basetest - Clicked on : update1 select is clicked
13:08:56.557 [main] INFO  com.demo.baseutil.Basetest - Validate update2 is clicked is clickable
13:08:59.108 [main] INFO  com.demo.baseutil.Basetest - Clicked on : update2 is clicked
13:09:03.118 [main] INFO  com.demo.baseutil.Basetest - Validate alert1  is clicked is clickable
13:09:05.690 [main] INFO  com.demo.baseutil.Basetest - Clicked on : alert1  is clicked
13:09:07.706 [main] INFO  com.demo.baseutil.Basetest - Validate alert2  is clicked is clickable
13:09:10.298 [main] INFO  com.demo.baseutil.Basetest - Clicked on : alert2  is clicked
13:09:14.304 [main] INFO  com.demo.baseutil.Basetest - Scroll till the submitbtn scrolled
13:09:14.434 [main] INFO  com.demo.baseutil.Basetest - Scroll till the submitbtn scrolled completed
13:09:16.446 [main] INFO  com.demo.baseutil.Basetest - Validate submitbtn is clicked is clickable
13:09:19.006 [main] INFO  com.demo.baseutil.Basetest - Clicked on : submitbtn is clicked
13:09:24.231 [main] INFO  com.demo.baseutil.Basetest - Browser is closed sucessfuly
13:09:24.714 [main] INFO  com.demo.baseutil.Basetest - Browser is closed sucessfuly
13:09:38.727 [main] INFO  com.demo.baseutil.Basetest - Validate Sign in with FarmtoPlate account is clickable
13:09:41.223 [main] INFO  com.demo.baseutil.Basetest - Clicked on : Sign in with FarmtoPlate account
13:09:41.234 [main] INFO  com.demo.baseutil.Basetest - Url contains farmtoplateapps.io/login
13:09:41.242 [main] INFO  com.demo.baseutil.Basetest - Sign in title matched
13:09:41.242 [main] INFO  com.demo.baseutil.Basetest - UI verified for Sigin page.
13:09:41.242 [main] INFO  com.demo.baseutil.Basetest - Sign in function call
13:09:41.242 [main] INFO  com.demo.baseutil.Basetest - Validate email address field is clicked is clickable
13:09:43.787 [main] INFO  com.demo.baseutil.Basetest - Clicked on : email address field is clicked
13:09:43.787 [main] INFO  com.demo.baseutil.Basetest - Enter the value into Email Id Entered
13:09:44.152 [main] INFO  com.demo.baseutil.Basetest - 139@yopmail.com typed into Email Id Entered
13:09:44.153 [main] INFO  com.demo.baseutil.Basetest - Validate Enter the password is clickable
13:09:46.473 [main] INFO  com.demo.baseutil.Basetest - Clicked on : Enter the password
13:09:46.473 [main] INFO  com.demo.baseutil.Basetest - Enter the value into Password Id Entered
13:09:46.705 [main] INFO  com.demo.baseutil.Basetest - Admin@1234 typed into Password Id Entered
13:09:50.787 [main] INFO  com.demo.baseutil.Basetest - Scroll down
13:09:50.787 [main] INFO  com.demo.baseutil.Basetest - Validate Press the signin button is clickable
13:09:53.883 [main] INFO  com.demo.baseutil.Basetest - Clicked on : Press the signin button
13:09:55.901 [main] INFO  com.demo.baseutil.Basetest - HomePage title  is matched
13:10:05.922 [main] INFO  com.demo.baseutil.Basetest - Validate click on trace is clickable
13:10:08.487 [main] INFO  com.demo.baseutil.Basetest - Clicked on : click on trace
13:10:14.575 [main] INFO  com.demo.baseutil.Basetest - Validate Asset & Infrastructure Data is clicked is clickable
13:10:17.073 [main] INFO  com.demo.baseutil.Basetest - Clicked on : Asset & Infrastructure Data is clicked
13:10:19.075 [main] INFO  com.demo.baseutil.Basetest - Validate drivers is clicked is clickable
13:10:21.680 [main] INFO  com.demo.baseutil.Basetest - Clicked on : drivers is clicked
13:10:23.687 [main] INFO  com.demo.baseutil.Basetest - Validate Add new is clicked is clickable
13:10:26.244 [main] INFO  com.demo.baseutil.Basetest - Clicked on : Add new is clicked
13:10:28.254 [main] INFO  com.demo.baseutil.Basetest - Validate drivername is clicked is clickable
13:10:30.763 [main] INFO  com.demo.baseutil.Basetest - Clicked on : drivername is clicked
13:10:30.763 [main] INFO  com.demo.baseutil.Basetest - Enter the value into driver name is entered
13:10:31.123 [main] INFO  com.demo.baseutil.Basetest - driver typed into driver name is entered
13:10:31.124 [main] INFO  com.demo.baseutil.Basetest - Validate countrycode is selected is clickable
13:10:33.695 [main] INFO  com.demo.baseutil.Basetest - Clicked on : countrycode is selected
13:10:33.695 [main] INFO  com.demo.baseutil.Basetest - Enter the value into countrycode is entered
13:10:34.089 [main] INFO  com.demo.baseutil.Basetest - +91 typed into countrycode is entered
13:10:36.096 [main] INFO  com.demo.baseutil.Basetest - Validate country code is selected is clickable
13:10:38.601 [main] INFO  com.demo.baseutil.Basetest - Clicked on : country code is selected
13:10:40.610 [main] INFO  com.demo.baseutil.Basetest - Validate phone number is clicked is clickable
13:10:43.064 [main] INFO  com.demo.baseutil.Basetest - Clicked on : phone number is clicked
13:10:43.064 [main] INFO  com.demo.baseutil.Basetest - Enter the value into enter the Phone
13:10:43.399 [main] INFO  com.demo.baseutil.Basetest - 9454606543 typed into enter the Phone
13:10:46.415 [main] INFO  com.demo.baseutil.Basetest - Validate Click on workinghours is clickable
13:10:49.125 [main] INFO  com.demo.baseutil.Basetest - Clicked on : Click on workinghours
13:10:51.132 [main] INFO  com.demo.baseutil.Basetest - Validate click the time1 is clickable
13:10:53.686 [main] INFO  com.demo.baseutil.Basetest - Clicked on : click the time1
13:10:53.687 [main] INFO  com.demo.baseutil.Basetest - Validate click the time2 is clickable
13:10:56.135 [main] INFO  com.demo.baseutil.Basetest - Clicked on : click the time2
13:10:58.152 [main] INFO  com.demo.baseutil.Basetest - Validate click the ok is clickable
13:11:00.697 [main] INFO  com.demo.baseutil.Basetest - Clicked on : click the ok
13:11:02.713 [main] INFO  com.demo.baseutil.Basetest - Validate Add driver button is clicked is clickable
13:11:05.205 [main] INFO  com.demo.baseutil.Basetest - Clicked on : Add driver button is clicked
13:11:07.399 [main] INFO  com.demo.baseutil.Basetest - Browser is closed sucessfuly
13:11:08.050 [main] INFO  com.demo.baseutil.Basetest - Browser is closed sucessfuly
13:11:28.318 [main] INFO  com.demo.baseutil.Basetest - Validate Sign in with FarmtoPlate account is clickable
13:11:30.762 [main] INFO  com.demo.baseutil.Basetest - Clicked on : Sign in with FarmtoPlate account
13:11:30.782 [main] INFO  com.demo.baseutil.Basetest - Url contains farmtoplateapps.io/login
13:11:30.794 [main] INFO  com.demo.baseutil.Basetest - Sign in title matched
13:11:30.794 [main] INFO  com.demo.baseutil.Basetest - UI verified for Sigin page.
13:11:30.794 [main] INFO  com.demo.baseutil.Basetest - Sign in function call
13:11:30.794 [main] INFO  com.demo.baseutil.Basetest - Validate email address field is clicked is clickable
13:11:33.476 [main] INFO  com.demo.baseutil.Basetest - Clicked on : email address field is clicked
13:11:33.476 [main] INFO  com.demo.baseutil.Basetest - Enter the value into Email Id Entered
13:11:33.995 [main] INFO  com.demo.baseutil.Basetest - distributornew@yopmail.com typed into Email Id Entered
13:11:33.996 [main] INFO  com.demo.baseutil.Basetest - Validate Enter the password is clickable
13:11:36.479 [main] INFO  com.demo.baseutil.Basetest - Clicked on : Enter the password
13:11:36.479 [main] INFO  com.demo.baseutil.Basetest - Enter the value into Password Id Entered
13:11:36.888 [main] INFO  com.demo.baseutil.Basetest - Admin@1234 typed into Password Id Entered
13:11:40.980 [main] INFO  com.demo.baseutil.Basetest - Scroll down
13:11:40.980 [main] INFO  com.demo.baseutil.Basetest - Validate Press the signin button is clickable
13:11:44.190 [main] INFO  com.demo.baseutil.Basetest - Clicked on : Press the signin button
13:11:46.242 [main] INFO  com.demo.baseutil.Basetest - HomePage title  is matched
13:11:56.254 [main] INFO  com.demo.baseutil.Basetest - Validate click on trace is clickable
13:11:58.790 [main] INFO  com.demo.baseutil.Basetest - Clicked on : click on trace
13:12:00.803 [main] INFO  com.demo.baseutil.Basetest - Validate click on questionbank is clickable
13:12:03.408 [main] INFO  com.demo.baseutil.Basetest - Clicked on : click on questionbank
13:12:05.411 [main] INFO  com.demo.baseutil.Basetest - Validate click on addnew is clickable
13:12:07.991 [main] INFO  com.demo.baseutil.Basetest - Clicked on : click on addnew
13:12:09.992 [main] INFO  com.demo.baseutil.Basetest - Validate click on dropdown is clickable
13:12:12.499 [main] INFO  com.demo.baseutil.Basetest - Clicked on : click on dropdown
13:12:14.518 [main] INFO  com.demo.baseutil.Basetest - Validate click on companylevel is clickable
13:12:17.032 [main] INFO  com.demo.baseutil.Basetest - Clicked on : click on companylevel
13:12:19.033 [main] INFO  com.demo.baseutil.Basetest - Validate click on addbtn is clickable
13:12:21.528 [main] INFO  com.demo.baseutil.Basetest - Clicked on : click on addbtn
13:12:23.535 [main] INFO  com.demo.baseutil.Basetest - Validate click on ques1 is clickable
13:12:26.012 [main] INFO  com.demo.baseutil.Basetest - Clicked on : click on ques1
13:12:28.018 [main] INFO  com.demo.baseutil.Basetest - Validate click on addques is clickable
13:12:30.551 [main] INFO  com.demo.baseutil.Basetest - Clicked on : click on addques
13:12:30.552 [main] INFO  com.demo.baseutil.Basetest - Validate click on ques2 is clickable
13:12:33.060 [main] INFO  com.demo.baseutil.Basetest - Clicked on : click on ques2
13:12:35.071 [main] INFO  com.demo.baseutil.Basetest - Enter the value into ques2 is entered
13:12:35.477 [main] INFO  com.demo.baseutil.Basetest - ques2 typed into ques2 is entered
13:12:37.481 [main] INFO  com.demo.baseutil.Basetest - Validate click on addques is clickable
13:12:40.011 [main] INFO  com.demo.baseutil.Basetest - Clicked on : click on addques
13:12:42.029 [main] INFO  com.demo.baseutil.Basetest - Validate click on ques3 is clickable
13:12:44.526 [main] INFO  com.demo.baseutil.Basetest - Clicked on : click on ques3
13:12:46.533 [main] INFO  com.demo.baseutil.Basetest - Enter the value into ques3 is entered
13:12:46.974 [main] INFO  com.demo.baseutil.Basetest - ques3 typed into ques3 is entered
13:12:48.980 [main] INFO  com.demo.baseutil.Basetest - Validate click on addques is clickable
13:12:51.506 [main] INFO  com.demo.baseutil.Basetest - Clicked on : click on addques
13:12:51.506 [main] INFO  com.demo.baseutil.Basetest - Validate click on ques4 is clickable
13:12:54.026 [main] INFO  com.demo.baseutil.Basetest - Clicked on : click on ques4
13:12:56.034 [main] INFO  com.demo.baseutil.Basetest - Enter the value into ques4 is entered
13:12:56.457 [main] INFO  com.demo.baseutil.Basetest - ques4 typed into ques4 is entered
13:12:58.466 [main] INFO  com.demo.baseutil.Basetest - Scroll till the scroll to submit
13:12:58.609 [main] INFO  com.demo.baseutil.Basetest - Scroll till the scroll to submit completed
13:12:58.610 [main] INFO  com.demo.baseutil.Basetest - Validate click on addques is clickable
13:13:01.179 [main] INFO  com.demo.baseutil.Basetest - Clicked on : click on addques
13:13:01.179 [main] INFO  com.demo.baseutil.Basetest - Validate click on ques5 is clickable
13:13:03.765 [main] INFO  com.demo.baseutil.Basetest - Clicked on : click on ques5
13:13:05.782 [main] INFO  com.demo.baseutil.Basetest - Enter the value into ques5 is entered
13:13:06.215 [main] INFO  com.demo.baseutil.Basetest - ques5 typed into ques5 is entered
13:13:08.226 [main] INFO  com.demo.baseutil.Basetest - Validate click on addques is clickable
13:13:10.753 [main] INFO  com.demo.baseutil.Basetest - Clicked on : click on addques
13:13:10.753 [main] INFO  com.demo.baseutil.Basetest - Validate click on ques6 is clickable
13:13:13.284 [main] INFO  com.demo.baseutil.Basetest - Clicked on : click on ques6
13:13:15.285 [main] INFO  com.demo.baseutil.Basetest - Enter the value into ques6 is entered
13:13:15.673 [main] INFO  com.demo.baseutil.Basetest - ques6 typed into ques6 is entered
13:13:17.680 [main] INFO  com.demo.baseutil.Basetest - Validate click on addques is clickable
13:13:20.184 [main] INFO  com.demo.baseutil.Basetest - Clicked on : click on addques
13:13:20.184 [main] INFO  com.demo.baseutil.Basetest - Validate click on ques7 is clickable
13:13:22.694 [main] INFO  com.demo.baseutil.Basetest - Clicked on : click on ques7
13:13:24.701 [main] INFO  com.demo.baseutil.Basetest - Enter the value into ques7 is entered
13:13:25.208 [main] INFO  com.demo.baseutil.Basetest - ques7 typed into ques7 is entered
13:13:27.212 [main] INFO  com.demo.baseutil.Basetest - Validate click on addques is clickable
13:13:29.696 [main] INFO  com.demo.baseutil.Basetest - Clicked on : click on addques
13:13:29.696 [main] INFO  com.demo.baseutil.Basetest - Validate click on ques10 is clickable
13:13:32.167 [main] INFO  com.demo.baseutil.Basetest - Clicked on : click on ques10
13:13:34.182 [main] INFO  com.demo.baseutil.Basetest - Enter the value into ques8 is entered
13:13:34.584 [main] INFO  com.demo.baseutil.Basetest - ques8 typed into ques8 is entered
13:13:36.608 [main] INFO  com.demo.baseutil.Basetest - Scroll till the scrolled to submit
13:13:36.759 [main] INFO  com.demo.baseutil.Basetest - Scroll till the scrolled to submit completed
13:13:36.759 [main] INFO  com.demo.baseutil.Basetest - Validate click on addques is clickable
13:13:39.341 [main] INFO  com.demo.baseutil.Basetest - Clicked on : click on addques
13:13:39.341 [main] INFO  com.demo.baseutil.Basetest - Validate click on ques9 is clickable
13:13:41.841 [main] INFO  com.demo.baseutil.Basetest - Clicked on : click on ques9
13:13:43.850 [main] INFO  com.demo.baseutil.Basetest - Enter the value into ques9 is entered
13:13:44.400 [main] INFO  com.demo.baseutil.Basetest - ques9 typed into ques9 is entered
13:13:46.418 [main] INFO  com.demo.baseutil.Basetest - Scroll till the scrolled to addbtn
13:13:46.544 [main] INFO  com.demo.baseutil.Basetest - Scroll till the scrolled to addbtn completed
13:13:48.558 [main] INFO  com.demo.baseutil.Basetest - Validate click on addques is clickable
13:13:51.087 [main] INFO  com.demo.baseutil.Basetest - Clicked on : click on addques
13:13:51.087 [main] INFO  com.demo.baseutil.Basetest - Validate click on ques10 is clickable
13:13:53.625 [main] INFO  com.demo.baseutil.Basetest - Clicked on : click on ques10
13:13:55.632 [main] INFO  com.demo.baseutil.Basetest - Enter the value into ques10 is entered
13:13:56.184 [main] INFO  com.demo.baseutil.Basetest - ques10 typed into ques10 is entered
13:13:58.192 [main] INFO  com.demo.baseutil.Basetest - Scroll till the scrolled to addbtn
13:13:58.324 [main] INFO  com.demo.baseutil.Basetest - Scroll till the scrolled to addbtn completed
13:14:00.328 [main] INFO  com.demo.baseutil.Basetest - Validate click on submit is clickable
13:14:02.901 [main] INFO  com.demo.baseutil.Basetest - Clicked on : click on submit
13:14:04.908 [main] INFO  com.demo.baseutil.Basetest - Validate click on yesbtn is clickable
13:14:07.432 [main] INFO  com.demo.baseutil.Basetest - Clicked on : click on yesbtn
13:14:14.447 [main] INFO  com.demo.baseutil.Basetest - Validate click on check1 is clickable
13:14:17.012 [main] INFO  com.demo.baseutil.Basetest - Clicked on : click on check1
13:14:19.015 [main] INFO  com.demo.baseutil.Basetest - Validate click on check2 is clickable
13:14:21.558 [main] INFO  com.demo.baseutil.Basetest - Clicked on : click on check2
13:14:23.563 [main] INFO  com.demo.baseutil.Basetest - Validate click on check3 is clickable
13:14:26.143 [main] INFO  com.demo.baseutil.Basetest - Clicked on : click on check3
13:14:28.159 [main] INFO  com.demo.baseutil.Basetest - Validate click on check4 is clickable
13:14:30.696 [main] INFO  com.demo.baseutil.Basetest - Clicked on : click on check4
13:14:32.702 [main] INFO  com.demo.baseutil.Basetest - Validate click on check5 is clickable
13:14:35.254 [main] INFO  com.demo.baseutil.Basetest - Clicked on : click on check5
13:14:37.263 [main] INFO  com.demo.baseutil.Basetest - Scroll till the scroll to upwards
13:14:37.413 [main] INFO  com.demo.baseutil.Basetest - Scroll till the scroll to upwards completed
13:14:41.416 [main] INFO  com.demo.baseutil.Basetest - Validate click on subques is clickable
13:14:43.944 [main] INFO  com.demo.baseutil.Basetest - Clicked on : click on subques
13:14:46.949 [main] INFO  com.demo.baseutil.Basetest - Validate click on name is clickable
13:14:49.497 [main] INFO  com.demo.baseutil.Basetest - Clicked on : click on name
13:14:52.502 [main] INFO  com.demo.baseutil.Basetest - Enter the value into name is entered
13:14:52.926 [main] INFO  com.demo.baseutil.Basetest - HFHeyEdnabc typed into name is entered
13:14:54.942 [main] INFO  com.demo.baseutil.Basetest - Validate click on subsubmit is clickable
13:14:57.480 [main] INFO  com.demo.baseutil.Basetest - Clicked on : click on subsubmit
13:15:10.502 [main] INFO  com.demo.baseutil.Basetest - Validate click on questionbank is clickable
13:15:13.137 [main] INFO  com.demo.baseutil.Basetest - Clicked on : click on questionbank
13:15:15.141 [main] INFO  com.demo.baseutil.Basetest - Validate click on addnew is clickable
13:15:17.728 [main] INFO  com.demo.baseutil.Basetest - Clicked on : click on addnew
13:15:19.731 [main] INFO  com.demo.baseutil.Basetest - Validate click on dropdown is clickable
13:15:22.241 [main] INFO  com.demo.baseutil.Basetest - Clicked on : click on dropdown
13:15:24.249 [main] INFO  com.demo.baseutil.Basetest - Validate click on companylevel is clickable
13:15:26.708 [main] INFO  com.demo.baseutil.Basetest - Clicked on : click on companylevel
13:15:28.717 [main] INFO  com.demo.baseutil.Basetest - Validate click on addbtn is clickable
13:15:31.211 [main] INFO  com.demo.baseutil.Basetest - Clicked on : click on addbtn
13:15:36.256 [main] INFO  com.demo.baseutil.Basetest - Validate quest is deleting is clickable
13:15:38.594 [main] INFO  com.demo.baseutil.Basetest - Clicked on : quest is deleting
13:15:39.604 [main] INFO  com.demo.baseutil.Basetest - Validate delyes is clicked is clickable
13:15:42.142 [main] INFO  com.demo.baseutil.Basetest - Clicked on : delyes is clicked
13:15:48.191 [main] INFO  com.demo.baseutil.Basetest - Validate quest is deleting is clickable
13:15:50.587 [main] INFO  com.demo.baseutil.Basetest - Clicked on : quest is deleting
13:15:51.588 [main] INFO  com.demo.baseutil.Basetest - Validate delyes is clicked is clickable
13:15:54.140 [main] INFO  com.demo.baseutil.Basetest - Clicked on : delyes is clicked
13:16:00.189 [main] INFO  com.demo.baseutil.Basetest - Validate quest is deleting is clickable
13:16:02.484 [main] INFO  com.demo.baseutil.Basetest - Clicked on : quest is deleting
13:16:03.500 [main] INFO  com.demo.baseutil.Basetest - Validate delyes is clicked is clickable
13:16:05.978 [main] INFO  com.demo.baseutil.Basetest - Clicked on : delyes is clicked
13:16:12.019 [main] INFO  com.demo.baseutil.Basetest - Validate quest is deleting is clickable
13:16:14.401 [main] INFO  com.demo.baseutil.Basetest - Clicked on : quest is deleting
13:16:15.404 [main] INFO  com.demo.baseutil.Basetest - Validate delyes is clicked is clickable
13:16:17.903 [main] INFO  com.demo.baseutil.Basetest - Clicked on : delyes is clicked
13:16:23.952 [main] INFO  com.demo.baseutil.Basetest - Validate quest is deleting is clickable
13:16:26.238 [main] INFO  com.demo.baseutil.Basetest - Clicked on : quest is deleting
13:16:27.241 [main] INFO  com.demo.baseutil.Basetest - Validate delyes is clicked is clickable
13:16:29.725 [main] INFO  com.demo.baseutil.Basetest - Clicked on : delyes is clicked
13:16:35.773 [main] INFO  com.demo.baseutil.Basetest - Validate quest is deleting is clickable
13:16:38.053 [main] INFO  com.demo.baseutil.Basetest - Clicked on : quest is deleting
13:16:39.057 [main] INFO  com.demo.baseutil.Basetest - Validate delyes is clicked is clickable
13:16:41.562 [main] INFO  com.demo.baseutil.Basetest - Clicked on : delyes is clicked
13:16:47.612 [main] INFO  com.demo.baseutil.Basetest - Validate quest is deleting is clickable
13:16:49.919 [main] INFO  com.demo.baseutil.Basetest - Clicked on : quest is deleting
13:16:50.920 [main] INFO  com.demo.baseutil.Basetest - Validate delyes is clicked is clickable
13:16:53.434 [main] INFO  com.demo.baseutil.Basetest - Clicked on : delyes is clicked
13:16:59.469 [main] INFO  com.demo.baseutil.Basetest - Validate quest is deleting is clickable
13:17:01.763 [main] INFO  com.demo.baseutil.Basetest - Clicked on : quest is deleting
13:17:02.779 [main] INFO  com.demo.baseutil.Basetest - Validate delyes is clicked is clickable
13:17:05.260 [main] INFO  com.demo.baseutil.Basetest - Clicked on : delyes is clicked
13:17:11.307 [main] INFO  com.demo.baseutil.Basetest - Validate quest is deleting is clickable
13:17:13.613 [main] INFO  com.demo.baseutil.Basetest - Clicked on : quest is deleting
13:17:14.629 [main] INFO  com.demo.baseutil.Basetest - Validate delyes is clicked is clickable
13:17:17.074 [main] INFO  com.demo.baseutil.Basetest - Clicked on : delyes is clicked
13:17:23.207 [main] INFO  com.demo.baseutil.Basetest - Browser is closed sucessfuly
13:17:23.985 [main] INFO  com.demo.baseutil.Basetest - Browser is closed sucessfuly
13:17:24.876 [main] ERROR com.demo.baseutil.Basetest - Failed to close the Browser
