22:09:46.770 [main] INFO  com.demo.baseutil.Basetest - 
22:09:46.773 [main] INFO  com.demo.baseutil.Basetest - Running locally JavaMail
22:09:46.846 [main] INFO  com.demo.baseutil.Basetest2 - Folder creation for Extent
22:09:46.849 [main] INFO  com.demo.baseutil.Basetest - ExtentDir:-C:\Users\Deepti Jindal\eclipse-workspace\com.NFR.Trace/reports/Automation Report- 05_09_2024_22_09_46/Report/05_09_2024_22_09_46
22:09:46.921 [main] INFO  com.demo.baseutil.Basetest - Report Initiated
22:09:46.922 [main] INFO  com.demo.baseutil.Basetest - Screenshot folder created
22:10:02.708 [main] INFO  com.demo.baseutil.Basetest - Validate Sign in with FarmtoPlate account is clickable
22:10:05.278 [main] INFO  com.demo.baseutil.Basetest - Clicked on : Sign in with FarmtoPlate account
22:10:05.292 [main] INFO  com.demo.baseutil.Basetest - Url contains farmtoplateapps.io/login
22:10:05.301 [main] INFO  com.demo.baseutil.Basetest - Sign in title matched
22:10:05.301 [main] INFO  com.demo.baseutil.Basetest - UI verified for Sigin page.
22:10:05.301 [main] INFO  com.demo.baseutil.Basetest - Sign in function call
22:10:05.301 [main] INFO  com.demo.baseutil.Basetest - Validate email address field is clicked is clickable
22:10:07.579 [main] INFO  com.demo.baseutil.Basetest - Clicked on : email address field is clicked
22:10:07.580 [main] INFO  com.demo.baseutil.Basetest - Enter the value into Email Id Entered
22:10:07.933 [main] INFO  com.demo.baseutil.Basetest - farmtoplatef2p@paramountsoft.net typed into Email Id Entered
22:10:07.933 [main] INFO  com.demo.baseutil.Basetest - Validate Enter the password is clickable
22:10:10.223 [main] INFO  com.demo.baseutil.Basetest - Clicked on : Enter the password
22:10:10.223 [main] INFO  com.demo.baseutil.Basetest - Enter the value into Password Id Entered
22:10:10.447 [main] INFO  com.demo.baseutil.Basetest - Admin1234 typed into Password Id Entered
22:10:19.549 [main] INFO  com.demo.baseutil.Basetest - Scroll down
22:10:20.550 [main] INFO  com.demo.baseutil.Basetest - Validate Press the signin button is clickable
22:10:23.294 [main] INFO  com.demo.baseutil.Basetest - Clicked on : Press the signin button
22:10:31.306 [main] INFO  com.demo.baseutil.Basetest - HomePage title  is matched
22:10:44.325 [main] INFO  com.demo.baseutil.Basetest - Validate Network Management is clicked is clickable
22:10:46.766 [main] INFO  com.demo.baseutil.Basetest - Clicked on : Network Management is clicked
22:10:50.781 [main] INFO  com.demo.baseutil.Basetest - Validate Add new is clicked is clickable
22:10:53.263 [main] INFO  com.demo.baseutil.Basetest - Clicked on : Add new is clicked
22:10:55.274 [main] INFO  com.demo.baseutil.Basetest - Validate Organisation Name is clicked is clickable
22:10:57.677 [main] INFO  com.demo.baseutil.Basetest - Clicked on : Organisation Name is clicked
22:10:57.677 [main] INFO  com.demo.baseutil.Basetest - Enter the value into Organisation is Entered
22:10:58.051 [main] INFO  com.demo.baseutil.Basetest - mAMduC0s typed into Organisation is Entered
22:10:58.051 [main] INFO  com.demo.baseutil.Basetest - Validate Organisation type is clicked is clickable
22:11:00.448 [main] INFO  com.demo.baseutil.Basetest - Clicked on : Organisation type is clicked
22:11:00.448 [main] INFO  com.demo.baseutil.Basetest - Validate upstream is selected is clickable
22:11:02.842 [main] INFO  com.demo.baseutil.Basetest - Clicked on : upstream is selected
22:11:02.842 [main] INFO  com.demo.baseutil.Basetest - Validate Organisation role is clicked is clickable
22:11:05.182 [main] INFO  com.demo.baseutil.Basetest - Clicked on : Organisation role is clicked
22:11:05.182 [main] INFO  com.demo.baseutil.Basetest - Validate Organisation role is selected is clickable
22:11:07.499 [main] INFO  com.demo.baseutil.Basetest - Clicked on : Organisation role is selected
22:11:07.499 [main] INFO  com.demo.baseutil.Basetest - Validate module is clicked is clickable
22:11:09.833 [main] INFO  com.demo.baseutil.Basetest - Clicked on : module is clicked
22:11:09.834 [main] INFO  com.demo.baseutil.Basetest - Validate module is selected is clickable
22:11:12.182 [main] INFO  com.demo.baseutil.Basetest - Clicked on : module is selected
22:11:12.183 [main] INFO  com.demo.baseutil.Basetest - Validate email field is clicked is clickable
22:11:14.512 [main] INFO  com.demo.baseutil.Basetest - Clicked on : email field is clicked
22:11:14.512 [main] INFO  com.demo.baseutil.Basetest - Enter the value into emailid is Entered
22:11:14.829 [main] INFO  com.demo.baseutil.Basetest - 581@yopmail.com typed into emailid is Entered
22:11:20.895 [main] INFO  com.demo.baseutil.Basetest - Scroll down
22:11:27.913 [main] INFO  com.demo.baseutil.Basetest - Validate Database Type is clicked is clickable
22:11:30.259 [main] INFO  com.demo.baseutil.Basetest - Clicked on : Database Type is clicked
22:11:30.261 [main] INFO  com.demo.baseutil.Basetest - Validate Db is selected is clickable
22:11:32.649 [main] INFO  com.demo.baseutil.Basetest - Clicked on : Db is selected
22:11:34.693 [main] INFO  com.demo.baseutil.Basetest - Scroll down successful
22:11:35.709 [main] INFO  com.demo.baseutil.Basetest - Validate Db is selected is clickable
22:11:38.049 [main] INFO  com.demo.baseutil.Basetest - Clicked on : Db is selected
22:11:40.062 [main] INFO  com.demo.baseutil.Basetest - Validate ordermgmt is selected is clickable
22:11:42.399 [main] INFO  com.demo.baseutil.Basetest - Clicked on : ordermgmt is selected
22:11:42.400 [main] INFO  com.demo.baseutil.Basetest - Validate Soil Dashboard is selected is clickable
22:11:44.700 [main] INFO  com.demo.baseutil.Basetest - Clicked on : Soil Dashboard is selected
22:11:44.702 [main] INFO  com.demo.baseutil.Basetest - Validate Submit Button is clicked is clickable
22:11:47.041 [main] INFO  com.demo.baseutil.Basetest - Clicked on : Submit Button is clicked
22:11:49.184 [main] INFO  com.demo.baseutil.Basetest - Validate Email address input field is clicked is clickable
22:11:57.562 [main] INFO  com.demo.baseutil.Basetest - Clicked on : Email address input field is clicked
22:11:57.563 [main] INFO  com.demo.baseutil.Basetest - Enter the value into email address is entered
22:11:57.798 [main] INFO  com.demo.baseutil.Basetest - 581@yopmail.com typed into email address is entered
22:11:57.798 [main] INFO  com.demo.baseutil.Basetest - Validate arrow button is clicked is clickable
22:12:02.273 [main] INFO  com.demo.baseutil.Basetest - Clicked on : arrow button is clicked
22:12:05.349 [main] INFO  com.demo.baseutil.Basetest - Validate first email is clicked is clickable
22:12:07.731 [main] INFO  com.demo.baseutil.Basetest - Clicked on : first email is clicked
22:12:09.843 [main] INFO  com.demo.baseutil.Basetest - Validate email address is clicked is clickable
22:12:12.213 [main] INFO  com.demo.baseutil.Basetest - Clicked on : email address is clicked
22:12:14.246 [main] INFO  com.demo.baseutil.Basetest - Validate pass is clicked is clickable
22:12:16.607 [main] INFO  com.demo.baseutil.Basetest - Clicked on : pass is clicked
22:12:16.607 [main] INFO  com.demo.baseutil.Basetest - Enter the value into Password is entered
22:12:16.904 [main] INFO  com.demo.baseutil.Basetest - Admin@1234 typed into Password is entered
22:12:16.904 [main] INFO  com.demo.baseutil.Basetest - Validate confirm password is clicked is clickable
22:12:19.292 [main] INFO  com.demo.baseutil.Basetest - Clicked on : confirm password is clicked
22:12:19.292 [main] INFO  com.demo.baseutil.Basetest - Enter the value into Confirm Password is entered
22:12:19.581 [main] INFO  com.demo.baseutil.Basetest - Admin@1234 typed into Confirm Password is entered
22:12:25.763 [main] INFO  com.demo.baseutil.Basetest - Scroll down
22:12:25.763 [main] INFO  com.demo.baseutil.Basetest - Validate button is clicked is clickable
22:12:28.152 [main] INFO  com.demo.baseutil.Basetest - Clicked on : button is clicked
22:12:30.159 [main] INFO  com.demo.baseutil.Basetest - Validate email address field is clicked is clickable
22:12:32.605 [main] INFO  com.demo.baseutil.Basetest - Clicked on : email address field is clicked
22:12:32.605 [main] INFO  com.demo.baseutil.Basetest - Enter the value into Email Id Entered
22:12:32.908 [main] INFO  com.demo.baseutil.Basetest - 581@yopmail.com typed into Email Id Entered
22:12:32.908 [main] INFO  com.demo.baseutil.Basetest - Validate Enter the password is clickable
22:12:35.333 [main] INFO  com.demo.baseutil.Basetest - Clicked on : Enter the password
22:12:35.333 [main] INFO  com.demo.baseutil.Basetest - Enter the value into Password Id Entered
22:12:35.557 [main] INFO  com.demo.baseutil.Basetest - Admin@1234 typed into Password Id Entered
22:12:39.694 [main] INFO  com.demo.baseutil.Basetest - Scroll down
22:12:39.694 [main] INFO  com.demo.baseutil.Basetest - Validate Press the signin button is clickable
22:12:42.449 [main] INFO  com.demo.baseutil.Basetest - Clicked on : Press the signin button
22:12:45.487 [main] INFO  com.demo.baseutil.Basetest - Scroll down successful
22:12:46.497 [main] INFO  com.demo.baseutil.Basetest - Validate Press the button is clickable
22:12:49.410 [main] INFO  com.demo.baseutil.Basetest - Clicked on : Press the button
22:12:49.425 [main] INFO  com.demo.baseutil.Basetest - Scroll down successful
22:12:49.425 [main] INFO  com.demo.baseutil.Basetest - Validate Press the signin button is clickable
22:12:51.856 [main] INFO  com.demo.baseutil.Basetest - Clicked on : Press the signin button
22:12:53.861 [main] INFO  com.demo.baseutil.Basetest - Validate Press the button is clickable
22:12:56.195 [main] INFO  com.demo.baseutil.Basetest - Clicked on : Press the button
22:12:59.197 [main] INFO  com.demo.baseutil.Basetest - Validate Click on First is clickable
22:13:01.521 [main] INFO  com.demo.baseutil.Basetest - Clicked on : Click on First
22:13:01.521 [main] INFO  com.demo.baseutil.Basetest - Enter the value into enter the  First
22:13:01.708 [main] INFO  com.demo.baseutil.Basetest - First typed into enter the  First
22:13:01.708 [main] INFO  com.demo.baseutil.Basetest - Validate Click on last is clickable
22:13:03.941 [main] INFO  com.demo.baseutil.Basetest - Clicked on : Click on last
22:13:03.941 [main] INFO  com.demo.baseutil.Basetest - Enter the value into enter the  Last
22:13:04.176 [main] INFO  com.demo.baseutil.Basetest - Last typed into enter the  Last
22:13:04.176 [main] INFO  com.demo.baseutil.Basetest - Validate Click on dest is clickable
22:13:06.430 [main] INFO  com.demo.baseutil.Basetest - Clicked on : Click on dest
22:13:06.430 [main] INFO  com.demo.baseutil.Basetest - Enter the value into enter the  dest
22:13:06.658 [main] INFO  com.demo.baseutil.Basetest - dest typed into enter the  dest
22:13:06.660 [main] INFO  com.demo.baseutil.Basetest - Validate Click on Submit is clickable
22:13:08.943 [main] INFO  com.demo.baseutil.Basetest - Clicked on : Click on Submit
22:13:08.943 [main] INFO  com.demo.baseutil.Basetest - Validate Click on address is clickable
22:13:12.104 [main] INFO  com.demo.baseutil.Basetest - Clicked on : Click on address
22:13:12.104 [main] INFO  com.demo.baseutil.Basetest - Enter the value into enter the  address
22:13:12.380 [main] INFO  com.demo.baseutil.Basetest - 123 William Street, New York, NY, USA typed into enter the  address
22:13:12.381 [main] INFO  com.demo.baseutil.Basetest - Validate Click on state is clickable
22:13:14.629 [main] INFO  com.demo.baseutil.Basetest - Clicked on : Click on state
22:13:14.629 [main] INFO  com.demo.baseutil.Basetest - Enter the value into Enetered the state
22:13:14.874 [main] INFO  com.demo.baseutil.Basetest - NY typed into Enetered the state
22:13:14.874 [main] INFO  com.demo.baseutil.Basetest - Validate Click on zip is clickable
22:13:17.128 [main] INFO  com.demo.baseutil.Basetest - Clicked on : Click on zip
22:13:17.128 [main] INFO  com.demo.baseutil.Basetest - Enter the value into Enetred the Zip
22:13:17.376 [main] INFO  com.demo.baseutil.Basetest - 10038-3804 typed into Enetred the Zip
22:13:17.376 [main] INFO  com.demo.baseutil.Basetest - Validate Click on city is clickable
22:13:19.663 [main] INFO  com.demo.baseutil.Basetest - Clicked on : Click on city
22:13:19.663 [main] INFO  com.demo.baseutil.Basetest - Enter the value into Enetered the city
22:13:19.871 [main] INFO  com.demo.baseutil.Basetest - New York typed into Enetered the city
22:13:25.968 [main] INFO  com.demo.baseutil.Basetest - Scroll down
22:13:27.978 [main] INFO  com.demo.baseutil.Basetest - Validate Click on Submit is clickable
22:13:30.339 [main] INFO  com.demo.baseutil.Basetest - Clicked on : Click on Submit
22:13:31.343 [main] INFO  com.demo.baseutil.Basetest - Validate Click on close button is clickable
22:13:34.265 [main] INFO  com.demo.baseutil.Basetest - Clicked on : Click on close button
22:13:34.479 [main] INFO  com.demo.baseutil.Basetest - Browser is closed sucessfuly
22:13:35.000 [main] INFO  com.demo.baseutil.Basetest - Browser is closed sucessfuly
22:13:35.571 [main] ERROR com.demo.baseutil.Basetest - Failed to close the Browser
