15:58:31.216 [main] INFO  com.demo.baseutil.Basetest - 
15:58:31.221 [main] INFO  com.demo.baseutil.Basetest - Running locally JavaMail
15:58:31.353 [main] INFO  com.demo.baseutil.Basetest2 - Folder creation for Extent
15:58:31.359 [main] INFO  com.demo.baseutil.Basetest - ExtentDir:-C:\Users\Deepti Jindal\eclipse-workspace2\com.NFR.Trace QA latest/reports/Automation Report- 10_04_2024_15_58_31/Report/10_04_2024_15_58_31
15:58:31.476 [main] INFO  com.demo.baseutil.Basetest - Report Initiated
15:58:31.480 [main] INFO  com.demo.baseutil.Basetest - Screenshot folder created
15:58:48.231 [main] INFO  com.demo.baseutil.Basetest - Validate Sign in with FarmtoPlate account is clickable
15:58:50.759 [main] INFO  com.demo.baseutil.Basetest - Clicked on : Sign in with FarmtoPlate account
15:58:50.791 [main] INFO  com.demo.baseutil.Basetest - Url contains farmtoplateapps.io/login
15:58:50.805 [main] INFO  com.demo.baseutil.Basetest - Sign in title matched
15:58:50.805 [main] INFO  com.demo.baseutil.Basetest - UI verified for Sigin page.
15:58:50.805 [main] INFO  com.demo.baseutil.Basetest - Sign in function call
15:58:50.805 [main] INFO  com.demo.baseutil.Basetest - Validate email address field is clicked is clickable
15:58:54.061 [main] INFO  com.demo.baseutil.Basetest - Clicked on : email address field is clicked
15:58:54.062 [main] INFO  com.demo.baseutil.Basetest - Enter the value into Email Id Entered
15:58:54.608 [main] INFO  com.demo.baseutil.Basetest - farmtoplatef2p@paramountsoft.net typed into Email Id Entered
15:58:54.608 [main] INFO  com.demo.baseutil.Basetest - Validate Enter the password is clickable
15:58:56.941 [main] INFO  com.demo.baseutil.Basetest - Clicked on : Enter the password
15:58:56.941 [main] INFO  com.demo.baseutil.Basetest - Enter the value into Password Id Entered
15:58:57.299 [main] INFO  com.demo.baseutil.Basetest - Admin1234 typed into Password Id Entered
15:59:06.378 [main] INFO  com.demo.baseutil.Basetest - Scroll down
15:59:07.392 [main] INFO  com.demo.baseutil.Basetest - Validate Press the signin button is clickable
15:59:11.661 [main] INFO  com.demo.baseutil.Basetest - Clicked on : Press the signin button
15:59:19.673 [main] INFO  com.demo.baseutil.Basetest - HomePage title  is matched
15:59:32.683 [main] INFO  com.demo.baseutil.Basetest - Validate Network Management is clicked is clickable
15:59:35.099 [main] INFO  com.demo.baseutil.Basetest - Clicked on : Network Management is clicked
15:59:39.104 [main] INFO  com.demo.baseutil.Basetest - Validate Add new is clicked is clickable
15:59:41.614 [main] INFO  com.demo.baseutil.Basetest - Clicked on : Add new is clicked
15:59:43.624 [main] INFO  com.demo.baseutil.Basetest - Validate Organisation Name is clicked is clickable
15:59:46.042 [main] INFO  com.demo.baseutil.Basetest - Clicked on : Organisation Name is clicked
15:59:46.042 [main] INFO  com.demo.baseutil.Basetest - Enter the value into Organisation is Entered
15:59:46.466 [main] INFO  com.demo.baseutil.Basetest - hcjXtjui typed into Organisation is Entered
15:59:46.467 [main] INFO  com.demo.baseutil.Basetest - Validate Organisation type is clicked is clickable
15:59:48.902 [main] INFO  com.demo.baseutil.Basetest - Clicked on : Organisation type is clicked
15:59:48.902 [main] INFO  com.demo.baseutil.Basetest - Validate upstream is selected is clickable
15:59:51.380 [main] INFO  com.demo.baseutil.Basetest - Clicked on : upstream is selected
15:59:51.380 [main] INFO  com.demo.baseutil.Basetest - Validate Organisation role is clicked is clickable
15:59:53.792 [main] INFO  com.demo.baseutil.Basetest - Clicked on : Organisation role is clicked
15:59:53.792 [main] INFO  com.demo.baseutil.Basetest - Validate Organisation role is selected is clickable
15:59:56.315 [main] INFO  com.demo.baseutil.Basetest - Clicked on : Organisation role is selected
15:59:56.315 [main] INFO  com.demo.baseutil.Basetest - Validate module is clicked is clickable
15:59:58.710 [main] INFO  com.demo.baseutil.Basetest - Clicked on : module is clicked
15:59:58.710 [main] INFO  com.demo.baseutil.Basetest - Validate module is selected is clickable
16:00:01.141 [main] INFO  com.demo.baseutil.Basetest - Clicked on : module is selected
16:00:01.142 [main] INFO  com.demo.baseutil.Basetest - Validate email field is clicked is clickable
16:00:03.624 [main] INFO  com.demo.baseutil.Basetest - Clicked on : email field is clicked
16:00:03.624 [main] INFO  com.demo.baseutil.Basetest - Enter the value into emailid is Entered
16:00:04.150 [main] INFO  com.demo.baseutil.Basetest - 19301avcyghg@yopmail.com typed into emailid is Entered
16:00:10.279 [main] INFO  com.demo.baseutil.Basetest - Scroll down
16:00:17.282 [main] INFO  com.demo.baseutil.Basetest - Validate Database Type is clicked is clickable
16:00:19.815 [main] INFO  com.demo.baseutil.Basetest - Clicked on : Database Type is clicked
16:00:19.817 [main] INFO  com.demo.baseutil.Basetest - Validate Db is selected is clickable
16:00:22.436 [main] INFO  com.demo.baseutil.Basetest - Clicked on : Db is selected
16:00:24.475 [main] INFO  com.demo.baseutil.Basetest - Scroll down successful
16:00:25.480 [main] INFO  com.demo.baseutil.Basetest - Validate Db is selected is clickable
16:00:28.136 [main] INFO  com.demo.baseutil.Basetest - Clicked on : Db is selected
16:00:30.151 [main] INFO  com.demo.baseutil.Basetest - Validate ordermgmt is selected is clickable
16:00:32.681 [main] INFO  com.demo.baseutil.Basetest - Clicked on : ordermgmt is selected
16:00:32.682 [main] INFO  com.demo.baseutil.Basetest - Validate Soil Dashboard is selected is clickable
16:00:35.232 [main] INFO  com.demo.baseutil.Basetest - Clicked on : Soil Dashboard is selected
16:00:35.233 [main] INFO  com.demo.baseutil.Basetest - Validate Submit Button is clicked is clickable
16:00:37.765 [main] INFO  com.demo.baseutil.Basetest - Clicked on : Submit Button is clicked
16:00:40.075 [main] INFO  com.demo.baseutil.Basetest - Validate Email address input field is clicked is clickable
16:00:44.072 [main] INFO  com.demo.baseutil.Basetest - Clicked on : Email address input field is clicked
16:00:44.073 [main] INFO  com.demo.baseutil.Basetest - Enter the value into email address is entered
16:00:44.504 [main] INFO  com.demo.baseutil.Basetest - 19301avcyghg@yopmail.com typed into email address is entered
16:00:44.504 [main] INFO  com.demo.baseutil.Basetest - Validate arrow button is clicked is clickable
16:00:47.880 [main] INFO  com.demo.baseutil.Basetest - Clicked on : arrow button is clicked
16:00:54.979 [main] INFO  com.demo.baseutil.Basetest - Validate first email is clicked is clickable
16:00:57.466 [main] INFO  com.demo.baseutil.Basetest - Clicked on : first email is clicked
16:00:59.591 [main] INFO  com.demo.baseutil.Basetest - Validate email address is clicked is clickable
16:01:02.371 [main] INFO  com.demo.baseutil.Basetest - Clicked on : email address is clicked
16:01:04.501 [main] INFO  com.demo.baseutil.Basetest - Validate pass is clicked is clickable
16:01:07.639 [main] INFO  com.demo.baseutil.Basetest - Clicked on : pass is clicked
16:01:07.640 [main] INFO  com.demo.baseutil.Basetest - Enter the value into Password is entered
16:01:07.891 [main] INFO  com.demo.baseutil.Basetest - Admin@1234 typed into Password is entered
16:01:07.891 [main] INFO  com.demo.baseutil.Basetest - Validate confirm password is clicked is clickable
16:01:10.361 [main] INFO  com.demo.baseutil.Basetest - Clicked on : confirm password is clicked
16:01:10.361 [main] INFO  com.demo.baseutil.Basetest - Enter the value into Confirm Password is entered
16:01:10.737 [main] INFO  com.demo.baseutil.Basetest - Admin@1234 typed into Confirm Password is entered
16:01:16.824 [main] INFO  com.demo.baseutil.Basetest - Scroll down
16:01:16.824 [main] INFO  com.demo.baseutil.Basetest - Validate button is clicked is clickable
16:01:19.284 [main] INFO  com.demo.baseutil.Basetest - Clicked on : button is clicked
16:01:21.296 [main] INFO  com.demo.baseutil.Basetest - Validate email address field is clicked is clickable
16:01:23.890 [main] INFO  com.demo.baseutil.Basetest - Clicked on : email address field is clicked
16:01:23.890 [main] INFO  com.demo.baseutil.Basetest - Enter the value into Email Id Entered
16:01:24.284 [main] INFO  com.demo.baseutil.Basetest - 19301avcyghg@yopmail.com typed into Email Id Entered
16:01:24.284 [main] INFO  com.demo.baseutil.Basetest - Validate Enter the password is clickable
16:01:26.720 [main] INFO  com.demo.baseutil.Basetest - Clicked on : Enter the password
16:01:26.720 [main] INFO  com.demo.baseutil.Basetest - Enter the value into Password Id Entered
16:01:27.000 [main] INFO  com.demo.baseutil.Basetest - Admin@1234 typed into Password Id Entered
16:01:31.079 [main] INFO  com.demo.baseutil.Basetest - Scroll down
16:01:31.079 [main] INFO  com.demo.baseutil.Basetest - Validate Press the signin button is clickable
16:01:34.295 [main] INFO  com.demo.baseutil.Basetest - Clicked on : Press the signin button
16:01:37.338 [main] INFO  com.demo.baseutil.Basetest - Scroll down successful
16:01:38.345 [main] INFO  com.demo.baseutil.Basetest - Validate Press the button is clickable
16:01:40.862 [main] INFO  com.demo.baseutil.Basetest - Clicked on : Press the button
16:01:40.885 [main] INFO  com.demo.baseutil.Basetest - Scroll down successful
16:01:40.885 [main] INFO  com.demo.baseutil.Basetest - Validate Press the signin button is clickable
16:01:43.256 [main] INFO  com.demo.baseutil.Basetest - Clicked on : Press the signin button
16:01:45.263 [main] INFO  com.demo.baseutil.Basetest - Validate Press the button is clickable
16:01:47.661 [main] INFO  com.demo.baseutil.Basetest - Clicked on : Press the button
16:01:50.672 [main] INFO  com.demo.baseutil.Basetest - Validate Click on First is clickable
16:01:53.076 [main] INFO  com.demo.baseutil.Basetest - Clicked on : Click on First
16:01:53.076 [main] INFO  com.demo.baseutil.Basetest - Enter the value into enter the  First
16:01:53.420 [main] INFO  com.demo.baseutil.Basetest - First typed into enter the  First
16:01:53.420 [main] INFO  com.demo.baseutil.Basetest - Validate Click on last is clickable
16:01:55.845 [main] INFO  com.demo.baseutil.Basetest - Clicked on : Click on last
16:01:55.845 [main] INFO  com.demo.baseutil.Basetest - Enter the value into enter the  Last
16:01:56.170 [main] INFO  com.demo.baseutil.Basetest - Last typed into enter the  Last
16:01:56.170 [main] INFO  com.demo.baseutil.Basetest - Validate Click on dest is clickable
16:01:58.644 [main] INFO  com.demo.baseutil.Basetest - Clicked on : Click on dest
16:01:58.644 [main] INFO  com.demo.baseutil.Basetest - Enter the value into enter the  dest
16:01:58.978 [main] INFO  com.demo.baseutil.Basetest - dest typed into enter the  dest
16:01:58.980 [main] INFO  com.demo.baseutil.Basetest - Validate Click on Submit is clickable
16:02:01.466 [main] INFO  com.demo.baseutil.Basetest - Clicked on : Click on Submit
16:02:01.466 [main] INFO  com.demo.baseutil.Basetest - Validate Click on address is clickable
16:02:06.514 [main] INFO  com.demo.baseutil.Basetest - Clicked on : Click on address
16:02:06.514 [main] INFO  com.demo.baseutil.Basetest - Enter the value into enter the  address
16:02:06.912 [main] INFO  com.demo.baseutil.Basetest - 123 William Street, New York, NY, USA typed into enter the  address
16:02:08.922 [main] INFO  com.demo.baseutil.Basetest - Validate comapny name is clicked is clickable
16:02:11.312 [main] INFO  com.demo.baseutil.Basetest - Clicked on : comapny name is clicked
16:02:11.312 [main] INFO  com.demo.baseutil.Basetest - Validate Click on state is clickable
16:02:13.693 [main] INFO  com.demo.baseutil.Basetest - Clicked on : Click on state
16:02:13.693 [main] INFO  com.demo.baseutil.Basetest - Enter the value into Enetered the state
16:02:14.149 [main] INFO  com.demo.baseutil.Basetest - NY typed into Enetered the state
16:02:14.149 [main] INFO  com.demo.baseutil.Basetest - Validate Click on zip is clickable
16:02:16.563 [main] INFO  com.demo.baseutil.Basetest - Clicked on : Click on zip
16:02:16.564 [main] INFO  com.demo.baseutil.Basetest - Enter the value into Enetred the Zip
16:02:16.894 [main] INFO  com.demo.baseutil.Basetest - 10038-3804 typed into Enetred the Zip
16:02:16.895 [main] INFO  com.demo.baseutil.Basetest - Validate Click on city is clickable
16:02:19.269 [main] INFO  com.demo.baseutil.Basetest - Clicked on : Click on city
16:02:19.269 [main] INFO  com.demo.baseutil.Basetest - Enter the value into Enetered the city
16:02:19.547 [main] INFO  com.demo.baseutil.Basetest - New York typed into Enetered the city
16:02:19.549 [main] INFO  com.demo.baseutil.Basetest - Validate Click on country is clickable
16:02:21.902 [main] INFO  com.demo.baseutil.Basetest - Clicked on : Click on country
16:02:21.902 [main] INFO  com.demo.baseutil.Basetest - Enter the value into Enetered the country
16:02:22.295 [main] INFO  com.demo.baseutil.Basetest - United States typed into Enetered the country
16:02:22.295 [main] INFO  com.demo.baseutil.Basetest - Scroll till the scrolled to bankname
16:02:22.424 [main] INFO  com.demo.baseutil.Basetest - Scroll till the scrolled to bankname completed
16:02:22.425 [main] INFO  com.demo.baseutil.Basetest - Validate msmenumber is clicked is clickable
16:02:24.912 [main] INFO  com.demo.baseutil.Basetest - Clicked on : msmenumber is clicked
16:02:24.915 [main] INFO  com.demo.baseutil.Basetest - Enter the value into Enetered the msmnumber
16:02:25.282 [main] INFO  com.demo.baseutil.Basetest - 192983758890 typed into Enetered the msmnumber
16:02:25.282 [main] INFO  com.demo.baseutil.Basetest - Validate bankname is clicked is clickable
16:02:27.678 [main] INFO  com.demo.baseutil.Basetest - Clicked on : bankname is clicked
16:02:27.679 [main] INFO  com.demo.baseutil.Basetest - Enter the value into Enetered the bankname
16:02:28.013 [main] INFO  com.demo.baseutil.Basetest - Goldmann typed into Enetered the bankname
16:02:28.013 [main] INFO  com.demo.baseutil.Basetest - Validate accountname is clicked is clickable
16:02:30.426 [main] INFO  com.demo.baseutil.Basetest - Clicked on : accountname is clicked
16:02:30.426 [main] INFO  com.demo.baseutil.Basetest - Enter the value into Enetered the accountname
16:02:30.754 [main] INFO  com.demo.baseutil.Basetest - Gold digger typed into Enetered the accountname
16:02:30.754 [main] INFO  com.demo.baseutil.Basetest - Validate accountnumber is clicked is clickable
16:02:33.220 [main] INFO  com.demo.baseutil.Basetest - Clicked on : accountnumber is clicked
16:02:33.220 [main] INFO  com.demo.baseutil.Basetest - Enter the value into Enetered the accountnumber
16:02:33.550 [main] INFO  com.demo.baseutil.Basetest - 10000234500123 typed into Enetered the accountnumber
16:02:33.550 [main] INFO  com.demo.baseutil.Basetest - Validate ifscdrop is clicked is clickable
16:02:35.958 [main] INFO  com.demo.baseutil.Basetest - Clicked on : ifscdrop is clicked
16:02:35.958 [main] INFO  com.demo.baseutil.Basetest - Validate ifscdrop is clicked is clickable
16:02:38.377 [main] INFO  com.demo.baseutil.Basetest - Clicked on : ifscdrop is clicked
16:02:38.378 [main] INFO  com.demo.baseutil.Basetest - Validate ifsccode is clicked is clickable
16:02:40.673 [main] INFO  com.demo.baseutil.Basetest - Clicked on : ifsccode is clicked
16:02:40.673 [main] INFO  com.demo.baseutil.Basetest - Enter the value into Enetered the ifsccode
16:02:41.053 [main] INFO  com.demo.baseutil.Basetest - 1234IFSC908 typed into Enetered the ifsccode
16:02:47.146 [main] INFO  com.demo.baseutil.Basetest - Scroll down
16:02:49.156 [main] INFO  com.demo.baseutil.Basetest - Validate Click on Submit is clickable
16:02:51.612 [main] INFO  com.demo.baseutil.Basetest - Clicked on : Click on Submit
16:02:52.893 [main] INFO  com.demo.baseutil.Basetest - Browser is closed sucessfuly
16:02:53.594 [main] INFO  com.demo.baseutil.Basetest - Browser is closed sucessfuly
16:03:03.183 [main] INFO  com.demo.baseutil.Basetest - Validate Sign in with FarmtoPlate account is clickable
16:03:05.594 [main] INFO  com.demo.baseutil.Basetest - Clicked on : Sign in with FarmtoPlate account
16:03:05.594 [main] INFO  com.demo.baseutil.Basetest - Url contains farmtoplateapps.io/login
16:03:05.619 [main] INFO  com.demo.baseutil.Basetest - Sign in title matched
16:03:05.623 [main] INFO  com.demo.baseutil.Basetest - UI verified for Sigin page.
16:03:05.623 [main] INFO  com.demo.baseutil.Basetest - Sign in function call
16:03:05.623 [main] INFO  com.demo.baseutil.Basetest - Validate email address field is clicked is clickable
16:03:08.926 [main] INFO  com.demo.baseutil.Basetest - Clicked on : email address field is clicked
16:03:08.926 [main] INFO  com.demo.baseutil.Basetest - Enter the value into Email Id Entered
16:03:09.295 [main] INFO  com.demo.baseutil.Basetest - 139@yopmail.com typed into Email Id Entered
16:03:09.296 [main] INFO  com.demo.baseutil.Basetest - Validate Enter the password is clickable
16:03:11.686 [main] INFO  com.demo.baseutil.Basetest - Clicked on : Enter the password
16:03:11.686 [main] INFO  com.demo.baseutil.Basetest - Enter the value into Password Id Entered
16:03:12.043 [main] INFO  com.demo.baseutil.Basetest - Admin@1234 typed into Password Id Entered
16:03:16.092 [main] INFO  com.demo.baseutil.Basetest - Scroll down
16:03:16.092 [main] INFO  com.demo.baseutil.Basetest - Validate Press the signin button is clickable
16:03:19.628 [main] INFO  com.demo.baseutil.Basetest - Clicked on : Press the signin button
16:03:21.637 [main] INFO  com.demo.baseutil.Basetest - HomePage title  is matched
16:03:31.664 [main] INFO  com.demo.baseutil.Basetest - Validate click on trace is clickable
16:03:34.266 [main] INFO  com.demo.baseutil.Basetest - Clicked on : click on trace
16:03:36.275 [main] INFO  com.demo.baseutil.Basetest - Validate click on dashboard is clickable
16:03:39.124 [main] INFO  com.demo.baseutil.Basetest - Clicked on : click on dashboard
16:03:41.133 [main] INFO  com.demo.baseutil.Basetest - Validate click on organisation network is clickable
16:04:22.368 [main] ERROR com.demo.baseutil.Basetest - click on organisation network is not clickable
16:04:22.370 [main] ERROR com.demo.baseutil.Basetest - Unable to click on click on organisation network
16:05:03.857 [main] INFO  com.demo.baseutil.Basetest - Browser is closed sucessfuly
16:05:04.243 [main] INFO  com.demo.baseutil.Basetest - Browser is closed sucessfuly
16:05:20.559 [main] INFO  com.demo.baseutil.Basetest - Validate Sign in with FarmtoPlate account is clickable
16:05:23.154 [main] INFO  com.demo.baseutil.Basetest - Clicked on : Sign in with FarmtoPlate account
16:05:23.166 [main] INFO  com.demo.baseutil.Basetest - Url contains farmtoplateapps.io/login
16:05:23.170 [main] INFO  com.demo.baseutil.Basetest - Sign in title matched
16:05:23.170 [main] INFO  com.demo.baseutil.Basetest - UI verified for Sigin page.
16:05:23.170 [main] INFO  com.demo.baseutil.Basetest - Sign in function call
16:05:23.170 [main] INFO  com.demo.baseutil.Basetest - Validate email address field is clicked is clickable
16:05:26.401 [main] INFO  com.demo.baseutil.Basetest - Clicked on : email address field is clicked
16:05:26.402 [main] INFO  com.demo.baseutil.Basetest - Enter the value into Email Id Entered
16:05:26.720 [main] INFO  com.demo.baseutil.Basetest - 139@yopmail.com typed into Email Id Entered
16:05:26.720 [main] INFO  com.demo.baseutil.Basetest - Validate Enter the password is clickable
16:05:29.039 [main] INFO  com.demo.baseutil.Basetest - Clicked on : Enter the password
16:05:29.040 [main] INFO  com.demo.baseutil.Basetest - Enter the value into Password Id Entered
16:05:29.346 [main] INFO  com.demo.baseutil.Basetest - Admin@1234 typed into Password Id Entered
16:05:33.410 [main] INFO  com.demo.baseutil.Basetest - Scroll down
16:05:33.411 [main] INFO  com.demo.baseutil.Basetest - Validate Press the signin button is clickable
16:05:37.195 [main] INFO  com.demo.baseutil.Basetest - Clicked on : Press the signin button
16:05:40.180 [main] INFO  com.demo.baseutil.Basetest - HomePage title  is matched
16:05:50.200 [main] INFO  com.demo.baseutil.Basetest - Validate click on trace is clickable
16:05:52.791 [main] INFO  com.demo.baseutil.Basetest - Clicked on : click on trace
16:05:54.800 [main] INFO  com.demo.baseutil.Basetest - Validate Network Management is clicked is clickable
16:05:57.616 [main] INFO  com.demo.baseutil.Basetest - Clicked on : Network Management is clicked
16:06:02.622 [main] INFO  com.demo.baseutil.Basetest - Validate Add new is clicked is clickable
16:06:05.235 [main] INFO  com.demo.baseutil.Basetest - Clicked on : Add new is clicked
16:06:07.237 [main] INFO  com.demo.baseutil.Basetest - Validate Organisation Name is clicked is clickable
16:06:09.722 [main] INFO  com.demo.baseutil.Basetest - Clicked on : Organisation Name is clicked
16:06:09.723 [main] INFO  com.demo.baseutil.Basetest - Enter the value into Organisation is Entered
16:06:10.090 [main] INFO  com.demo.baseutil.Basetest - msfXXKaH typed into Organisation is Entered
16:06:10.090 [main] INFO  com.demo.baseutil.Basetest - Validate Organisation type is clicked is clickable
16:06:12.555 [main] INFO  com.demo.baseutil.Basetest - Clicked on : Organisation type is clicked
16:06:12.556 [main] INFO  com.demo.baseutil.Basetest - Validate upstream is selected is clickable
16:06:15.093 [main] INFO  com.demo.baseutil.Basetest - Clicked on : upstream is selected
16:06:15.093 [main] INFO  com.demo.baseutil.Basetest - Validate Organisation role is clicked is clickable
16:06:17.470 [main] INFO  com.demo.baseutil.Basetest - Clicked on : Organisation role is clicked
16:06:17.470 [main] INFO  com.demo.baseutil.Basetest - Validate Organisation role is selected is clickable
16:06:19.938 [main] INFO  com.demo.baseutil.Basetest - Clicked on : Organisation role is selected
16:06:19.938 [main] INFO  com.demo.baseutil.Basetest - Validate module is clicked is clickable
16:06:22.452 [main] INFO  com.demo.baseutil.Basetest - Clicked on : module is clicked
16:06:22.452 [main] INFO  com.demo.baseutil.Basetest - Validate module is selected is clickable
16:06:24.947 [main] INFO  com.demo.baseutil.Basetest - Clicked on : module is selected
16:06:24.948 [main] INFO  com.demo.baseutil.Basetest - Validate email field is clicked is clickable
16:06:27.462 [main] INFO  com.demo.baseutil.Basetest - Clicked on : email field is clicked
16:06:27.462 [main] INFO  com.demo.baseutil.Basetest - Enter the value into emailid is Entered
16:06:28.148 [main] INFO  com.demo.baseutil.Basetest - xLijrsXQ106@yopmail.com typed into emailid is Entered
16:06:29.164 [main] INFO  com.demo.baseutil.Basetest - Validate sendinvite button is clicked is clickable
16:06:31.660 [main] INFO  com.demo.baseutil.Basetest - Clicked on : sendinvite button is clicked
16:06:33.663 [main] INFO  com.demo.baseutil.Basetest - Validate submit is selected is clickable
16:06:36.124 [main] INFO  com.demo.baseutil.Basetest - Clicked on : submit is selected
16:06:51.297 [main] INFO  com.demo.baseutil.Basetest - Validate Email address input field is clicked is clickable
16:06:53.781 [main] INFO  com.demo.baseutil.Basetest - Clicked on : Email address input field is clicked
16:06:53.781 [main] INFO  com.demo.baseutil.Basetest - Enter the value into email address is entered
16:06:54.059 [main] INFO  com.demo.baseutil.Basetest - xLijrsXQ106@yopmail.com typed into email address is entered
16:06:54.059 [main] INFO  com.demo.baseutil.Basetest - Validate arrow button is clicked is clickable
16:06:57.796 [main] INFO  com.demo.baseutil.Basetest - Clicked on : arrow button is clicked
16:07:00.884 [main] INFO  com.demo.baseutil.Basetest - Validate first email is clicked is clickable
16:07:03.453 [main] INFO  com.demo.baseutil.Basetest - Clicked on : first email is clicked
16:07:05.575 [main] INFO  com.demo.baseutil.Basetest - Validate email address is clicked is clickable
16:07:08.154 [main] INFO  com.demo.baseutil.Basetest - Clicked on : email address is clicked
16:07:10.177 [main] INFO  com.demo.baseutil.Basetest - Validate pass is clicked is clickable
16:07:13.022 [main] INFO  com.demo.baseutil.Basetest - Clicked on : pass is clicked
16:07:13.023 [main] INFO  com.demo.baseutil.Basetest - Enter the value into Password is entered
16:07:13.321 [main] INFO  com.demo.baseutil.Basetest - Admin@1234 typed into Password is entered
16:07:13.324 [main] INFO  com.demo.baseutil.Basetest - Validate confirm password is clicked is clickable
16:07:15.699 [main] INFO  com.demo.baseutil.Basetest - Clicked on : confirm password is clicked
16:07:15.699 [main] INFO  com.demo.baseutil.Basetest - Enter the value into Confirm Password is entered
16:07:15.894 [main] INFO  com.demo.baseutil.Basetest - Admin@1234 typed into Confirm Password is entered
16:07:21.970 [main] INFO  com.demo.baseutil.Basetest - Scroll down
16:07:21.970 [main] INFO  com.demo.baseutil.Basetest - Validate button is clicked is clickable
16:07:24.341 [main] INFO  com.demo.baseutil.Basetest - Clicked on : button is clicked
16:07:26.354 [main] INFO  com.demo.baseutil.Basetest - Validate email address field is clicked is clickable
16:07:28.932 [main] INFO  com.demo.baseutil.Basetest - Clicked on : email address field is clicked
16:07:28.932 [main] INFO  com.demo.baseutil.Basetest - Enter the value into Email Id Entered
16:07:29.532 [main] INFO  com.demo.baseutil.Basetest - xLijrsXQ106@yopmail.com typed into Email Id Entered
16:07:29.533 [main] INFO  com.demo.baseutil.Basetest - Validate Enter the password is clickable
16:07:31.940 [main] INFO  com.demo.baseutil.Basetest - Clicked on : Enter the password
16:07:31.941 [main] INFO  com.demo.baseutil.Basetest - Enter the value into Password Id Entered
16:07:32.281 [main] INFO  com.demo.baseutil.Basetest - Admin@1234 typed into Password Id Entered
16:07:36.320 [main] INFO  com.demo.baseutil.Basetest - Scroll down
16:07:36.320 [main] INFO  com.demo.baseutil.Basetest - Validate Press the signin button is clickable
16:07:39.434 [main] INFO  com.demo.baseutil.Basetest - Clicked on : Press the signin button
16:07:45.437 [main] INFO  com.demo.baseutil.Basetest - Validate Press the continue button is clickable
16:07:47.865 [main] INFO  com.demo.baseutil.Basetest - Clicked on : Press the continue button
16:07:47.896 [main] INFO  com.demo.baseutil.Basetest - Scroll down successful
16:07:51.948 [main] INFO  com.demo.baseutil.Basetest - Scroll down
16:07:56.972 [main] INFO  com.demo.baseutil.Basetest - Scroll down successful
16:07:56.972 [main] INFO  com.demo.baseutil.Basetest - Validate Press the signin button is clickable
16:07:59.281 [main] INFO  com.demo.baseutil.Basetest - Clicked on : Press the signin button
16:07:59.281 [main] INFO  com.demo.baseutil.Basetest - Validate Press the button is clickable
16:08:01.690 [main] INFO  com.demo.baseutil.Basetest - Clicked on : Press the button
16:08:01.865 [main] INFO  com.demo.baseutil.Basetest - Browser is closed sucessfuly
16:08:02.220 [main] INFO  com.demo.baseutil.Basetest - Browser is closed sucessfuly
16:08:14.575 [main] INFO  com.demo.baseutil.Basetest - Validate Sign in with FarmtoPlate account is clickable
16:08:17.068 [main] INFO  com.demo.baseutil.Basetest - Clicked on : Sign in with FarmtoPlate account
16:08:17.070 [main] INFO  com.demo.baseutil.Basetest - Url contains farmtoplateapps.io/login
16:08:17.100 [main] INFO  com.demo.baseutil.Basetest - Sign in title matched
16:08:17.100 [main] INFO  com.demo.baseutil.Basetest - UI verified for Sigin page.
16:08:17.100 [main] INFO  com.demo.baseutil.Basetest - Sign in function call
16:08:17.100 [main] INFO  com.demo.baseutil.Basetest - Validate email address field is clicked is clickable
16:08:20.404 [main] INFO  com.demo.baseutil.Basetest - Clicked on : email address field is clicked
16:08:20.404 [main] INFO  com.demo.baseutil.Basetest - Enter the value into Email Id Entered
16:08:20.779 [main] INFO  com.demo.baseutil.Basetest - 139@yopmail.com typed into Email Id Entered
16:08:20.779 [main] INFO  com.demo.baseutil.Basetest - Validate Enter the password is clickable
16:08:23.117 [main] INFO  com.demo.baseutil.Basetest - Clicked on : Enter the password
16:08:23.117 [main] INFO  com.demo.baseutil.Basetest - Enter the value into Password Id Entered
16:08:23.364 [main] INFO  com.demo.baseutil.Basetest - Admin@1234 typed into Password Id Entered
16:08:27.412 [main] INFO  com.demo.baseutil.Basetest - Scroll down
16:08:27.412 [main] INFO  com.demo.baseutil.Basetest - Validate Press the signin button is clickable
16:08:30.870 [main] INFO  com.demo.baseutil.Basetest - Clicked on : Press the signin button
16:08:33.352 [main] INFO  com.demo.baseutil.Basetest - HomePage title  is matched
16:08:43.380 [main] INFO  com.demo.baseutil.Basetest - Validate click on trace is clickable
16:08:45.802 [main] INFO  com.demo.baseutil.Basetest - Clicked on : click on trace
16:08:51.892 [main] INFO  com.demo.baseutil.Basetest - Validate Asset & Infrastructure Data is clicked is clickable
16:08:54.402 [main] INFO  com.demo.baseutil.Basetest - Clicked on : Asset & Infrastructure Data is clicked
16:08:56.411 [main] INFO  com.demo.baseutil.Basetest - Validate Assets is clicked is clickable
16:08:59.274 [main] INFO  com.demo.baseutil.Basetest - Clicked on : Assets is clicked
16:09:01.278 [main] INFO  com.demo.baseutil.Basetest - Validate Add new is clicked is clickable
16:09:03.882 [main] INFO  com.demo.baseutil.Basetest - Clicked on : Add new is clicked
16:09:05.887 [main] INFO  com.demo.baseutil.Basetest - Validate Asset type is clicked is clickable
16:09:08.352 [main] INFO  com.demo.baseutil.Basetest - Clicked on : Asset type is clicked
16:09:08.352 [main] INFO  com.demo.baseutil.Basetest - Validate vehicle is selected is clickable
16:09:10.951 [main] INFO  com.demo.baseutil.Basetest - Clicked on : vehicle is selected
16:09:10.951 [main] INFO  com.demo.baseutil.Basetest - Validate Click on Vehicle Name is clickable
16:09:13.420 [main] INFO  com.demo.baseutil.Basetest - Clicked on : Click on Vehicle Name
16:09:13.420 [main] INFO  com.demo.baseutil.Basetest - Enter the value into enter the vehicle name
16:09:13.841 [main] INFO  com.demo.baseutil.Basetest - Loading Vehicleemhi typed into enter the vehicle name
16:09:13.841 [main] INFO  com.demo.baseutil.Basetest - Validate Click on Vehicle Number is clickable
16:09:16.228 [main] INFO  com.demo.baseutil.Basetest - Clicked on : Click on Vehicle Number
16:09:16.228 [main] INFO  com.demo.baseutil.Basetest - Enter the value into Enter the vehicle number
16:09:16.556 [main] INFO  com.demo.baseutil.Basetest - iYDjmJUI typed into Enter the vehicle number
16:09:16.556 [main] INFO  com.demo.baseutil.Basetest - Validate click the dropdown of carrier is clickable
16:09:19.067 [main] INFO  com.demo.baseutil.Basetest - Clicked on : click the dropdown of carrier
16:09:19.068 [main] INFO  com.demo.baseutil.Basetest - Validate click the tanker is clickable
16:09:21.583 [main] INFO  com.demo.baseutil.Basetest - Clicked on : click the tanker
16:09:21.584 [main] INFO  com.demo.baseutil.Basetest - Validate Click on Make is clickable
16:09:23.975 [main] INFO  com.demo.baseutil.Basetest - Clicked on : Click on Make
16:09:23.975 [main] INFO  com.demo.baseutil.Basetest - Enter the value into enter the make
16:09:24.293 [main] INFO  com.demo.baseutil.Basetest - Mahindra typed into enter the make
16:09:24.293 [main] INFO  com.demo.baseutil.Basetest - Validate Click on Model is clickable
16:09:26.721 [main] INFO  com.demo.baseutil.Basetest - Clicked on : Click on Model
16:09:26.721 [main] INFO  com.demo.baseutil.Basetest - Enter the value into enter the model
16:09:27.009 [main] INFO  com.demo.baseutil.Basetest - XUV typed into enter the model
16:09:27.009 [main] INFO  com.demo.baseutil.Basetest - Validate Click on Model is clickable
16:09:29.369 [main] INFO  com.demo.baseutil.Basetest - Clicked on : Click on Model
16:09:29.369 [main] INFO  com.demo.baseutil.Basetest - Enter the value into enter the model
16:09:29.742 [main] INFO  com.demo.baseutil.Basetest - XUV typed into enter the model
16:09:29.742 [main] INFO  com.demo.baseutil.Basetest - Validate Click on Vehicle Number is clickable
16:09:32.363 [main] INFO  com.demo.baseutil.Basetest - Clicked on : Click on Vehicle Number
16:09:32.363 [main] INFO  com.demo.baseutil.Basetest - Enter the value into Enter the engine number
16:09:32.732 [main] INFO  com.demo.baseutil.Basetest - JKLjoyye typed into Enter the engine number
16:09:32.732 [main] INFO  com.demo.baseutil.Basetest - Validate Click on Class-GVWR is clickable
16:09:35.211 [main] INFO  com.demo.baseutil.Basetest - Clicked on : Click on Class-GVWR
16:09:35.211 [main] INFO  com.demo.baseutil.Basetest - Enter the value into enter the classgvwr
16:09:35.586 [main] INFO  com.demo.baseutil.Basetest - Class I typed into enter the classgvwr
16:09:35.586 [main] INFO  com.demo.baseutil.Basetest - Validate Click on Weight Capacity is clickable
16:09:38.006 [main] INFO  com.demo.baseutil.Basetest - Clicked on : Click on Weight Capacity
16:09:38.006 [main] INFO  com.demo.baseutil.Basetest - Enter the value into enter the weight capacity
16:09:38.431 [main] INFO  com.demo.baseutil.Basetest - 100 typed into enter the weight capacity
16:09:42.500 [main] INFO  com.demo.baseutil.Basetest - Scroll down
16:09:42.520 [main] INFO  com.demo.baseutil.Basetest - Scroll down successful
16:09:42.520 [main] INFO  com.demo.baseutil.Basetest - Validate Click on Add button is clickable
16:09:45.118 [main] INFO  com.demo.baseutil.Basetest - Clicked on : Click on Add button
16:09:46.373 [main] INFO  com.demo.baseutil.Basetest - Browser is closed sucessfuly
16:09:46.729 [main] INFO  com.demo.baseutil.Basetest - Browser is closed sucessfuly
16:10:01.775 [main] INFO  com.demo.baseutil.Basetest - Validate Sign in with FarmtoPlate account is clickable
16:10:04.265 [main] INFO  com.demo.baseutil.Basetest - Clicked on : Sign in with FarmtoPlate account
16:10:04.281 [main] INFO  com.demo.baseutil.Basetest - Url contains farmtoplateapps.io/login
16:10:04.281 [main] INFO  com.demo.baseutil.Basetest - Sign in title matched
16:10:04.281 [main] INFO  com.demo.baseutil.Basetest - UI verified for Sigin page.
16:10:04.281 [main] INFO  com.demo.baseutil.Basetest - Sign in function call
16:10:04.281 [main] INFO  com.demo.baseutil.Basetest - Validate email address field is clicked is clickable
16:10:07.500 [main] INFO  com.demo.baseutil.Basetest - Clicked on : email address field is clicked
16:10:07.501 [main] INFO  com.demo.baseutil.Basetest - Enter the value into Email Id Entered
16:10:07.918 [main] INFO  com.demo.baseutil.Basetest - 139@yopmail.com typed into Email Id Entered
16:10:07.918 [main] INFO  com.demo.baseutil.Basetest - Validate Enter the password is clickable
16:10:10.423 [main] INFO  com.demo.baseutil.Basetest - Clicked on : Enter the password
16:10:10.423 [main] INFO  com.demo.baseutil.Basetest - Enter the value into Password Id Entered
16:10:10.704 [main] INFO  com.demo.baseutil.Basetest - Admin@1234 typed into Password Id Entered
16:10:14.790 [main] INFO  com.demo.baseutil.Basetest - Scroll down
16:10:14.790 [main] INFO  com.demo.baseutil.Basetest - Validate Press the signin button is clickable
16:10:18.100 [main] INFO  com.demo.baseutil.Basetest - Clicked on : Press the signin button
16:10:20.634 [main] INFO  com.demo.baseutil.Basetest - HomePage title  is matched
16:10:30.661 [main] INFO  com.demo.baseutil.Basetest - Validate click on trace is clickable
16:10:33.234 [main] INFO  com.demo.baseutil.Basetest - Clicked on : click on trace
16:10:39.327 [main] INFO  com.demo.baseutil.Basetest - Validate Asset & Infrastructure Data is clicked is clickable
16:10:41.783 [main] INFO  com.demo.baseutil.Basetest - Clicked on : Asset & Infrastructure Data is clicked
16:10:43.786 [main] INFO  com.demo.baseutil.Basetest - Validate Infra is clicked is clickable
16:10:46.609 [main] INFO  com.demo.baseutil.Basetest - Clicked on : Infra is clicked
16:10:48.611 [main] INFO  com.demo.baseutil.Basetest - Validate Add new is clicked is clickable
16:10:51.268 [main] INFO  com.demo.baseutil.Basetest - Clicked on : Add new is clicked
16:10:53.273 [main] INFO  com.demo.baseutil.Basetest - Validate Click on Location Name is clickable
16:10:55.780 [main] INFO  com.demo.baseutil.Basetest - Clicked on : Click on Location Name
16:10:55.780 [main] INFO  com.demo.baseutil.Basetest - Enter the value into enter the location name
16:10:56.162 [main] INFO  com.demo.baseutil.Basetest - Warehouse B typed into enter the location name
16:10:56.162 [main] INFO  com.demo.baseutil.Basetest - Validate Asset type is clicked is clickable
16:10:58.832 [main] INFO  com.demo.baseutil.Basetest - Clicked on : Asset type is clicked
16:10:58.832 [main] INFO  com.demo.baseutil.Basetest - Validate vehicle is selected is clickable
16:11:01.195 [main] INFO  com.demo.baseutil.Basetest - Clicked on : vehicle is selected
16:11:01.195 [main] INFO  com.demo.baseutil.Basetest - Validate Click on GLN is clickable
16:11:03.633 [main] INFO  com.demo.baseutil.Basetest - Clicked on : Click on GLN
16:11:03.633 [main] INFO  com.demo.baseutil.Basetest - Enter the value into enter the GLN
16:11:04.032 [main] INFO  com.demo.baseutil.Basetest - 9383367071361 typed into enter the GLN
16:11:04.032 [main] INFO  com.demo.baseutil.Basetest - Validate Click on address is clickable
16:11:06.498 [main] INFO  com.demo.baseutil.Basetest - Clicked on : Click on address
16:11:06.499 [main] INFO  com.demo.baseutil.Basetest - Enter the value into enter the  address
16:11:07.004 [main] INFO  com.demo.baseutil.Basetest - Bangalore Palace, Palace Cross Road, Vasanth Nagar, Bengaluru, Karnataka, India typed into enter the  address
16:11:07.004 [main] INFO  com.demo.baseutil.Basetest - Validate Click on state is clickable
16:11:09.490 [main] INFO  com.demo.baseutil.Basetest - Clicked on : Click on state
16:11:09.490 [main] INFO  com.demo.baseutil.Basetest - Enter the value into Enetered the state
16:11:09.834 [main] INFO  com.demo.baseutil.Basetest - KA typed into Enetered the state
16:11:09.834 [main] INFO  com.demo.baseutil.Basetest - Validate Click on city is clickable
16:11:12.348 [main] INFO  com.demo.baseutil.Basetest - Clicked on : Click on city
16:11:12.348 [main] INFO  com.demo.baseutil.Basetest - Enter the value into Enetered the city
16:11:12.747 [main] INFO  com.demo.baseutil.Basetest - Bengaluru typed into Enetered the city
16:11:12.748 [main] INFO  com.demo.baseutil.Basetest - Validate Click on country is clickable
16:11:15.155 [main] INFO  com.demo.baseutil.Basetest - Clicked on : Click on country
16:11:15.155 [main] INFO  com.demo.baseutil.Basetest - Enter the value into Enetered the city
16:11:15.558 [main] INFO  com.demo.baseutil.Basetest - India typed into Enetered the city
16:11:15.558 [main] INFO  com.demo.baseutil.Basetest - Validate Click on zip is clickable
16:11:17.980 [main] INFO  com.demo.baseutil.Basetest - Clicked on : Click on zip
16:11:17.980 [main] INFO  com.demo.baseutil.Basetest - Enter the value into Enetred the Zip
16:11:18.248 [main] INFO  com.demo.baseutil.Basetest - 560052 typed into Enetred the Zip
16:11:22.327 [main] INFO  com.demo.baseutil.Basetest - Scroll down
16:11:22.327 [main] INFO  com.demo.baseutil.Basetest - Validate Click on Add button is clickable
16:11:24.881 [main] INFO  com.demo.baseutil.Basetest - Clicked on : Click on Add button
16:11:26.161 [main] INFO  com.demo.baseutil.Basetest - Browser is closed sucessfuly
16:11:26.665 [main] INFO  com.demo.baseutil.Basetest - Browser is closed sucessfuly
16:11:42.448 [main] INFO  com.demo.baseutil.Basetest - Validate Sign in with FarmtoPlate account is clickable
16:11:44.962 [main] INFO  com.demo.baseutil.Basetest - Clicked on : Sign in with FarmtoPlate account
16:11:44.965 [main] INFO  com.demo.baseutil.Basetest - Url contains farmtoplateapps.io/login
16:11:44.981 [main] INFO  com.demo.baseutil.Basetest - Sign in title matched
16:11:44.981 [main] INFO  com.demo.baseutil.Basetest - UI verified for Sigin page.
16:11:44.981 [main] INFO  com.demo.baseutil.Basetest - Sign in function call
16:11:44.981 [main] INFO  com.demo.baseutil.Basetest - Validate email address field is clicked is clickable
16:11:47.422 [main] INFO  com.demo.baseutil.Basetest - Clicked on : email address field is clicked
16:11:47.422 [main] INFO  com.demo.baseutil.Basetest - Enter the value into Email Id Entered
16:11:47.769 [main] INFO  com.demo.baseutil.Basetest - 139@yopmail.com typed into Email Id Entered
16:11:47.769 [main] INFO  com.demo.baseutil.Basetest - Validate Enter the password is clickable
16:11:50.111 [main] INFO  com.demo.baseutil.Basetest - Clicked on : Enter the password
16:11:50.111 [main] INFO  com.demo.baseutil.Basetest - Enter the value into Password Id Entered
16:11:50.547 [main] INFO  com.demo.baseutil.Basetest - Admin@1234 typed into Password Id Entered
16:11:54.620 [main] INFO  com.demo.baseutil.Basetest - Scroll down
16:11:54.620 [main] INFO  com.demo.baseutil.Basetest - Validate Press the signin button is clickable
16:11:58.249 [main] INFO  com.demo.baseutil.Basetest - Clicked on : Press the signin button
16:12:00.778 [main] INFO  com.demo.baseutil.Basetest - HomePage title  is matched
16:12:10.796 [main] INFO  com.demo.baseutil.Basetest - Validate click on trace is clickable
16:12:13.363 [main] INFO  com.demo.baseutil.Basetest - Clicked on : click on trace
16:12:19.456 [main] INFO  com.demo.baseutil.Basetest - Validate Asset & Infrastructure Data is clicked is clickable
16:12:21.895 [main] INFO  com.demo.baseutil.Basetest - Clicked on : Asset & Infrastructure Data is clicked
16:12:23.896 [main] INFO  com.demo.baseutil.Basetest - Validate Assets is clicked is clickable
16:12:26.697 [main] INFO  com.demo.baseutil.Basetest - Clicked on : Assets is clicked
16:12:28.699 [main] INFO  com.demo.baseutil.Basetest - Validate Add new is clicked is clickable
16:12:31.296 [main] INFO  com.demo.baseutil.Basetest - Clicked on : Add new is clicked
16:12:33.297 [main] INFO  com.demo.baseutil.Basetest - Validate Asset type is clicked is clickable
16:12:35.780 [main] INFO  com.demo.baseutil.Basetest - Clicked on : Asset type is clicked
16:12:35.780 [main] INFO  com.demo.baseutil.Basetest - Validate Click on Vehicle Name is clickable
16:12:38.306 [main] INFO  com.demo.baseutil.Basetest - Clicked on : Click on Vehicle Name
16:12:40.312 [main] INFO  com.demo.baseutil.Basetest - Validate container name is clicked is clickable
16:12:42.708 [main] INFO  com.demo.baseutil.Basetest - Clicked on : container name is clicked
16:12:42.708 [main] INFO  com.demo.baseutil.Basetest - Enter the value into enter the container name
16:12:43.166 [main] INFO  com.demo.baseutil.Basetest - container803803803 typed into enter the container name
16:12:45.167 [main] INFO  com.demo.baseutil.Basetest - Validate length is clicked is clickable
16:12:47.546 [main] INFO  com.demo.baseutil.Basetest - Clicked on : length is clicked
16:12:49.555 [main] INFO  com.demo.baseutil.Basetest - Enter the value into enter the length
16:12:49.961 [main] INFO  com.demo.baseutil.Basetest - 10 typed into enter the length
16:12:49.976 [main] INFO  com.demo.baseutil.Basetest - Validate breadth is clicked is clickable
16:12:52.479 [main] INFO  com.demo.baseutil.Basetest - Clicked on : breadth is clicked
16:12:52.479 [main] INFO  com.demo.baseutil.Basetest - Enter the value into breath entered
16:12:52.917 [main] INFO  com.demo.baseutil.Basetest - 10 typed into breath entered
16:12:54.926 [main] INFO  com.demo.baseutil.Basetest - Validate height is clicked is clickable
16:12:57.403 [main] INFO  com.demo.baseutil.Basetest - Clicked on : height is clicked
16:12:59.404 [main] INFO  com.demo.baseutil.Basetest - Enter the value into height entered
16:12:59.756 [main] INFO  com.demo.baseutil.Basetest - 20 typed into height entered
16:13:01.761 [main] INFO  com.demo.baseutil.Basetest - Validate dom is clicked is clickable
16:13:04.248 [main] INFO  com.demo.baseutil.Basetest - Clicked on : dom is clicked
16:13:06.256 [main] INFO  com.demo.baseutil.Basetest - Validate ft is clicked is clickable
16:13:08.628 [main] INFO  com.demo.baseutil.Basetest - Clicked on : ft is clicked
16:13:10.630 [main] INFO  com.demo.baseutil.Basetest - Validate wt is clicked is clickable
16:13:13.074 [main] INFO  com.demo.baseutil.Basetest - Clicked on : wt is clicked
16:13:15.077 [main] INFO  com.demo.baseutil.Basetest - Enter the value into weight entered
16:13:15.441 [main] INFO  com.demo.baseutil.Basetest - 1000 typed into weight entered
16:13:17.454 [main] INFO  com.demo.baseutil.Basetest - Validate wtcap is clicked is clickable
16:13:19.783 [main] INFO  com.demo.baseutil.Basetest - Clicked on : wtcap is clicked
16:13:21.788 [main] INFO  com.demo.baseutil.Basetest - Validate tons is clicked is clickable
16:13:24.145 [main] INFO  com.demo.baseutil.Basetest - Clicked on : tons is clicked
16:13:26.153 [main] INFO  com.demo.baseutil.Basetest - Validate Click on Add button is clickable
16:13:28.494 [main] INFO  com.demo.baseutil.Basetest - Clicked on : Click on Add button
16:13:34.629 [main] INFO  com.demo.baseutil.Basetest - Browser is closed sucessfuly
16:13:35.052 [main] INFO  com.demo.baseutil.Basetest - Browser is closed sucessfuly
16:13:45.648 [main] INFO  com.demo.baseutil.Basetest - Validate Sign in with FarmtoPlate account is clickable
16:13:48.112 [main] INFO  com.demo.baseutil.Basetest - Clicked on : Sign in with FarmtoPlate account
16:13:48.125 [main] INFO  com.demo.baseutil.Basetest - Url contains farmtoplateapps.io/login
16:13:48.145 [main] INFO  com.demo.baseutil.Basetest - Sign in title matched
16:13:48.145 [main] INFO  com.demo.baseutil.Basetest - UI verified for Sigin page.
16:13:48.145 [main] INFO  com.demo.baseutil.Basetest - Sign in function call
16:13:48.145 [main] INFO  com.demo.baseutil.Basetest - Validate email address field is clicked is clickable
16:13:51.193 [main] INFO  com.demo.baseutil.Basetest - Clicked on : email address field is clicked
16:13:51.193 [main] INFO  com.demo.baseutil.Basetest - Enter the value into Email Id Entered
16:13:51.457 [main] INFO  com.demo.baseutil.Basetest - 139@yopmail.com typed into Email Id Entered
16:13:51.458 [main] INFO  com.demo.baseutil.Basetest - Validate Enter the password is clickable
16:13:53.691 [main] INFO  com.demo.baseutil.Basetest - Clicked on : Enter the password
16:13:53.691 [main] INFO  com.demo.baseutil.Basetest - Enter the value into Password Id Entered
16:13:53.924 [main] INFO  com.demo.baseutil.Basetest - Admin@1234 typed into Password Id Entered
16:13:57.980 [main] INFO  com.demo.baseutil.Basetest - Scroll down
16:13:57.980 [main] INFO  com.demo.baseutil.Basetest - Validate Press the signin button is clickable
16:14:01.250 [main] INFO  com.demo.baseutil.Basetest - Clicked on : Press the signin button
16:14:03.750 [main] INFO  com.demo.baseutil.Basetest - HomePage title  is matched
16:14:13.784 [main] INFO  com.demo.baseutil.Basetest - Validate click on trace is clickable
16:14:16.403 [main] INFO  com.demo.baseutil.Basetest - Clicked on : click on trace
16:14:23.187 [main] INFO  com.demo.baseutil.Basetest - Validate User Management is clicked is clickable
16:14:25.606 [main] INFO  com.demo.baseutil.Basetest - Clicked on : User Management is clicked
16:14:27.612 [main] INFO  com.demo.baseutil.Basetest - Validate users is clicked is clickable
16:14:30.529 [main] INFO  com.demo.baseutil.Basetest - Clicked on : users is clicked
16:14:32.543 [main] INFO  com.demo.baseutil.Basetest - Validate Add new is clicked is clickable
16:14:35.175 [main] INFO  com.demo.baseutil.Basetest - Clicked on : Add new is clicked
16:14:37.182 [main] INFO  com.demo.baseutil.Basetest - Validate first name is clicked is clickable
16:14:39.713 [main] INFO  com.demo.baseutil.Basetest - Clicked on : first name is clicked
16:14:41.717 [main] INFO  com.demo.baseutil.Basetest - Enter the value into first name is entered
16:14:42.046 [main] INFO  com.demo.baseutil.Basetest - abc typed into first name is entered
16:14:44.061 [main] INFO  com.demo.baseutil.Basetest - Validate last name is clicked is clickable
16:14:46.523 [main] INFO  com.demo.baseutil.Basetest - Clicked on : last name is clicked
16:14:48.540 [main] INFO  com.demo.baseutil.Basetest - Enter the value into lastname name is entered
16:14:48.915 [main] INFO  com.demo.baseutil.Basetest - abc typed into lastname name is entered
16:14:51.036 [main] INFO  com.demo.baseutil.Basetest - Validate modulename is clicked is clickable
16:14:53.583 [main] INFO  com.demo.baseutil.Basetest - Clicked on : modulename is clicked
16:14:55.587 [main] INFO  com.demo.baseutil.Basetest - Validate module name is clicked is clickable
16:14:58.103 [main] INFO  com.demo.baseutil.Basetest - Clicked on : module name is clicked
16:15:00.115 [main] INFO  com.demo.baseutil.Basetest - Validate assignrole is clicked is clickable
16:15:02.558 [main] INFO  com.demo.baseutil.Basetest - Clicked on : assignrole is clicked
16:15:04.565 [main] INFO  com.demo.baseutil.Basetest - Validate assignitem is clicked is clickable
16:15:07.041 [main] INFO  com.demo.baseutil.Basetest - Clicked on : assignitem is clicked
16:15:09.041 [main] INFO  com.demo.baseutil.Basetest - Validate emailuser is clicked is clickable
16:15:11.553 [main] INFO  com.demo.baseutil.Basetest - Clicked on : emailuser is clicked
16:15:13.562 [main] INFO  com.demo.baseutil.Basetest - Enter the value into eamil is entered
16:15:14.062 [main] INFO  com.demo.baseutil.Basetest - abc406@yopmail.com typed into eamil is entered
16:15:16.065 [main] INFO  com.demo.baseutil.Basetest - Validate countrycode is clicked is clickable
16:15:18.659 [main] INFO  com.demo.baseutil.Basetest - Clicked on : countrycode is clicked
16:15:20.662 [main] INFO  com.demo.baseutil.Basetest - Enter the value into countrycode is entered
16:15:22.461 [main] INFO  com.demo.baseutil.Basetest - +91 typed into countrycode is entered
16:15:26.476 [main] INFO  com.demo.baseutil.Basetest - Validate countrycode select is clicked is clickable
16:15:29.019 [main] INFO  com.demo.baseutil.Basetest - Clicked on : countrycode select is clicked
16:15:31.032 [main] INFO  com.demo.baseutil.Basetest - Validate phnumber is clicked is clickable
16:15:33.531 [main] INFO  com.demo.baseutil.Basetest - Clicked on : phnumber is clicked
16:15:35.533 [main] INFO  com.demo.baseutil.Basetest - Enter the value into phnumber is entered
16:15:35.924 [main] INFO  com.demo.baseutil.Basetest - 6714859928 typed into phnumber is entered
16:15:39.929 [main] INFO  com.demo.baseutil.Basetest - Validate send invite user  is clicked is clickable
16:15:42.516 [main] INFO  com.demo.baseutil.Basetest - Clicked on : send invite user  is clicked
16:15:46.663 [main] INFO  com.demo.baseutil.Basetest - Validate Email address input field is clicked is clickable
16:15:50.599 [main] INFO  com.demo.baseutil.Basetest - Clicked on : Email address input field is clicked
16:15:50.599 [main] INFO  com.demo.baseutil.Basetest - Enter the value into email address is entered
16:15:50.954 [main] INFO  com.demo.baseutil.Basetest - abc406@yopmail.com typed into email address is entered
16:15:50.954 [main] INFO  com.demo.baseutil.Basetest - Validate arrow button is clicked is clickable
16:15:54.592 [main] INFO  com.demo.baseutil.Basetest - Clicked on : arrow button is clicked
16:15:57.683 [main] INFO  com.demo.baseutil.Basetest - Validate first email is clicked is clickable
16:16:00.260 [main] INFO  com.demo.baseutil.Basetest - Clicked on : first email is clicked
16:16:02.377 [main] INFO  com.demo.baseutil.Basetest - Validate email address is clicked is clickable
16:16:05.030 [main] INFO  com.demo.baseutil.Basetest - Clicked on : email address is clicked
16:16:07.060 [main] INFO  com.demo.baseutil.Basetest - Validate pass is clicked is clickable
16:16:09.540 [main] INFO  com.demo.baseutil.Basetest - Clicked on : pass is clicked
16:16:09.540 [main] INFO  com.demo.baseutil.Basetest - Enter the value into Password is entered
16:16:09.848 [main] INFO  com.demo.baseutil.Basetest - Admin@1234 typed into Password is entered
16:16:09.848 [main] INFO  com.demo.baseutil.Basetest - Validate confirm password is clicked is clickable
16:16:12.106 [main] INFO  com.demo.baseutil.Basetest - Clicked on : confirm password is clicked
16:16:12.107 [main] INFO  com.demo.baseutil.Basetest - Enter the value into Confirm Password is entered
16:16:12.371 [main] INFO  com.demo.baseutil.Basetest - Admin@1234 typed into Confirm Password is entered
16:16:14.410 [main] INFO  com.demo.baseutil.Basetest - Scroll down successful
16:16:14.410 [main] INFO  com.demo.baseutil.Basetest - Validate button is clicked is clickable
16:16:16.855 [main] INFO  com.demo.baseutil.Basetest - Clicked on : button is clicked
16:16:18.856 [main] INFO  com.demo.baseutil.Basetest - Validate email address field is clicked is clickable
16:16:21.276 [main] INFO  com.demo.baseutil.Basetest - Clicked on : email address field is clicked
16:16:21.276 [main] INFO  com.demo.baseutil.Basetest - Enter the value into Email Id Entered
16:16:21.825 [main] INFO  com.demo.baseutil.Basetest - abc406@yopmail.com typed into Email Id Entered
16:16:21.825 [main] INFO  com.demo.baseutil.Basetest - Validate Enter the password is clickable
16:16:24.292 [main] INFO  com.demo.baseutil.Basetest - Clicked on : Enter the password
16:16:24.292 [main] INFO  com.demo.baseutil.Basetest - Enter the value into Password Id Entered
16:16:24.594 [main] INFO  com.demo.baseutil.Basetest - Admin@1234 typed into Password Id Entered
16:16:24.622 [main] INFO  com.demo.baseutil.Basetest - Scroll down successful
16:16:24.622 [main] INFO  com.demo.baseutil.Basetest - Validate Press the signin button is clickable
16:16:27.808 [main] INFO  com.demo.baseutil.Basetest - Clicked on : Press the signin button
16:16:30.825 [main] INFO  com.demo.baseutil.Basetest - Scroll down successful
16:16:31.837 [main] INFO  com.demo.baseutil.Basetest - Validate Press the button is clickable
16:16:34.277 [main] INFO  com.demo.baseutil.Basetest - Clicked on : Press the button
16:16:34.308 [main] INFO  com.demo.baseutil.Basetest - Scroll down successful
16:16:34.308 [main] INFO  com.demo.baseutil.Basetest - Validate Press the signin button is clickable
16:16:36.780 [main] INFO  com.demo.baseutil.Basetest - Clicked on : Press the signin button
16:16:38.787 [main] INFO  com.demo.baseutil.Basetest - Validate Press the button is clickable
16:16:41.237 [main] INFO  com.demo.baseutil.Basetest - Clicked on : Press the button
16:16:41.404 [main] INFO  com.demo.baseutil.Basetest - Browser is closed sucessfuly
16:16:41.798 [main] INFO  com.demo.baseutil.Basetest - Browser is closed sucessfuly
16:16:52.115 [main] INFO  com.demo.baseutil.Basetest - Validate Sign in with FarmtoPlate account is clickable
16:16:54.562 [main] INFO  com.demo.baseutil.Basetest - Clicked on : Sign in with FarmtoPlate account
16:16:54.574 [main] INFO  com.demo.baseutil.Basetest - Url contains farmtoplateapps.io/login
16:16:54.589 [main] INFO  com.demo.baseutil.Basetest - Sign in title matched
16:16:54.589 [main] INFO  com.demo.baseutil.Basetest - UI verified for Sigin page.
16:16:54.589 [main] INFO  com.demo.baseutil.Basetest - Sign in function call
16:16:54.589 [main] INFO  com.demo.baseutil.Basetest - Validate email address field is clicked is clickable
16:16:57.051 [main] INFO  com.demo.baseutil.Basetest - Clicked on : email address field is clicked
16:16:57.051 [main] INFO  com.demo.baseutil.Basetest - Enter the value into Email Id Entered
16:16:57.357 [main] INFO  com.demo.baseutil.Basetest - 139@yopmail.com typed into Email Id Entered
16:16:57.357 [main] INFO  com.demo.baseutil.Basetest - Validate Enter the password is clickable
16:16:59.740 [main] INFO  com.demo.baseutil.Basetest - Clicked on : Enter the password
16:16:59.740 [main] INFO  com.demo.baseutil.Basetest - Enter the value into Password Id Entered
16:16:59.958 [main] INFO  com.demo.baseutil.Basetest - Admin@1234 typed into Password Id Entered
16:17:04.022 [main] INFO  com.demo.baseutil.Basetest - Scroll down
16:17:04.022 [main] INFO  com.demo.baseutil.Basetest - Validate Press the signin button is clickable
16:17:06.815 [main] INFO  com.demo.baseutil.Basetest - Clicked on : Press the signin button
16:17:09.137 [main] INFO  com.demo.baseutil.Basetest - HomePage title  is matched
16:17:19.154 [main] INFO  com.demo.baseutil.Basetest - Validate click on trace is clickable
16:17:21.675 [main] INFO  com.demo.baseutil.Basetest - Clicked on : click on trace
16:17:27.762 [main] INFO  com.demo.baseutil.Basetest - Validate User Management is clicked is clickable
16:17:30.155 [main] INFO  com.demo.baseutil.Basetest - Clicked on : User Management is clicked
16:17:32.167 [main] INFO  com.demo.baseutil.Basetest - Validate roles is clicked is clickable
16:17:34.745 [main] INFO  com.demo.baseutil.Basetest - Clicked on : roles is clicked
16:17:36.753 [main] INFO  com.demo.baseutil.Basetest - Validate Add new is clicked is clickable
16:17:39.233 [main] INFO  com.demo.baseutil.Basetest - Clicked on : Add new is clicked
16:17:44.242 [main] INFO  com.demo.baseutil.Basetest - Validate role name is clicked is clickable
16:17:46.565 [main] INFO  com.demo.baseutil.Basetest - Clicked on : role name is clicked
16:17:48.573 [main] INFO  com.demo.baseutil.Basetest - Enter the value into rolename is entered
16:17:48.902 [main] INFO  com.demo.baseutil.Basetest - rolename627 typed into rolename is entered
16:17:50.915 [main] INFO  com.demo.baseutil.Basetest - Validate roletype is clicked is clickable
16:17:53.344 [main] INFO  com.demo.baseutil.Basetest - Clicked on : roletype is clicked
16:17:55.347 [main] INFO  com.demo.baseutil.Basetest - Validate Admin is clicked is clickable
16:17:57.696 [main] INFO  com.demo.baseutil.Basetest - Clicked on : Admin is clicked
16:17:59.722 [main] INFO  com.demo.baseutil.Basetest - Scroll down successful
16:18:01.737 [main] INFO  com.demo.baseutil.Basetest - Validate modulename is clicked is clickable
16:18:04.054 [main] INFO  com.demo.baseutil.Basetest - Clicked on : modulename is clicked
16:18:06.056 [main] INFO  com.demo.baseutil.Basetest - Validate module name is clicked is clickable
16:18:08.418 [main] INFO  com.demo.baseutil.Basetest - Clicked on : module name is clicked
16:18:10.427 [main] INFO  com.demo.baseutil.Basetest - Validate orgdept is clicked is clickable
16:18:12.704 [main] INFO  com.demo.baseutil.Basetest - Clicked on : orgdept is clicked
16:18:14.707 [main] INFO  com.demo.baseutil.Basetest - Validate orgdeptselect is clicked is clickable
16:18:17.090 [main] INFO  com.demo.baseutil.Basetest - Clicked on : orgdeptselect is clicked
16:18:19.093 [main] INFO  com.demo.baseutil.Basetest - Validate nxtbutton is clicked is clickable
16:18:21.452 [main] INFO  com.demo.baseutil.Basetest - Clicked on : nxtbutton is clicked
16:18:29.460 [main] INFO  com.demo.baseutil.Basetest - Scroll till the nxtbutton1 scrolled
16:18:29.544 [main] INFO  com.demo.baseutil.Basetest - Scroll till the nxtbutton1 scrolled completed
16:18:31.545 [main] INFO  com.demo.baseutil.Basetest - Validate nxtbutton1 is clicked is clickable
16:18:34.370 [main] INFO  com.demo.baseutil.Basetest - Clicked on : nxtbutton1 is clicked
16:18:52.959 [main] INFO  com.demo.baseutil.Basetest - Validate update1 select is clicked is clickable
16:18:55.653 [main] INFO  com.demo.baseutil.Basetest - Clicked on : update1 select is clicked
16:18:57.660 [main] INFO  com.demo.baseutil.Basetest - Validate update2 is clicked is clickable
16:19:00.323 [main] INFO  com.demo.baseutil.Basetest - Clicked on : update2 is clicked
16:19:04.332 [main] INFO  com.demo.baseutil.Basetest - Validate alert1  is clicked is clickable
16:19:06.990 [main] INFO  com.demo.baseutil.Basetest - Clicked on : alert1  is clicked
16:19:08.995 [main] INFO  com.demo.baseutil.Basetest - Validate alert2  is clicked is clickable
16:19:11.555 [main] INFO  com.demo.baseutil.Basetest - Clicked on : alert2  is clicked
16:19:15.572 [main] INFO  com.demo.baseutil.Basetest - Scroll till the submitbtn scrolled
16:19:15.713 [main] INFO  com.demo.baseutil.Basetest - Scroll till the submitbtn scrolled completed
16:19:17.718 [main] INFO  com.demo.baseutil.Basetest - Validate submitbtn is clicked is clickable
16:19:20.356 [main] INFO  com.demo.baseutil.Basetest - Clicked on : submitbtn is clicked
16:19:26.239 [main] INFO  com.demo.baseutil.Basetest - Browser is closed sucessfuly
16:19:26.553 [main] INFO  com.demo.baseutil.Basetest - Browser is closed sucessfuly
16:19:38.942 [main] INFO  com.demo.baseutil.Basetest - Validate Sign in with FarmtoPlate account is clickable
16:19:41.320 [main] INFO  com.demo.baseutil.Basetest - Clicked on : Sign in with FarmtoPlate account
16:19:41.337 [main] INFO  com.demo.baseutil.Basetest - Url contains farmtoplateapps.io/login
16:19:41.337 [main] INFO  com.demo.baseutil.Basetest - Sign in title matched
16:19:41.337 [main] INFO  com.demo.baseutil.Basetest - UI verified for Sigin page.
16:19:41.337 [main] INFO  com.demo.baseutil.Basetest - Sign in function call
16:19:41.337 [main] INFO  com.demo.baseutil.Basetest - Validate email address field is clicked is clickable
16:19:43.869 [main] INFO  com.demo.baseutil.Basetest - Clicked on : email address field is clicked
16:19:43.869 [main] INFO  com.demo.baseutil.Basetest - Enter the value into Email Id Entered
16:19:44.178 [main] INFO  com.demo.baseutil.Basetest - 139@yopmail.com typed into Email Id Entered
16:19:44.178 [main] INFO  com.demo.baseutil.Basetest - Validate Enter the password is clickable
16:19:46.520 [main] INFO  com.demo.baseutil.Basetest - Clicked on : Enter the password
16:19:46.520 [main] INFO  com.demo.baseutil.Basetest - Enter the value into Password Id Entered
16:19:46.797 [main] INFO  com.demo.baseutil.Basetest - Admin@1234 typed into Password Id Entered
16:19:50.852 [main] INFO  com.demo.baseutil.Basetest - Scroll down
16:19:50.852 [main] INFO  com.demo.baseutil.Basetest - Validate Press the signin button is clickable
16:19:53.702 [main] INFO  com.demo.baseutil.Basetest - Clicked on : Press the signin button
16:19:56.010 [main] INFO  com.demo.baseutil.Basetest - HomePage title  is matched
16:20:06.027 [main] INFO  com.demo.baseutil.Basetest - Validate click on trace is clickable
16:20:08.482 [main] INFO  com.demo.baseutil.Basetest - Clicked on : click on trace
16:20:16.585 [main] INFO  com.demo.baseutil.Basetest - Scroll down
16:20:18.590 [main] INFO  com.demo.baseutil.Basetest - Validate Products is clicked is clickable
16:20:21.517 [main] INFO  com.demo.baseutil.Basetest - Clicked on : Products is clicked
16:20:26.521 [main] INFO  com.demo.baseutil.Basetest - Validate Add new is clicked is clickable
16:20:29.213 [main] INFO  com.demo.baseutil.Basetest - Clicked on : Add new is clicked
16:20:31.217 [main] INFO  com.demo.baseutil.Basetest - Validate Click on productcategory is clickable
16:20:33.677 [main] INFO  com.demo.baseutil.Basetest - Clicked on : Click on productcategory
16:20:33.677 [main] INFO  com.demo.baseutil.Basetest - Validate productbasedfood is clicked is clickable
16:20:36.095 [main] INFO  com.demo.baseutil.Basetest - Clicked on : productbasedfood is clicked
16:20:36.095 [main] INFO  com.demo.baseutil.Basetest - Validate product name is selected is clickable
16:20:38.637 [main] INFO  com.demo.baseutil.Basetest - Clicked on : product name is selected
16:20:38.637 [main] INFO  com.demo.baseutil.Basetest - Enter the value into enter the product
16:20:39.248 [main] INFO  com.demo.baseutil.Basetest - wheat109739031227824885 typed into enter the product
16:20:39.248 [main] INFO  com.demo.baseutil.Basetest - Validate Click on productid is clickable
16:20:41.771 [main] INFO  com.demo.baseutil.Basetest - Clicked on : Click on productid
16:20:41.771 [main] INFO  com.demo.baseutil.Basetest - Validate Click on checkbox is clickable
16:20:44.271 [main] INFO  com.demo.baseutil.Basetest - Clicked on : Click on checkbox
16:20:44.271 [main] INFO  com.demo.baseutil.Basetest - Validate Click on autogenerate is clickable
16:20:46.707 [main] INFO  com.demo.baseutil.Basetest - Clicked on : Click on autogenerate
16:20:46.707 [main] INFO  com.demo.baseutil.Basetest - Validate Click on productdesc is clickable
16:20:49.153 [main] INFO  com.demo.baseutil.Basetest - Clicked on : Click on productdesc
16:20:49.153 [main] INFO  com.demo.baseutil.Basetest - Enter the value into Enetered the product desc
16:20:49.529 [main] INFO  com.demo.baseutil.Basetest - test typed into Enetered the product desc
16:20:49.529 [main] INFO  com.demo.baseutil.Basetest - Validate Click on upload is clickable
16:20:51.997 [main] INFO  com.demo.baseutil.Basetest - Clicked on : Click on upload
16:21:02.433 [main] INFO  com.demo.baseutil.Basetest - Scroll down
16:21:02.433 [main] INFO  com.demo.baseutil.Basetest - Validate Click on ingrediant name is clickable
16:21:04.844 [main] INFO  com.demo.baseutil.Basetest - Clicked on : Click on ingrediant name
16:21:04.844 [main] INFO  com.demo.baseutil.Basetest - Enter the value into ingredient name is entered
16:21:05.170 [main] INFO  com.demo.baseutil.Basetest - wheat typed into ingredient name is entered
16:21:08.186 [main] INFO  com.demo.baseutil.Basetest - Validate Click on ingrediant name is clickable
16:21:10.546 [main] INFO  com.demo.baseutil.Basetest - Clicked on : Click on ingrediant name
16:21:10.546 [main] INFO  com.demo.baseutil.Basetest - Enter the value into nutri name is entered
16:21:10.803 [main] INFO  com.demo.baseutil.Basetest - fact typed into nutri name is entered
16:21:10.803 [main] INFO  com.demo.baseutil.Basetest - Validate Click on ingrediant QTY is clickable
16:21:13.197 [main] INFO  com.demo.baseutil.Basetest - Clicked on : Click on ingrediant QTY
16:21:13.197 [main] INFO  com.demo.baseutil.Basetest - Enter the value into nutri qty is entered
16:21:13.519 [main] INFO  com.demo.baseutil.Basetest - 1 typed into nutri qty is entered
16:21:13.519 [main] INFO  com.demo.baseutil.Basetest - Validate Click on ingrediant drop is clickable
16:21:15.919 [main] INFO  com.demo.baseutil.Basetest - Clicked on : Click on ingrediant drop
16:21:17.926 [main] INFO  com.demo.baseutil.Basetest - Validate Click on ingrediant value is clickable
16:21:20.295 [main] INFO  com.demo.baseutil.Basetest - Clicked on : Click on ingrediant value
16:21:26.349 [main] INFO  com.demo.baseutil.Basetest - Scroll down
16:21:28.370 [main] INFO  com.demo.baseutil.Basetest - Scroll down successful
16:21:28.370 [main] INFO  com.demo.baseutil.Basetest - Validate Click on ingrediant name is clickable
16:21:30.825 [main] INFO  com.demo.baseutil.Basetest - Clicked on : Click on ingrediant name
16:21:30.825 [main] INFO  com.demo.baseutil.Basetest - Validate Click on ingrediant name is clickable
16:21:33.255 [main] INFO  com.demo.baseutil.Basetest - Clicked on : Click on ingrediant name
16:21:33.255 [main] INFO  com.demo.baseutil.Basetest - Validate Click on ingrediant name is clickable
16:21:35.580 [main] INFO  com.demo.baseutil.Basetest - Clicked on : Click on ingrediant name
16:21:35.580 [main] INFO  com.demo.baseutil.Basetest - Enter the value into price is entered
16:21:35.911 [main] INFO  com.demo.baseutil.Basetest - 1 typed into price is entered
16:21:35.917 [main] INFO  com.demo.baseutil.Basetest - Validate Click on currency is clickable
16:21:38.317 [main] INFO  com.demo.baseutil.Basetest - Clicked on : Click on currency
16:21:38.317 [main] INFO  com.demo.baseutil.Basetest - Validate Click on currency value is clickable
16:21:40.731 [main] INFO  com.demo.baseutil.Basetest - Clicked on : Click on currency value
16:21:40.731 [main] INFO  com.demo.baseutil.Basetest - Validate Click on typepacking value is clickable
16:21:43.068 [main] INFO  com.demo.baseutil.Basetest - Clicked on : Click on typepacking value
16:21:43.068 [main] INFO  com.demo.baseutil.Basetest - Enter the value into typepacking is entered
16:21:43.440 [main] INFO  com.demo.baseutil.Basetest - 1 typed into typepacking is entered
16:21:43.440 [main] INFO  com.demo.baseutil.Basetest - Validate Click on length value is clickable
16:21:45.846 [main] INFO  com.demo.baseutil.Basetest - Clicked on : Click on length value
16:21:45.846 [main] INFO  com.demo.baseutil.Basetest - Enter the value into length is entered
16:21:46.135 [main] INFO  com.demo.baseutil.Basetest - 1 typed into length is entered
16:21:46.135 [main] INFO  com.demo.baseutil.Basetest - Validate Click on breath value is clickable
16:21:48.482 [main] INFO  com.demo.baseutil.Basetest - Clicked on : Click on breath value
16:21:48.482 [main] INFO  com.demo.baseutil.Basetest - Enter the value into breath is entered
16:21:48.752 [main] INFO  com.demo.baseutil.Basetest - 1 typed into breath is entered
16:21:48.752 [main] INFO  com.demo.baseutil.Basetest - Validate Click on height value is clickable
16:21:51.213 [main] INFO  com.demo.baseutil.Basetest - Clicked on : Click on height value
16:21:51.213 [main] INFO  com.demo.baseutil.Basetest - Enter the value into height is entered
16:21:51.555 [main] INFO  com.demo.baseutil.Basetest - 1 typed into height is entered
16:21:53.579 [main] INFO  com.demo.baseutil.Basetest - Scroll down successful
16:21:53.579 [main] INFO  com.demo.baseutil.Basetest - Validate Click on checkbox1 is clickable
16:21:55.956 [main] INFO  com.demo.baseutil.Basetest - Clicked on : Click on checkbox1
16:22:05.041 [main] INFO  com.demo.baseutil.Basetest - Scroll down
16:22:05.041 [main] INFO  com.demo.baseutil.Basetest - Validate Click on gln1 is clickable
16:22:07.479 [main] INFO  com.demo.baseutil.Basetest - Clicked on : Click on gln1
16:22:07.479 [main] INFO  com.demo.baseutil.Basetest - Enter the value into gln1 is entered
16:22:07.725 [main] INFO  com.demo.baseutil.Basetest - warehouse typed into gln1 is entered
16:22:11.737 [main] INFO  com.demo.baseutil.Basetest - Validate Click on autosearch is clickable
16:22:14.108 [main] INFO  com.demo.baseutil.Basetest - Clicked on : Click on autosearch
16:22:16.111 [main] INFO  com.demo.baseutil.Basetest - Validate Click on gln2 is clickable
16:22:18.500 [main] INFO  com.demo.baseutil.Basetest - Clicked on : Click on gln2
16:22:18.500 [main] INFO  com.demo.baseutil.Basetest - Enter the value into gln2 is entered
16:22:18.791 [main] INFO  com.demo.baseutil.Basetest - warehouse typed into gln2 is entered
16:22:22.802 [main] INFO  com.demo.baseutil.Basetest - Validate Click on autosearch is clickable
16:22:25.114 [main] INFO  com.demo.baseutil.Basetest - Clicked on : Click on autosearch
16:22:30.120 [main] INFO  com.demo.baseutil.Basetest - Validate Click on gln3 is clickable
16:22:32.497 [main] INFO  com.demo.baseutil.Basetest - Clicked on : Click on gln3
16:22:32.497 [main] INFO  com.demo.baseutil.Basetest - Enter the value into gln3 is entered
16:22:32.758 [main] INFO  com.demo.baseutil.Basetest - warehouse typed into gln3 is entered
16:22:34.763 [main] INFO  com.demo.baseutil.Basetest - Scroll till the scrolldown to table:
16:22:34.853 [main] INFO  com.demo.baseutil.Basetest - Scroll till the scrolldown to table: completed
16:22:36.862 [main] INFO  com.demo.baseutil.Basetest - Validate Click on autosearch is clickable
16:22:39.220 [main] INFO  com.demo.baseutil.Basetest - Clicked on : Click on autosearch
16:22:45.304 [main] INFO  com.demo.baseutil.Basetest - Scroll down
16:22:47.305 [main] INFO  com.demo.baseutil.Basetest - Validate Click on registerproduct is clickable
16:22:49.788 [main] INFO  com.demo.baseutil.Basetest - Clicked on : Click on registerproduct
16:23:21.646 [main] INFO  com.demo.baseutil.Basetest - Browser is closed sucessfuly
16:23:22.048 [main] INFO  com.demo.baseutil.Basetest - Browser is closed sucessfuly
16:23:35.833 [main] INFO  com.demo.baseutil.Basetest - Validate Sign in with FarmtoPlate account is clickable
16:23:38.324 [main] INFO  com.demo.baseutil.Basetest - Clicked on : Sign in with FarmtoPlate account
16:23:38.324 [main] INFO  com.demo.baseutil.Basetest - Url contains farmtoplateapps.io/login
16:23:38.340 [main] INFO  com.demo.baseutil.Basetest - Sign in title matched
16:23:38.340 [main] INFO  com.demo.baseutil.Basetest - UI verified for Sigin page.
16:23:38.340 [main] INFO  com.demo.baseutil.Basetest - Sign in function call
16:23:38.340 [main] INFO  com.demo.baseutil.Basetest - Validate email address field is clicked is clickable
16:23:40.976 [main] INFO  com.demo.baseutil.Basetest - Clicked on : email address field is clicked
16:23:40.976 [main] INFO  com.demo.baseutil.Basetest - Enter the value into Email Id Entered
16:23:41.368 [main] INFO  com.demo.baseutil.Basetest - 139@yopmail.com typed into Email Id Entered
16:23:41.368 [main] INFO  com.demo.baseutil.Basetest - Validate Enter the password is clickable
16:23:43.673 [main] INFO  com.demo.baseutil.Basetest - Clicked on : Enter the password
16:23:43.673 [main] INFO  com.demo.baseutil.Basetest - Enter the value into Password Id Entered
16:23:43.918 [main] INFO  com.demo.baseutil.Basetest - Admin@1234 typed into Password Id Entered
16:23:47.962 [main] INFO  com.demo.baseutil.Basetest - Scroll down
16:23:47.962 [main] INFO  com.demo.baseutil.Basetest - Validate Press the signin button is clickable
16:23:50.813 [main] INFO  com.demo.baseutil.Basetest - Clicked on : Press the signin button
16:23:53.105 [main] INFO  com.demo.baseutil.Basetest - HomePage title  is matched
16:24:03.128 [main] INFO  com.demo.baseutil.Basetest - Validate click on trace is clickable
16:24:05.663 [main] INFO  com.demo.baseutil.Basetest - Clicked on : click on trace
16:24:13.749 [main] INFO  com.demo.baseutil.Basetest - Scroll down
16:24:15.751 [main] INFO  com.demo.baseutil.Basetest - Validate Process is clicked is clickable
16:24:18.288 [main] INFO  com.demo.baseutil.Basetest - Clicked on : Process is clicked
16:24:23.300 [main] INFO  com.demo.baseutil.Basetest - Validate Process add is clicked is clickable
16:24:25.730 [main] INFO  com.demo.baseutil.Basetest - Clicked on : Process add is clicked
16:24:30.743 [main] INFO  com.demo.baseutil.Basetest - Validate Product id is clicked is clickable
16:24:33.075 [main] INFO  com.demo.baseutil.Basetest - Clicked on : Product id is clicked
16:24:46.384 [main] INFO  com.demo.baseutil.Basetest - Validate Product id is clicked is clickable
16:24:48.858 [main] INFO  com.demo.baseutil.Basetest - Clicked on : Product id is clicked
16:24:50.866 [main] INFO  com.demo.baseutil.Basetest - Validate Product id searchbox is clicked is clickable
16:25:20.932 [main] ERROR com.demo.baseutil.Basetest - Product id searchbox is clicked is not clickable
16:25:20.932 [main] ERROR com.demo.baseutil.Basetest - Unable to click on Product id searchbox is clicked
16:25:51.199 [main] INFO  com.demo.baseutil.Basetest - Browser is closed sucessfuly
16:25:51.647 [main] INFO  com.demo.baseutil.Basetest - Browser is closed sucessfuly
16:26:04.184 [main] INFO  com.demo.baseutil.Basetest - Validate Sign in with FarmtoPlate account is clickable
16:26:06.543 [main] INFO  com.demo.baseutil.Basetest - Clicked on : Sign in with FarmtoPlate account
16:26:06.559 [main] INFO  com.demo.baseutil.Basetest - Url contains farmtoplateapps.io/login
16:26:06.579 [main] INFO  com.demo.baseutil.Basetest - Sign in title matched
16:26:06.579 [main] INFO  com.demo.baseutil.Basetest - UI verified for Sigin page.
16:26:06.579 [main] INFO  com.demo.baseutil.Basetest - Sign in function call
16:26:06.579 [main] INFO  com.demo.baseutil.Basetest - Validate email address field is clicked is clickable
16:26:09.353 [main] INFO  com.demo.baseutil.Basetest - Clicked on : email address field is clicked
16:26:09.353 [main] INFO  com.demo.baseutil.Basetest - Enter the value into Email Id Entered
16:26:09.953 [main] INFO  com.demo.baseutil.Basetest - 139@yopmail.com typed into Email Id Entered
16:26:09.953 [main] INFO  com.demo.baseutil.Basetest - Validate Enter the password is clickable
16:26:12.256 [main] INFO  com.demo.baseutil.Basetest - Clicked on : Enter the password
16:26:12.256 [main] INFO  com.demo.baseutil.Basetest - Enter the value into Password Id Entered
16:26:12.471 [main] INFO  com.demo.baseutil.Basetest - Admin@1234 typed into Password Id Entered
16:26:17.366 [main] INFO  com.demo.baseutil.Basetest - Scroll down
16:26:17.366 [main] INFO  com.demo.baseutil.Basetest - Validate Press the signin button is clickable
16:26:20.872 [main] INFO  com.demo.baseutil.Basetest - Clicked on : Press the signin button
16:26:22.874 [main] INFO  com.demo.baseutil.Basetest - HomePage title  is matched
16:26:40.896 [main] INFO  com.demo.baseutil.Basetest - Validate click on trace is clickable
16:26:43.481 [main] INFO  com.demo.baseutil.Basetest - Clicked on : click on trace
16:26:49.568 [main] INFO  com.demo.baseutil.Basetest - Validate Asset & Infrastructure Data is clicked is clickable
16:26:52.085 [main] INFO  com.demo.baseutil.Basetest - Clicked on : Asset & Infrastructure Data is clicked
16:26:54.099 [main] INFO  com.demo.baseutil.Basetest - Validate Assets is clicked is clickable
16:26:56.958 [main] INFO  com.demo.baseutil.Basetest - Clicked on : Assets is clicked
16:26:58.968 [main] INFO  com.demo.baseutil.Basetest - Validate Add new is clicked is clickable
16:27:01.623 [main] INFO  com.demo.baseutil.Basetest - Clicked on : Add new is clicked
16:27:03.629 [main] INFO  com.demo.baseutil.Basetest - Validate Asset type is clicked is clickable
16:27:06.154 [main] INFO  com.demo.baseutil.Basetest - Clicked on : Asset type is clicked
16:27:06.154 [main] INFO  com.demo.baseutil.Basetest - Validate Click on Vehicle Name is clickable
16:27:08.599 [main] INFO  com.demo.baseutil.Basetest - Clicked on : Click on Vehicle Name
16:27:10.604 [main] INFO  com.demo.baseutil.Basetest - Validate container name is clicked is clickable
16:27:12.916 [main] INFO  com.demo.baseutil.Basetest - Clicked on : container name is clicked
16:27:12.916 [main] INFO  com.demo.baseutil.Basetest - Enter the value into enter the container name
16:27:13.431 [main] INFO  com.demo.baseutil.Basetest - container767767767 typed into enter the container name
16:27:15.443 [main] INFO  com.demo.baseutil.Basetest - Validate length is clicked is clickable
16:27:17.874 [main] INFO  com.demo.baseutil.Basetest - Clicked on : length is clicked
16:27:19.880 [main] INFO  com.demo.baseutil.Basetest - Enter the value into enter the length
16:27:20.322 [main] INFO  com.demo.baseutil.Basetest - 10 typed into enter the length
16:27:20.326 [main] INFO  com.demo.baseutil.Basetest - Validate breadth is clicked is clickable
16:27:22.813 [main] INFO  com.demo.baseutil.Basetest - Clicked on : breadth is clicked
16:27:22.813 [main] INFO  com.demo.baseutil.Basetest - Enter the value into breath entered
16:27:23.262 [main] INFO  com.demo.baseutil.Basetest - 10 typed into breath entered
16:27:25.265 [main] INFO  com.demo.baseutil.Basetest - Validate height is clicked is clickable
16:27:27.758 [main] INFO  com.demo.baseutil.Basetest - Clicked on : height is clicked
16:27:29.763 [main] INFO  com.demo.baseutil.Basetest - Enter the value into height entered
16:27:30.154 [main] INFO  com.demo.baseutil.Basetest - 20 typed into height entered
16:27:32.165 [main] INFO  com.demo.baseutil.Basetest - Validate dom is clicked is clickable
16:27:34.615 [main] INFO  com.demo.baseutil.Basetest - Clicked on : dom is clicked
16:27:36.626 [main] INFO  com.demo.baseutil.Basetest - Validate ft is clicked is clickable
16:27:39.086 [main] INFO  com.demo.baseutil.Basetest - Clicked on : ft is clicked
16:27:41.099 [main] INFO  com.demo.baseutil.Basetest - Validate wt is clicked is clickable
16:27:43.600 [main] INFO  com.demo.baseutil.Basetest - Clicked on : wt is clicked
16:27:45.614 [main] INFO  com.demo.baseutil.Basetest - Enter the value into weight entered
16:27:46.035 [main] INFO  com.demo.baseutil.Basetest - 1000 typed into weight entered
16:27:48.049 [main] INFO  com.demo.baseutil.Basetest - Validate wtcap is clicked is clickable
16:27:50.497 [main] INFO  com.demo.baseutil.Basetest - Clicked on : wtcap is clicked
16:27:52.510 [main] INFO  com.demo.baseutil.Basetest - Validate tons is clicked is clickable
16:27:54.853 [main] INFO  com.demo.baseutil.Basetest - Clicked on : tons is clicked
16:27:56.859 [main] INFO  com.demo.baseutil.Basetest - Validate Click on Add button is clickable
16:27:59.367 [main] INFO  com.demo.baseutil.Basetest - Clicked on : Click on Add button
16:28:10.393 [main] INFO  com.demo.baseutil.Basetest - Scroll till the transaction
16:28:10.518 [main] INFO  com.demo.baseutil.Basetest - Scroll till the transaction completed
16:28:10.518 [main] INFO  com.demo.baseutil.Basetest - Validate transaction is clicked is clickable
16:28:13.557 [main] INFO  com.demo.baseutil.Basetest - Clicked on : transaction is clicked
16:28:18.565 [main] INFO  com.demo.baseutil.Basetest - Validate add new is clicked is clickable
16:28:21.197 [main] INFO  com.demo.baseutil.Basetest - Clicked on : add new is clicked
16:28:26.202 [main] INFO  com.demo.baseutil.Basetest - Validate Product id is clicked is clickable
16:28:28.713 [main] INFO  com.demo.baseutil.Basetest - Clicked on : Product id is clicked
16:28:30.714 [main] INFO  com.demo.baseutil.Basetest - Enter the value into Saved Value is entered
16:28:31.183 [main] INFO  com.demo.baseutil.Basetest - F2PG10002455 typed into Saved Value is entered
16:28:33.191 [main] INFO  com.demo.baseutil.Basetest - Validate Product id is clicked is clickable
16:28:35.614 [main] INFO  com.demo.baseutil.Basetest - Clicked on : Product id is clicked
16:28:37.626 [main] INFO  com.demo.baseutil.Basetest - Validate Product id is clicked is clickable
16:28:40.125 [main] INFO  com.demo.baseutil.Basetest - Clicked on : Product id is clicked
16:28:42.127 [main] INFO  com.demo.baseutil.Basetest - Validate chooseprocess id is clicked is clickable
16:28:44.592 [main] INFO  com.demo.baseutil.Basetest - Clicked on : chooseprocess id is clicked
16:28:46.598 [main] INFO  com.demo.baseutil.Basetest - Enter the value into Harvestiong/commission is entered
16:28:47.020 [main] INFO  com.demo.baseutil.Basetest - Harvesting typed into Harvestiong/commission is entered
16:28:49.029 [main] INFO  com.demo.baseutil.Basetest - Validate chooseprocess id is clicked is clickable
16:28:51.478 [main] INFO  com.demo.baseutil.Basetest - Clicked on : chooseprocess id is clicked
16:28:54.501 [main] INFO  com.demo.baseutil.Basetest - Validate Process commision is selected is clickable
16:28:56.877 [main] INFO  com.demo.baseutil.Basetest - Clicked on : Process commision is selected
16:28:58.904 [main] INFO  com.demo.baseutil.Basetest - Scroll down successful
16:28:58.904 [main] INFO  com.demo.baseutil.Basetest - Validate date is selected is clickable
16:29:01.510 [main] INFO  com.demo.baseutil.Basetest - Clicked on : date is selected
16:29:02.515 [main] INFO  com.demo.baseutil.Basetest - Validate date netx button is clickable
16:29:05.034 [main] INFO  com.demo.baseutil.Basetest - Clicked on : date netx button
16:29:05.034 [main] INFO  com.demo.baseutil.Basetest - Validate date is entered is clickable
16:29:07.640 [main] INFO  com.demo.baseutil.Basetest - Clicked on : date is entered
16:29:09.654 [main] INFO  com.demo.baseutil.Basetest - Validate date is selected is clickable
16:29:12.192 [main] INFO  com.demo.baseutil.Basetest - Clicked on : date is selected
16:29:18.286 [main] INFO  com.demo.baseutil.Basetest - Scroll down
16:29:18.286 [main] INFO  com.demo.baseutil.Basetest - Validate activity is selected is clickable
16:29:20.780 [main] INFO  com.demo.baseutil.Basetest - Clicked on : activity is selected
16:29:20.780 [main] INFO  com.demo.baseutil.Basetest - Enter the value into activity Value is entered
16:29:21.171 [main] INFO  com.demo.baseutil.Basetest - abcd typed into activity Value is entered
16:29:23.181 [main] INFO  com.demo.baseutil.Basetest - Validate packing type dropdown is selected is clickable
16:29:25.553 [main] INFO  com.demo.baseutil.Basetest - Clicked on : packing type dropdown is selected
16:29:25.553 [main] INFO  com.demo.baseutil.Basetest - Validate packing type dropdown is selected is clickable
16:29:28.099 [main] INFO  com.demo.baseutil.Basetest - Clicked on : packing type dropdown is selected
16:29:34.171 [main] INFO  com.demo.baseutil.Basetest - Scroll down
16:29:34.171 [main] INFO  com.demo.baseutil.Basetest - Validate tlc is clicked is clickable
16:29:36.843 [main] INFO  com.demo.baseutil.Basetest - Clicked on : tlc is clicked
16:29:36.843 [main] INFO  com.demo.baseutil.Basetest - Enter the value into Tlc no is entered
16:29:37.437 [main] INFO  com.demo.baseutil.Basetest - 1234567890 typed into Tlc no is entered
16:29:37.437 [main] INFO  com.demo.baseutil.Basetest - Validate location is clicked is clickable
16:29:39.929 [main] INFO  com.demo.baseutil.Basetest - Clicked on : location is clicked
16:29:39.929 [main] INFO  com.demo.baseutil.Basetest - Enter the value into location no is entered
16:29:40.367 [main] INFO  com.demo.baseutil.Basetest - location typed into location no is entered
16:29:40.367 [main] INFO  com.demo.baseutil.Basetest - Validate commodity is clicked is clickable
16:29:42.799 [main] INFO  com.demo.baseutil.Basetest - Clicked on : commodity is clicked
16:29:42.799 [main] INFO  com.demo.baseutil.Basetest - Enter the value into commodity is entered
16:29:43.309 [main] INFO  com.demo.baseutil.Basetest - commodity typed into commodity is entered
16:29:47.377 [main] INFO  com.demo.baseutil.Basetest - Scroll down
16:29:47.377 [main] INFO  com.demo.baseutil.Basetest - Validate filed is clicked is clickable
16:29:49.873 [main] INFO  com.demo.baseutil.Basetest - Clicked on : filed is clicked
16:29:49.873 [main] INFO  com.demo.baseutil.Basetest - Enter the value into filed is entered
16:29:50.202 [main] INFO  com.demo.baseutil.Basetest - filed typed into filed is entered
16:29:50.218 [main] INFO  com.demo.baseutil.Basetest - Validate container is clicked is clickable
16:29:52.763 [main] INFO  com.demo.baseutil.Basetest - Clicked on : container is clicked
16:29:52.764 [main] INFO  com.demo.baseutil.Basetest - Enter the value into filed is entered
16:29:53.245 [main] INFO  com.demo.baseutil.Basetest - container767767767 typed into filed is entered
16:29:57.258 [main] INFO  com.demo.baseutil.Basetest - Validate Selected the conatiner is clickable
16:29:59.750 [main] INFO  com.demo.baseutil.Basetest - Clicked on : Selected the conatiner
16:30:00.750 [main] INFO  com.demo.baseutil.Basetest - Validate count sgtin is clicked is clickable
16:30:03.238 [main] INFO  com.demo.baseutil.Basetest - Clicked on : count sgtin is clicked
16:30:03.238 [main] INFO  com.demo.baseutil.Basetest - Enter the value into countsgtin is entered
16:30:03.628 [main] INFO  com.demo.baseutil.Basetest - 123 typed into countsgtin is entered
16:30:03.628 [main] INFO  com.demo.baseutil.Basetest - Validate weightsgtin sgtin is clicked is clickable
16:30:06.054 [main] INFO  com.demo.baseutil.Basetest - Clicked on : weightsgtin sgtin is clicked
16:30:06.054 [main] INFO  com.demo.baseutil.Basetest - Enter the value into weightsgtin is entered
16:30:06.495 [main] INFO  com.demo.baseutil.Basetest - 1234567 typed into weightsgtin is entered
16:30:06.495 [main] INFO  com.demo.baseutil.Basetest - Validate itemsgtin sgtin is clicked is clickable
16:30:08.978 [main] INFO  com.demo.baseutil.Basetest - Clicked on : itemsgtin sgtin is clicked
16:30:08.978 [main] INFO  com.demo.baseutil.Basetest - Validate itemgtin is entered is clickable
16:30:11.469 [main] INFO  com.demo.baseutil.Basetest - Clicked on : itemgtin is entered
16:30:11.469 [main] INFO  com.demo.baseutil.Basetest - Validate document is clicked is clickable
16:30:13.871 [main] INFO  com.demo.baseutil.Basetest - Clicked on : document is clicked
16:30:13.871 [main] INFO  com.demo.baseutil.Basetest - Enter the value into document is entered
16:30:14.278 [main] INFO  com.demo.baseutil.Basetest - 1234567 typed into document is entered
16:30:18.371 [main] INFO  com.demo.baseutil.Basetest - Scroll down
16:30:18.371 [main] INFO  com.demo.baseutil.Basetest - Validate Add Transaction is selected is clickable
16:30:20.956 [main] INFO  com.demo.baseutil.Basetest - Clicked on : Add Transaction is selected
16:30:36.980 [main] INFO  com.demo.baseutil.Basetest - Validate click on trace is clickable
16:30:39.595 [main] INFO  com.demo.baseutil.Basetest - Clicked on : click on trace
16:30:51.609 [main] INFO  com.demo.baseutil.Basetest - Validate click on trace is clickable
16:30:54.130 [main] INFO  com.demo.baseutil.Basetest - Clicked on : click on trace
16:31:00.207 [main] INFO  com.demo.baseutil.Basetest - Validate Asset & Infrastructure Data is clicked is clickable
16:31:02.748 [main] INFO  com.demo.baseutil.Basetest - Clicked on : Asset & Infrastructure Data is clicked
16:31:04.763 [main] INFO  com.demo.baseutil.Basetest - Validate Assets is clicked is clickable
16:31:07.598 [main] INFO  com.demo.baseutil.Basetest - Clicked on : Assets is clicked
16:31:09.609 [main] INFO  com.demo.baseutil.Basetest - Validate Add new is clicked is clickable
16:31:12.161 [main] INFO  com.demo.baseutil.Basetest - Clicked on : Add new is clicked
16:31:14.161 [main] INFO  com.demo.baseutil.Basetest - Validate Asset type is clicked is clickable
16:31:16.689 [main] INFO  com.demo.baseutil.Basetest - Clicked on : Asset type is clicked
16:31:16.689 [main] INFO  com.demo.baseutil.Basetest - Validate Click on Vehicle Name is clickable
16:31:19.107 [main] INFO  com.demo.baseutil.Basetest - Clicked on : Click on Vehicle Name
16:31:21.109 [main] INFO  com.demo.baseutil.Basetest - Validate container name is clicked is clickable
16:31:23.608 [main] INFO  com.demo.baseutil.Basetest - Clicked on : container name is clicked
16:31:23.608 [main] INFO  com.demo.baseutil.Basetest - Enter the value into enter the container name
16:31:24.108 [main] INFO  com.demo.baseutil.Basetest - container659659659 typed into enter the container name
16:31:26.125 [main] INFO  com.demo.baseutil.Basetest - Validate length is clicked is clickable
16:31:28.751 [main] INFO  com.demo.baseutil.Basetest - Clicked on : length is clicked
16:31:30.767 [main] INFO  com.demo.baseutil.Basetest - Enter the value into enter the length
16:31:31.251 [main] INFO  com.demo.baseutil.Basetest - 10 typed into enter the length
16:31:31.251 [main] INFO  com.demo.baseutil.Basetest - Validate breadth is clicked is clickable
16:31:33.717 [main] INFO  com.demo.baseutil.Basetest - Clicked on : breadth is clicked
16:31:33.718 [main] INFO  com.demo.baseutil.Basetest - Enter the value into breath entered
16:31:34.064 [main] INFO  com.demo.baseutil.Basetest - 10 typed into breath entered
16:31:36.065 [main] INFO  com.demo.baseutil.Basetest - Validate height is clicked is clickable
16:31:38.576 [main] INFO  com.demo.baseutil.Basetest - Clicked on : height is clicked
16:31:40.578 [main] INFO  com.demo.baseutil.Basetest - Enter the value into height entered
16:31:40.955 [main] INFO  com.demo.baseutil.Basetest - 20 typed into height entered
16:31:42.956 [main] INFO  com.demo.baseutil.Basetest - Validate dom is clicked is clickable
16:31:45.221 [main] INFO  com.demo.baseutil.Basetest - Clicked on : dom is clicked
16:31:47.235 [main] INFO  com.demo.baseutil.Basetest - Validate ft is clicked is clickable
16:31:49.607 [main] INFO  com.demo.baseutil.Basetest - Clicked on : ft is clicked
16:31:51.608 [main] INFO  com.demo.baseutil.Basetest - Validate wt is clicked is clickable
16:31:54.094 [main] INFO  com.demo.baseutil.Basetest - Clicked on : wt is clicked
16:31:56.095 [main] INFO  com.demo.baseutil.Basetest - Enter the value into weight entered
16:31:56.575 [main] INFO  com.demo.baseutil.Basetest - 1000 typed into weight entered
16:31:58.588 [main] INFO  com.demo.baseutil.Basetest - Validate wtcap is clicked is clickable
16:32:01.146 [main] INFO  com.demo.baseutil.Basetest - Clicked on : wtcap is clicked
16:32:03.157 [main] INFO  com.demo.baseutil.Basetest - Validate tons is clicked is clickable
16:32:05.604 [main] INFO  com.demo.baseutil.Basetest - Clicked on : tons is clicked
16:32:07.616 [main] INFO  com.demo.baseutil.Basetest - Validate Click on Add button is clickable
16:32:10.083 [main] INFO  com.demo.baseutil.Basetest - Clicked on : Click on Add button
16:32:26.154 [main] INFO  com.demo.baseutil.Basetest - Scroll down
16:32:28.156 [main] INFO  com.demo.baseutil.Basetest - Validate transaction is clicked is clickable
16:32:30.898 [main] INFO  com.demo.baseutil.Basetest - Clicked on : transaction is clicked
16:32:37.918 [main] INFO  com.demo.baseutil.Basetest - Validate productid is selected is clickable
16:32:40.442 [main] INFO  com.demo.baseutil.Basetest - Clicked on : productid is selected
16:32:40.442 [main] INFO  com.demo.baseutil.Basetest - Enter the value into enter the productid
16:32:41.045 [main] INFO  com.demo.baseutil.Basetest - F2PG10002455 typed into enter the productid
16:32:41.045 [main] INFO  com.demo.baseutil.Basetest - Validate productid is selected is clickable
16:32:43.464 [main] INFO  com.demo.baseutil.Basetest - Clicked on : productid is selected
16:32:43.464 [main] INFO  com.demo.baseutil.Basetest - Validate search is selected is clickable
16:32:45.965 [main] INFO  com.demo.baseutil.Basetest - Clicked on : search is selected
16:32:45.965 [main] INFO  com.demo.baseutil.Basetest - Validate search button is clicked is clickable
16:32:48.465 [main] INFO  com.demo.baseutil.Basetest - Clicked on : search button is clicked
16:32:50.563 [main] INFO  com.demo.baseutil.Basetest - Scroll up
16:32:52.590 [main] INFO  com.demo.baseutil.Basetest - Scroll up
16:32:56.604 [main] INFO  com.demo.baseutil.Basetest - Validate transaction is clicked is clickable
16:32:59.400 [main] INFO  com.demo.baseutil.Basetest - Clicked on : transaction is clicked
16:33:04.401 [main] INFO  com.demo.baseutil.Basetest - Validate add new is clicked is clickable
16:33:07.013 [main] INFO  com.demo.baseutil.Basetest - Clicked on : add new is clicked
16:33:12.025 [main] INFO  com.demo.baseutil.Basetest - Validate Product id is clicked is clickable
16:33:14.447 [main] INFO  com.demo.baseutil.Basetest - Clicked on : Product id is clicked
16:33:16.448 [main] INFO  com.demo.baseutil.Basetest - Enter the value into Saved Value is entered
16:33:16.823 [main] INFO  com.demo.baseutil.Basetest - F2PG10002455 typed into Saved Value is entered
16:33:18.833 [main] INFO  com.demo.baseutil.Basetest - Validate Product id is clicked is clickable
16:33:21.317 [main] INFO  com.demo.baseutil.Basetest - Clicked on : Product id is clicked
16:33:23.322 [main] INFO  com.demo.baseutil.Basetest - Validate Product id is clicked is clickable
16:33:25.750 [main] INFO  com.demo.baseutil.Basetest - Clicked on : Product id is clicked
16:33:27.761 [main] INFO  com.demo.baseutil.Basetest - Validate chooseprocess id is clicked is clickable
16:33:30.259 [main] INFO  com.demo.baseutil.Basetest - Clicked on : chooseprocess id is clicked
16:33:32.261 [main] INFO  com.demo.baseutil.Basetest - Enter the value into Packing/aggregation is entered
16:33:32.674 [main] INFO  com.demo.baseutil.Basetest - Packing typed into Packing/aggregation is entered
16:33:34.679 [main] INFO  com.demo.baseutil.Basetest - Validate chooseprocess id is clicked is clickable
16:33:37.089 [main] INFO  com.demo.baseutil.Basetest - Clicked on : chooseprocess id is clicked
16:33:41.097 [main] INFO  com.demo.baseutil.Basetest - Validate Process aggre is selected is clickable
16:33:43.505 [main] INFO  com.demo.baseutil.Basetest - Clicked on : Process aggre is selected
16:33:45.523 [main] INFO  com.demo.baseutil.Basetest - Scroll down successful
16:33:45.524 [main] INFO  com.demo.baseutil.Basetest - Validate org is selected is clickable
16:33:47.982 [main] INFO  com.demo.baseutil.Basetest - Clicked on : org is selected
16:33:49.986 [main] INFO  com.demo.baseutil.Basetest - Enter the value into org value is entered
16:33:50.440 [main] INFO  com.demo.baseutil.Basetest - 178 typed into org value is entered
16:33:55.447 [main] INFO  com.demo.baseutil.Basetest - Validate org is selected is clickable
16:33:57.869 [main] INFO  com.demo.baseutil.Basetest - Clicked on : org is selected
16:34:00.873 [main] INFO  com.demo.baseutil.Basetest - Validate location is selected is clickable
16:34:21.168 [main] ERROR com.demo.baseutil.Basetest - location is selected is not clickable
16:34:21.168 [main] ERROR com.demo.baseutil.Basetest - Unable to click on location is selected
16:34:41.598 [main] INFO  com.demo.baseutil.Basetest - Browser is closed sucessfuly
16:34:41.975 [main] INFO  com.demo.baseutil.Basetest - Browser is closed sucessfuly
16:34:42.428 [main] ERROR com.demo.baseutil.Basetest - Failed to close the Browser
