22:47:55.190 [main] INFO  com.demo.baseutil.Basetest - 
22:47:55.198 [main] INFO  com.demo.baseutil.Basetest - Running locally JavaMail
22:47:55.300 [main] INFO  com.demo.baseutil.Basetest2 - Folder creation for Extent
22:47:55.307 [main] INFO  com.demo.baseutil.Basetest - ExtentDir:-C:\Users\Deepti Jindal\eclipse-workspace\com.NFR.Trace/reports/Automation Report- 05_09_2024_22_47_55/Report/05_09_2024_22_47_55
22:47:55.412 [main] INFO  com.demo.baseutil.Basetest - Report Initiated
22:47:55.413 [main] INFO  com.demo.baseutil.Basetest - Screenshot folder created
22:48:06.623 [main] INFO  com.demo.baseutil.Basetest - Validate Sign in with FarmtoPlate account is clickable
22:48:08.872 [main] INFO  com.demo.baseutil.Basetest - Clicked on : Sign in with FarmtoPlate account
22:48:08.893 [main] INFO  com.demo.baseutil.Basetest - Url contains farmtoplateapps.io/login
22:48:08.903 [main] INFO  com.demo.baseutil.Basetest - Sign in title matched
22:48:08.904 [main] INFO  com.demo.baseutil.Basetest - UI verified for Sigin page.
22:48:08.904 [main] INFO  com.demo.baseutil.Basetest - Sign in function call
22:48:08.904 [main] INFO  com.demo.baseutil.Basetest - Validate email address field is clicked is clickable
22:48:11.181 [main] INFO  com.demo.baseutil.Basetest - Clicked on : email address field is clicked
22:48:11.182 [main] INFO  com.demo.baseutil.Basetest - Enter the value into Email Id Entered
22:48:11.416 [main] INFO  com.demo.baseutil.Basetest - 139@yopmail.com typed into Email Id Entered
22:48:11.416 [main] INFO  com.demo.baseutil.Basetest - Validate Enter the password is clickable
22:48:13.713 [main] INFO  com.demo.baseutil.Basetest - Clicked on : Enter the password
22:48:13.713 [main] INFO  com.demo.baseutil.Basetest - Enter the value into Password Id Entered
22:48:13.902 [main] INFO  com.demo.baseutil.Basetest - Admin@1234 typed into Password Id Entered
22:48:17.980 [main] INFO  com.demo.baseutil.Basetest - Scroll down
22:48:17.980 [main] INFO  com.demo.baseutil.Basetest - Validate Press the signin button is clickable
22:48:20.658 [main] INFO  com.demo.baseutil.Basetest - Clicked on : Press the signin button
22:48:22.678 [main] INFO  com.demo.baseutil.Basetest - HomePage title  is matched
22:48:32.691 [main] INFO  com.demo.baseutil.Basetest - Validate click on trace is clickable
22:48:35.138 [main] INFO  com.demo.baseutil.Basetest - Clicked on : click on trace
22:48:37.154 [main] INFO  com.demo.baseutil.Basetest - Validate Network Management is clicked is clickable
22:48:39.659 [main] INFO  com.demo.baseutil.Basetest - Clicked on : Network Management is clicked
22:48:44.670 [main] INFO  com.demo.baseutil.Basetest - Validate Add new is clicked is clickable
22:48:47.050 [main] INFO  com.demo.baseutil.Basetest - Clicked on : Add new is clicked
22:48:49.058 [main] INFO  com.demo.baseutil.Basetest - Validate Organisation Name is clicked is clickable
22:48:52.062 [main] INFO  com.demo.baseutil.Basetest - Clicked on : Organisation Name is clicked
22:48:52.062 [main] INFO  com.demo.baseutil.Basetest - Enter the value into Organisation is Entered
22:48:52.308 [main] INFO  com.demo.baseutil.Basetest - yBINa1WH typed into Organisation is Entered
22:48:52.308 [main] INFO  com.demo.baseutil.Basetest - Validate Organisation type is clicked is clickable
22:48:54.716 [main] INFO  com.demo.baseutil.Basetest - Clicked on : Organisation type is clicked
22:48:54.716 [main] INFO  com.demo.baseutil.Basetest - Validate upstream is selected is clickable
22:48:57.245 [main] INFO  com.demo.baseutil.Basetest - Clicked on : upstream is selected
22:48:57.245 [main] INFO  com.demo.baseutil.Basetest - Validate Organisation role is clicked is clickable
22:48:59.619 [main] INFO  com.demo.baseutil.Basetest - Clicked on : Organisation role is clicked
22:48:59.619 [main] INFO  com.demo.baseutil.Basetest - Validate Organisation role is selected is clickable
22:49:01.926 [main] INFO  com.demo.baseutil.Basetest - Clicked on : Organisation role is selected
22:49:01.926 [main] INFO  com.demo.baseutil.Basetest - Validate module is clicked is clickable
22:49:04.275 [main] INFO  com.demo.baseutil.Basetest - Clicked on : module is clicked
22:49:04.275 [main] INFO  com.demo.baseutil.Basetest - Validate module is selected is clickable
22:49:06.670 [main] INFO  com.demo.baseutil.Basetest - Clicked on : module is selected
22:49:06.670 [main] INFO  com.demo.baseutil.Basetest - Validate email field is clicked is clickable
22:49:09.025 [main] INFO  com.demo.baseutil.Basetest - Clicked on : email field is clicked
22:49:09.027 [main] INFO  com.demo.baseutil.Basetest - Enter the value into emailid is Entered
22:49:09.398 [main] INFO  com.demo.baseutil.Basetest - 8JGWIut2244@yopmail.com typed into emailid is Entered
22:49:10.407 [main] INFO  com.demo.baseutil.Basetest - Validate sendinvite button is clicked is clickable
22:49:12.724 [main] INFO  com.demo.baseutil.Basetest - Clicked on : sendinvite button is clicked
22:49:14.738 [main] INFO  com.demo.baseutil.Basetest - Validate submit is selected is clickable
22:49:17.146 [main] INFO  com.demo.baseutil.Basetest - Clicked on : submit is selected
22:49:32.326 [main] INFO  com.demo.baseutil.Basetest - Validate Email address input field is clicked is clickable
22:49:34.739 [main] INFO  com.demo.baseutil.Basetest - Clicked on : Email address input field is clicked
22:49:34.739 [main] INFO  com.demo.baseutil.Basetest - Enter the value into email address is entered
22:49:35.028 [main] INFO  com.demo.baseutil.Basetest - 8JGWIut2244@yopmail.com typed into email address is entered
22:49:35.028 [main] INFO  com.demo.baseutil.Basetest - Validate arrow button is clicked is clickable
22:49:44.442 [main] INFO  com.demo.baseutil.Basetest - Clicked on : arrow button is clicked
22:49:47.516 [main] INFO  com.demo.baseutil.Basetest - Validate first email is clicked is clickable
22:49:49.818 [main] INFO  com.demo.baseutil.Basetest - Clicked on : first email is clicked
22:49:51.892 [main] INFO  com.demo.baseutil.Basetest - Validate email address is clicked is clickable
22:49:54.239 [main] INFO  com.demo.baseutil.Basetest - Clicked on : email address is clicked
22:49:56.267 [main] INFO  com.demo.baseutil.Basetest - Validate pass is clicked is clickable
22:49:58.641 [main] INFO  com.demo.baseutil.Basetest - Clicked on : pass is clicked
22:49:58.643 [main] INFO  com.demo.baseutil.Basetest - Enter the value into Password is entered
22:49:58.893 [main] INFO  com.demo.baseutil.Basetest - Admin@1234 typed into Password is entered
22:49:58.893 [main] INFO  com.demo.baseutil.Basetest - Validate confirm password is clicked is clickable
22:50:01.157 [main] INFO  com.demo.baseutil.Basetest - Clicked on : confirm password is clicked
22:50:01.157 [main] INFO  com.demo.baseutil.Basetest - Enter the value into Confirm Password is entered
22:50:01.459 [main] INFO  com.demo.baseutil.Basetest - Admin@1234 typed into Confirm Password is entered
22:50:07.520 [main] INFO  com.demo.baseutil.Basetest - Scroll down
22:50:07.520 [main] INFO  com.demo.baseutil.Basetest - Validate button is clicked is clickable
22:50:09.801 [main] INFO  com.demo.baseutil.Basetest - Clicked on : button is clicked
22:50:11.816 [main] INFO  com.demo.baseutil.Basetest - Validate email address field is clicked is clickable
22:50:14.171 [main] INFO  com.demo.baseutil.Basetest - Clicked on : email address field is clicked
22:50:14.171 [main] INFO  com.demo.baseutil.Basetest - Enter the value into Email Id Entered
22:50:14.432 [main] INFO  com.demo.baseutil.Basetest - 8JGWIut2244@yopmail.com typed into Email Id Entered
22:50:14.432 [main] INFO  com.demo.baseutil.Basetest - Validate Enter the password is clickable
22:50:16.701 [main] INFO  com.demo.baseutil.Basetest - Clicked on : Enter the password
22:50:16.701 [main] INFO  com.demo.baseutil.Basetest - Enter the value into Password Id Entered
22:50:16.929 [main] INFO  com.demo.baseutil.Basetest - Admin@1234 typed into Password Id Entered
22:50:21.007 [main] INFO  com.demo.baseutil.Basetest - Scroll down
22:50:21.008 [main] INFO  com.demo.baseutil.Basetest - Validate Press the signin button is clickable
22:50:23.727 [main] INFO  com.demo.baseutil.Basetest - Clicked on : Press the signin button
22:50:29.739 [main] INFO  com.demo.baseutil.Basetest - Validate Press the continue button is clickable
22:50:32.056 [main] INFO  com.demo.baseutil.Basetest - Clicked on : Press the continue button
22:50:32.086 [main] INFO  com.demo.baseutil.Basetest - Scroll down successful
22:50:36.154 [main] INFO  com.demo.baseutil.Basetest - Scroll down
22:50:41.178 [main] INFO  com.demo.baseutil.Basetest - Scroll down successful
22:50:41.178 [main] INFO  com.demo.baseutil.Basetest - Validate Press the signin button is clickable
22:50:43.505 [main] INFO  com.demo.baseutil.Basetest - Clicked on : Press the signin button
22:50:43.506 [main] INFO  com.demo.baseutil.Basetest - Validate Press the button is clickable
22:50:45.856 [main] INFO  com.demo.baseutil.Basetest - Clicked on : Press the button
22:50:46.057 [main] INFO  com.demo.baseutil.Basetest - Browser is closed sucessfuly
22:50:46.608 [main] INFO  com.demo.baseutil.Basetest - Browser is closed sucessfuly
22:50:57.493 [main] INFO  com.demo.baseutil.Basetest - Validate Sign in with FarmtoPlate account is clickable
22:50:59.930 [main] INFO  com.demo.baseutil.Basetest - Clicked on : Sign in with FarmtoPlate account
22:50:59.969 [main] INFO  com.demo.baseutil.Basetest - Url contains farmtoplateapps.io/login
22:50:59.980 [main] INFO  com.demo.baseutil.Basetest - Sign in title matched
22:50:59.980 [main] INFO  com.demo.baseutil.Basetest - UI verified for Sigin page.
22:50:59.980 [main] INFO  com.demo.baseutil.Basetest - Sign in function call
22:50:59.980 [main] INFO  com.demo.baseutil.Basetest - Validate email address field is clicked is clickable
22:51:02.403 [main] INFO  com.demo.baseutil.Basetest - Clicked on : email address field is clicked
22:51:02.403 [main] INFO  com.demo.baseutil.Basetest - Enter the value into Email Id Entered
22:51:02.703 [main] INFO  com.demo.baseutil.Basetest - 139@yopmail.com typed into Email Id Entered
22:51:02.704 [main] INFO  com.demo.baseutil.Basetest - Validate Enter the password is clickable
22:51:04.985 [main] INFO  com.demo.baseutil.Basetest - Clicked on : Enter the password
22:51:04.985 [main] INFO  com.demo.baseutil.Basetest - Enter the value into Password Id Entered
22:51:05.183 [main] INFO  com.demo.baseutil.Basetest - Admin@1234 typed into Password Id Entered
22:51:09.257 [main] INFO  com.demo.baseutil.Basetest - Scroll down
22:51:09.257 [main] INFO  com.demo.baseutil.Basetest - Validate Press the signin button is clickable
22:51:12.549 [main] INFO  com.demo.baseutil.Basetest - Clicked on : Press the signin button
22:51:14.566 [main] INFO  com.demo.baseutil.Basetest - HomePage title  is matched
22:51:24.587 [main] INFO  com.demo.baseutil.Basetest - Validate click on trace is clickable
22:51:26.921 [main] INFO  com.demo.baseutil.Basetest - Clicked on : click on trace
22:51:32.972 [main] INFO  com.demo.baseutil.Basetest - Validate Asset & Infrastructure Data is clicked is clickable
22:51:35.222 [main] INFO  com.demo.baseutil.Basetest - Clicked on : Asset & Infrastructure Data is clicked
22:51:37.234 [main] INFO  com.demo.baseutil.Basetest - Validate Assets is clicked is clickable
22:51:39.540 [main] INFO  com.demo.baseutil.Basetest - Clicked on : Assets is clicked
22:51:41.552 [main] INFO  com.demo.baseutil.Basetest - Validate Add new is clicked is clickable
22:51:43.816 [main] INFO  com.demo.baseutil.Basetest - Clicked on : Add new is clicked
22:51:45.832 [main] INFO  com.demo.baseutil.Basetest - Validate Asset type is clicked is clickable
22:51:48.076 [main] INFO  com.demo.baseutil.Basetest - Clicked on : Asset type is clicked
22:51:48.076 [main] INFO  com.demo.baseutil.Basetest - Validate vehicle is selected is clickable
22:51:50.420 [main] INFO  com.demo.baseutil.Basetest - Clicked on : vehicle is selected
22:51:50.420 [main] INFO  com.demo.baseutil.Basetest - Validate Click on Vehicle Name is clickable
22:51:52.695 [main] INFO  com.demo.baseutil.Basetest - Clicked on : Click on Vehicle Name
22:51:52.696 [main] INFO  com.demo.baseutil.Basetest - Enter the value into enter the vehicle name
22:51:52.962 [main] INFO  com.demo.baseutil.Basetest - Loading Vehicle typed into enter the vehicle name
22:51:52.962 [main] INFO  com.demo.baseutil.Basetest - Validate Click on Vehicle Number is clickable
22:51:55.186 [main] INFO  com.demo.baseutil.Basetest - Clicked on : Click on Vehicle Number
22:51:55.186 [main] INFO  com.demo.baseutil.Basetest - Enter the value into Enter the vehicle number
22:51:55.357 [main] INFO  com.demo.baseutil.Basetest - LBEVOrpF typed into Enter the vehicle number
22:51:55.357 [main] INFO  com.demo.baseutil.Basetest - Validate Click on Make is clickable
22:51:57.588 [main] INFO  com.demo.baseutil.Basetest - Clicked on : Click on Make
22:51:57.589 [main] INFO  com.demo.baseutil.Basetest - Enter the value into enter the make
22:51:57.908 [main] INFO  com.demo.baseutil.Basetest - Mahindra typed into enter the make
22:51:57.908 [main] INFO  com.demo.baseutil.Basetest - Validate Click on Model is clickable
22:52:00.349 [main] INFO  com.demo.baseutil.Basetest - Clicked on : Click on Model
22:52:00.350 [main] INFO  com.demo.baseutil.Basetest - Enter the value into enter the model
22:52:00.625 [main] INFO  com.demo.baseutil.Basetest - XUV typed into enter the model
22:52:00.625 [main] INFO  com.demo.baseutil.Basetest - Validate Click on Model is clickable
22:52:02.855 [main] INFO  com.demo.baseutil.Basetest - Clicked on : Click on Model
22:52:02.855 [main] INFO  com.demo.baseutil.Basetest - Enter the value into enter the model
22:52:03.148 [main] INFO  com.demo.baseutil.Basetest - XUV typed into enter the model
22:52:03.148 [main] INFO  com.demo.baseutil.Basetest - Validate Click on Vehicle Number is clickable
22:52:05.501 [main] INFO  com.demo.baseutil.Basetest - Clicked on : Click on Vehicle Number
22:52:05.501 [main] INFO  com.demo.baseutil.Basetest - Enter the value into Enter the engine number
22:52:05.789 [main] INFO  com.demo.baseutil.Basetest - oLbrXi9x typed into Enter the engine number
22:52:05.789 [main] INFO  com.demo.baseutil.Basetest - Validate Click on Class-GVWR is clickable
22:52:08.088 [main] INFO  com.demo.baseutil.Basetest - Clicked on : Click on Class-GVWR
22:52:08.089 [main] INFO  com.demo.baseutil.Basetest - Enter the value into enter the classgvwr
22:52:08.328 [main] INFO  com.demo.baseutil.Basetest - Class I typed into enter the classgvwr
22:52:08.328 [main] INFO  com.demo.baseutil.Basetest - Validate Click on Weight Capacity is clickable
22:52:10.610 [main] INFO  com.demo.baseutil.Basetest - Clicked on : Click on Weight Capacity
22:52:10.611 [main] INFO  com.demo.baseutil.Basetest - Enter the value into enter the weight capacity
22:52:10.861 [main] INFO  com.demo.baseutil.Basetest - 100 typed into enter the weight capacity
22:52:10.861 [main] INFO  com.demo.baseutil.Basetest - Validate UoM is clicked is clickable
22:52:13.168 [main] INFO  com.demo.baseutil.Basetest - Clicked on : UoM is clicked
22:52:13.168 [main] INFO  com.demo.baseutil.Basetest - Validate KGS is selected is clickable
22:52:15.439 [main] INFO  com.demo.baseutil.Basetest - Clicked on : KGS is selected
22:52:15.468 [main] INFO  com.demo.baseutil.Basetest - Scroll down successful
22:52:15.468 [main] INFO  com.demo.baseutil.Basetest - Validate Click on Add button is clickable
22:52:17.054 [main] INFO  com.demo.baseutil.Basetest - Browser is closed sucessfuly
22:52:17.497 [main] INFO  com.demo.baseutil.Basetest - Browser is closed sucessfuly
22:52:29.111 [main] INFO  com.demo.baseutil.Basetest - Validate Sign in with FarmtoPlate account is clickable
22:52:31.402 [main] INFO  com.demo.baseutil.Basetest - Clicked on : Sign in with FarmtoPlate account
22:52:31.414 [main] INFO  com.demo.baseutil.Basetest - Url contains farmtoplateapps.io/login
22:52:31.422 [main] INFO  com.demo.baseutil.Basetest - Sign in title matched
22:52:31.423 [main] INFO  com.demo.baseutil.Basetest - UI verified for Sigin page.
22:52:31.423 [main] INFO  com.demo.baseutil.Basetest - Sign in function call
22:52:31.423 [main] INFO  com.demo.baseutil.Basetest - Validate email address field is clicked is clickable
22:52:33.643 [main] INFO  com.demo.baseutil.Basetest - Clicked on : email address field is clicked
22:52:33.643 [main] INFO  com.demo.baseutil.Basetest - Enter the value into Email Id Entered
22:52:33.901 [main] INFO  com.demo.baseutil.Basetest - 139@yopmail.com typed into Email Id Entered
22:52:33.901 [main] INFO  com.demo.baseutil.Basetest - Validate Enter the password is clickable
22:52:36.186 [main] INFO  com.demo.baseutil.Basetest - Clicked on : Enter the password
22:52:36.186 [main] INFO  com.demo.baseutil.Basetest - Enter the value into Password Id Entered
22:52:36.378 [main] INFO  com.demo.baseutil.Basetest - Admin@1234 typed into Password Id Entered
22:52:40.454 [main] INFO  com.demo.baseutil.Basetest - Scroll down
22:52:40.454 [main] INFO  com.demo.baseutil.Basetest - Validate Press the signin button is clickable
22:52:43.068 [main] INFO  com.demo.baseutil.Basetest - Clicked on : Press the signin button
22:52:45.246 [main] INFO  com.demo.baseutil.Basetest - HomePage title  is matched
22:52:55.255 [main] INFO  com.demo.baseutil.Basetest - Validate click on trace is clickable
22:52:57.556 [main] INFO  com.demo.baseutil.Basetest - Clicked on : click on trace
22:53:03.641 [main] INFO  com.demo.baseutil.Basetest - Validate Asset & Infrastructure Data is clicked is clickable
22:53:05.975 [main] INFO  com.demo.baseutil.Basetest - Clicked on : Asset & Infrastructure Data is clicked
22:53:07.982 [main] INFO  com.demo.baseutil.Basetest - Validate Infra is clicked is clickable
22:53:10.319 [main] INFO  com.demo.baseutil.Basetest - Clicked on : Infra is clicked
22:53:12.327 [main] INFO  com.demo.baseutil.Basetest - Validate Add new is clicked is clickable
