19:56:07.974 [main] INFO  com.demo.baseutil.Basetest - 
19:56:07.999 [main] INFO  com.demo.baseutil.Basetest - Running locally JavaMail
19:56:08.193 [main] INFO  com.demo.baseutil.Basetest2 - Folder creation for Extent
19:56:08.207 [main] INFO  com.demo.baseutil.Basetest - ExtentDir:-C:\Users\Deepti Jindal\eclipse-workspace2\com.NFR.Trace performance/reports/Automation Report- 04_24_2024_19_56_08/Report/04_24_2024_19_56_08
19:56:08.377 [main] INFO  com.demo.baseutil.Basetest - Report Initiated
19:56:08.380 [main] INFO  com.demo.baseutil.Basetest - Screenshot folder created
19:56:42.793 [main] INFO  com.demo.baseutil.Basetest - Validate Sign in with FarmtoPlate account is clickable
19:56:45.386 [main] INFO  com.demo.baseutil.Basetest - Clicked on : Sign in with FarmtoPlate account
19:56:45.415 [main] INFO  com.demo.baseutil.Basetest - Url contains farmtoplateapps.io/login
19:56:45.430 [main] INFO  com.demo.baseutil.Basetest - Sign in title matched
19:56:45.431 [main] INFO  com.demo.baseutil.Basetest - UI verified for Sigin page.
19:56:45.431 [main] INFO  com.demo.baseutil.Basetest - Sign in function call
19:56:45.431 [main] INFO  com.demo.baseutil.Basetest - Validate email address field is clicked is clickable
19:56:47.901 [main] INFO  com.demo.baseutil.Basetest - Clicked on : email address field is clicked
19:56:47.902 [main] INFO  com.demo.baseutil.Basetest - Enter the value into Email Id Entered
19:56:48.258 [main] INFO  com.demo.baseutil.Basetest - 300@yopmail.com typed into Email Id Entered
19:56:48.259 [main] INFO  com.demo.baseutil.Basetest - Validate Enter the password is clickable
19:56:50.537 [main] INFO  com.demo.baseutil.Basetest - Clicked on : Enter the password
19:56:50.538 [main] INFO  com.demo.baseutil.Basetest - Enter the value into Password Id Entered
19:56:50.890 [main] INFO  com.demo.baseutil.Basetest - Admin@1234 typed into Password Id Entered
19:56:50.907 [main] INFO  com.demo.baseutil.Basetest - Scroll down
19:56:50.907 [main] INFO  com.demo.baseutil.Basetest - Validate Press the signin button is clickable
19:56:54.045 [main] INFO  com.demo.baseutil.Basetest - Clicked on : Press the signin button
19:56:57.192 [main] INFO  com.demo.baseutil.Basetest - HomePage title  is matched
19:57:07.216 [main] INFO  com.demo.baseutil.Basetest - Validate click on trace is clickable
19:57:09.757 [main] INFO  com.demo.baseutil.Basetest - Clicked on : click on trace
19:57:11.772 [main] INFO  com.demo.baseutil.Basetest - Validate Network Management is clicked is clickable
19:57:14.265 [main] INFO  com.demo.baseutil.Basetest - Clicked on : Network Management is clicked
19:57:19.276 [main] INFO  com.demo.baseutil.Basetest - Validate Add new is clicked is clickable
19:57:21.818 [main] INFO  com.demo.baseutil.Basetest - Clicked on : Add new is clicked
19:57:23.824 [main] INFO  com.demo.baseutil.Basetest - Validate Organisation Name is clicked is clickable
19:57:26.293 [main] INFO  com.demo.baseutil.Basetest - Clicked on : Organisation Name is clicked
19:57:26.293 [main] INFO  com.demo.baseutil.Basetest - Enter the value into Organisation is Entered
19:57:26.687 [main] INFO  com.demo.baseutil.Basetest - mH3eTANw typed into Organisation is Entered
19:57:26.688 [main] INFO  com.demo.baseutil.Basetest - Validate Organisation type is clicked is clickable
19:57:29.213 [main] INFO  com.demo.baseutil.Basetest - Clicked on : Organisation type is clicked
19:57:29.213 [main] INFO  com.demo.baseutil.Basetest - Validate upstream is selected is clickable
19:57:31.696 [main] INFO  com.demo.baseutil.Basetest - Clicked on : upstream is selected
19:57:31.696 [main] INFO  com.demo.baseutil.Basetest - Validate Organisation role is clicked is clickable
19:57:34.176 [main] INFO  com.demo.baseutil.Basetest - Clicked on : Organisation role is clicked
19:57:34.176 [main] INFO  com.demo.baseutil.Basetest - Validate Organisation role is selected is clickable
19:57:36.516 [main] INFO  com.demo.baseutil.Basetest - Clicked on : Organisation role is selected
19:57:36.517 [main] INFO  com.demo.baseutil.Basetest - Validate module is clicked is clickable
19:57:39.011 [main] INFO  com.demo.baseutil.Basetest - Clicked on : module is clicked
19:57:39.011 [main] INFO  com.demo.baseutil.Basetest - Validate module is selected is clickable
19:57:41.539 [main] INFO  com.demo.baseutil.Basetest - Clicked on : module is selected
19:57:41.539 [main] INFO  com.demo.baseutil.Basetest - Validate email field is clicked is clickable
19:57:44.010 [main] INFO  com.demo.baseutil.Basetest - Clicked on : email field is clicked
19:57:44.010 [main] INFO  com.demo.baseutil.Basetest - Enter the value into emailid is Entered
19:57:44.509 [main] INFO  com.demo.baseutil.Basetest - 2hVTaonK299@yopmail.com typed into emailid is Entered
19:57:45.523 [main] INFO  com.demo.baseutil.Basetest - Validate sendinvite button is clicked is clickable
19:57:48.005 [main] INFO  com.demo.baseutil.Basetest - Clicked on : sendinvite button is clicked
19:57:50.009 [main] INFO  com.demo.baseutil.Basetest - Validate submit is selected is clickable
19:57:52.500 [main] INFO  com.demo.baseutil.Basetest - Clicked on : submit is selected
19:58:07.696 [main] INFO  com.demo.baseutil.Basetest - Validate Email address input field is clicked is clickable
19:58:12.146 [main] INFO  com.demo.baseutil.Basetest - Clicked on : Email address input field is clicked
19:58:12.146 [main] INFO  com.demo.baseutil.Basetest - Enter the value into email address is entered
19:58:12.592 [main] INFO  com.demo.baseutil.Basetest - 2hVTaonK299@yopmail.com typed into email address is entered
19:58:12.592 [main] INFO  com.demo.baseutil.Basetest - Validate arrow button is clicked is clickable
19:58:17.815 [main] INFO  com.demo.baseutil.Basetest - Clicked on : arrow button is clicked
19:58:20.922 [main] INFO  com.demo.baseutil.Basetest - Validate first email is clicked is clickable
19:58:23.466 [main] INFO  com.demo.baseutil.Basetest - Clicked on : first email is clicked
19:58:25.560 [main] INFO  com.demo.baseutil.Basetest - Validate email address is clicked is clickable
19:58:28.179 [main] INFO  com.demo.baseutil.Basetest - Clicked on : email address is clicked
19:58:30.220 [main] INFO  com.demo.baseutil.Basetest - Validate pass is clicked is clickable
19:58:33.663 [main] INFO  com.demo.baseutil.Basetest - Clicked on : pass is clicked
19:58:33.663 [main] INFO  com.demo.baseutil.Basetest - Enter the value into Password is entered
19:58:34.098 [main] INFO  com.demo.baseutil.Basetest - Admin@1234 typed into Password is entered
19:58:34.098 [main] INFO  com.demo.baseutil.Basetest - Validate confirm password is clicked is clickable
19:58:36.715 [main] INFO  com.demo.baseutil.Basetest - Clicked on : confirm password is clicked
19:58:36.716 [main] INFO  com.demo.baseutil.Basetest - Enter the value into Confirm Password is entered
19:58:37.167 [main] INFO  com.demo.baseutil.Basetest - Admin@1234 typed into Confirm Password is entered
19:58:39.204 [main] INFO  com.demo.baseutil.Basetest - Scroll down
19:58:39.204 [main] INFO  com.demo.baseutil.Basetest - Validate button is clicked is clickable
19:58:41.716 [main] INFO  com.demo.baseutil.Basetest - Clicked on : button is clicked
19:58:43.720 [main] INFO  com.demo.baseutil.Basetest - Validate email address field is clicked is clickable
19:58:47.761 [main] INFO  com.demo.baseutil.Basetest - Clicked on : email address field is clicked
19:58:47.762 [main] INFO  com.demo.baseutil.Basetest - Enter the value into Email Id Entered
19:58:48.247 [main] INFO  com.demo.baseutil.Basetest - 2hVTaonK299@yopmail.com typed into Email Id Entered
19:58:48.247 [main] INFO  com.demo.baseutil.Basetest - Validate Enter the password is clickable
19:58:50.694 [main] INFO  com.demo.baseutil.Basetest - Clicked on : Enter the password
19:58:50.694 [main] INFO  com.demo.baseutil.Basetest - Enter the value into Password Id Entered
19:58:51.080 [main] INFO  com.demo.baseutil.Basetest - Admin@1234 typed into Password Id Entered
19:58:51.103 [main] INFO  com.demo.baseutil.Basetest - Scroll down
19:58:51.103 [main] INFO  com.demo.baseutil.Basetest - Validate Press the signin button is clickable
19:58:54.180 [main] INFO  com.demo.baseutil.Basetest - Clicked on : Press the signin button
19:59:00.197 [main] INFO  com.demo.baseutil.Basetest - Validate Press the signin button is clickable
19:59:41.687 [main] ERROR com.demo.baseutil.Basetest - Press the signin button is not clickable
19:59:41.714 [main] ERROR com.demo.baseutil.Basetest - Unable to click on Press the signin button
