15:30:24.079 [main] INFO  com.demo.baseutil.Basetest - 
15:30:24.086 [main] INFO  com.demo.baseutil.Basetest - Running locally JavaMail
15:30:24.227 [main] INFO  com.demo.baseutil.Basetest2 - Folder creation for Extent
15:30:24.239 [main] INFO  com.demo.baseutil.Basetest - ExtentDir:-C:\Users\Deepti Jindal\eclipse-workspace2\com.NFR.Trace QA latest/reports/Automation Report- 09_18_2024_15_30_24/Report/09_18_2024_15_30_24
15:30:24.593 [main] INFO  com.demo.baseutil.Basetest - Report Initiated
15:30:24.611 [main] INFO  com.demo.baseutil.Basetest - Screenshot folder created
15:30:41.075 [main] INFO  com.demo.baseutil.Basetest - Validate Sign in with FarmtoPlate account is clickable
15:30:43.684 [main] INFO  com.demo.baseutil.Basetest - Clicked on : Sign in with FarmtoPlate account
15:30:43.735 [main] INFO  com.demo.baseutil.Basetest - Url contains farmtoplateapps.io/login
15:30:43.770 [main] INFO  com.demo.baseutil.Basetest - Sign in title matched
15:30:43.771 [main] INFO  com.demo.baseutil.Basetest - UI verified for Sigin page.
15:30:43.771 [main] INFO  com.demo.baseutil.Basetest - Sign in function call
15:30:43.771 [main] INFO  com.demo.baseutil.Basetest - Validate email address field is clicked is clickable
15:30:46.993 [main] INFO  com.demo.baseutil.Basetest - Clicked on : email address field is clicked
15:30:46.994 [main] INFO  com.demo.baseutil.Basetest - Enter the value into Email Id Entered
15:30:47.481 [main] INFO  com.demo.baseutil.Basetest - farmtoplatef2p@paramountsoft.net typed into Email Id Entered
15:30:47.482 [main] INFO  com.demo.baseutil.Basetest - Validate Enter the password is clickable
15:30:49.861 [main] INFO  com.demo.baseutil.Basetest - Clicked on : Enter the password
15:30:49.862 [main] INFO  com.demo.baseutil.Basetest - Enter the value into Password Id Entered
15:30:50.145 [main] INFO  com.demo.baseutil.Basetest - Admin1234 typed into Password Id Entered
15:30:59.240 [main] INFO  com.demo.baseutil.Basetest - Scroll down
15:31:00.247 [main] INFO  com.demo.baseutil.Basetest - Validate Press the signin button is clickable
15:31:04.326 [main] INFO  com.demo.baseutil.Basetest - Clicked on : Press the signin button
15:31:12.340 [main] INFO  com.demo.baseutil.Basetest - HomePage title  is matched
15:31:25.348 [main] INFO  com.demo.baseutil.Basetest - Validate Network Management is clicked is clickable
15:31:27.866 [main] INFO  com.demo.baseutil.Basetest - Clicked on : Network Management is clicked
15:31:31.874 [main] INFO  com.demo.baseutil.Basetest - Validate Add new is clicked is clickable
15:31:34.279 [main] INFO  com.demo.baseutil.Basetest - Clicked on : Add new is clicked
15:31:36.291 [main] INFO  com.demo.baseutil.Basetest - Validate Organisation Name is clicked is clickable
15:31:38.761 [main] INFO  com.demo.baseutil.Basetest - Clicked on : Organisation Name is clicked
15:31:38.763 [main] INFO  com.demo.baseutil.Basetest - Enter the value into Organisation is Entered
15:31:39.245 [main] INFO  com.demo.baseutil.Basetest - iKcPEjVs typed into Organisation is Entered
15:31:39.246 [main] INFO  com.demo.baseutil.Basetest - Validate Organisation type is clicked is clickable
15:31:41.715 [main] INFO  com.demo.baseutil.Basetest - Clicked on : Organisation type is clicked
15:31:41.715 [main] INFO  com.demo.baseutil.Basetest - Validate upstream is selected is clickable
15:31:44.344 [main] INFO  com.demo.baseutil.Basetest - Clicked on : upstream is selected
15:31:44.346 [main] INFO  com.demo.baseutil.Basetest - Validate Organisation role is clicked is clickable
15:31:46.814 [main] INFO  com.demo.baseutil.Basetest - Clicked on : Organisation role is clicked
15:31:46.815 [main] INFO  com.demo.baseutil.Basetest - Validate Organisation role is selected is clickable
15:31:49.500 [main] INFO  com.demo.baseutil.Basetest - Clicked on : Organisation role is selected
15:31:49.500 [main] INFO  com.demo.baseutil.Basetest - Validate module is clicked is clickable
15:31:51.963 [main] INFO  com.demo.baseutil.Basetest - Clicked on : module is clicked
15:31:51.964 [main] INFO  com.demo.baseutil.Basetest - Validate module is selected is clickable
15:31:54.589 [main] INFO  com.demo.baseutil.Basetest - Clicked on : module is selected
15:31:54.591 [main] INFO  com.demo.baseutil.Basetest - Validate email field is clicked is clickable
15:31:56.962 [main] INFO  com.demo.baseutil.Basetest - Clicked on : email field is clicked
15:31:56.963 [main] INFO  com.demo.baseutil.Basetest - Enter the value into emailid is Entered
15:31:57.713 [main] INFO  com.demo.baseutil.Basetest - 78201avcyghg@yopmail.com typed into emailid is Entered
15:32:03.779 [main] INFO  com.demo.baseutil.Basetest - Scroll down
15:32:10.799 [main] INFO  com.demo.baseutil.Basetest - Validate Database Type is clicked is clickable
15:32:13.279 [main] INFO  com.demo.baseutil.Basetest - Clicked on : Database Type is clicked
15:32:13.280 [main] INFO  com.demo.baseutil.Basetest - Validate Db is selected is clickable
15:32:15.779 [main] INFO  com.demo.baseutil.Basetest - Clicked on : Db is selected
15:32:17.814 [main] INFO  com.demo.baseutil.Basetest - Scroll down successful
15:32:18.824 [main] INFO  com.demo.baseutil.Basetest - Validate Db is selected is clickable
15:32:21.446 [main] INFO  com.demo.baseutil.Basetest - Clicked on : Db is selected
15:32:23.461 [main] INFO  com.demo.baseutil.Basetest - Validate ordermgmt is selected is clickable
15:32:25.940 [main] INFO  com.demo.baseutil.Basetest - Clicked on : ordermgmt is selected
15:32:25.943 [main] INFO  com.demo.baseutil.Basetest - Validate Soil Dashboard is selected is clickable
15:32:28.357 [main] INFO  com.demo.baseutil.Basetest - Clicked on : Soil Dashboard is selected
15:32:28.357 [main] INFO  com.demo.baseutil.Basetest - Validate Submit Button is clicked is clickable
15:32:30.844 [main] INFO  com.demo.baseutil.Basetest - Clicked on : Submit Button is clicked
15:32:33.083 [main] INFO  com.demo.baseutil.Basetest - Validate Email address input field is clicked is clickable
15:32:36.992 [main] INFO  com.demo.baseutil.Basetest - Clicked on : Email address input field is clicked
15:32:36.993 [main] INFO  com.demo.baseutil.Basetest - Enter the value into email address is entered
15:32:37.417 [main] INFO  com.demo.baseutil.Basetest - 78201avcyghg@yopmail.com typed into email address is entered
15:32:37.417 [main] INFO  com.demo.baseutil.Basetest - Validate arrow button is clicked is clickable
15:32:40.058 [main] INFO  com.demo.baseutil.Basetest - Clicked on : arrow button is clicked
15:32:47.179 [main] INFO  com.demo.baseutil.Basetest - Validate first email is clicked is clickable
15:33:28.460 [main] ERROR com.demo.baseutil.Basetest - first email is clicked is not clickable
15:33:28.474 [main] ERROR com.demo.baseutil.Basetest - Unable to click on first email is clicked
