12:38:33.477 [main] INFO  com.demo.baseutil.Basetest - 
12:38:33.482 [main] INFO  com.demo.baseutil.Basetest - Running locally JavaMail
12:38:33.594 [main] INFO  com.demo.baseutil.Basetest2 - Folder creation for Extent
12:38:33.607 [main] INFO  com.demo.baseutil.Basetest - ExtentDir:-C:\Users\Deepti Jindal\eclipse-workspace2\com.NFR.Trace QA latest/reports/Automation Report- 10_08_2024_12_38_33/Report/10_08_2024_12_38_33
12:38:33.728 [main] INFO  com.demo.baseutil.Basetest - Report Initiated
12:38:33.729 [main] INFO  com.demo.baseutil.Basetest - Screenshot folder created
12:38:51.013 [main] INFO  com.demo.baseutil.Basetest - Validate Sign in with FarmtoPlate account is clickable
12:38:53.590 [main] INFO  com.demo.baseutil.Basetest - Clicked on : Sign in with FarmtoPlate account
12:38:53.610 [main] INFO  com.demo.baseutil.Basetest - Url contains farmtoplateapps.io/login
12:38:53.615 [main] INFO  com.demo.baseutil.Basetest - Sign in title matched
12:38:53.616 [main] INFO  com.demo.baseutil.Basetest - UI verified for Sigin page.
12:38:53.616 [main] INFO  com.demo.baseutil.Basetest - Sign in function call
12:38:53.616 [main] INFO  com.demo.baseutil.Basetest - Validate email address field is clicked is clickable
12:38:56.478 [main] INFO  com.demo.baseutil.Basetest - Clicked on : email address field is clicked
12:38:56.478 [main] INFO  com.demo.baseutil.Basetest - Enter the value into Email Id Entered
12:38:56.798 [main] INFO  com.demo.baseutil.Basetest - farmtoplatef2p@paramountsoft.net typed into Email Id Entered
12:38:56.799 [main] INFO  com.demo.baseutil.Basetest - Validate Enter the password is clickable
12:38:59.333 [main] INFO  com.demo.baseutil.Basetest - Clicked on : Enter the password
12:38:59.333 [main] INFO  com.demo.baseutil.Basetest - Enter the value into Password Id Entered
12:39:02.597 [main] INFO  com.demo.baseutil.Basetest - Admin1234 typed into Password Id Entered
12:39:11.688 [main] INFO  com.demo.baseutil.Basetest - Scroll down
12:39:12.699 [main] INFO  com.demo.baseutil.Basetest - Validate Press the signin button is clickable
12:39:16.829 [main] INFO  com.demo.baseutil.Basetest - Clicked on : Press the signin button
12:39:24.842 [main] INFO  com.demo.baseutil.Basetest - HomePage title  is matched
12:39:37.878 [main] INFO  com.demo.baseutil.Basetest - Validate Network Management is clicked is clickable
12:39:40.295 [main] INFO  com.demo.baseutil.Basetest - Clicked on : Network Management is clicked
12:39:44.303 [main] INFO  com.demo.baseutil.Basetest - Validate Add new is clicked is clickable
12:39:46.769 [main] INFO  com.demo.baseutil.Basetest - Clicked on : Add new is clicked
12:39:48.779 [main] INFO  com.demo.baseutil.Basetest - Validate Organisation Name is clicked is clickable
12:39:51.232 [main] INFO  com.demo.baseutil.Basetest - Clicked on : Organisation Name is clicked
12:39:51.232 [main] INFO  com.demo.baseutil.Basetest - Enter the value into Organisation is Entered
12:39:51.576 [main] INFO  com.demo.baseutil.Basetest - SjrsVSYa typed into Organisation is Entered
12:39:51.576 [main] INFO  com.demo.baseutil.Basetest - Validate Organisation type is clicked is clickable
12:39:53.922 [main] INFO  com.demo.baseutil.Basetest - Clicked on : Organisation type is clicked
12:39:53.922 [main] INFO  com.demo.baseutil.Basetest - Validate upstream is selected is clickable
12:39:56.339 [main] INFO  com.demo.baseutil.Basetest - Clicked on : upstream is selected
12:39:56.340 [main] INFO  com.demo.baseutil.Basetest - Validate Organisation role is clicked is clickable
12:39:58.688 [main] INFO  com.demo.baseutil.Basetest - Clicked on : Organisation role is clicked
12:39:58.689 [main] INFO  com.demo.baseutil.Basetest - Validate Organisation role is selected is clickable
12:40:01.059 [main] INFO  com.demo.baseutil.Basetest - Clicked on : Organisation role is selected
12:40:01.059 [main] INFO  com.demo.baseutil.Basetest - Validate module is clicked is clickable
12:40:03.397 [main] INFO  com.demo.baseutil.Basetest - Clicked on : module is clicked
12:40:03.397 [main] INFO  com.demo.baseutil.Basetest - Validate module is selected is clickable
12:40:05.795 [main] INFO  com.demo.baseutil.Basetest - Clicked on : module is selected
12:40:05.795 [main] INFO  com.demo.baseutil.Basetest - Validate email field is clicked is clickable
12:40:08.133 [main] INFO  com.demo.baseutil.Basetest - Clicked on : email field is clicked
12:40:08.134 [main] INFO  com.demo.baseutil.Basetest - Enter the value into emailid is Entered
12:40:08.573 [main] INFO  com.demo.baseutil.Basetest - 37701avcyghg@yopmail.com typed into emailid is Entered
12:40:14.672 [main] INFO  com.demo.baseutil.Basetest - Scroll down
12:40:21.683 [main] INFO  com.demo.baseutil.Basetest - Validate Database Type is clicked is clickable
12:40:24.040 [main] INFO  com.demo.baseutil.Basetest - Clicked on : Database Type is clicked
12:40:24.041 [main] INFO  com.demo.baseutil.Basetest - Validate Db is selected is clickable
12:40:26.435 [main] INFO  com.demo.baseutil.Basetest - Clicked on : Db is selected
12:40:28.467 [main] INFO  com.demo.baseutil.Basetest - Scroll down successful
12:40:29.483 [main] INFO  com.demo.baseutil.Basetest - Validate Db is selected is clickable
12:40:31.900 [main] INFO  com.demo.baseutil.Basetest - Clicked on : Db is selected
12:40:33.902 [main] INFO  com.demo.baseutil.Basetest - Validate ordermgmt is selected is clickable
12:40:36.270 [main] INFO  com.demo.baseutil.Basetest - Clicked on : ordermgmt is selected
12:40:36.270 [main] INFO  com.demo.baseutil.Basetest - Validate Soil Dashboard is selected is clickable
12:40:38.654 [main] INFO  com.demo.baseutil.Basetest - Clicked on : Soil Dashboard is selected
12:40:38.654 [main] INFO  com.demo.baseutil.Basetest - Validate Submit Button is clicked is clickable
12:40:41.037 [main] INFO  com.demo.baseutil.Basetest - Clicked on : Submit Button is clicked
12:40:43.344 [main] INFO  com.demo.baseutil.Basetest - Validate Email address input field is clicked is clickable
12:40:47.099 [main] INFO  com.demo.baseutil.Basetest - Clicked on : Email address input field is clicked
12:40:47.099 [main] INFO  com.demo.baseutil.Basetest - Enter the value into email address is entered
12:40:47.486 [main] INFO  com.demo.baseutil.Basetest - 37701avcyghg@yopmail.com typed into email address is entered
12:40:47.487 [main] INFO  com.demo.baseutil.Basetest - Validate arrow button is clicked is clickable
12:40:51.035 [main] INFO  com.demo.baseutil.Basetest - Clicked on : arrow button is clicked
12:41:01.298 [main] INFO  com.demo.baseutil.Basetest - Validate first email is clicked is clickable
12:41:03.801 [main] INFO  com.demo.baseutil.Basetest - Clicked on : first email is clicked
12:41:05.878 [main] INFO  com.demo.baseutil.Basetest - Validate email address is clicked is clickable
12:41:08.371 [main] INFO  com.demo.baseutil.Basetest - Clicked on : email address is clicked
12:41:10.401 [main] INFO  com.demo.baseutil.Basetest - Validate pass is clicked is clickable
12:41:12.746 [main] INFO  com.demo.baseutil.Basetest - Clicked on : pass is clicked
12:41:12.746 [main] INFO  com.demo.baseutil.Basetest - Enter the value into Password is entered
12:41:13.121 [main] INFO  com.demo.baseutil.Basetest - Admin@1234 typed into Password is entered
12:41:13.121 [main] INFO  com.demo.baseutil.Basetest - Validate confirm password is clicked is clickable
12:41:15.532 [main] INFO  com.demo.baseutil.Basetest - Clicked on : confirm password is clicked
12:41:15.532 [main] INFO  com.demo.baseutil.Basetest - Enter the value into Confirm Password is entered
12:41:15.869 [main] INFO  com.demo.baseutil.Basetest - Admin@1234 typed into Confirm Password is entered
12:41:21.955 [main] INFO  com.demo.baseutil.Basetest - Scroll down
12:41:21.955 [main] INFO  com.demo.baseutil.Basetest - Validate button is clicked is clickable
12:41:24.280 [main] INFO  com.demo.baseutil.Basetest - Clicked on : button is clicked
12:41:26.297 [main] INFO  com.demo.baseutil.Basetest - Validate email address field is clicked is clickable
12:41:28.895 [main] INFO  com.demo.baseutil.Basetest - Clicked on : email address field is clicked
12:41:28.895 [main] INFO  com.demo.baseutil.Basetest - Enter the value into Email Id Entered
12:41:29.337 [main] INFO  com.demo.baseutil.Basetest - 37701avcyghg@yopmail.com typed into Email Id Entered
12:41:29.337 [main] INFO  com.demo.baseutil.Basetest - Validate Enter the password is clickable
12:41:31.788 [main] INFO  com.demo.baseutil.Basetest - Clicked on : Enter the password
12:41:31.788 [main] INFO  com.demo.baseutil.Basetest - Enter the value into Password Id Entered
12:41:32.156 [main] INFO  com.demo.baseutil.Basetest - Admin@1234 typed into Password Id Entered
12:41:36.232 [main] INFO  com.demo.baseutil.Basetest - Scroll down
12:41:36.232 [main] INFO  com.demo.baseutil.Basetest - Validate Press the signin button is clickable
12:41:39.201 [main] INFO  com.demo.baseutil.Basetest - Clicked on : Press the signin button
12:41:42.227 [main] INFO  com.demo.baseutil.Basetest - Scroll down successful
12:41:43.250 [main] INFO  com.demo.baseutil.Basetest - Validate Press the button is clickable
12:41:45.796 [main] INFO  com.demo.baseutil.Basetest - Clicked on : Press the button
12:41:45.811 [main] INFO  com.demo.baseutil.Basetest - Scroll down successful
12:41:45.811 [main] INFO  com.demo.baseutil.Basetest - Validate Press the signin button is clickable
12:41:48.185 [main] INFO  com.demo.baseutil.Basetest - Clicked on : Press the signin button
12:41:50.200 [main] INFO  com.demo.baseutil.Basetest - Validate Press the button is clickable
12:41:52.573 [main] INFO  com.demo.baseutil.Basetest - Clicked on : Press the button
12:41:55.582 [main] INFO  com.demo.baseutil.Basetest - Validate Click on First is clickable
12:41:57.995 [main] INFO  com.demo.baseutil.Basetest - Clicked on : Click on First
12:41:57.995 [main] INFO  com.demo.baseutil.Basetest - Enter the value into enter the  First
12:41:58.303 [main] INFO  com.demo.baseutil.Basetest - First typed into enter the  First
12:41:58.303 [main] INFO  com.demo.baseutil.Basetest - Validate Click on last is clickable
12:42:00.700 [main] INFO  com.demo.baseutil.Basetest - Clicked on : Click on last
12:42:00.700 [main] INFO  com.demo.baseutil.Basetest - Enter the value into enter the  Last
12:42:00.971 [main] INFO  com.demo.baseutil.Basetest - Last typed into enter the  Last
12:42:00.971 [main] INFO  com.demo.baseutil.Basetest - Validate Click on dest is clickable
12:42:03.376 [main] INFO  com.demo.baseutil.Basetest - Clicked on : Click on dest
12:42:03.376 [main] INFO  com.demo.baseutil.Basetest - Enter the value into enter the  dest
12:42:03.709 [main] INFO  com.demo.baseutil.Basetest - dest typed into enter the  dest
12:42:03.709 [main] INFO  com.demo.baseutil.Basetest - Validate Click on Submit is clickable
12:42:06.150 [main] INFO  com.demo.baseutil.Basetest - Clicked on : Click on Submit
12:42:06.151 [main] INFO  com.demo.baseutil.Basetest - Validate Click on address is clickable
12:42:11.293 [main] INFO  com.demo.baseutil.Basetest - Clicked on : Click on address
12:42:11.293 [main] INFO  com.demo.baseutil.Basetest - Enter the value into enter the  address
12:42:11.726 [main] INFO  com.demo.baseutil.Basetest - 123 William Street, New York, NY, USA typed into enter the  address
12:42:13.728 [main] INFO  com.demo.baseutil.Basetest - Validate comapny name is clicked is clickable
12:42:16.111 [main] INFO  com.demo.baseutil.Basetest - Clicked on : comapny name is clicked
12:42:16.111 [main] INFO  com.demo.baseutil.Basetest - Validate Click on state is clickable
12:42:18.511 [main] INFO  com.demo.baseutil.Basetest - Clicked on : Click on state
12:42:18.511 [main] INFO  com.demo.baseutil.Basetest - Enter the value into Enetered the state
12:42:18.793 [main] INFO  com.demo.baseutil.Basetest - NY typed into Enetered the state
12:42:18.793 [main] INFO  com.demo.baseutil.Basetest - Validate Click on zip is clickable
12:42:21.147 [main] INFO  com.demo.baseutil.Basetest - Clicked on : Click on zip
12:42:21.147 [main] INFO  com.demo.baseutil.Basetest - Enter the value into Enetred the Zip
12:42:21.476 [main] INFO  com.demo.baseutil.Basetest - 10038-3804 typed into Enetred the Zip
12:42:21.476 [main] INFO  com.demo.baseutil.Basetest - Validate Click on city is clickable
12:42:23.894 [main] INFO  com.demo.baseutil.Basetest - Clicked on : Click on city
12:42:23.894 [main] INFO  com.demo.baseutil.Basetest - Enter the value into Enetered the city
12:42:24.225 [main] INFO  com.demo.baseutil.Basetest - New York typed into Enetered the city
12:42:24.225 [main] INFO  com.demo.baseutil.Basetest - Validate Click on country is clickable
12:42:26.627 [main] INFO  com.demo.baseutil.Basetest - Clicked on : Click on country
12:42:26.627 [main] INFO  com.demo.baseutil.Basetest - Enter the value into Enetered the country
12:42:27.006 [main] INFO  com.demo.baseutil.Basetest - United States typed into Enetered the country
12:42:27.006 [main] INFO  com.demo.baseutil.Basetest - Scroll till the scrolled to bankname
12:42:27.077 [main] INFO  com.demo.baseutil.Basetest - Scroll till the scrolled to bankname completed
12:42:27.085 [main] INFO  com.demo.baseutil.Basetest - Validate msmenumber is clicked is clickable
12:42:29.494 [main] INFO  com.demo.baseutil.Basetest - Clicked on : msmenumber is clicked
12:42:29.494 [main] INFO  com.demo.baseutil.Basetest - Enter the value into Enetered the msmnumber
12:42:29.804 [main] INFO  com.demo.baseutil.Basetest - 192983758890 typed into Enetered the msmnumber
12:42:29.804 [main] INFO  com.demo.baseutil.Basetest - Validate bankname is clicked is clickable
12:42:32.163 [main] INFO  com.demo.baseutil.Basetest - Clicked on : bankname is clicked
12:42:32.163 [main] INFO  com.demo.baseutil.Basetest - Enter the value into Enetered the bankname
12:42:32.440 [main] INFO  com.demo.baseutil.Basetest - Goldmann typed into Enetered the bankname
12:42:32.440 [main] INFO  com.demo.baseutil.Basetest - Validate accountname is clicked is clickable
12:42:34.815 [main] INFO  com.demo.baseutil.Basetest - Clicked on : accountname is clicked
12:42:34.816 [main] INFO  com.demo.baseutil.Basetest - Enter the value into Enetered the accountname
12:42:35.156 [main] INFO  com.demo.baseutil.Basetest - Gold digger typed into Enetered the accountname
12:42:35.157 [main] INFO  com.demo.baseutil.Basetest - Validate accountnumber is clicked is clickable
12:42:37.514 [main] INFO  com.demo.baseutil.Basetest - Clicked on : accountnumber is clicked
12:42:37.515 [main] INFO  com.demo.baseutil.Basetest - Enter the value into Enetered the accountnumber
12:42:37.901 [main] INFO  com.demo.baseutil.Basetest - 10000234500123 typed into Enetered the accountnumber
12:42:37.901 [main] INFO  com.demo.baseutil.Basetest - Validate ifscdrop is clicked is clickable
12:42:40.327 [main] INFO  com.demo.baseutil.Basetest - Clicked on : ifscdrop is clicked
12:42:40.327 [main] INFO  com.demo.baseutil.Basetest - Validate ifscdrop is clicked is clickable
12:42:46.221 [main] INFO  com.demo.baseutil.Basetest - Clicked on : ifscdrop is clicked
12:42:46.221 [main] INFO  com.demo.baseutil.Basetest - Validate ifsccode is clicked is clickable
12:42:48.565 [main] INFO  com.demo.baseutil.Basetest - Clicked on : ifsccode is clicked
12:42:48.565 [main] INFO  com.demo.baseutil.Basetest - Enter the value into Enetered the ifsccode
12:42:48.900 [main] INFO  com.demo.baseutil.Basetest - 1234IFSC908 typed into Enetered the ifsccode
12:42:55.008 [main] INFO  com.demo.baseutil.Basetest - Scroll down
12:42:57.015 [main] INFO  com.demo.baseutil.Basetest - Validate Click on Submit is clickable
12:42:59.386 [main] INFO  com.demo.baseutil.Basetest - Clicked on : Click on Submit
12:43:00.718 [main] INFO  com.demo.baseutil.Basetest - Browser is closed sucessfuly
12:43:01.315 [main] INFO  com.demo.baseutil.Basetest - Browser is closed sucessfuly
12:43:15.592 [main] INFO  com.demo.baseutil.Basetest - Validate Sign in with FarmtoPlate account is clickable
12:43:17.891 [main] INFO  com.demo.baseutil.Basetest - Clicked on : Sign in with FarmtoPlate account
12:43:17.898 [main] INFO  com.demo.baseutil.Basetest - Url contains farmtoplateapps.io/login
12:43:17.902 [main] INFO  com.demo.baseutil.Basetest - Sign in title matched
12:43:17.902 [main] INFO  com.demo.baseutil.Basetest - UI verified for Sigin page.
12:43:17.902 [main] INFO  com.demo.baseutil.Basetest - Sign in function call
12:43:17.902 [main] INFO  com.demo.baseutil.Basetest - Validate email address field is clicked is clickable
12:43:20.174 [main] INFO  com.demo.baseutil.Basetest - Clicked on : email address field is clicked
12:43:20.175 [main] INFO  com.demo.baseutil.Basetest - Enter the value into Email Id Entered
12:43:20.453 [main] INFO  com.demo.baseutil.Basetest - 139@yopmail.com typed into Email Id Entered
12:43:20.454 [main] INFO  com.demo.baseutil.Basetest - Validate Enter the password is clickable
12:43:22.772 [main] INFO  com.demo.baseutil.Basetest - Clicked on : Enter the password
12:43:22.772 [main] INFO  com.demo.baseutil.Basetest - Enter the value into Password Id Entered
12:43:23.041 [main] INFO  com.demo.baseutil.Basetest - Admin@1234 typed into Password Id Entered
12:43:27.117 [main] INFO  com.demo.baseutil.Basetest - Scroll down
12:43:27.117 [main] INFO  com.demo.baseutil.Basetest - Validate Press the signin button is clickable
12:43:30.101 [main] INFO  com.demo.baseutil.Basetest - Clicked on : Press the signin button
12:43:32.773 [main] INFO  com.demo.baseutil.Basetest - HomePage title  is matched
12:43:42.789 [main] INFO  com.demo.baseutil.Basetest - Validate click on trace is clickable
12:43:45.247 [main] INFO  com.demo.baseutil.Basetest - Clicked on : click on trace
12:43:47.260 [main] INFO  com.demo.baseutil.Basetest - Validate click on dashboard is clickable
12:43:49.923 [main] INFO  com.demo.baseutil.Basetest - Clicked on : click on dashboard
12:43:51.937 [main] INFO  com.demo.baseutil.Basetest - Validate click on organisation network is clickable
12:43:54.372 [main] INFO  com.demo.baseutil.Basetest - Clicked on : click on organisation network
12:43:59.431 [main] INFO  com.demo.baseutil.Basetest - Sign in title matched
12:43:59.431 [main] INFO  com.demo.baseutil.Basetest - UI verified for Organisation network page.
12:44:01.480 [main] INFO  com.demo.baseutil.Basetest - Validate click on product register is clickable
12:44:03.951 [main] INFO  com.demo.baseutil.Basetest - Clicked on : click on product register
12:44:11.015 [main] INFO  com.demo.baseutil.Basetest - Sign in title matched
12:44:11.015 [main] INFO  com.demo.baseutil.Basetest - UI verified for Product page.
12:44:12.055 [main] INFO  com.demo.baseutil.Basetest - Validate click on lots is clickable
12:44:14.487 [main] INFO  com.demo.baseutil.Basetest - Clicked on : click on lots
12:44:20.576 [main] INFO  com.demo.baseutil.Basetest - Sign in title matched
12:44:20.576 [main] INFO  com.demo.baseutil.Basetest - UI verified for Lots page.
12:44:23.084 [main] INFO  com.demo.baseutil.Basetest - Browser is closed sucessfuly
12:44:23.524 [main] INFO  com.demo.baseutil.Basetest - Browser is closed sucessfuly
12:44:32.375 [main] INFO  com.demo.baseutil.Basetest - Validate Sign in with FarmtoPlate account is clickable
12:44:34.736 [main] INFO  com.demo.baseutil.Basetest - Clicked on : Sign in with FarmtoPlate account
12:44:34.747 [main] INFO  com.demo.baseutil.Basetest - Url contains farmtoplateapps.io/login
12:44:34.758 [main] INFO  com.demo.baseutil.Basetest - Sign in title matched
12:44:34.758 [main] INFO  com.demo.baseutil.Basetest - UI verified for Sigin page.
12:44:34.758 [main] INFO  com.demo.baseutil.Basetest - Sign in function call
12:44:34.758 [main] INFO  com.demo.baseutil.Basetest - Validate email address field is clicked is clickable
12:44:37.009 [main] INFO  com.demo.baseutil.Basetest - Clicked on : email address field is clicked
12:44:37.010 [main] INFO  com.demo.baseutil.Basetest - Enter the value into Email Id Entered
12:44:37.344 [main] INFO  com.demo.baseutil.Basetest - 139@yopmail.com typed into Email Id Entered
12:44:37.344 [main] INFO  com.demo.baseutil.Basetest - Validate Enter the password is clickable
12:44:39.649 [main] INFO  com.demo.baseutil.Basetest - Clicked on : Enter the password
12:44:39.649 [main] INFO  com.demo.baseutil.Basetest - Enter the value into Password Id Entered
12:44:39.925 [main] INFO  com.demo.baseutil.Basetest - Admin@1234 typed into Password Id Entered
12:44:43.985 [main] INFO  com.demo.baseutil.Basetest - Scroll down
12:44:43.985 [main] INFO  com.demo.baseutil.Basetest - Validate Press the signin button is clickable
12:44:46.838 [main] INFO  com.demo.baseutil.Basetest - Clicked on : Press the signin button
12:44:48.859 [main] INFO  com.demo.baseutil.Basetest - HomePage title  is matched
12:44:58.873 [main] INFO  com.demo.baseutil.Basetest - Validate click on trace is clickable
12:45:01.239 [main] INFO  com.demo.baseutil.Basetest - Clicked on : click on trace
12:45:03.239 [main] INFO  com.demo.baseutil.Basetest - Validate Network Management is clicked is clickable
12:45:05.820 [main] INFO  com.demo.baseutil.Basetest - Clicked on : Network Management is clicked
12:45:10.833 [main] INFO  com.demo.baseutil.Basetest - Validate Add new is clicked is clickable
12:45:13.259 [main] INFO  com.demo.baseutil.Basetest - Clicked on : Add new is clicked
12:45:15.271 [main] INFO  com.demo.baseutil.Basetest - Validate Organisation Name is clicked is clickable
12:45:17.735 [main] INFO  com.demo.baseutil.Basetest - Clicked on : Organisation Name is clicked
12:45:17.736 [main] INFO  com.demo.baseutil.Basetest - Enter the value into Organisation is Entered
12:45:18.103 [main] INFO  com.demo.baseutil.Basetest - eSiGFbju typed into Organisation is Entered
12:45:18.104 [main] INFO  com.demo.baseutil.Basetest - Validate Organisation type is clicked is clickable
12:45:20.566 [main] INFO  com.demo.baseutil.Basetest - Clicked on : Organisation type is clicked
12:45:20.566 [main] INFO  com.demo.baseutil.Basetest - Validate upstream is selected is clickable
12:45:23.017 [main] INFO  com.demo.baseutil.Basetest - Clicked on : upstream is selected
12:45:23.017 [main] INFO  com.demo.baseutil.Basetest - Validate Organisation role is clicked is clickable
12:45:25.372 [main] INFO  com.demo.baseutil.Basetest - Clicked on : Organisation role is clicked
12:45:25.373 [main] INFO  com.demo.baseutil.Basetest - Validate Organisation role is selected is clickable
12:45:27.720 [main] INFO  com.demo.baseutil.Basetest - Clicked on : Organisation role is selected
12:45:27.720 [main] INFO  com.demo.baseutil.Basetest - Validate module is clicked is clickable
12:45:30.144 [main] INFO  com.demo.baseutil.Basetest - Clicked on : module is clicked
12:45:30.144 [main] INFO  com.demo.baseutil.Basetest - Validate module is selected is clickable
12:45:32.560 [main] INFO  com.demo.baseutil.Basetest - Clicked on : module is selected
12:45:32.560 [main] INFO  com.demo.baseutil.Basetest - Validate email field is clicked is clickable
12:45:34.978 [main] INFO  com.demo.baseutil.Basetest - Clicked on : email field is clicked
12:45:34.978 [main] INFO  com.demo.baseutil.Basetest - Enter the value into emailid is Entered
12:45:35.436 [main] INFO  com.demo.baseutil.Basetest - hdGbvjwn738@yopmail.com typed into emailid is Entered
12:45:36.446 [main] INFO  com.demo.baseutil.Basetest - Validate sendinvite button is clicked is clickable
12:45:38.801 [main] INFO  com.demo.baseutil.Basetest - Clicked on : sendinvite button is clicked
12:45:40.802 [main] INFO  com.demo.baseutil.Basetest - Validate submit is selected is clickable
12:45:43.285 [main] INFO  com.demo.baseutil.Basetest - Clicked on : submit is selected
12:45:58.416 [main] INFO  com.demo.baseutil.Basetest - Validate Email address input field is clicked is clickable
12:46:00.832 [main] INFO  com.demo.baseutil.Basetest - Clicked on : Email address input field is clicked
12:46:00.832 [main] INFO  com.demo.baseutil.Basetest - Enter the value into email address is entered
12:46:01.136 [main] INFO  com.demo.baseutil.Basetest - hdGbvjwn738@yopmail.com typed into email address is entered
12:46:01.151 [main] INFO  com.demo.baseutil.Basetest - Validate arrow button is clicked is clickable
12:46:04.650 [main] INFO  com.demo.baseutil.Basetest - Clicked on : arrow button is clicked
12:46:07.709 [main] INFO  com.demo.baseutil.Basetest - Validate first email is clicked is clickable
12:46:10.118 [main] INFO  com.demo.baseutil.Basetest - Clicked on : first email is clicked
12:46:12.209 [main] INFO  com.demo.baseutil.Basetest - Validate email address is clicked is clickable
12:46:14.632 [main] INFO  com.demo.baseutil.Basetest - Clicked on : email address is clicked
12:46:16.662 [main] INFO  com.demo.baseutil.Basetest - Validate pass is clicked is clickable
12:46:19.082 [main] INFO  com.demo.baseutil.Basetest - Clicked on : pass is clicked
12:46:19.082 [main] INFO  com.demo.baseutil.Basetest - Enter the value into Password is entered
12:46:19.453 [main] INFO  com.demo.baseutil.Basetest - Admin@1234 typed into Password is entered
12:46:19.453 [main] INFO  com.demo.baseutil.Basetest - Validate confirm password is clicked is clickable
12:46:21.897 [main] INFO  com.demo.baseutil.Basetest - Clicked on : confirm password is clicked
12:46:21.897 [main] INFO  com.demo.baseutil.Basetest - Enter the value into Confirm Password is entered
12:46:22.219 [main] INFO  com.demo.baseutil.Basetest - Admin@1234 typed into Confirm Password is entered
12:46:28.293 [main] INFO  com.demo.baseutil.Basetest - Scroll down
12:46:28.293 [main] INFO  com.demo.baseutil.Basetest - Validate button is clicked is clickable
12:46:30.750 [main] INFO  com.demo.baseutil.Basetest - Clicked on : button is clicked
12:46:32.765 [main] INFO  com.demo.baseutil.Basetest - Validate email address field is clicked is clickable
12:46:35.211 [main] INFO  com.demo.baseutil.Basetest - Clicked on : email address field is clicked
12:46:35.211 [main] INFO  com.demo.baseutil.Basetest - Enter the value into Email Id Entered
12:46:35.668 [main] INFO  com.demo.baseutil.Basetest - hdGbvjwn738@yopmail.com typed into Email Id Entered
12:46:35.668 [main] INFO  com.demo.baseutil.Basetest - Validate Enter the password is clickable
12:46:38.100 [main] INFO  com.demo.baseutil.Basetest - Clicked on : Enter the password
12:46:38.100 [main] INFO  com.demo.baseutil.Basetest - Enter the value into Password Id Entered
12:46:38.356 [main] INFO  com.demo.baseutil.Basetest - Admin@1234 typed into Password Id Entered
12:46:42.443 [main] INFO  com.demo.baseutil.Basetest - Scroll down
12:46:42.443 [main] INFO  com.demo.baseutil.Basetest - Validate Press the signin button is clickable
12:46:45.400 [main] INFO  com.demo.baseutil.Basetest - Clicked on : Press the signin button
12:46:51.409 [main] INFO  com.demo.baseutil.Basetest - Validate Press the continue button is clickable
12:46:53.803 [main] INFO  com.demo.baseutil.Basetest - Clicked on : Press the continue button
12:46:53.819 [main] INFO  com.demo.baseutil.Basetest - Scroll down successful
12:46:57.897 [main] INFO  com.demo.baseutil.Basetest - Scroll down
12:47:02.923 [main] INFO  com.demo.baseutil.Basetest - Scroll down successful
12:47:02.923 [main] INFO  com.demo.baseutil.Basetest - Validate Press the signin button is clickable
12:47:05.338 [main] INFO  com.demo.baseutil.Basetest - Clicked on : Press the signin button
12:47:05.338 [main] INFO  com.demo.baseutil.Basetest - Validate Press the button is clickable
12:47:07.666 [main] INFO  com.demo.baseutil.Basetest - Clicked on : Press the button
12:47:07.782 [main] INFO  com.demo.baseutil.Basetest - Browser is closed sucessfuly
12:47:08.266 [main] INFO  com.demo.baseutil.Basetest - Browser is closed sucessfuly
12:47:22.301 [main] INFO  com.demo.baseutil.Basetest - Validate Sign in with FarmtoPlate account is clickable
12:47:24.628 [main] INFO  com.demo.baseutil.Basetest - Clicked on : Sign in with FarmtoPlate account
12:47:24.636 [main] INFO  com.demo.baseutil.Basetest - Url contains farmtoplateapps.io/login
12:47:24.643 [main] INFO  com.demo.baseutil.Basetest - Sign in title matched
12:47:24.644 [main] INFO  com.demo.baseutil.Basetest - UI verified for Sigin page.
12:47:24.644 [main] INFO  com.demo.baseutil.Basetest - Sign in function call
12:47:24.644 [main] INFO  com.demo.baseutil.Basetest - Validate email address field is clicked is clickable
12:47:26.949 [main] INFO  com.demo.baseutil.Basetest - Clicked on : email address field is clicked
12:47:26.950 [main] INFO  com.demo.baseutil.Basetest - Enter the value into Email Id Entered
12:47:27.234 [main] INFO  com.demo.baseutil.Basetest - 139@yopmail.com typed into Email Id Entered
12:47:27.234 [main] INFO  com.demo.baseutil.Basetest - Validate Enter the password is clickable
12:47:29.535 [main] INFO  com.demo.baseutil.Basetest - Clicked on : Enter the password
12:47:29.535 [main] INFO  com.demo.baseutil.Basetest - Enter the value into Password Id Entered
12:47:29.752 [main] INFO  com.demo.baseutil.Basetest - Admin@1234 typed into Password Id Entered
12:47:33.815 [main] INFO  com.demo.baseutil.Basetest - Scroll down
12:47:33.815 [main] INFO  com.demo.baseutil.Basetest - Validate Press the signin button is clickable
12:47:36.560 [main] INFO  com.demo.baseutil.Basetest - Clicked on : Press the signin button
12:47:38.565 [main] INFO  com.demo.baseutil.Basetest - HomePage title  is matched
12:47:48.599 [main] INFO  com.demo.baseutil.Basetest - Validate click on trace is clickable
12:47:51.041 [main] INFO  com.demo.baseutil.Basetest - Clicked on : click on trace
12:47:57.127 [main] INFO  com.demo.baseutil.Basetest - Validate Asset & Infrastructure Data is clicked is clickable
12:47:59.441 [main] INFO  com.demo.baseutil.Basetest - Clicked on : Asset & Infrastructure Data is clicked
12:48:01.456 [main] INFO  com.demo.baseutil.Basetest - Validate Assets is clicked is clickable
12:48:03.948 [main] INFO  com.demo.baseutil.Basetest - Clicked on : Assets is clicked
12:48:05.962 [main] INFO  com.demo.baseutil.Basetest - Validate Add new is clicked is clickable
12:48:08.337 [main] INFO  com.demo.baseutil.Basetest - Clicked on : Add new is clicked
12:48:10.338 [main] INFO  com.demo.baseutil.Basetest - Validate Asset type is clicked is clickable
12:48:12.729 [main] INFO  com.demo.baseutil.Basetest - Clicked on : Asset type is clicked
12:48:12.729 [main] INFO  com.demo.baseutil.Basetest - Validate vehicle is selected is clickable
12:48:15.157 [main] INFO  com.demo.baseutil.Basetest - Clicked on : vehicle is selected
12:48:15.157 [main] INFO  com.demo.baseutil.Basetest - Validate Click on Vehicle Name is clickable
12:48:17.593 [main] INFO  com.demo.baseutil.Basetest - Clicked on : Click on Vehicle Name
12:48:17.593 [main] INFO  com.demo.baseutil.Basetest - Enter the value into enter the vehicle name
12:48:17.923 [main] INFO  com.demo.baseutil.Basetest - Loading VehicledQiD typed into enter the vehicle name
12:48:17.923 [main] INFO  com.demo.baseutil.Basetest - Validate Click on Vehicle Number is clickable
12:48:20.281 [main] INFO  com.demo.baseutil.Basetest - Clicked on : Click on Vehicle Number
12:48:20.282 [main] INFO  com.demo.baseutil.Basetest - Enter the value into Enter the vehicle number
12:48:20.556 [main] INFO  com.demo.baseutil.Basetest - tjjFjsKh typed into Enter the vehicle number
12:48:20.556 [main] INFO  com.demo.baseutil.Basetest - Validate click the dropdown of carrier is clickable
12:48:22.936 [main] INFO  com.demo.baseutil.Basetest - Clicked on : click the dropdown of carrier
12:48:22.938 [main] INFO  com.demo.baseutil.Basetest - Validate click the tanker is clickable
12:48:25.298 [main] INFO  com.demo.baseutil.Basetest - Clicked on : click the tanker
12:48:25.298 [main] INFO  com.demo.baseutil.Basetest - Validate Click on Make is clickable
12:48:27.679 [main] INFO  com.demo.baseutil.Basetest - Clicked on : Click on Make
12:48:27.680 [main] INFO  com.demo.baseutil.Basetest - Enter the value into enter the make
12:48:27.921 [main] INFO  com.demo.baseutil.Basetest - Mahindra typed into enter the make
12:48:27.922 [main] INFO  com.demo.baseutil.Basetest - Validate Click on Model is clickable
12:48:30.292 [main] INFO  com.demo.baseutil.Basetest - Clicked on : Click on Model
12:48:30.292 [main] INFO  com.demo.baseutil.Basetest - Enter the value into enter the model
12:48:30.569 [main] INFO  com.demo.baseutil.Basetest - XUV typed into enter the model
12:48:30.569 [main] INFO  com.demo.baseutil.Basetest - Validate Click on Model is clickable
12:48:32.921 [main] INFO  com.demo.baseutil.Basetest - Clicked on : Click on Model
12:48:32.921 [main] INFO  com.demo.baseutil.Basetest - Enter the value into enter the model
12:48:33.291 [main] INFO  com.demo.baseutil.Basetest - XUV typed into enter the model
12:48:33.291 [main] INFO  com.demo.baseutil.Basetest - Validate Click on Vehicle Number is clickable
12:48:35.698 [main] INFO  com.demo.baseutil.Basetest - Clicked on : Click on Vehicle Number
12:48:35.699 [main] INFO  com.demo.baseutil.Basetest - Enter the value into Enter the engine number
12:48:36.005 [main] INFO  com.demo.baseutil.Basetest - ApYjnQPA typed into Enter the engine number
12:48:36.005 [main] INFO  com.demo.baseutil.Basetest - Validate Click on Class-GVWR is clickable
12:48:38.425 [main] INFO  com.demo.baseutil.Basetest - Clicked on : Click on Class-GVWR
12:48:38.425 [main] INFO  com.demo.baseutil.Basetest - Enter the value into enter the classgvwr
12:48:38.733 [main] INFO  com.demo.baseutil.Basetest - Class I typed into enter the classgvwr
12:48:38.734 [main] INFO  com.demo.baseutil.Basetest - Validate Click on Weight Capacity is clickable
12:48:41.178 [main] INFO  com.demo.baseutil.Basetest - Clicked on : Click on Weight Capacity
12:48:41.179 [main] INFO  com.demo.baseutil.Basetest - Enter the value into enter the weight capacity
12:48:41.419 [main] INFO  com.demo.baseutil.Basetest - 100 typed into enter the weight capacity
12:48:45.494 [main] INFO  com.demo.baseutil.Basetest - Scroll down
12:48:45.510 [main] INFO  com.demo.baseutil.Basetest - Scroll down successful
12:48:45.510 [main] INFO  com.demo.baseutil.Basetest - Validate Click on Add button is clickable
12:48:47.942 [main] INFO  com.demo.baseutil.Basetest - Clicked on : Click on Add button
12:48:49.135 [main] INFO  com.demo.baseutil.Basetest - Browser is closed sucessfuly
12:48:49.620 [main] INFO  com.demo.baseutil.Basetest - Browser is closed sucessfuly
12:49:00.693 [main] INFO  com.demo.baseutil.Basetest - Validate Sign in with FarmtoPlate account is clickable
12:49:03.041 [main] INFO  com.demo.baseutil.Basetest - Clicked on : Sign in with FarmtoPlate account
12:49:03.055 [main] INFO  com.demo.baseutil.Basetest - Url contains farmtoplateapps.io/login
12:49:03.066 [main] INFO  com.demo.baseutil.Basetest - Sign in title matched
12:49:03.066 [main] INFO  com.demo.baseutil.Basetest - UI verified for Sigin page.
12:49:03.066 [main] INFO  com.demo.baseutil.Basetest - Sign in function call
12:49:03.066 [main] INFO  com.demo.baseutil.Basetest - Validate email address field is clicked is clickable
12:49:05.299 [main] INFO  com.demo.baseutil.Basetest - Clicked on : email address field is clicked
12:49:05.299 [main] INFO  com.demo.baseutil.Basetest - Enter the value into Email Id Entered
12:49:05.570 [main] INFO  com.demo.baseutil.Basetest - 139@yopmail.com typed into Email Id Entered
12:49:05.570 [main] INFO  com.demo.baseutil.Basetest - Validate Enter the password is clickable
12:49:07.837 [main] INFO  com.demo.baseutil.Basetest - Clicked on : Enter the password
12:49:07.837 [main] INFO  com.demo.baseutil.Basetest - Enter the value into Password Id Entered
12:49:08.097 [main] INFO  com.demo.baseutil.Basetest - Admin@1234 typed into Password Id Entered
12:49:12.160 [main] INFO  com.demo.baseutil.Basetest - Scroll down
12:49:12.160 [main] INFO  com.demo.baseutil.Basetest - Validate Press the signin button is clickable
12:49:14.858 [main] INFO  com.demo.baseutil.Basetest - Clicked on : Press the signin button
12:49:17.687 [main] INFO  com.demo.baseutil.Basetest - HomePage title  is matched
12:49:27.706 [main] INFO  com.demo.baseutil.Basetest - Validate click on trace is clickable
12:49:30.139 [main] INFO  com.demo.baseutil.Basetest - Clicked on : click on trace
12:49:36.205 [main] INFO  com.demo.baseutil.Basetest - Validate Asset & Infrastructure Data is clicked is clickable
12:49:38.672 [main] INFO  com.demo.baseutil.Basetest - Clicked on : Asset & Infrastructure Data is clicked
12:49:40.685 [main] INFO  com.demo.baseutil.Basetest - Validate Infra is clicked is clickable
12:49:43.246 [main] INFO  com.demo.baseutil.Basetest - Clicked on : Infra is clicked
12:49:45.248 [main] INFO  com.demo.baseutil.Basetest - Validate Add new is clicked is clickable
12:49:47.727 [main] INFO  com.demo.baseutil.Basetest - Clicked on : Add new is clicked
12:49:49.728 [main] INFO  com.demo.baseutil.Basetest - Validate Click on Location Name is clickable
12:49:52.076 [main] INFO  com.demo.baseutil.Basetest - Clicked on : Click on Location Name
12:49:52.076 [main] INFO  com.demo.baseutil.Basetest - Enter the value into enter the location name
12:49:52.451 [main] INFO  com.demo.baseutil.Basetest - Warehouse B typed into enter the location name
12:49:52.452 [main] INFO  com.demo.baseutil.Basetest - Validate Asset type is clicked is clickable
12:49:54.877 [main] INFO  com.demo.baseutil.Basetest - Clicked on : Asset type is clicked
12:49:54.877 [main] INFO  com.demo.baseutil.Basetest - Validate vehicle is selected is clickable
12:49:57.278 [main] INFO  com.demo.baseutil.Basetest - Clicked on : vehicle is selected
12:49:57.278 [main] INFO  com.demo.baseutil.Basetest - Validate Click on GLN is clickable
12:49:59.705 [main] INFO  com.demo.baseutil.Basetest - Clicked on : Click on GLN
12:49:59.705 [main] INFO  com.demo.baseutil.Basetest - Enter the value into enter the GLN
12:50:00.080 [main] INFO  com.demo.baseutil.Basetest - 6464398129585 typed into enter the GLN
12:50:00.081 [main] INFO  com.demo.baseutil.Basetest - Validate Click on address is clickable
12:50:02.521 [main] INFO  com.demo.baseutil.Basetest - Clicked on : Click on address
12:50:02.521 [main] INFO  com.demo.baseutil.Basetest - Enter the value into enter the  address
12:50:03.122 [main] INFO  com.demo.baseutil.Basetest - Bangalore Palace, Palace Cross Road, Vasanth Nagar, Bengaluru, Karnataka, India typed into enter the  address
12:50:03.122 [main] INFO  com.demo.baseutil.Basetest - Validate Click on state is clickable
12:50:05.479 [main] INFO  com.demo.baseutil.Basetest - Clicked on : Click on state
12:50:05.482 [main] INFO  com.demo.baseutil.Basetest - Enter the value into Enetered the state
12:50:05.805 [main] INFO  com.demo.baseutil.Basetest - KA typed into Enetered the state
12:50:05.805 [main] INFO  com.demo.baseutil.Basetest - Validate Click on city is clickable
12:50:08.212 [main] INFO  com.demo.baseutil.Basetest - Clicked on : Click on city
12:50:08.213 [main] INFO  com.demo.baseutil.Basetest - Enter the value into Enetered the city
12:50:08.558 [main] INFO  com.demo.baseutil.Basetest - Bengaluru typed into Enetered the city
12:50:08.558 [main] INFO  com.demo.baseutil.Basetest - Validate Click on country is clickable
12:50:11.009 [main] INFO  com.demo.baseutil.Basetest - Clicked on : Click on country
12:50:11.009 [main] INFO  com.demo.baseutil.Basetest - Enter the value into Enetered the city
12:50:11.333 [main] INFO  com.demo.baseutil.Basetest - India typed into Enetered the city
12:50:11.334 [main] INFO  com.demo.baseutil.Basetest - Validate Click on zip is clickable
12:50:13.724 [main] INFO  com.demo.baseutil.Basetest - Clicked on : Click on zip
12:50:13.724 [main] INFO  com.demo.baseutil.Basetest - Enter the value into Enetred the Zip
12:50:14.030 [main] INFO  com.demo.baseutil.Basetest - 560052 typed into Enetred the Zip
12:50:18.112 [main] INFO  com.demo.baseutil.Basetest - Scroll down
12:50:18.112 [main] INFO  com.demo.baseutil.Basetest - Validate Click on Add button is clickable
12:50:20.495 [main] INFO  com.demo.baseutil.Basetest - Clicked on : Click on Add button
12:50:21.664 [main] INFO  com.demo.baseutil.Basetest - Browser is closed sucessfuly
12:50:22.107 [main] INFO  com.demo.baseutil.Basetest - Browser is closed sucessfuly
12:50:43.464 [main] INFO  com.demo.baseutil.Basetest - Validate Sign in with FarmtoPlate account is clickable
12:50:45.810 [main] INFO  com.demo.baseutil.Basetest - Clicked on : Sign in with FarmtoPlate account
12:50:45.821 [main] INFO  com.demo.baseutil.Basetest - Url contains farmtoplateapps.io/login
12:50:45.826 [main] INFO  com.demo.baseutil.Basetest - Sign in title matched
12:50:45.826 [main] INFO  com.demo.baseutil.Basetest - UI verified for Sigin page.
12:50:45.826 [main] INFO  com.demo.baseutil.Basetest - Sign in function call
12:50:45.826 [main] INFO  com.demo.baseutil.Basetest - Validate email address field is clicked is clickable
12:50:48.148 [main] INFO  com.demo.baseutil.Basetest - Clicked on : email address field is clicked
12:50:48.148 [main] INFO  com.demo.baseutil.Basetest - Enter the value into Email Id Entered
12:50:48.399 [main] INFO  com.demo.baseutil.Basetest - 139@yopmail.com typed into Email Id Entered
12:50:48.400 [main] INFO  com.demo.baseutil.Basetest - Validate Enter the password is clickable
12:50:50.678 [main] INFO  com.demo.baseutil.Basetest - Clicked on : Enter the password
12:50:50.678 [main] INFO  com.demo.baseutil.Basetest - Enter the value into Password Id Entered
12:50:50.936 [main] INFO  com.demo.baseutil.Basetest - Admin@1234 typed into Password Id Entered
12:50:54.995 [main] INFO  com.demo.baseutil.Basetest - Scroll down
12:50:54.995 [main] INFO  com.demo.baseutil.Basetest - Validate Press the signin button is clickable
12:50:57.881 [main] INFO  com.demo.baseutil.Basetest - Clicked on : Press the signin button
12:51:00.219 [main] INFO  com.demo.baseutil.Basetest - HomePage title  is matched
12:51:10.244 [main] INFO  com.demo.baseutil.Basetest - Validate click on trace is clickable
12:51:12.598 [main] INFO  com.demo.baseutil.Basetest - Clicked on : click on trace
12:51:18.665 [main] INFO  com.demo.baseutil.Basetest - Validate Asset & Infrastructure Data is clicked is clickable
12:51:20.988 [main] INFO  com.demo.baseutil.Basetest - Clicked on : Asset & Infrastructure Data is clicked
12:51:22.989 [main] INFO  com.demo.baseutil.Basetest - Validate Assets is clicked is clickable
12:51:25.431 [main] INFO  com.demo.baseutil.Basetest - Clicked on : Assets is clicked
12:51:27.436 [main] INFO  com.demo.baseutil.Basetest - Validate Add new is clicked is clickable
12:51:29.828 [main] INFO  com.demo.baseutil.Basetest - Clicked on : Add new is clicked
12:51:31.842 [main] INFO  com.demo.baseutil.Basetest - Validate Asset type is clicked is clickable
12:51:34.158 [main] INFO  com.demo.baseutil.Basetest - Clicked on : Asset type is clicked
12:51:34.158 [main] INFO  com.demo.baseutil.Basetest - Validate Click on Vehicle Name is clickable
12:51:36.585 [main] INFO  com.demo.baseutil.Basetest - Clicked on : Click on Vehicle Name
12:51:38.588 [main] INFO  com.demo.baseutil.Basetest - Validate container name is clicked is clickable
12:51:40.908 [main] INFO  com.demo.baseutil.Basetest - Clicked on : container name is clicked
12:51:40.908 [main] INFO  com.demo.baseutil.Basetest - Enter the value into enter the container name
12:51:41.277 [main] INFO  com.demo.baseutil.Basetest - container759759759 typed into enter the container name
12:51:43.292 [main] INFO  com.demo.baseutil.Basetest - Validate length is clicked is clickable
12:51:45.641 [main] INFO  com.demo.baseutil.Basetest - Clicked on : length is clicked
12:51:47.646 [main] INFO  com.demo.baseutil.Basetest - Enter the value into enter the length
12:51:47.916 [main] INFO  com.demo.baseutil.Basetest - 10 typed into enter the length
12:51:47.916 [main] INFO  com.demo.baseutil.Basetest - Validate breadth is clicked is clickable
12:51:50.258 [main] INFO  com.demo.baseutil.Basetest - Clicked on : breadth is clicked
12:51:50.258 [main] INFO  com.demo.baseutil.Basetest - Enter the value into breath entered
12:51:50.547 [main] INFO  com.demo.baseutil.Basetest - 10 typed into breath entered
12:51:52.553 [main] INFO  com.demo.baseutil.Basetest - Validate height is clicked is clickable
12:51:54.940 [main] INFO  com.demo.baseutil.Basetest - Clicked on : height is clicked
12:51:56.943 [main] INFO  com.demo.baseutil.Basetest - Enter the value into height entered
12:51:57.278 [main] INFO  com.demo.baseutil.Basetest - 20 typed into height entered
12:51:59.289 [main] INFO  com.demo.baseutil.Basetest - Validate dom is clicked is clickable
12:52:01.595 [main] INFO  com.demo.baseutil.Basetest - Clicked on : dom is clicked
12:52:03.604 [main] INFO  com.demo.baseutil.Basetest - Validate ft is clicked is clickable
12:52:05.908 [main] INFO  com.demo.baseutil.Basetest - Clicked on : ft is clicked
12:52:07.910 [main] INFO  com.demo.baseutil.Basetest - Validate wt is clicked is clickable
12:52:10.190 [main] INFO  com.demo.baseutil.Basetest - Clicked on : wt is clicked
12:52:12.196 [main] INFO  com.demo.baseutil.Basetest - Enter the value into weight entered
12:52:12.577 [main] INFO  com.demo.baseutil.Basetest - 1000 typed into weight entered
12:52:14.588 [main] INFO  com.demo.baseutil.Basetest - Validate wtcap is clicked is clickable
12:52:16.875 [main] INFO  com.demo.baseutil.Basetest - Clicked on : wtcap is clicked
12:52:18.877 [main] INFO  com.demo.baseutil.Basetest - Validate tons is clicked is clickable
12:52:21.190 [main] INFO  com.demo.baseutil.Basetest - Clicked on : tons is clicked
12:52:23.206 [main] INFO  com.demo.baseutil.Basetest - Validate Click on Add button is clickable
12:52:25.576 [main] INFO  com.demo.baseutil.Basetest - Clicked on : Click on Add button
12:52:31.723 [main] INFO  com.demo.baseutil.Basetest - Browser is closed sucessfuly
12:52:32.272 [main] INFO  com.demo.baseutil.Basetest - Browser is closed sucessfuly
12:52:43.624 [main] INFO  com.demo.baseutil.Basetest - Validate Sign in with FarmtoPlate account is clickable
12:52:45.939 [main] INFO  com.demo.baseutil.Basetest - Clicked on : Sign in with FarmtoPlate account
12:52:45.947 [main] INFO  com.demo.baseutil.Basetest - Url contains farmtoplateapps.io/login
12:52:45.952 [main] INFO  com.demo.baseutil.Basetest - Sign in title matched
12:52:45.952 [main] INFO  com.demo.baseutil.Basetest - UI verified for Sigin page.
12:52:45.952 [main] INFO  com.demo.baseutil.Basetest - Sign in function call
12:52:45.952 [main] INFO  com.demo.baseutil.Basetest - Validate email address field is clicked is clickable
12:52:48.193 [main] INFO  com.demo.baseutil.Basetest - Clicked on : email address field is clicked
12:52:48.193 [main] INFO  com.demo.baseutil.Basetest - Enter the value into Email Id Entered
12:52:48.514 [main] INFO  com.demo.baseutil.Basetest - 139@yopmail.com typed into Email Id Entered
12:52:48.515 [main] INFO  com.demo.baseutil.Basetest - Validate Enter the password is clickable
12:52:50.802 [main] INFO  com.demo.baseutil.Basetest - Clicked on : Enter the password
12:52:50.802 [main] INFO  com.demo.baseutil.Basetest - Enter the value into Password Id Entered
12:52:51.051 [main] INFO  com.demo.baseutil.Basetest - Admin@1234 typed into Password Id Entered
12:52:55.107 [main] INFO  com.demo.baseutil.Basetest - Scroll down
12:52:55.107 [main] INFO  com.demo.baseutil.Basetest - Validate Press the signin button is clickable
12:52:58.018 [main] INFO  com.demo.baseutil.Basetest - Clicked on : Press the signin button
12:53:00.304 [main] INFO  com.demo.baseutil.Basetest - HomePage title  is matched
12:53:10.313 [main] INFO  com.demo.baseutil.Basetest - Validate click on trace is clickable
12:53:12.681 [main] INFO  com.demo.baseutil.Basetest - Clicked on : click on trace
12:53:18.768 [main] INFO  com.demo.baseutil.Basetest - Validate User Management is clicked is clickable
12:53:21.120 [main] INFO  com.demo.baseutil.Basetest - Clicked on : User Management is clicked
12:53:23.121 [main] INFO  com.demo.baseutil.Basetest - Validate users is clicked is clickable
12:53:25.624 [main] INFO  com.demo.baseutil.Basetest - Clicked on : users is clicked
12:53:27.631 [main] INFO  com.demo.baseutil.Basetest - Validate Add new is clicked is clickable
12:53:29.992 [main] INFO  com.demo.baseutil.Basetest - Clicked on : Add new is clicked
12:53:31.993 [main] INFO  com.demo.baseutil.Basetest - Validate first name is clicked is clickable
12:53:34.386 [main] INFO  com.demo.baseutil.Basetest - Clicked on : first name is clicked
12:53:36.392 [main] INFO  com.demo.baseutil.Basetest - Enter the value into first name is entered
12:53:36.691 [main] INFO  com.demo.baseutil.Basetest - abc typed into first name is entered
12:53:38.701 [main] INFO  com.demo.baseutil.Basetest - Validate last name is clicked is clickable
12:53:41.016 [main] INFO  com.demo.baseutil.Basetest - Clicked on : last name is clicked
12:53:43.025 [main] INFO  com.demo.baseutil.Basetest - Enter the value into lastname name is entered
12:53:43.312 [main] INFO  com.demo.baseutil.Basetest - abc typed into lastname name is entered
12:53:45.318 [main] INFO  com.demo.baseutil.Basetest - Validate modulename is clicked is clickable
12:53:47.701 [main] INFO  com.demo.baseutil.Basetest - Clicked on : modulename is clicked
12:53:49.706 [main] INFO  com.demo.baseutil.Basetest - Validate module name is clicked is clickable
12:53:52.018 [main] INFO  com.demo.baseutil.Basetest - Clicked on : module name is clicked
12:53:54.027 [main] INFO  com.demo.baseutil.Basetest - Validate assignrole is clicked is clickable
12:53:56.405 [main] INFO  com.demo.baseutil.Basetest - Clicked on : assignrole is clicked
12:53:58.406 [main] INFO  com.demo.baseutil.Basetest - Validate assignitem is clicked is clickable
12:54:00.830 [main] INFO  com.demo.baseutil.Basetest - Clicked on : assignitem is clicked
12:54:02.839 [main] INFO  com.demo.baseutil.Basetest - Validate emailuser is clicked is clickable
12:54:05.267 [main] INFO  com.demo.baseutil.Basetest - Clicked on : emailuser is clicked
12:54:07.273 [main] INFO  com.demo.baseutil.Basetest - Enter the value into eamil is entered
12:54:07.636 [main] INFO  com.demo.baseutil.Basetest - abc930@yopmail.com typed into eamil is entered
12:54:09.639 [main] INFO  com.demo.baseutil.Basetest - Validate countrycode is clicked is clickable
12:54:12.122 [main] INFO  com.demo.baseutil.Basetest - Clicked on : countrycode is clicked
12:54:14.135 [main] INFO  com.demo.baseutil.Basetest - Enter the value into countrycode is entered
12:54:14.503 [main] INFO  com.demo.baseutil.Basetest - +91 typed into countrycode is entered
12:54:18.507 [main] INFO  com.demo.baseutil.Basetest - Validate countrycode select is clicked is clickable
12:54:20.954 [main] INFO  com.demo.baseutil.Basetest - Clicked on : countrycode select is clicked
12:54:22.970 [main] INFO  com.demo.baseutil.Basetest - Validate phnumber is clicked is clickable
12:54:25.382 [main] INFO  com.demo.baseutil.Basetest - Clicked on : phnumber is clicked
12:54:27.392 [main] INFO  com.demo.baseutil.Basetest - Enter the value into phnumber is entered
12:54:27.694 [main] INFO  com.demo.baseutil.Basetest - 0593339723 typed into phnumber is entered
12:54:31.710 [main] INFO  com.demo.baseutil.Basetest - Validate send invite user  is clicked is clickable
12:54:34.055 [main] INFO  com.demo.baseutil.Basetest - Clicked on : send invite user  is clicked
12:54:38.182 [main] INFO  com.demo.baseutil.Basetest - Validate Email address input field is clicked is clickable
12:54:42.121 [main] INFO  com.demo.baseutil.Basetest - Clicked on : Email address input field is clicked
12:54:42.121 [main] INFO  com.demo.baseutil.Basetest - Enter the value into email address is entered
12:54:42.527 [main] INFO  com.demo.baseutil.Basetest - abc930@yopmail.com typed into email address is entered
12:54:42.527 [main] INFO  com.demo.baseutil.Basetest - Validate arrow button is clicked is clickable
12:54:46.022 [main] INFO  com.demo.baseutil.Basetest - Clicked on : arrow button is clicked
12:54:49.108 [main] INFO  com.demo.baseutil.Basetest - Validate first email is clicked is clickable
12:54:51.590 [main] INFO  com.demo.baseutil.Basetest - Clicked on : first email is clicked
12:54:53.683 [main] INFO  com.demo.baseutil.Basetest - Validate email address is clicked is clickable
12:54:56.201 [main] INFO  com.demo.baseutil.Basetest - Clicked on : email address is clicked
12:54:58.236 [main] INFO  com.demo.baseutil.Basetest - Validate pass is clicked is clickable
12:55:00.535 [main] INFO  com.demo.baseutil.Basetest - Clicked on : pass is clicked
12:55:00.535 [main] INFO  com.demo.baseutil.Basetest - Enter the value into Password is entered
12:55:00.875 [main] INFO  com.demo.baseutil.Basetest - Admin@1234 typed into Password is entered
12:55:00.875 [main] INFO  com.demo.baseutil.Basetest - Validate confirm password is clicked is clickable
12:55:03.264 [main] INFO  com.demo.baseutil.Basetest - Clicked on : confirm password is clicked
12:55:03.264 [main] INFO  com.demo.baseutil.Basetest - Enter the value into Confirm Password is entered
12:55:03.574 [main] INFO  com.demo.baseutil.Basetest - Admin@1234 typed into Confirm Password is entered
12:55:05.598 [main] INFO  com.demo.baseutil.Basetest - Scroll down successful
12:55:05.598 [main] INFO  com.demo.baseutil.Basetest - Validate button is clicked is clickable
12:55:07.979 [main] INFO  com.demo.baseutil.Basetest - Clicked on : button is clicked
12:55:09.983 [main] INFO  com.demo.baseutil.Basetest - Validate email address field is clicked is clickable
12:55:12.347 [main] INFO  com.demo.baseutil.Basetest - Clicked on : email address field is clicked
12:55:12.347 [main] INFO  com.demo.baseutil.Basetest - Enter the value into Email Id Entered
12:55:12.712 [main] INFO  com.demo.baseutil.Basetest - abc930@yopmail.com typed into Email Id Entered
12:55:12.712 [main] INFO  com.demo.baseutil.Basetest - Validate Enter the password is clickable
12:55:15.076 [main] INFO  com.demo.baseutil.Basetest - Clicked on : Enter the password
12:55:15.076 [main] INFO  com.demo.baseutil.Basetest - Enter the value into Password Id Entered
12:55:15.378 [main] INFO  com.demo.baseutil.Basetest - Admin@1234 typed into Password Id Entered
12:55:15.392 [main] INFO  com.demo.baseutil.Basetest - Scroll down successful
12:55:15.393 [main] INFO  com.demo.baseutil.Basetest - Validate Press the signin button is clickable
12:55:18.304 [main] INFO  com.demo.baseutil.Basetest - Clicked on : Press the signin button
12:55:21.342 [main] INFO  com.demo.baseutil.Basetest - Scroll down successful
12:55:22.346 [main] INFO  com.demo.baseutil.Basetest - Validate Press the button is clickable
12:55:24.797 [main] INFO  com.demo.baseutil.Basetest - Clicked on : Press the button
12:55:24.814 [main] INFO  com.demo.baseutil.Basetest - Scroll down successful
12:55:24.814 [main] INFO  com.demo.baseutil.Basetest - Validate Press the signin button is clickable
12:55:27.270 [main] INFO  com.demo.baseutil.Basetest - Clicked on : Press the signin button
12:55:29.271 [main] INFO  com.demo.baseutil.Basetest - Validate Press the button is clickable
12:55:31.639 [main] INFO  com.demo.baseutil.Basetest - Clicked on : Press the button
12:55:31.769 [main] INFO  com.demo.baseutil.Basetest - Browser is closed sucessfuly
12:55:32.317 [main] INFO  com.demo.baseutil.Basetest - Browser is closed sucessfuly
12:55:42.740 [main] INFO  com.demo.baseutil.Basetest - Validate Sign in with FarmtoPlate account is clickable
12:55:45.101 [main] INFO  com.demo.baseutil.Basetest - Clicked on : Sign in with FarmtoPlate account
12:55:45.115 [main] INFO  com.demo.baseutil.Basetest - Url contains farmtoplateapps.io/login
12:55:45.120 [main] INFO  com.demo.baseutil.Basetest - Sign in title matched
12:55:45.121 [main] INFO  com.demo.baseutil.Basetest - UI verified for Sigin page.
12:55:45.121 [main] INFO  com.demo.baseutil.Basetest - Sign in function call
12:55:45.121 [main] INFO  com.demo.baseutil.Basetest - Validate email address field is clicked is clickable
12:55:47.388 [main] INFO  com.demo.baseutil.Basetest - Clicked on : email address field is clicked
12:55:47.388 [main] INFO  com.demo.baseutil.Basetest - Enter the value into Email Id Entered
12:55:47.745 [main] INFO  com.demo.baseutil.Basetest - 139@yopmail.com typed into Email Id Entered
12:55:47.747 [main] INFO  com.demo.baseutil.Basetest - Validate Enter the password is clickable
12:55:50.028 [main] INFO  com.demo.baseutil.Basetest - Clicked on : Enter the password
12:55:50.028 [main] INFO  com.demo.baseutil.Basetest - Enter the value into Password Id Entered
12:55:50.290 [main] INFO  com.demo.baseutil.Basetest - Admin@1234 typed into Password Id Entered
12:55:54.354 [main] INFO  com.demo.baseutil.Basetest - Scroll down
12:55:54.354 [main] INFO  com.demo.baseutil.Basetest - Validate Press the signin button is clickable
12:55:57.148 [main] INFO  com.demo.baseutil.Basetest - Clicked on : Press the signin button
12:55:59.524 [main] INFO  com.demo.baseutil.Basetest - HomePage title  is matched
12:56:09.550 [main] INFO  com.demo.baseutil.Basetest - Validate click on trace is clickable
12:56:11.976 [main] INFO  com.demo.baseutil.Basetest - Clicked on : click on trace
12:56:18.062 [main] INFO  com.demo.baseutil.Basetest - Validate User Management is clicked is clickable
12:56:20.410 [main] INFO  com.demo.baseutil.Basetest - Clicked on : User Management is clicked
12:56:22.425 [main] INFO  com.demo.baseutil.Basetest - Validate roles is clicked is clickable
12:56:24.835 [main] INFO  com.demo.baseutil.Basetest - Clicked on : roles is clicked
12:56:26.850 [main] INFO  com.demo.baseutil.Basetest - Validate Add new is clicked is clickable
12:56:29.263 [main] INFO  com.demo.baseutil.Basetest - Clicked on : Add new is clicked
12:56:34.273 [main] INFO  com.demo.baseutil.Basetest - Validate role name is clicked is clickable
12:56:36.629 [main] INFO  com.demo.baseutil.Basetest - Clicked on : role name is clicked
12:56:38.636 [main] INFO  com.demo.baseutil.Basetest - Enter the value into rolename is entered
12:56:38.892 [main] INFO  com.demo.baseutil.Basetest - rolename334 typed into rolename is entered
12:56:40.911 [main] INFO  com.demo.baseutil.Basetest - Validate roletype is clicked is clickable
12:56:43.283 [main] INFO  com.demo.baseutil.Basetest - Clicked on : roletype is clicked
12:56:45.287 [main] INFO  com.demo.baseutil.Basetest - Validate Admin is clicked is clickable
12:56:47.634 [main] INFO  com.demo.baseutil.Basetest - Clicked on : Admin is clicked
12:56:49.653 [main] INFO  com.demo.baseutil.Basetest - Scroll down successful
12:56:51.673 [main] INFO  com.demo.baseutil.Basetest - Validate modulename is clicked is clickable
12:56:54.029 [main] INFO  com.demo.baseutil.Basetest - Clicked on : modulename is clicked
12:56:56.035 [main] INFO  com.demo.baseutil.Basetest - Validate module name is clicked is clickable
12:56:58.386 [main] INFO  com.demo.baseutil.Basetest - Clicked on : module name is clicked
12:57:00.399 [main] INFO  com.demo.baseutil.Basetest - Validate orgdept is clicked is clickable
12:57:02.810 [main] INFO  com.demo.baseutil.Basetest - Clicked on : orgdept is clicked
12:57:04.819 [main] INFO  com.demo.baseutil.Basetest - Validate orgdeptselect is clicked is clickable
12:57:07.236 [main] INFO  com.demo.baseutil.Basetest - Clicked on : orgdeptselect is clicked
12:57:09.236 [main] INFO  com.demo.baseutil.Basetest - Validate nxtbutton is clicked is clickable
12:57:11.618 [main] INFO  com.demo.baseutil.Basetest - Clicked on : nxtbutton is clicked
12:57:19.624 [main] INFO  com.demo.baseutil.Basetest - Scroll till the nxtbutton1 scrolled
12:57:19.713 [main] INFO  com.demo.baseutil.Basetest - Scroll till the nxtbutton1 scrolled completed
12:57:21.721 [main] INFO  com.demo.baseutil.Basetest - Validate nxtbutton1 is clicked is clickable
12:57:24.206 [main] INFO  com.demo.baseutil.Basetest - Clicked on : nxtbutton1 is clicked
12:57:42.527 [main] INFO  com.demo.baseutil.Basetest - Validate update1 select is clicked is clickable
12:57:44.928 [main] INFO  com.demo.baseutil.Basetest - Clicked on : update1 select is clicked
12:57:46.933 [main] INFO  com.demo.baseutil.Basetest - Validate update2 is clicked is clickable
12:57:49.305 [main] INFO  com.demo.baseutil.Basetest - Clicked on : update2 is clicked
12:57:53.309 [main] INFO  com.demo.baseutil.Basetest - Validate alert1  is clicked is clickable
12:57:55.708 [main] INFO  com.demo.baseutil.Basetest - Clicked on : alert1  is clicked
12:57:57.723 [main] INFO  com.demo.baseutil.Basetest - Validate alert2  is clicked is clickable
12:58:00.189 [main] INFO  com.demo.baseutil.Basetest - Clicked on : alert2  is clicked
12:58:04.199 [main] INFO  com.demo.baseutil.Basetest - Scroll till the submitbtn scrolled
12:58:04.294 [main] INFO  com.demo.baseutil.Basetest - Scroll till the submitbtn scrolled completed
12:58:06.305 [main] INFO  com.demo.baseutil.Basetest - Validate submitbtn is clicked is clickable
12:58:08.735 [main] INFO  com.demo.baseutil.Basetest - Clicked on : submitbtn is clicked
12:58:14.188 [main] INFO  com.demo.baseutil.Basetest - Browser is closed sucessfuly
12:58:14.692 [main] INFO  com.demo.baseutil.Basetest - Browser is closed sucessfuly
12:58:15.458 [main] ERROR com.demo.baseutil.Basetest - Failed to close the Browser
