16:34:00.322 [main] INFO  com.demo.baseutil.Basetest - 
16:34:00.328 [main] INFO  com.demo.baseutil.Basetest - Running locally JavaMail
16:34:00.416 [main] INFO  com.demo.baseutil.Basetest2 - Folder creation for Extent
16:34:00.420 [main] INFO  com.demo.baseutil.Basetest - ExtentDir:-C:\Users\Deepti Jindal\eclipse-workspace2\com.NFR.Trace QA latest/reports/Automation Report- 10_08_2024_16_34_00/Report/10_08_2024_16_34_00
16:34:00.514 [main] INFO  com.demo.baseutil.Basetest - Report Initiated
16:34:00.516 [main] INFO  com.demo.baseutil.Basetest - Screenshot folder created
16:34:22.435 [main] INFO  com.demo.baseutil.Basetest - Validate Sign in with FarmtoPlate account is clickable
16:34:24.755 [main] INFO  com.demo.baseutil.Basetest - Clicked on : Sign in with FarmtoPlate account
16:34:24.770 [main] INFO  com.demo.baseutil.Basetest - Url contains farmtoplateapps.io/login
16:34:24.782 [main] INFO  com.demo.baseutil.Basetest - Sign in title matched
16:34:24.783 [main] INFO  com.demo.baseutil.Basetest - UI verified for Sigin page.
16:34:24.783 [main] INFO  com.demo.baseutil.Basetest - Sign in function call
16:34:24.783 [main] INFO  com.demo.baseutil.Basetest - Validate email address field is clicked is clickable
16:34:27.107 [main] INFO  com.demo.baseutil.Basetest - Clicked on : email address field is clicked
16:34:27.108 [main] INFO  com.demo.baseutil.Basetest - Enter the value into Email Id Entered
16:34:27.518 [main] INFO  com.demo.baseutil.Basetest - ldekkenq362@yopmail.com typed into Email Id Entered
16:34:27.519 [main] INFO  com.demo.baseutil.Basetest - Validate Enter the password is clickable
16:34:29.820 [main] INFO  com.demo.baseutil.Basetest - Clicked on : Enter the password
16:34:29.821 [main] INFO  com.demo.baseutil.Basetest - Enter the value into Password Id Entered
16:34:30.091 [main] INFO  com.demo.baseutil.Basetest - Admin@1234 typed into Password Id Entered
16:34:34.149 [main] INFO  com.demo.baseutil.Basetest - Scroll down
16:34:34.149 [main] INFO  com.demo.baseutil.Basetest - Validate Press the signin button is clickable
16:34:36.975 [main] INFO  com.demo.baseutil.Basetest - Clicked on : Press the signin button
16:34:38.982 [main] INFO  com.demo.baseutil.Basetest - HomePage title  is matched
16:34:48.994 [main] INFO  com.demo.baseutil.Basetest - Validate click on trace is clickable
16:34:51.308 [main] INFO  com.demo.baseutil.Basetest - Clicked on : click on trace
16:34:59.384 [main] INFO  com.demo.baseutil.Basetest - Scroll down
16:35:01.392 [main] INFO  com.demo.baseutil.Basetest - Validate Process is clicked is clickable
16:35:03.739 [main] INFO  com.demo.baseutil.Basetest - Clicked on : Process is clicked
16:35:08.755 [main] INFO  com.demo.baseutil.Basetest - Validate Process add is clicked is clickable
16:35:11.113 [main] INFO  com.demo.baseutil.Basetest - Clicked on : Process add is clicked
16:35:16.115 [main] INFO  com.demo.baseutil.Basetest - Validate Product id is clicked is clickable
16:35:18.438 [main] INFO  com.demo.baseutil.Basetest - Clicked on : Product id is clicked
16:35:22.808 [main] INFO  com.demo.baseutil.Basetest - Validate Product id is clicked is clickable
16:35:25.104 [main] INFO  com.demo.baseutil.Basetest - Clicked on : Product id is clicked
16:35:27.111 [main] INFO  com.demo.baseutil.Basetest - Validate Product id is clicked is clickable
16:35:29.463 [main] INFO  com.demo.baseutil.Basetest - Clicked on : Product id is clicked
16:35:31.471 [main] INFO  com.demo.baseutil.Basetest - Validate outside is clicked is clickable
16:35:33.728 [main] INFO  com.demo.baseutil.Basetest - Clicked on : outside is clicked
16:35:39.789 [main] INFO  com.demo.baseutil.Basetest - Scroll down
16:35:39.790 [main] INFO  com.demo.baseutil.Basetest - Validate process name is clicked is clickable
16:35:42.096 [main] INFO  com.demo.baseutil.Basetest - Clicked on : process name is clicked
16:35:44.108 [main] INFO  com.demo.baseutil.Basetest - Enter the value into process name Value is entered
16:35:44.343 [main] INFO  com.demo.baseutil.Basetest - processcomm typed into process name Value is entered
16:35:46.375 [main] INFO  com.demo.baseutil.Basetest - Scroll down successful
16:35:46.376 [main] INFO  com.demo.baseutil.Basetest - Validate process loc is clicked is clickable
16:35:48.646 [main] INFO  com.demo.baseutil.Basetest - Clicked on : process loc is clicked
16:35:58.941 [main] INFO  com.demo.baseutil.Basetest - Validate process search is clicked is clickable
16:36:01.281 [main] INFO  com.demo.baseutil.Basetest - Clicked on : process search is clicked
16:36:03.293 [main] INFO  com.demo.baseutil.Basetest - Validate process type is clicked is clickable
16:36:05.673 [main] INFO  com.demo.baseutil.Basetest - Clicked on : process type is clicked
16:36:07.709 [main] INFO  com.demo.baseutil.Basetest - Scroll down successful
16:36:07.709 [main] INFO  com.demo.baseutil.Basetest - Validate process comm is clicked is clickable
16:36:10.011 [main] INFO  com.demo.baseutil.Basetest - Clicked on : process comm is clicked
16:36:16.091 [main] INFO  com.demo.baseutil.Basetest - Scroll down
16:36:16.091 [main] INFO  com.demo.baseutil.Basetest - Validate process add button is clicked is clickable
16:36:18.388 [main] INFO  com.demo.baseutil.Basetest - Clicked on : process add button is clicked
16:36:35.484 [main] INFO  com.demo.baseutil.Basetest - Scroll down
16:36:37.493 [main] INFO  com.demo.baseutil.Basetest - Validate Process is clicked is clickable
16:36:39.862 [main] INFO  com.demo.baseutil.Basetest - Clicked on : Process is clicked
16:36:44.875 [main] INFO  com.demo.baseutil.Basetest - Validate Process add is clicked is clickable
16:36:47.225 [main] INFO  com.demo.baseutil.Basetest - Clicked on : Process add is clicked
16:36:52.235 [main] INFO  com.demo.baseutil.Basetest - Validate Product id is clicked is clickable
16:36:54.527 [main] INFO  com.demo.baseutil.Basetest - Clicked on : Product id is clicked
16:36:58.825 [main] INFO  com.demo.baseutil.Basetest - Validate Product id is clicked is clickable
16:37:01.049 [main] INFO  com.demo.baseutil.Basetest - Clicked on : Product id is clicked
16:37:03.054 [main] INFO  com.demo.baseutil.Basetest - Validate Product id is clicked is clickable
16:37:05.351 [main] INFO  com.demo.baseutil.Basetest - Clicked on : Product id is clicked
16:37:07.363 [main] INFO  com.demo.baseutil.Basetest - Validate outside is clicked is clickable
16:37:09.675 [main] INFO  com.demo.baseutil.Basetest - Clicked on : outside is clicked
16:37:15.735 [main] INFO  com.demo.baseutil.Basetest - Scroll down
16:37:15.735 [main] INFO  com.demo.baseutil.Basetest - Validate process name is clicked is clickable
16:37:17.972 [main] INFO  com.demo.baseutil.Basetest - Clicked on : process name is clicked
16:37:19.984 [main] INFO  com.demo.baseutil.Basetest - Enter the value into process name Value is entered
16:37:20.238 [main] INFO  com.demo.baseutil.Basetest - processcooling typed into process name Value is entered
16:37:22.261 [main] INFO  com.demo.baseutil.Basetest - Scroll down successful
16:37:22.262 [main] INFO  com.demo.baseutil.Basetest - Validate process loc is clicked is clickable
16:37:24.523 [main] INFO  com.demo.baseutil.Basetest - Clicked on : process loc is clicked
16:37:31.812 [main] INFO  com.demo.baseutil.Basetest - Validate process loc is clicked is clickable
16:37:34.122 [main] INFO  com.demo.baseutil.Basetest - Clicked on : process loc is clicked
16:37:36.137 [main] INFO  com.demo.baseutil.Basetest - Validate process type is clicked is clickable
16:37:38.401 [main] INFO  com.demo.baseutil.Basetest - Clicked on : process type is clicked
16:37:40.434 [main] INFO  com.demo.baseutil.Basetest - Scroll down successful
16:37:40.435 [main] INFO  com.demo.baseutil.Basetest - Validate process trans is clicked is clickable
16:37:42.799 [main] INFO  com.demo.baseutil.Basetest - Clicked on : process trans is clicked
16:37:48.873 [main] INFO  com.demo.baseutil.Basetest - Scroll down
16:37:48.873 [main] INFO  com.demo.baseutil.Basetest - Validate process add button is clicked is clickable
16:37:51.292 [main] INFO  com.demo.baseutil.Basetest - Clicked on : process add button is clicked
16:38:08.349 [main] INFO  com.demo.baseutil.Basetest - Scroll down
16:38:10.359 [main] INFO  com.demo.baseutil.Basetest - Validate Process is clicked is clickable
16:38:12.702 [main] INFO  com.demo.baseutil.Basetest - Clicked on : Process is clicked
16:38:17.704 [main] INFO  com.demo.baseutil.Basetest - Validate Process add is clicked is clickable
16:38:20.004 [main] INFO  com.demo.baseutil.Basetest - Clicked on : Process add is clicked
16:38:25.013 [main] INFO  com.demo.baseutil.Basetest - Validate Product id is clicked is clickable
16:38:27.279 [main] INFO  com.demo.baseutil.Basetest - Clicked on : Product id is clicked
16:38:31.544 [main] INFO  com.demo.baseutil.Basetest - Validate Product id is clicked is clickable
16:38:33.809 [main] INFO  com.demo.baseutil.Basetest - Clicked on : Product id is clicked
16:38:35.824 [main] INFO  com.demo.baseutil.Basetest - Validate Product id is clicked is clickable
16:38:38.204 [main] INFO  com.demo.baseutil.Basetest - Clicked on : Product id is clicked
16:38:40.208 [main] INFO  com.demo.baseutil.Basetest - Validate outside is clicked is clickable
16:38:42.481 [main] INFO  com.demo.baseutil.Basetest - Clicked on : outside is clicked
16:38:48.529 [main] INFO  com.demo.baseutil.Basetest - Scroll down
16:38:48.529 [main] INFO  com.demo.baseutil.Basetest - Validate process name is clicked is clickable
16:38:50.850 [main] INFO  com.demo.baseutil.Basetest - Clicked on : process name is clicked
16:38:52.866 [main] INFO  com.demo.baseutil.Basetest - Enter the value into process name Value is entered
16:38:53.129 [main] INFO  com.demo.baseutil.Basetest - processobsnosscc typed into process name Value is entered
16:38:55.165 [main] INFO  com.demo.baseutil.Basetest - Scroll down successful
16:38:55.166 [main] INFO  com.demo.baseutil.Basetest - Validate process loc is clicked is clickable
16:38:57.510 [main] INFO  com.demo.baseutil.Basetest - Clicked on : process loc is clicked
16:39:04.738 [main] INFO  com.demo.baseutil.Basetest - Validate process loc is clicked is clickable
16:39:07.031 [main] INFO  com.demo.baseutil.Basetest - Clicked on : process loc is clicked
16:39:09.046 [main] INFO  com.demo.baseutil.Basetest - Validate process type is clicked is clickable
16:39:11.350 [main] INFO  com.demo.baseutil.Basetest - Clicked on : process type is clicked
16:39:13.379 [main] INFO  com.demo.baseutil.Basetest - Scroll down successful
16:39:13.380 [main] INFO  com.demo.baseutil.Basetest - Validate process trans is clicked is clickable
16:39:15.656 [main] INFO  com.demo.baseutil.Basetest - Clicked on : process trans is clicked
16:39:17.667 [main] INFO  com.demo.baseutil.Basetest - Validate kdesscc  is clicked is clickable
16:39:19.956 [main] INFO  com.demo.baseutil.Basetest - Clicked on : kdesscc  is clicked
16:39:26.026 [main] INFO  com.demo.baseutil.Basetest - Scroll down
16:39:26.026 [main] INFO  com.demo.baseutil.Basetest - Validate process add button is clicked is clickable
16:39:28.363 [main] INFO  com.demo.baseutil.Basetest - Clicked on : process add button is clicked
16:39:33.554 [main] INFO  com.demo.baseutil.Basetest - Browser is closed sucessfuly
16:39:34.204 [main] INFO  com.demo.baseutil.Basetest - Browser is closed sucessfuly
16:39:56.527 [main] INFO  com.demo.baseutil.Basetest - Validate Sign in with FarmtoPlate account is clickable
16:39:58.959 [main] INFO  com.demo.baseutil.Basetest - Clicked on : Sign in with FarmtoPlate account
16:39:58.965 [main] INFO  com.demo.baseutil.Basetest - Url contains farmtoplateapps.io/login
16:39:58.969 [main] INFO  com.demo.baseutil.Basetest - Sign in title matched
16:39:58.969 [main] INFO  com.demo.baseutil.Basetest - UI verified for Sigin page.
16:39:58.969 [main] INFO  com.demo.baseutil.Basetest - Sign in function call
16:39:58.969 [main] INFO  com.demo.baseutil.Basetest - Validate email address field is clicked is clickable
16:40:01.219 [main] INFO  com.demo.baseutil.Basetest - Clicked on : email address field is clicked
16:40:01.219 [main] INFO  com.demo.baseutil.Basetest - Enter the value into Email Id Entered
16:40:01.551 [main] INFO  com.demo.baseutil.Basetest - ldekkenq362@yopmail.com typed into Email Id Entered
16:40:01.552 [main] INFO  com.demo.baseutil.Basetest - Validate Enter the password is clickable
16:40:03.791 [main] INFO  com.demo.baseutil.Basetest - Clicked on : Enter the password
16:40:03.791 [main] INFO  com.demo.baseutil.Basetest - Enter the value into Password Id Entered
16:40:04.016 [main] INFO  com.demo.baseutil.Basetest - Admin@1234 typed into Password Id Entered
16:40:08.066 [main] INFO  com.demo.baseutil.Basetest - Scroll down
16:40:08.066 [main] INFO  com.demo.baseutil.Basetest - Validate Press the signin button is clickable
16:40:10.831 [main] INFO  com.demo.baseutil.Basetest - Clicked on : Press the signin button
16:40:12.845 [main] INFO  com.demo.baseutil.Basetest - HomePage title  is matched
16:40:30.860 [main] INFO  com.demo.baseutil.Basetest - Validate click on trace is clickable
16:40:33.149 [main] INFO  com.demo.baseutil.Basetest - Clicked on : click on trace
16:40:39.230 [main] INFO  com.demo.baseutil.Basetest - Validate Asset & Infrastructure Data is clicked is clickable
16:40:41.550 [main] INFO  com.demo.baseutil.Basetest - Clicked on : Asset & Infrastructure Data is clicked
16:40:43.555 [main] INFO  com.demo.baseutil.Basetest - Validate Assets is clicked is clickable
16:40:45.918 [main] INFO  com.demo.baseutil.Basetest - Clicked on : Assets is clicked
16:40:47.931 [main] INFO  com.demo.baseutil.Basetest - Validate Add new is clicked is clickable
16:40:50.249 [main] INFO  com.demo.baseutil.Basetest - Clicked on : Add new is clicked
16:40:52.262 [main] INFO  com.demo.baseutil.Basetest - Validate Asset type is clicked is clickable
16:40:54.544 [main] INFO  com.demo.baseutil.Basetest - Clicked on : Asset type is clicked
16:40:54.547 [main] INFO  com.demo.baseutil.Basetest - Validate Click on Vehicle Name is clickable
16:40:56.796 [main] INFO  com.demo.baseutil.Basetest - Clicked on : Click on Vehicle Name
16:40:58.806 [main] INFO  com.demo.baseutil.Basetest - Validate container name is clicked is clickable
16:41:01.069 [main] INFO  com.demo.baseutil.Basetest - Clicked on : container name is clicked
16:41:01.069 [main] INFO  com.demo.baseutil.Basetest - Enter the value into enter the container name
16:41:01.408 [main] INFO  com.demo.baseutil.Basetest - container564564564 typed into enter the container name
16:41:03.410 [main] INFO  com.demo.baseutil.Basetest - Validate length is clicked is clickable
16:41:05.701 [main] INFO  com.demo.baseutil.Basetest - Clicked on : length is clicked
16:41:07.716 [main] INFO  com.demo.baseutil.Basetest - Enter the value into enter the length
16:41:07.943 [main] INFO  com.demo.baseutil.Basetest - 10 typed into enter the length
16:41:07.943 [main] INFO  com.demo.baseutil.Basetest - Validate breadth is clicked is clickable
16:41:10.176 [main] INFO  com.demo.baseutil.Basetest - Clicked on : breadth is clicked
16:41:10.176 [main] INFO  com.demo.baseutil.Basetest - Enter the value into breath entered
16:41:10.395 [main] INFO  com.demo.baseutil.Basetest - 10 typed into breath entered
16:41:12.410 [main] INFO  com.demo.baseutil.Basetest - Validate height is clicked is clickable
16:41:14.710 [main] INFO  com.demo.baseutil.Basetest - Clicked on : height is clicked
16:41:16.721 [main] INFO  com.demo.baseutil.Basetest - Enter the value into height entered
16:41:17.085 [main] INFO  com.demo.baseutil.Basetest - 20 typed into height entered
16:41:19.100 [main] INFO  com.demo.baseutil.Basetest - Validate dom is clicked is clickable
16:41:21.440 [main] INFO  com.demo.baseutil.Basetest - Clicked on : dom is clicked
16:41:23.441 [main] INFO  com.demo.baseutil.Basetest - Validate ft is clicked is clickable
16:41:25.759 [main] INFO  com.demo.baseutil.Basetest - Clicked on : ft is clicked
16:41:27.761 [main] INFO  com.demo.baseutil.Basetest - Validate wt is clicked is clickable
16:41:30.186 [main] INFO  com.demo.baseutil.Basetest - Clicked on : wt is clicked
16:41:32.194 [main] INFO  com.demo.baseutil.Basetest - Enter the value into weight entered
16:41:32.526 [main] INFO  com.demo.baseutil.Basetest - 1000 typed into weight entered
16:41:34.534 [main] INFO  com.demo.baseutil.Basetest - Validate wtcap is clicked is clickable
16:41:36.833 [main] INFO  com.demo.baseutil.Basetest - Clicked on : wtcap is clicked
16:41:38.850 [main] INFO  com.demo.baseutil.Basetest - Validate tons is clicked is clickable
16:41:41.279 [main] INFO  com.demo.baseutil.Basetest - Clicked on : tons is clicked
16:41:43.287 [main] INFO  com.demo.baseutil.Basetest - Validate Click on Add button is clickable
16:41:45.709 [main] INFO  com.demo.baseutil.Basetest - Clicked on : Click on Add button
16:41:56.729 [main] INFO  com.demo.baseutil.Basetest - Validate transaction is clicked is clickable
16:41:59.281 [main] INFO  com.demo.baseutil.Basetest - Clicked on : transaction is clicked
16:42:04.295 [main] INFO  com.demo.baseutil.Basetest - Validate add new is clicked is clickable
16:42:06.714 [main] INFO  com.demo.baseutil.Basetest - Clicked on : add new is clicked
16:42:11.720 [main] INFO  com.demo.baseutil.Basetest - Validate Product id is clicked is clickable
16:42:14.157 [main] INFO  com.demo.baseutil.Basetest - Clicked on : Product id is clicked
16:42:16.173 [main] INFO  com.demo.baseutil.Basetest - Enter the value into Saved Value is entered
16:42:16.460 [main] INFO  com.demo.baseutil.Basetest - F2PG10002465 typed into Saved Value is entered
16:42:18.471 [main] INFO  com.demo.baseutil.Basetest - Validate Product id is clicked is clickable
16:42:20.836 [main] INFO  com.demo.baseutil.Basetest - Clicked on : Product id is clicked
16:42:22.847 [main] INFO  com.demo.baseutil.Basetest - Validate Product id is clicked is clickable
16:42:25.170 [main] INFO  com.demo.baseutil.Basetest - Clicked on : Product id is clicked
16:42:27.170 [main] INFO  com.demo.baseutil.Basetest - Validate chooseprocess id is clicked is clickable
16:42:29.593 [main] INFO  com.demo.baseutil.Basetest - Clicked on : chooseprocess id is clicked
16:42:31.605 [main] INFO  com.demo.baseutil.Basetest - Enter the value into Harvestiong/commission is entered
16:42:31.941 [main] INFO  com.demo.baseutil.Basetest - processcomm typed into Harvestiong/commission is entered
16:42:33.950 [main] INFO  com.demo.baseutil.Basetest - Validate chooseprocess id is clicked is clickable
16:42:36.270 [main] INFO  com.demo.baseutil.Basetest - Clicked on : chooseprocess id is clicked
16:42:39.280 [main] INFO  com.demo.baseutil.Basetest - Validate Process commision is selected is clickable
16:42:41.697 [main] INFO  com.demo.baseutil.Basetest - Clicked on : Process commision is selected
16:42:43.719 [main] INFO  com.demo.baseutil.Basetest - Scroll down successful
16:42:43.719 [main] INFO  com.demo.baseutil.Basetest - Validate date is selected is clickable
16:42:46.196 [main] INFO  com.demo.baseutil.Basetest - Clicked on : date is selected
16:42:47.200 [main] INFO  com.demo.baseutil.Basetest - Validate date netx button is clickable
16:42:49.560 [main] INFO  com.demo.baseutil.Basetest - Clicked on : date netx button
16:42:49.560 [main] INFO  com.demo.baseutil.Basetest - Validate date is entered is clickable
16:42:51.990 [main] INFO  com.demo.baseutil.Basetest - Clicked on : date is entered
16:42:54.006 [main] INFO  com.demo.baseutil.Basetest - Validate date is selected is clickable
16:42:56.478 [main] INFO  com.demo.baseutil.Basetest - Clicked on : date is selected
16:43:02.543 [main] INFO  com.demo.baseutil.Basetest - Scroll down
16:43:02.544 [main] INFO  com.demo.baseutil.Basetest - Validate activity is selected is clickable
16:43:04.931 [main] INFO  com.demo.baseutil.Basetest - Clicked on : activity is selected
16:43:04.931 [main] INFO  com.demo.baseutil.Basetest - Enter the value into activity Value is entered
16:43:05.213 [main] INFO  com.demo.baseutil.Basetest - abcd typed into activity Value is entered
16:43:07.216 [main] INFO  com.demo.baseutil.Basetest - Validate packing type dropdown is selected is clickable
16:43:09.551 [main] INFO  com.demo.baseutil.Basetest - Clicked on : packing type dropdown is selected
16:43:09.551 [main] INFO  com.demo.baseutil.Basetest - Validate packing type dropdown is selected is clickable
16:43:12.005 [main] INFO  com.demo.baseutil.Basetest - Clicked on : packing type dropdown is selected
16:43:18.090 [main] INFO  com.demo.baseutil.Basetest - Scroll down
16:43:18.090 [main] INFO  com.demo.baseutil.Basetest - Validate tlc is clicked is clickable
16:43:20.496 [main] INFO  com.demo.baseutil.Basetest - Clicked on : tlc is clicked
16:43:20.496 [main] INFO  com.demo.baseutil.Basetest - Enter the value into Tlc no is entered
16:43:20.826 [main] INFO  com.demo.baseutil.Basetest - 1234567890 typed into Tlc no is entered
16:43:20.826 [main] INFO  com.demo.baseutil.Basetest - Validate location is clicked is clickable
16:43:23.198 [main] INFO  com.demo.baseutil.Basetest - Clicked on : location is clicked
16:43:23.198 [main] INFO  com.demo.baseutil.Basetest - Enter the value into location no is entered
16:43:23.548 [main] INFO  com.demo.baseutil.Basetest - test typed into location no is entered
16:43:23.548 [main] INFO  com.demo.baseutil.Basetest - Validate commodity is clicked is clickable
16:43:25.930 [main] INFO  com.demo.baseutil.Basetest - Clicked on : commodity is clicked
16:43:25.930 [main] INFO  com.demo.baseutil.Basetest - Enter the value into commodity is entered
16:43:26.259 [main] INFO  com.demo.baseutil.Basetest - commodity typed into commodity is entered
16:43:26.259 [main] INFO  com.demo.baseutil.Basetest - Scroll till the scrolled to down
16:43:26.346 [main] INFO  com.demo.baseutil.Basetest - Scroll till the scrolled to down completed
16:43:26.346 [main] INFO  com.demo.baseutil.Basetest - Validate count sgtin is clicked is clickable
16:43:28.747 [main] INFO  com.demo.baseutil.Basetest - Clicked on : count sgtin is clicked
16:43:28.747 [main] INFO  com.demo.baseutil.Basetest - Enter the value into countsgtin is entered
16:43:29.000 [main] INFO  com.demo.baseutil.Basetest - 123 typed into countsgtin is entered
16:43:29.000 [main] INFO  com.demo.baseutil.Basetest - Validate weightsgtin sgtin is clicked is clickable
16:43:31.387 [main] INFO  com.demo.baseutil.Basetest - Clicked on : weightsgtin sgtin is clicked
16:43:31.387 [main] INFO  com.demo.baseutil.Basetest - Enter the value into weightsgtin is entered
16:43:31.755 [main] INFO  com.demo.baseutil.Basetest - 1234567 typed into weightsgtin is entered
16:43:31.756 [main] INFO  com.demo.baseutil.Basetest - Validate itemsgtin sgtin is clicked is clickable
16:43:34.088 [main] INFO  com.demo.baseutil.Basetest - Clicked on : itemsgtin sgtin is clicked
16:43:34.088 [main] INFO  com.demo.baseutil.Basetest - Validate itemgtin is entered is clickable
16:43:36.462 [main] INFO  com.demo.baseutil.Basetest - Clicked on : itemgtin is entered
16:43:36.463 [main] INFO  com.demo.baseutil.Basetest - Validate filed is clicked is clickable
16:43:38.868 [main] INFO  com.demo.baseutil.Basetest - Clicked on : filed is clicked
16:43:38.868 [main] INFO  com.demo.baseutil.Basetest - Enter the value into filed is entered
16:43:39.189 [main] INFO  com.demo.baseutil.Basetest - filed typed into filed is entered
16:43:39.189 [main] INFO  com.demo.baseutil.Basetest - Validate container is clicked is clickable
16:43:41.564 [main] INFO  com.demo.baseutil.Basetest - Clicked on : container is clicked
16:43:41.564 [main] INFO  com.demo.baseutil.Basetest - Enter the value into filed is entered
16:43:41.987 [main] INFO  com.demo.baseutil.Basetest - container564564564 typed into filed is entered
16:43:45.990 [main] INFO  com.demo.baseutil.Basetest - Validate Selected the conatiner is clickable
16:43:48.440 [main] INFO  com.demo.baseutil.Basetest - Clicked on : Selected the conatiner
16:43:49.442 [main] INFO  com.demo.baseutil.Basetest - Validate document is clicked is clickable
16:43:51.748 [main] INFO  com.demo.baseutil.Basetest - Clicked on : document is clicked
16:43:51.748 [main] INFO  com.demo.baseutil.Basetest - Enter the value into document is entered
16:43:52.097 [main] INFO  com.demo.baseutil.Basetest - 1234567 typed into document is entered
16:43:56.199 [main] INFO  com.demo.baseutil.Basetest - Scroll down
16:43:56.199 [main] INFO  com.demo.baseutil.Basetest - Validate Add Transaction is selected is clickable
16:43:58.656 [main] INFO  com.demo.baseutil.Basetest - Clicked on : Add Transaction is selected
16:44:09.680 [main] INFO  com.demo.baseutil.Basetest - Scroll till the Transaction is scrolled
16:44:09.782 [main] INFO  com.demo.baseutil.Basetest - Scroll till the Transaction is scrolled completed
16:44:09.782 [main] INFO  com.demo.baseutil.Basetest - Validate transaction is clicked is clickable
16:44:12.133 [main] INFO  com.demo.baseutil.Basetest - Clicked on : transaction is clicked
16:44:14.148 [main] INFO  com.demo.baseutil.Basetest - Validate productid is selected is clickable
16:44:16.494 [main] INFO  com.demo.baseutil.Basetest - Clicked on : productid is selected
16:44:16.494 [main] INFO  com.demo.baseutil.Basetest - Enter the value into enter the productid
16:44:16.873 [main] INFO  com.demo.baseutil.Basetest - F2PG10002465 typed into enter the productid
16:44:16.874 [main] INFO  com.demo.baseutil.Basetest - Validate search is selected is clickable
16:44:19.300 [main] INFO  com.demo.baseutil.Basetest - Clicked on : search is selected
16:44:19.300 [main] INFO  com.demo.baseutil.Basetest - Validate search button is clicked is clickable
16:44:21.676 [main] INFO  com.demo.baseutil.Basetest - Clicked on : search button is clicked
16:44:23.757 [main] INFO  com.demo.baseutil.Basetest - Scroll up
16:44:25.795 [main] INFO  com.demo.baseutil.Basetest - Scroll up
16:44:29.814 [main] INFO  com.demo.baseutil.Basetest - Validate transaction is clicked is clickable
16:44:32.811 [main] INFO  com.demo.baseutil.Basetest - Clicked on : transaction is clicked
16:44:37.812 [main] INFO  com.demo.baseutil.Basetest - Scroll till the Transaction is scrolled
16:44:37.895 [main] INFO  com.demo.baseutil.Basetest - Scroll till the Transaction is scrolled completed
16:44:37.896 [main] INFO  com.demo.baseutil.Basetest - Validate transaction is clicked is clickable
16:44:40.455 [main] INFO  com.demo.baseutil.Basetest - Clicked on : transaction is clicked
16:44:45.471 [main] INFO  com.demo.baseutil.Basetest - Validate add new is clicked is clickable
16:44:47.915 [main] INFO  com.demo.baseutil.Basetest - Clicked on : add new is clicked
16:44:52.920 [main] INFO  com.demo.baseutil.Basetest - Validate Product id is clicked is clickable
16:44:55.294 [main] INFO  com.demo.baseutil.Basetest - Clicked on : Product id is clicked
16:44:57.302 [main] INFO  com.demo.baseutil.Basetest - Enter the value into Saved Value is entered
16:44:57.627 [main] INFO  com.demo.baseutil.Basetest - F2PG10002465 typed into Saved Value is entered
16:44:59.645 [main] INFO  com.demo.baseutil.Basetest - Validate Product id is clicked is clickable
16:45:01.998 [main] INFO  com.demo.baseutil.Basetest - Clicked on : Product id is clicked
16:45:04.006 [main] INFO  com.demo.baseutil.Basetest - Validate Product id is clicked is clickable
16:45:06.401 [main] INFO  com.demo.baseutil.Basetest - Clicked on : Product id is clicked
16:45:08.402 [main] INFO  com.demo.baseutil.Basetest - Validate chooseprocess id is clicked is clickable
16:45:10.779 [main] INFO  com.demo.baseutil.Basetest - Clicked on : chooseprocess id is clicked
16:45:12.786 [main] INFO  com.demo.baseutil.Basetest - Enter the value into Transformation is entered
16:45:13.153 [main] INFO  com.demo.baseutil.Basetest - transformation typed into Transformation is entered
16:45:15.164 [main] INFO  com.demo.baseutil.Basetest - Validate chooseprocess id is clicked is clickable
16:45:17.451 [main] INFO  com.demo.baseutil.Basetest - Clicked on : chooseprocess id is clicked
16:45:20.460 [main] INFO  com.demo.baseutil.Basetest - Validate Process Transformation is selected is clickable
16:45:22.876 [main] INFO  com.demo.baseutil.Basetest - Clicked on : Process Transformation is selected
16:45:27.878 [main] INFO  com.demo.baseutil.Basetest - Validate date is selected is clickable
16:45:30.309 [main] INFO  com.demo.baseutil.Basetest - Clicked on : date is selected
16:45:31.313 [main] INFO  com.demo.baseutil.Basetest - Validate date prev button is clickable
16:45:33.704 [main] INFO  com.demo.baseutil.Basetest - Clicked on : date prev button
16:45:33.704 [main] INFO  com.demo.baseutil.Basetest - Validate date is entered is clickable
16:45:36.190 [main] INFO  com.demo.baseutil.Basetest - Clicked on : date is entered
16:45:38.194 [main] INFO  com.demo.baseutil.Basetest - Validate date is selected is clickable
16:45:40.667 [main] INFO  com.demo.baseutil.Basetest - Clicked on : date is selected
16:45:42.682 [main] INFO  com.demo.baseutil.Basetest - Validate date is selected is clickable
16:45:44.982 [main] INFO  com.demo.baseutil.Basetest - Clicked on : date is selected
16:45:45.996 [main] INFO  com.demo.baseutil.Basetest - Validate date next button is clickable
16:45:48.422 [main] INFO  com.demo.baseutil.Basetest - Clicked on : date next button
16:45:48.422 [main] INFO  com.demo.baseutil.Basetest - Validate date is entered is clickable
16:45:50.748 [main] INFO  com.demo.baseutil.Basetest - Clicked on : date is entered
16:45:52.752 [main] INFO  com.demo.baseutil.Basetest - Validate date is selected is clickable
16:45:55.095 [main] INFO  com.demo.baseutil.Basetest - Clicked on : date is selected
16:46:01.220 [main] INFO  com.demo.baseutil.Basetest - Scroll down
16:46:01.220 [main] INFO  com.demo.baseutil.Basetest - Validate activity is selected is clickable
16:46:03.609 [main] INFO  com.demo.baseutil.Basetest - Clicked on : activity is selected
16:46:03.609 [main] INFO  com.demo.baseutil.Basetest - Enter the value into activity Value is entered
16:46:03.954 [main] INFO  com.demo.baseutil.Basetest - abcd typed into activity Value is entered
16:46:05.963 [main] INFO  com.demo.baseutil.Basetest - Validate newlgtin is clicked is clickable
16:46:08.393 [main] INFO  com.demo.baseutil.Basetest - Clicked on : newlgtin is clicked
16:46:08.393 [main] INFO  com.demo.baseutil.Basetest - Enter the value into lotvalue is entered
16:46:08.828 [main] INFO  com.demo.baseutil.Basetest - 1781008102410000005 typed into lotvalue is entered
16:46:11.847 [main] INFO  com.demo.baseutil.Basetest - Validate newlgtinarrow is clicked is clickable
16:46:14.216 [main] INFO  com.demo.baseutil.Basetest - Clicked on : newlgtinarrow is clicked
16:46:17.227 [main] INFO  com.demo.baseutil.Basetest - Scroll till the packing type scrolled
16:46:17.332 [main] INFO  com.demo.baseutil.Basetest - Scroll till the packing type scrolled completed
16:46:19.336 [main] INFO  com.demo.baseutil.Basetest - Validate qtyconsumed is clicked is clickable
16:46:21.726 [main] INFO  com.demo.baseutil.Basetest - Clicked on : qtyconsumed is clicked
16:46:21.726 [main] INFO  com.demo.baseutil.Basetest - Enter the value into qtyconsumeda is entered
16:46:22.022 [main] INFO  com.demo.baseutil.Basetest - 1 typed into qtyconsumeda is entered
16:46:22.022 [main] INFO  com.demo.baseutil.Basetest - Validate packingtype is selected is clickable
16:46:24.415 [main] INFO  com.demo.baseutil.Basetest - Clicked on : packingtype is selected
16:46:26.416 [main] INFO  com.demo.baseutil.Basetest - Validate packingtypeselect is selected is clickable
16:46:28.833 [main] INFO  com.demo.baseutil.Basetest - Clicked on : packingtypeselect is selected
16:46:30.836 [main] INFO  com.demo.baseutil.Basetest - Scroll till the batch scrolled
16:46:30.957 [main] INFO  com.demo.baseutil.Basetest - Scroll till the batch scrolled completed
16:46:32.966 [main] INFO  com.demo.baseutil.Basetest - Validate remarks is selected is clickable
16:46:35.413 [main] INFO  com.demo.baseutil.Basetest - Clicked on : remarks is selected
16:46:35.414 [main] INFO  com.demo.baseutil.Basetest - Enter the value into remarks Value is entered
16:46:35.735 [main] INFO  com.demo.baseutil.Basetest - test typed into remarks Value is entered
16:46:35.735 [main] INFO  com.demo.baseutil.Basetest - Validate document is selected is clickable
16:46:38.115 [main] INFO  com.demo.baseutil.Basetest - Clicked on : document is selected
16:46:38.117 [main] INFO  com.demo.baseutil.Basetest - Enter the value into document Value is entered
16:46:38.402 [main] INFO  com.demo.baseutil.Basetest - 12345 typed into document Value is entered
16:46:38.402 [main] INFO  com.demo.baseutil.Basetest - Scroll till the addtran is scrolled
16:46:38.492 [main] INFO  com.demo.baseutil.Basetest - Scroll till the addtran is scrolled completed
16:46:40.504 [main] INFO  com.demo.baseutil.Basetest - Validate tlc is selected is clickable
16:46:42.927 [main] INFO  com.demo.baseutil.Basetest - Clicked on : tlc is selected
16:46:42.927 [main] INFO  com.demo.baseutil.Basetest - Enter the value into tlc Value is entered
16:46:43.207 [main] INFO  com.demo.baseutil.Basetest - 12345 typed into tlc Value is entered
16:46:43.208 [main] INFO  com.demo.baseutil.Basetest - Validate count sgtin is clicked is clickable
16:46:45.614 [main] INFO  com.demo.baseutil.Basetest - Clicked on : count sgtin is clicked
16:46:45.614 [main] INFO  com.demo.baseutil.Basetest - Enter the value into countsgtin is entered
16:46:45.924 [main] INFO  com.demo.baseutil.Basetest - 123 typed into countsgtin is entered
16:46:45.924 [main] INFO  com.demo.baseutil.Basetest - Validate itemsgtin is selected is clickable
16:46:48.279 [main] INFO  com.demo.baseutil.Basetest - Clicked on : itemsgtin is selected
16:46:48.279 [main] INFO  com.demo.baseutil.Basetest - Validate itemsgtinvalue is selected is clickable
16:46:50.663 [main] INFO  com.demo.baseutil.Basetest - Clicked on : itemsgtinvalue is selected
16:46:50.663 [main] INFO  com.demo.baseutil.Basetest - Validate Add Transaction is selected is clickable
16:46:53.066 [main] INFO  com.demo.baseutil.Basetest - Clicked on : Add Transaction is selected
16:47:13.153 [main] INFO  com.demo.baseutil.Basetest - Scroll down
16:47:24.215 [main] INFO  com.demo.baseutil.Basetest - Scroll down
16:47:26.219 [main] INFO  com.demo.baseutil.Basetest - Validate transaction is clicked is clickable
16:47:28.693 [main] INFO  com.demo.baseutil.Basetest - Clicked on : transaction is clicked
16:47:33.698 [main] INFO  com.demo.baseutil.Basetest - Validate productid is selected is clickable
16:47:36.092 [main] INFO  com.demo.baseutil.Basetest - Clicked on : productid is selected
16:47:36.092 [main] INFO  com.demo.baseutil.Basetest - Enter the value into enter the productid
16:47:36.434 [main] INFO  com.demo.baseutil.Basetest - F2PG10002465 typed into enter the productid
16:47:36.434 [main] INFO  com.demo.baseutil.Basetest - Validate productid is selected is clickable
16:47:38.730 [main] INFO  com.demo.baseutil.Basetest - Clicked on : productid is selected
16:47:40.732 [main] INFO  com.demo.baseutil.Basetest - Validate productid is selected is clickable
16:47:43.126 [main] INFO  com.demo.baseutil.Basetest - Clicked on : productid is selected
16:47:49.131 [main] INFO  com.demo.baseutil.Basetest - Validate search is selected is clickable
16:47:51.526 [main] INFO  com.demo.baseutil.Basetest - Clicked on : search is selected
16:47:57.590 [main] INFO  com.demo.baseutil.Basetest - Scroll up
16:47:59.625 [main] INFO  com.demo.baseutil.Basetest - Scroll up
16:48:03.642 [main] INFO  com.demo.baseutil.Basetest - Validate transaction is clicked is clickable
16:48:06.149 [main] INFO  com.demo.baseutil.Basetest - Clicked on : transaction is clicked
16:48:11.160 [main] INFO  com.demo.baseutil.Basetest - Validate add new is clicked is clickable
16:48:13.513 [main] INFO  com.demo.baseutil.Basetest - Clicked on : add new is clicked
16:48:18.520 [main] INFO  com.demo.baseutil.Basetest - Validate Product id is clicked is clickable
16:48:20.925 [main] INFO  com.demo.baseutil.Basetest - Clicked on : Product id is clicked
16:48:22.933 [main] INFO  com.demo.baseutil.Basetest - Enter the value into Saved Value is entered
16:48:23.255 [main] INFO  com.demo.baseutil.Basetest - F2PG10002465 typed into Saved Value is entered
16:48:25.272 [main] INFO  com.demo.baseutil.Basetest - Validate Product id is clicked is clickable
16:48:27.720 [main] INFO  com.demo.baseutil.Basetest - Clicked on : Product id is clicked
16:48:29.728 [main] INFO  com.demo.baseutil.Basetest - Validate Product id is clicked is clickable
16:48:32.079 [main] INFO  com.demo.baseutil.Basetest - Clicked on : Product id is clicked
16:48:34.079 [main] INFO  com.demo.baseutil.Basetest - Validate chooseprocess id is clicked is clickable
16:48:36.427 [main] INFO  com.demo.baseutil.Basetest - Clicked on : chooseprocess id is clicked
16:48:38.432 [main] INFO  com.demo.baseutil.Basetest - Enter the value into Observation is entered
16:48:38.744 [main] INFO  com.demo.baseutil.Basetest - processobsnosscc typed into Observation is entered
16:48:42.745 [main] INFO  com.demo.baseutil.Basetest - Validate chooseprocess id is clicked is clickable
16:48:45.074 [main] INFO  com.demo.baseutil.Basetest - Clicked on : chooseprocess id is clicked
16:48:48.075 [main] INFO  com.demo.baseutil.Basetest - Validate activity is clicked is clickable
16:48:50.427 [main] INFO  com.demo.baseutil.Basetest - Clicked on : activity is clicked
16:48:52.432 [main] INFO  com.demo.baseutil.Basetest - Enter the value into activity is entered
16:48:52.722 [main] INFO  com.demo.baseutil.Basetest - activity typed into activity is entered
16:48:55.730 [main] INFO  com.demo.baseutil.Basetest - Scroll till the add trans is scrolled down
16:48:55.836 [main] INFO  com.demo.baseutil.Basetest - Scroll till the add trans is scrolled down completed
16:48:58.847 [main] INFO  com.demo.baseutil.Basetest - Validate newbatchlot is clicked is clickable
16:49:01.282 [main] INFO  com.demo.baseutil.Basetest - Clicked on : newbatchlot is clicked
16:49:01.282 [main] INFO  com.demo.baseutil.Basetest - Enter the value into lot value is entered
16:49:01.661 [main] INFO  com.demo.baseutil.Basetest - 1781008102410000006 typed into lot value is entered
16:49:01.663 [main] INFO  com.demo.baseutil.Basetest - Validate obslgtinarrow is clicked is clickable
16:49:04.045 [main] INFO  com.demo.baseutil.Basetest - Clicked on : obslgtinarrow is clicked
16:49:06.056 [main] INFO  com.demo.baseutil.Basetest - Scroll till the addd transaction button scrolled
16:49:06.161 [main] INFO  com.demo.baseutil.Basetest - Scroll till the addd transaction button scrolled completed
16:49:06.161 [main] INFO  com.demo.baseutil.Basetest - Validate Add Transaction is selected is clickable
16:49:08.545 [main] INFO  com.demo.baseutil.Basetest - Clicked on : Add Transaction is selected
16:49:23.581 [main] INFO  com.demo.baseutil.Basetest - Validate click on trace is clickable
16:49:25.976 [main] INFO  com.demo.baseutil.Basetest - Clicked on : click on trace
16:49:38.027 [main] INFO  com.demo.baseutil.Basetest - Validate click on trace is clickable
16:49:40.322 [main] INFO  com.demo.baseutil.Basetest - Clicked on : click on trace
16:49:46.398 [main] INFO  com.demo.baseutil.Basetest - Validate Asset & Infrastructure Data is clicked is clickable
16:49:48.798 [main] INFO  com.demo.baseutil.Basetest - Clicked on : Asset & Infrastructure Data is clicked
16:49:50.809 [main] INFO  com.demo.baseutil.Basetest - Validate Assets is clicked is clickable
16:49:53.333 [main] INFO  com.demo.baseutil.Basetest - Clicked on : Assets is clicked
16:49:55.347 [main] INFO  com.demo.baseutil.Basetest - Validate Add new is clicked is clickable
16:49:57.106 [main] INFO  com.demo.baseutil.Basetest - Browser is closed sucessfuly
16:49:58.320 [main] INFO  com.demo.baseutil.Basetest - Browser is closed sucessfuly
16:49:59.229 [main] ERROR com.demo.baseutil.Basetest - Failed to close the Browser
