17:16:20.624 [main] INFO  com.demo.baseutil.Basetest - 
17:16:20.630 [main] INFO  com.demo.baseutil.Basetest - Running locally JavaMail
17:16:20.725 [main] INFO  com.demo.baseutil.Basetest2 - Folder creation for Extent
17:16:20.731 [main] INFO  com.demo.baseutil.Basetest - ExtentDir:-C:\Users\Deepti Jindal\eclipse-workspace2\com.NFR.Trace demo latest/reports/Automation Report- 09_11_2024_17_16_20/Report/09_11_2024_17_16_20
17:16:20.835 [main] INFO  com.demo.baseutil.Basetest - Report Initiated
17:16:20.837 [main] INFO  com.demo.baseutil.Basetest - Screenshot folder created
17:16:31.263 [main] INFO  com.demo.baseutil.Basetest - Validate Sign in with FarmtoPlate account is clickable
17:16:33.589 [main] INFO  com.demo.baseutil.Basetest - Clicked on : Sign in with FarmtoPlate account
17:16:33.603 [main] INFO  com.demo.baseutil.Basetest - Url contains farmtoplateapps.io/login
17:16:33.615 [main] INFO  com.demo.baseutil.Basetest - Sign in title matched
17:16:33.615 [main] INFO  com.demo.baseutil.Basetest - UI verified for Sigin page.
17:16:33.615 [main] INFO  com.demo.baseutil.Basetest - Sign in function call
17:16:33.616 [main] INFO  com.demo.baseutil.Basetest - Validate email address field is clicked is clickable
17:16:35.985 [main] INFO  com.demo.baseutil.Basetest - Clicked on : email address field is clicked
17:16:35.987 [main] INFO  com.demo.baseutil.Basetest - Enter the value into Email Id Entered
17:16:36.302 [main] INFO  com.demo.baseutil.Basetest - manufactdemo@yopmail.com typed into Email Id Entered
17:16:36.302 [main] INFO  com.demo.baseutil.Basetest - Validate Enter the password is clickable
17:16:38.556 [main] INFO  com.demo.baseutil.Basetest - Clicked on : Enter the password
17:16:38.556 [main] INFO  com.demo.baseutil.Basetest - Enter the value into Password Id Entered
17:16:38.764 [main] INFO  com.demo.baseutil.Basetest - Admin@1234 typed into Password Id Entered
17:16:42.838 [main] INFO  com.demo.baseutil.Basetest - Scroll down
17:16:42.839 [main] INFO  com.demo.baseutil.Basetest - Validate Press the signin button is clickable
17:16:46.105 [main] INFO  com.demo.baseutil.Basetest - Clicked on : Press the signin button
17:16:48.631 [main] INFO  com.demo.baseutil.Basetest - HomePage title  is matched
17:16:50.632 [main] INFO  com.demo.baseutil.Basetest - Validate click on trace is clickable
17:16:54.751 [main] INFO  com.demo.baseutil.Basetest - Clicked on : click on trace
17:17:02.846 [main] INFO  com.demo.baseutil.Basetest - Scroll down
17:17:13.907 [main] INFO  com.demo.baseutil.Basetest - Scroll down
17:17:15.923 [main] INFO  com.demo.baseutil.Basetest - Validate transaction is clicked is clickable
17:17:18.441 [main] INFO  com.demo.baseutil.Basetest - Clicked on : transaction is clicked
17:17:23.456 [main] INFO  com.demo.baseutil.Basetest - Validate productid is selected is clickable
17:17:25.882 [main] INFO  com.demo.baseutil.Basetest - Clicked on : productid is selected
17:17:25.882 [main] INFO  com.demo.baseutil.Basetest - Enter the value into enter the productid
17:17:26.196 [main] INFO  com.demo.baseutil.Basetest - F2PG10000194 typed into enter the productid
17:17:26.196 [main] INFO  com.demo.baseutil.Basetest - Validate productid is selected is clickable
17:17:28.605 [main] INFO  com.demo.baseutil.Basetest - Clicked on : productid is selected
17:17:30.614 [main] INFO  com.demo.baseutil.Basetest - Validate productid is selected is clickable
17:17:33.051 [main] INFO  com.demo.baseutil.Basetest - Clicked on : productid is selected
17:17:39.069 [main] INFO  com.demo.baseutil.Basetest - Validate search is selected is clickable
17:17:41.452 [main] INFO  com.demo.baseutil.Basetest - Clicked on : search is selected
17:17:47.526 [main] INFO  com.demo.baseutil.Basetest - Scroll up
17:17:49.553 [main] INFO  com.demo.baseutil.Basetest - Scroll up
17:17:53.569 [main] INFO  com.demo.baseutil.Basetest - Validate transaction is clicked is clickable
17:17:55.995 [main] INFO  com.demo.baseutil.Basetest - Clicked on : transaction is clicked
17:18:01.010 [main] INFO  com.demo.baseutil.Basetest - Validate add new is clicked is clickable
17:18:03.480 [main] INFO  com.demo.baseutil.Basetest - Clicked on : add new is clicked
17:18:08.492 [main] INFO  com.demo.baseutil.Basetest - Validate Product id is clicked is clickable
17:18:10.800 [main] INFO  com.demo.baseutil.Basetest - Clicked on : Product id is clicked
17:18:12.805 [main] INFO  com.demo.baseutil.Basetest - Enter the value into Saved Value is entered
17:18:13.042 [main] INFO  com.demo.baseutil.Basetest - F2PG10000194 typed into Saved Value is entered
17:18:15.044 [main] INFO  com.demo.baseutil.Basetest - Validate Product id is clicked is clickable
17:18:17.295 [main] INFO  com.demo.baseutil.Basetest - Clicked on : Product id is clicked
17:18:19.297 [main] INFO  com.demo.baseutil.Basetest - Validate Product id is clicked is clickable
17:18:21.568 [main] INFO  com.demo.baseutil.Basetest - Clicked on : Product id is clicked
17:18:23.573 [main] INFO  com.demo.baseutil.Basetest - Validate chooseprocess id is clicked is clickable
17:18:25.869 [main] INFO  com.demo.baseutil.Basetest - Clicked on : chooseprocess id is clicked
17:18:27.872 [main] INFO  com.demo.baseutil.Basetest - Enter the value into Observation is entered
17:18:28.098 [main] INFO  com.demo.baseutil.Basetest - processobsnosscc typed into Observation is entered
17:18:32.101 [main] INFO  com.demo.baseutil.Basetest - Validate chooseprocess id is clicked is clickable
17:18:34.396 [main] INFO  com.demo.baseutil.Basetest - Clicked on : chooseprocess id is clicked
17:18:37.405 [main] INFO  com.demo.baseutil.Basetest - Validate activity is clicked is clickable
17:18:39.694 [main] INFO  com.demo.baseutil.Basetest - Clicked on : activity is clicked
17:18:41.700 [main] INFO  com.demo.baseutil.Basetest - Enter the value into activity is entered
17:18:41.940 [main] INFO  com.demo.baseutil.Basetest - activity typed into activity is entered
17:18:44.951 [main] INFO  com.demo.baseutil.Basetest - Scroll till the add trans is scrolled down
17:18:45.039 [main] INFO  com.demo.baseutil.Basetest - Scroll till the add trans is scrolled down completed
17:18:48.055 [main] INFO  com.demo.baseutil.Basetest - Validate newbatchlot is clicked is clickable
17:18:50.293 [main] INFO  com.demo.baseutil.Basetest - Clicked on : newbatchlot is clicked
17:18:50.293 [main] INFO  com.demo.baseutil.Basetest - Enter the value into lot value is entered
17:18:50.569 [main] INFO  com.demo.baseutil.Basetest - 1271011092410000009 typed into lot value is entered
17:18:50.569 [main] INFO  com.demo.baseutil.Basetest - Validate obslgtinarrow is clicked is clickable
17:18:52.835 [main] INFO  com.demo.baseutil.Basetest - Clicked on : obslgtinarrow is clicked
17:18:54.848 [main] INFO  com.demo.baseutil.Basetest - Scroll till the addd transaction button scrolled
17:18:54.921 [main] INFO  com.demo.baseutil.Basetest - Scroll till the addd transaction button scrolled completed
17:18:54.921 [main] INFO  com.demo.baseutil.Basetest - Validate Add Transaction is selected is clickable
17:18:57.183 [main] INFO  com.demo.baseutil.Basetest - Clicked on : Add Transaction is selected
17:19:24.214 [main] INFO  com.demo.baseutil.Basetest - Validate click on trace is clickable
17:19:26.574 [main] INFO  com.demo.baseutil.Basetest - Clicked on : click on trace
17:19:32.632 [main] INFO  com.demo.baseutil.Basetest - Validate Asset & Infrastructure Data is clicked is clickable
17:19:53.024 [main] ERROR com.demo.baseutil.Basetest - Asset & Infrastructure Data is clicked is not clickable
17:19:53.024 [main] ERROR com.demo.baseutil.Basetest - Unable to click on Asset & Infrastructure Data is clicked
17:20:11.461 [main] INFO  com.demo.baseutil.Basetest - Browser is closed sucessfuly
17:20:12.622 [main] INFO  com.demo.baseutil.Basetest - Browser is closed sucessfuly
17:20:12.961 [main] ERROR com.demo.baseutil.Basetest - Failed to close the Browser
