17:26:06.685 [main] INFO  com.demo.baseutil.Basetest - 
17:26:06.697 [main] INFO  com.demo.baseutil.Basetest - Running locally JavaMail
17:26:06.814 [main] INFO  com.demo.baseutil.Basetest2 - Folder creation for Extent
17:26:06.820 [main] INFO  com.demo.baseutil.Basetest - ExtentDir:-C:\Users\Deepti Jindal\eclipse-workspace2\com.NFR.Trace demo latest/reports/Automation Report- 09_10_2024_17_26_06/Report/09_10_2024_17_26_06
17:26:06.910 [main] INFO  com.demo.baseutil.Basetest - Report Initiated
17:26:06.912 [main] INFO  com.demo.baseutil.Basetest - Screenshot folder created
17:26:19.680 [main] INFO  com.demo.baseutil.Basetest - Validate Sign in with FarmtoPlate account is clickable
17:26:22.201 [main] INFO  com.demo.baseutil.Basetest - Clicked on : Sign in with FarmtoPlate account
17:26:22.214 [main] INFO  com.demo.baseutil.Basetest - Url contains farmtoplateapps.io/login
17:26:22.220 [main] INFO  com.demo.baseutil.Basetest - Sign in title matched
17:26:22.220 [main] INFO  com.demo.baseutil.Basetest - UI verified for Sigin page.
17:26:22.220 [main] INFO  com.demo.baseutil.Basetest - Sign in function call
17:26:22.221 [main] INFO  com.demo.baseutil.Basetest - Validate email address field is clicked is clickable
17:26:24.862 [main] INFO  com.demo.baseutil.Basetest - Clicked on : email address field is clicked
17:26:24.863 [main] INFO  com.demo.baseutil.Basetest - Enter the value into Email Id Entered
17:26:25.203 [main] INFO  com.demo.baseutil.Basetest - deeksha.thakur@farmtoplate.io typed into Email Id Entered
17:26:25.203 [main] INFO  com.demo.baseutil.Basetest - Validate Enter the password is clickable
17:26:27.467 [main] INFO  com.demo.baseutil.Basetest - Clicked on : Enter the password
17:26:27.467 [main] INFO  com.demo.baseutil.Basetest - Enter the value into Password Id Entered
17:26:27.698 [main] INFO  com.demo.baseutil.Basetest - Admin@123$$ typed into Password Id Entered
17:26:31.778 [main] INFO  com.demo.baseutil.Basetest - Scroll down
17:26:31.778 [main] INFO  com.demo.baseutil.Basetest - Validate Press the signin button is clickable
17:26:34.556 [main] INFO  com.demo.baseutil.Basetest - Clicked on : Press the signin button
17:26:36.568 [main] INFO  com.demo.baseutil.Basetest - HomePage title  is matched
17:26:54.587 [main] INFO  com.demo.baseutil.Basetest - Validate click on trace is clickable
17:26:56.977 [main] INFO  com.demo.baseutil.Basetest - Clicked on : click on trace
17:27:03.062 [main] INFO  com.demo.baseutil.Basetest - Validate Asset & Infrastructure Data is clicked is clickable
17:27:05.519 [main] INFO  com.demo.baseutil.Basetest - Clicked on : Asset & Infrastructure Data is clicked
17:27:07.522 [main] INFO  com.demo.baseutil.Basetest - Validate Assets is clicked is clickable
17:27:09.980 [main] INFO  com.demo.baseutil.Basetest - Clicked on : Assets is clicked
17:27:11.992 [main] INFO  com.demo.baseutil.Basetest - Validate Add new is clicked is clickable
17:27:14.408 [main] INFO  com.demo.baseutil.Basetest - Clicked on : Add new is clicked
17:27:16.414 [main] INFO  com.demo.baseutil.Basetest - Validate Asset type is clicked is clickable
17:27:18.849 [main] INFO  com.demo.baseutil.Basetest - Clicked on : Asset type is clicked
17:27:18.849 [main] INFO  com.demo.baseutil.Basetest - Validate Click on Vehicle Name is clickable
17:27:21.315 [main] INFO  com.demo.baseutil.Basetest - Clicked on : Click on Vehicle Name
17:27:23.325 [main] INFO  com.demo.baseutil.Basetest - Validate container name is clicked is clickable
17:27:25.740 [main] INFO  com.demo.baseutil.Basetest - Clicked on : container name is clicked
17:27:25.741 [main] INFO  com.demo.baseutil.Basetest - Enter the value into enter the container name
17:27:26.144 [main] INFO  com.demo.baseutil.Basetest - container656656 typed into enter the container name
17:27:28.156 [main] INFO  com.demo.baseutil.Basetest - Validate length is clicked is clickable
17:27:30.555 [main] INFO  com.demo.baseutil.Basetest - Clicked on : length is clicked
17:27:32.561 [main] INFO  com.demo.baseutil.Basetest - Enter the value into enter the length
17:27:32.865 [main] INFO  com.demo.baseutil.Basetest - 10 typed into enter the length
17:27:32.865 [main] INFO  com.demo.baseutil.Basetest - Validate breadth is clicked is clickable
17:27:35.187 [main] INFO  com.demo.baseutil.Basetest - Clicked on : breadth is clicked
17:27:35.187 [main] INFO  com.demo.baseutil.Basetest - Enter the value into breath entered
17:27:35.431 [main] INFO  com.demo.baseutil.Basetest - 10 typed into breath entered
17:27:37.452 [main] INFO  com.demo.baseutil.Basetest - Validate height is clicked is clickable
17:27:39.837 [main] INFO  com.demo.baseutil.Basetest - Clicked on : height is clicked
17:27:41.843 [main] INFO  com.demo.baseutil.Basetest - Enter the value into height entered
17:27:42.162 [main] INFO  com.demo.baseutil.Basetest - 20 typed into height entered
17:27:44.169 [main] INFO  com.demo.baseutil.Basetest - Validate dom is clicked is clickable
17:27:46.492 [main] INFO  com.demo.baseutil.Basetest - Clicked on : dom is clicked
17:27:48.497 [main] INFO  com.demo.baseutil.Basetest - Validate ft is clicked is clickable
17:27:50.873 [main] INFO  com.demo.baseutil.Basetest - Clicked on : ft is clicked
17:27:52.875 [main] INFO  com.demo.baseutil.Basetest - Validate wt is clicked is clickable
17:27:55.237 [main] INFO  com.demo.baseutil.Basetest - Clicked on : wt is clicked
17:27:57.242 [main] INFO  com.demo.baseutil.Basetest - Enter the value into weight entered
17:27:57.533 [main] INFO  com.demo.baseutil.Basetest - 1000 typed into weight entered
17:27:59.552 [main] INFO  com.demo.baseutil.Basetest - Validate wtcap is clicked is clickable
17:28:01.953 [main] INFO  com.demo.baseutil.Basetest - Clicked on : wtcap is clicked
17:28:03.957 [main] INFO  com.demo.baseutil.Basetest - Validate tons is clicked is clickable
17:28:06.359 [main] INFO  com.demo.baseutil.Basetest - Clicked on : tons is clicked
17:28:08.364 [main] INFO  com.demo.baseutil.Basetest - Validate Click on Add button is clickable
17:28:10.709 [main] INFO  com.demo.baseutil.Basetest - Clicked on : Click on Add button
17:28:26.812 [main] INFO  com.demo.baseutil.Basetest - Scroll down
17:28:28.812 [main] INFO  com.demo.baseutil.Basetest - Validate transaction is clicked is clickable
17:28:31.365 [main] INFO  com.demo.baseutil.Basetest - Clicked on : transaction is clicked
17:28:38.381 [main] INFO  com.demo.baseutil.Basetest - Validate productid is selected is clickable
17:28:40.806 [main] INFO  com.demo.baseutil.Basetest - Clicked on : productid is selected
17:28:40.806 [main] INFO  com.demo.baseutil.Basetest - Enter the value into enter the productid
17:28:41.129 [main] INFO  com.demo.baseutil.Basetest - F2PG10000189 typed into enter the productid
17:28:41.129 [main] INFO  com.demo.baseutil.Basetest - Validate productid is selected is clickable
17:28:43.552 [main] INFO  com.demo.baseutil.Basetest - Clicked on : productid is selected
17:28:43.552 [main] INFO  com.demo.baseutil.Basetest - Validate search is selected is clickable
17:28:45.937 [main] INFO  com.demo.baseutil.Basetest - Clicked on : search is selected
17:28:45.937 [main] INFO  com.demo.baseutil.Basetest - Validate search button is clicked is clickable
17:28:48.278 [main] INFO  com.demo.baseutil.Basetest - Clicked on : search button is clicked
17:28:50.342 [main] INFO  com.demo.baseutil.Basetest - Scroll up
17:28:52.378 [main] INFO  com.demo.baseutil.Basetest - Scroll up
17:28:56.401 [main] INFO  com.demo.baseutil.Basetest - Validate transaction is clicked is clickable
17:28:58.893 [main] INFO  com.demo.baseutil.Basetest - Clicked on : transaction is clicked
17:29:03.901 [main] INFO  com.demo.baseutil.Basetest - Validate add new is clicked is clickable
17:29:06.288 [main] INFO  com.demo.baseutil.Basetest - Clicked on : add new is clicked
17:29:11.302 [main] INFO  com.demo.baseutil.Basetest - Validate Product id is clicked is clickable
17:29:13.690 [main] INFO  com.demo.baseutil.Basetest - Clicked on : Product id is clicked
17:29:15.691 [main] INFO  com.demo.baseutil.Basetest - Enter the value into Saved Value is entered
17:29:16.010 [main] INFO  com.demo.baseutil.Basetest - F2PG10000189 typed into Saved Value is entered
17:29:18.016 [main] INFO  com.demo.baseutil.Basetest - Validate Product id is clicked is clickable
17:29:20.337 [main] INFO  com.demo.baseutil.Basetest - Clicked on : Product id is clicked
17:29:22.347 [main] INFO  com.demo.baseutil.Basetest - Validate Product id is clicked is clickable
17:29:24.707 [main] INFO  com.demo.baseutil.Basetest - Clicked on : Product id is clicked
17:29:26.711 [main] INFO  com.demo.baseutil.Basetest - Validate chooseprocess id is clicked is clickable
17:29:29.100 [main] INFO  com.demo.baseutil.Basetest - Clicked on : chooseprocess id is clicked
17:29:31.109 [main] INFO  com.demo.baseutil.Basetest - Enter the value into Packing/aggregation is entered
17:29:31.395 [main] INFO  com.demo.baseutil.Basetest - Packing typed into Packing/aggregation is entered
17:29:33.407 [main] INFO  com.demo.baseutil.Basetest - Validate chooseprocess id is clicked is clickable
17:29:35.784 [main] INFO  com.demo.baseutil.Basetest - Clicked on : chooseprocess id is clicked
17:29:39.785 [main] INFO  com.demo.baseutil.Basetest - Validate Process aggre is selected is clickable
17:29:42.135 [main] INFO  com.demo.baseutil.Basetest - Clicked on : Process aggre is selected
17:29:44.165 [main] INFO  com.demo.baseutil.Basetest - Scroll down successful
17:29:44.165 [main] INFO  com.demo.baseutil.Basetest - Validate org is selected is clickable
17:29:46.535 [main] INFO  com.demo.baseutil.Basetest - Clicked on : org is selected
17:29:48.541 [main] INFO  com.demo.baseutil.Basetest - Enter the value into org value is entered
17:29:48.843 [main] INFO  com.demo.baseutil.Basetest - manu typed into org value is entered
17:29:53.844 [main] INFO  com.demo.baseutil.Basetest - Validate org is selected is clickable
17:29:56.225 [main] INFO  com.demo.baseutil.Basetest - Clicked on : org is selected
17:29:59.237 [main] INFO  com.demo.baseutil.Basetest - Validate location is selected is clickable
17:30:01.636 [main] INFO  com.demo.baseutil.Basetest - Clicked on : location is selected
17:30:01.637 [main] INFO  com.demo.baseutil.Basetest - Enter the value into location value is entered
17:30:01.961 [main] INFO  com.demo.baseutil.Basetest - test typed into location value is entered
17:30:06.963 [main] INFO  com.demo.baseutil.Basetest - Validate location is selected is clickable
17:30:09.380 [main] INFO  com.demo.baseutil.Basetest - Clicked on : location is selected
17:30:09.396 [main] INFO  com.demo.baseutil.Basetest - Scroll down successful
17:30:09.396 [main] INFO  com.demo.baseutil.Basetest - Validate activity is clicked is clickable
17:30:11.821 [main] INFO  com.demo.baseutil.Basetest - Clicked on : activity is clicked
17:30:13.826 [main] INFO  com.demo.baseutil.Basetest - Enter the value into activity is entered
17:30:14.197 [main] INFO  com.demo.baseutil.Basetest - activity typed into activity is entered
17:30:17.212 [main] INFO  com.demo.baseutil.Basetest - Scroll till the scrolles to lot
17:30:17.335 [main] INFO  com.demo.baseutil.Basetest - Scroll till the scrolles to lot completed
17:30:17.335 [main] INFO  com.demo.baseutil.Basetest - Validate sscc number is copied is clickable
17:30:19.789 [main] INFO  com.demo.baseutil.Basetest - Clicked on : sscc number is copied
17:30:29.392 [main] INFO  com.demo.baseutil.Basetest - Scroll up to the element: The lot is displayed after scroll up completed
17:30:32.401 [main] INFO  com.demo.baseutil.Basetest - Validate lot1 is clicked is clickable
17:30:34.862 [main] INFO  com.demo.baseutil.Basetest - Clicked on : lot1 is clicked
17:30:36.867 [main] INFO  com.demo.baseutil.Basetest - Enter the value into lotvalue is entered
17:30:37.709 [main] INFO  com.demo.baseutil.Basetest - 31010092410000006 typed into lotvalue is entered
17:30:39.716 [main] INFO  com.demo.baseutil.Basetest - Validate lot arrow is clicked is clickable
17:30:42.209 [main] INFO  com.demo.baseutil.Basetest - Clicked on : lot arrow is clicked
17:30:44.210 [main] INFO  com.demo.baseutil.Basetest - Scroll till the scrolled to packloc
17:30:44.319 [main] INFO  com.demo.baseutil.Basetest - Scroll till the scrolled to packloc completed
17:30:49.431 [main] INFO  com.demo.baseutil.Basetest - Scroll up to the element: The packloc is displayed after scroll up completed
17:30:54.448 [main] INFO  com.demo.baseutil.Basetest - Validate packloc is clicked is clickable
17:30:56.760 [main] INFO  com.demo.baseutil.Basetest - Clicked on : packloc is clicked
17:30:58.762 [main] INFO  com.demo.baseutil.Basetest - Enter the value into packing lot is entered
17:30:59.229 [main] INFO  com.demo.baseutil.Basetest - test typed into packing lot is entered
17:31:03.238 [main] INFO  com.demo.baseutil.Basetest - Validate remarks is clicked is clickable
17:31:05.758 [main] INFO  com.demo.baseutil.Basetest - Clicked on : remarks is clicked
17:31:07.766 [main] INFO  com.demo.baseutil.Basetest - Enter the value into remarks is entered
17:31:08.214 [main] INFO  com.demo.baseutil.Basetest - test typed into remarks is entered
17:31:12.220 [main] INFO  com.demo.baseutil.Basetest - Validate tlcloc is clicked is clickable
17:31:14.754 [main] INFO  com.demo.baseutil.Basetest - Clicked on : tlcloc is clicked
17:31:16.769 [main] INFO  com.demo.baseutil.Basetest - Enter the value into tlcloc is entered
17:31:17.172 [main] INFO  com.demo.baseutil.Basetest - test typed into tlcloc is entered
17:31:21.179 [main] INFO  com.demo.baseutil.Basetest - Scroll till the asset is scroll down
17:31:21.306 [main] INFO  com.demo.baseutil.Basetest - Scroll till the asset is scroll down completed
17:31:23.310 [main] INFO  com.demo.baseutil.Basetest - Validate asset is clicked is clickable
17:31:25.788 [main] INFO  com.demo.baseutil.Basetest - Clicked on : asset is clicked
17:31:27.800 [main] INFO  com.demo.baseutil.Basetest - Enter the value into vehicle is entered
17:31:28.168 [main] INFO  com.demo.baseutil.Basetest - vehicle typed into vehicle is entered
17:31:32.184 [main] INFO  com.demo.baseutil.Basetest - Validate assetsearch is clicked is clickable
17:31:34.772 [main] INFO  com.demo.baseutil.Basetest - Clicked on : assetsearch is clicked
17:31:36.778 [main] INFO  com.demo.baseutil.Basetest - Validate shippingdate is clicked is clickable
17:31:39.502 [main] INFO  com.demo.baseutil.Basetest - Clicked on : shippingdate is clicked
17:31:41.506 [main] INFO  com.demo.baseutil.Basetest - Validate datenext button is clicked is clickable
17:31:44.119 [main] INFO  com.demo.baseutil.Basetest - Clicked on : datenext button is clicked
17:31:46.121 [main] INFO  com.demo.baseutil.Basetest - Validate date is entered is clickable
17:31:48.700 [main] INFO  com.demo.baseutil.Basetest - Clicked on : date is entered
17:31:51.703 [main] INFO  com.demo.baseutil.Basetest - Validate date is selected is clickable
17:31:54.302 [main] INFO  com.demo.baseutil.Basetest - Clicked on : date is selected
17:31:57.317 [main] INFO  com.demo.baseutil.Basetest - Validate deliverydate is clicked is clickable
17:31:59.919 [main] INFO  com.demo.baseutil.Basetest - Clicked on : deliverydate is clicked
17:32:01.934 [main] INFO  com.demo.baseutil.Basetest - Validate datenext button is clicked is clickable
17:32:04.436 [main] INFO  com.demo.baseutil.Basetest - Clicked on : datenext button is clicked
17:32:06.437 [main] INFO  com.demo.baseutil.Basetest - Validate datenext button is clicked is clickable
17:32:08.935 [main] INFO  com.demo.baseutil.Basetest - Clicked on : datenext button is clicked
17:32:11.951 [main] INFO  com.demo.baseutil.Basetest - Validate date is entered is clickable
17:32:14.486 [main] INFO  com.demo.baseutil.Basetest - Clicked on : date is entered
17:32:16.487 [main] INFO  com.demo.baseutil.Basetest - Validate date is selected is clickable
17:32:19.035 [main] INFO  com.demo.baseutil.Basetest - Clicked on : date is selected
17:32:19.052 [main] INFO  com.demo.baseutil.Basetest - Scroll down successful
17:32:19.053 [main] INFO  com.demo.baseutil.Basetest - Validate container is clicked is clickable
17:32:21.501 [main] INFO  com.demo.baseutil.Basetest - Clicked on : container is clicked
17:32:21.503 [main] INFO  com.demo.baseutil.Basetest - Enter the value into container value is entered
17:32:21.959 [main] INFO  com.demo.baseutil.Basetest - container656656 typed into container value is entered
17:32:26.971 [main] INFO  com.demo.baseutil.Basetest - Validate container select is clicked is clickable
17:32:29.402 [main] INFO  com.demo.baseutil.Basetest - Clicked on : container select is clicked
17:32:31.414 [main] INFO  com.demo.baseutil.Basetest - Validate invoice select is clicked is clickable
17:32:33.852 [main] INFO  com.demo.baseutil.Basetest - Clicked on : invoice select is clicked
17:32:33.852 [main] INFO  com.demo.baseutil.Basetest - Enter the value into  invoice value is entered
17:32:34.184 [main] INFO  com.demo.baseutil.Basetest - 123 typed into  invoice value is entered
17:32:36.191 [main] INFO  com.demo.baseutil.Basetest - Validate seal select is clicked is clickable
17:32:38.668 [main] INFO  com.demo.baseutil.Basetest - Clicked on : seal select is clicked
17:32:38.668 [main] INFO  com.demo.baseutil.Basetest - Enter the value into seal value is entered
17:32:39.079 [main] INFO  com.demo.baseutil.Basetest - 123 typed into seal value is entered
17:32:41.117 [main] INFO  com.demo.baseutil.Basetest - Scroll down successful
17:32:43.123 [main] INFO  com.demo.baseutil.Basetest - Validate asn select is clicked is clickable
17:32:45.625 [main] INFO  com.demo.baseutil.Basetest - Clicked on : asn select is clicked
17:32:45.625 [main] INFO  com.demo.baseutil.Basetest - Enter the value into asn value is entered
17:32:46.274 [main] INFO  com.demo.baseutil.Basetest - 8839976762246 typed into asn value is entered
17:32:48.278 [main] INFO  com.demo.baseutil.Basetest - Validate lorry select is clicked is clickable
17:32:50.737 [main] INFO  com.demo.baseutil.Basetest - Clicked on : lorry select is clicked
17:32:50.738 [main] INFO  com.demo.baseutil.Basetest - Enter the value into lorry value is entered
17:32:51.195 [main] INFO  com.demo.baseutil.Basetest - 123 typed into lorry value is entered
17:32:53.274 [main] INFO  com.demo.baseutil.Basetest - Validate purchase is clicked is clickable
17:32:55.726 [main] INFO  com.demo.baseutil.Basetest - Clicked on : purchase is clicked
17:32:55.729 [main] INFO  com.demo.baseutil.Basetest - Enter the value into purchase is entered
17:32:56.104 [main] INFO  com.demo.baseutil.Basetest - 123 typed into purchase is entered
17:32:56.105 [main] INFO  com.demo.baseutil.Basetest - Validate bill is clicked is clickable
17:32:58.560 [main] INFO  com.demo.baseutil.Basetest - Clicked on : bill is clicked
17:32:58.562 [main] INFO  com.demo.baseutil.Basetest - Enter the value into purchase is entered
17:32:59.034 [main] INFO  com.demo.baseutil.Basetest - 12345 typed into purchase is entered
17:33:01.049 [main] INFO  com.demo.baseutil.Basetest - Validate document is clicked is clickable
17:33:03.530 [main] INFO  com.demo.baseutil.Basetest - Clicked on : document is clicked
17:33:03.533 [main] INFO  com.demo.baseutil.Basetest - Enter the value into document is entered
17:33:03.956 [main] INFO  com.demo.baseutil.Basetest - 12345 typed into document is entered
17:33:05.992 [main] INFO  com.demo.baseutil.Basetest - Validate Add Transaction is selected is clickable
17:33:08.536 [main] INFO  com.demo.baseutil.Basetest - Clicked on : Add Transaction is selected
17:33:26.548 [main] INFO  com.demo.baseutil.Basetest - Validate click on trace is clickable
17:33:29.072 [main] INFO  com.demo.baseutil.Basetest - Clicked on : click on trace
17:33:37.157 [main] INFO  com.demo.baseutil.Basetest - Scroll down
17:33:39.162 [main] INFO  com.demo.baseutil.Basetest - Validate transaction is clicked is clickable
17:33:59.719 [main] ERROR com.demo.baseutil.Basetest - transaction is clicked is not clickable
17:33:59.720 [main] ERROR com.demo.baseutil.Basetest - Unable to click on transaction is clicked
17:34:20.533 [main] INFO  com.demo.baseutil.Basetest - Browser is closed sucessfuly
17:34:21.020 [main] INFO  com.demo.baseutil.Basetest - Browser is closed sucessfuly
17:34:21.396 [main] ERROR com.demo.baseutil.Basetest - Failed to close the Browser
