15:58:54.303 [main] INFO  com.demo.baseutil.Basetest - 
15:58:54.309 [main] INFO  com.demo.baseutil.Basetest - Running locally JavaMail
15:58:54.394 [main] INFO  com.demo.baseutil.Basetest2 - Folder creation for Extent
15:58:54.398 [main] INFO  com.demo.baseutil.Basetest - ExtentDir:-C:\Users\Deepti Jindal\eclipse-workspace2\com.NFR.Trace QA latest/reports/Automation Report- 10_08_2024_15_58_54/Report/10_08_2024_15_58_54
15:58:54.506 [main] INFO  com.demo.baseutil.Basetest - Report Initiated
15:58:54.508 [main] INFO  com.demo.baseutil.Basetest - Screenshot folder created
15:59:04.345 [main] INFO  com.demo.baseutil.Basetest - Validate Sign in with FarmtoPlate account is clickable
15:59:06.688 [main] INFO  com.demo.baseutil.Basetest - Clicked on : Sign in with FarmtoPlate account
15:59:06.703 [main] INFO  com.demo.baseutil.Basetest - Url contains farmtoplateapps.io/login
15:59:06.708 [main] INFO  com.demo.baseutil.Basetest - Sign in title matched
15:59:06.708 [main] INFO  com.demo.baseutil.Basetest - UI verified for Sigin page.
15:59:06.708 [main] INFO  com.demo.baseutil.Basetest - Sign in function call
15:59:06.708 [main] INFO  com.demo.baseutil.Basetest - Validate email address field is clicked is clickable
15:59:08.940 [main] INFO  com.demo.baseutil.Basetest - Clicked on : email address field is clicked
15:59:08.940 [main] INFO  com.demo.baseutil.Basetest - Enter the value into Email Id Entered
15:59:09.302 [main] INFO  com.demo.baseutil.Basetest - ldekkenq362@yopmail.com typed into Email Id Entered
15:59:09.303 [main] INFO  com.demo.baseutil.Basetest - Validate Enter the password is clickable
15:59:11.653 [main] INFO  com.demo.baseutil.Basetest - Clicked on : Enter the password
15:59:11.653 [main] INFO  com.demo.baseutil.Basetest - Enter the value into Password Id Entered
15:59:11.908 [main] INFO  com.demo.baseutil.Basetest - Admin@1234 typed into Password Id Entered
15:59:15.951 [main] INFO  com.demo.baseutil.Basetest - Scroll down
15:59:15.951 [main] INFO  com.demo.baseutil.Basetest - Validate Press the signin button is clickable
15:59:18.751 [main] INFO  com.demo.baseutil.Basetest - Clicked on : Press the signin button
15:59:21.108 [main] INFO  com.demo.baseutil.Basetest - HomePage title  is matched
15:59:31.134 [main] INFO  com.demo.baseutil.Basetest - Validate click on trace is clickable
15:59:33.617 [main] INFO  com.demo.baseutil.Basetest - Clicked on : click on trace
15:59:41.700 [main] INFO  com.demo.baseutil.Basetest - Scroll down
15:59:43.714 [main] INFO  com.demo.baseutil.Basetest - Validate Process is clicked is clickable
15:59:46.784 [main] INFO  com.demo.baseutil.Basetest - Clicked on : Process is clicked
15:59:51.796 [main] INFO  com.demo.baseutil.Basetest - Validate Process add is clicked is clickable
15:59:54.515 [main] INFO  com.demo.baseutil.Basetest - Clicked on : Process add is clicked
15:59:59.532 [main] INFO  com.demo.baseutil.Basetest - Validate Product id is clicked is clickable
16:00:02.051 [main] INFO  com.demo.baseutil.Basetest - Clicked on : Product id is clicked
16:00:06.581 [main] INFO  com.demo.baseutil.Basetest - Validate Product id is clicked is clickable
16:00:08.965 [main] INFO  com.demo.baseutil.Basetest - Clicked on : Product id is clicked
16:00:10.968 [main] INFO  com.demo.baseutil.Basetest - Validate Product id is clicked is clickable
16:00:13.448 [main] INFO  com.demo.baseutil.Basetest - Clicked on : Product id is clicked
16:00:15.464 [main] INFO  com.demo.baseutil.Basetest - Validate outside is clicked is clickable
16:00:17.985 [main] INFO  com.demo.baseutil.Basetest - Clicked on : outside is clicked
16:00:24.084 [main] INFO  com.demo.baseutil.Basetest - Scroll down
16:00:24.084 [main] INFO  com.demo.baseutil.Basetest - Validate process name is clicked is clickable
16:00:26.450 [main] INFO  com.demo.baseutil.Basetest - Clicked on : process name is clicked
16:00:28.466 [main] INFO  com.demo.baseutil.Basetest - Enter the value into process name Value is entered
16:00:28.845 [main] INFO  com.demo.baseutil.Basetest - processcomm typed into process name Value is entered
16:00:30.869 [main] INFO  com.demo.baseutil.Basetest - Scroll down successful
16:00:30.869 [main] INFO  com.demo.baseutil.Basetest - Validate process loc is clicked is clickable
16:00:33.400 [main] INFO  com.demo.baseutil.Basetest - Clicked on : process loc is clicked
16:00:43.682 [main] INFO  com.demo.baseutil.Basetest - Validate process loc is clicked is clickable
16:01:24.945 [main] ERROR com.demo.baseutil.Basetest - process loc is clicked is not clickable
16:01:24.945 [main] ERROR com.demo.baseutil.Basetest - Unable to click on process loc is clicked
16:02:06.733 [main] INFO  com.demo.baseutil.Basetest - Browser is closed sucessfuly
16:02:07.320 [main] INFO  com.demo.baseutil.Basetest - Browser is closed sucessfuly
16:02:11.423 [main] ERROR com.demo.baseutil.Basetest - Failed to launch the Browser
16:02:11.429 [main] INFO  com.demo.baseutil.Basetest - Validate Sign in with FarmtoPlate account is clickable
16:02:41.808 [main] ERROR com.demo.baseutil.Basetest - Sign in with FarmtoPlate account is not clickable
16:02:41.810 [main] ERROR com.demo.baseutil.Basetest - Unable to click on Sign in with FarmtoPlate account
16:03:12.419 [main] ERROR com.demo.baseutil.Basetest - disconnected: not connected to DevTools
  (failed to check if window was closed: disconnected: not connected to DevTools)
  (Session info: chrome=129.0.6668.90)
Build info: version: '3.141.59', revision: 'e82be7d358', time: '2018-11-14T08:17:03'
System info: host: 'PARAMOUNT-151', ip: '192.168.29.169', os.name: 'Windows 11', os.arch: 'amd64', os.version: '10.0', java.version: '21.0.2'
Driver info: org.openqa.selenium.chrome.ChromeDriver
Capabilities {acceptInsecureCerts: false, browserName: chrome, browserVersion: 129.0.6668.90, chrome: {chromedriverVersion: 129.0.6668.89 (951c0b97221f..., userDataDir: C:\Users\DEEPTI~1\AppData\L...}, fedcm:accounts: true, goog:chromeOptions: {debuggerAddress: localhost:53036}, javascriptEnabled: true, networkConnectionEnabled: false, pageLoadStrategy: normal, platform: WINDOWS, platformName: WINDOWS, proxy: Proxy(), setWindowRect: true, strictFileInteractability: false, timeouts: {implicit: 0, pageLoad: 300000, script: 30000}, unhandledPromptBehavior: dismiss and notify, webauthn:extension:credBlob: true, webauthn:extension:largeBlob: true, webauthn:extension:minPinLength: true, webauthn:extension:prf: true, webauthn:virtualAuthenticators: true}
Session ID: 67faec36aa3f5ce63008600979e0b1d3
