16:05:59.168 [main] INFO  com.demo.baseutil.Basetest - 
16:05:59.178 [main] INFO  com.demo.baseutil.Basetest - Running locally JavaMail
16:05:59.341 [main] INFO  com.demo.baseutil.Basetest2 - Folder creation for Extent
16:05:59.360 [main] INFO  com.demo.baseutil.Basetest - ExtentDir:-C:\Users\Deepti Jindal\eclipse-workspace2\com.NFR.Trace/reports/Automation Report- 07_22_2024_16_05_59/Report/07_22_2024_16_05_59
16:05:59.518 [main] INFO  com.demo.baseutil.Basetest - Report Initiated
16:05:59.520 [main] INFO  com.demo.baseutil.Basetest - Screenshot folder created
16:06:18.738 [main] INFO  com.demo.baseutil.Basetest - Validate Sign in with FarmtoPlate account is clickable
16:06:21.567 [main] INFO  com.demo.baseutil.Basetest - Clicked on : Sign in with FarmtoPlate account
16:06:21.597 [main] INFO  com.demo.baseutil.Basetest - Url contains farmtoplateapps.io/login
16:06:21.620 [main] INFO  com.demo.baseutil.Basetest - Sign in title matched
16:06:21.621 [main] INFO  com.demo.baseutil.Basetest - UI verified for Sigin page.
16:06:21.622 [main] INFO  com.demo.baseutil.Basetest - Sign in function call
16:06:21.622 [main] INFO  com.demo.baseutil.Basetest - Validate email address field is clicked is clickable
16:06:24.184 [main] INFO  com.demo.baseutil.Basetest - Clicked on : email address field is clicked
16:06:24.184 [main] INFO  com.demo.baseutil.Basetest - Enter the value into Email Id Entered
16:06:24.759 [main] INFO  com.demo.baseutil.Basetest - 139@yopmail.com typed into Email Id Entered
16:06:24.765 [main] INFO  com.demo.baseutil.Basetest - Validate Enter the password is clickable
16:06:27.366 [main] INFO  com.demo.baseutil.Basetest - Clicked on : Enter the password
16:06:27.366 [main] INFO  com.demo.baseutil.Basetest - Enter the value into Password Id Entered
16:06:27.885 [main] INFO  com.demo.baseutil.Basetest - Admin@1234 typed into Password Id Entered
16:06:32.017 [main] INFO  com.demo.baseutil.Basetest - Scroll down
16:06:32.017 [main] INFO  com.demo.baseutil.Basetest - Validate Press the signin button is clickable
16:06:35.556 [main] INFO  com.demo.baseutil.Basetest - Clicked on : Press the signin button
16:06:39.072 [main] INFO  com.demo.baseutil.Basetest - HomePage title  is matched
16:06:57.114 [main] INFO  com.demo.baseutil.Basetest - Validate click on trace is clickable
16:06:59.890 [main] INFO  com.demo.baseutil.Basetest - Clicked on : click on trace
16:07:05.971 [main] INFO  com.demo.baseutil.Basetest - Validate Asset & Infrastructure Data is clicked is clickable
16:07:08.585 [main] INFO  com.demo.baseutil.Basetest - Clicked on : Asset & Infrastructure Data is clicked
16:07:10.590 [main] INFO  com.demo.baseutil.Basetest - Validate Assets is clicked is clickable
16:07:13.403 [main] INFO  com.demo.baseutil.Basetest - Clicked on : Assets is clicked
16:07:15.420 [main] INFO  com.demo.baseutil.Basetest - Validate Add new is clicked is clickable
16:07:18.030 [main] INFO  com.demo.baseutil.Basetest - Clicked on : Add new is clicked
16:07:20.038 [main] INFO  com.demo.baseutil.Basetest - Validate Asset type is clicked is clickable
16:07:22.665 [main] INFO  com.demo.baseutil.Basetest - Clicked on : Asset type is clicked
16:07:22.665 [main] INFO  com.demo.baseutil.Basetest - Validate Click on Vehicle Name is clickable
16:07:25.548 [main] INFO  com.demo.baseutil.Basetest - Clicked on : Click on Vehicle Name
16:07:27.566 [main] INFO  com.demo.baseutil.Basetest - Validate container name is clicked is clickable
16:07:30.099 [main] INFO  com.demo.baseutil.Basetest - Clicked on : container name is clicked
16:07:30.100 [main] INFO  com.demo.baseutil.Basetest - Enter the value into enter the container name
16:07:30.858 [main] INFO  com.demo.baseutil.Basetest - container785785 typed into enter the container name
16:07:32.865 [main] INFO  com.demo.baseutil.Basetest - Validate length is clicked is clickable
16:07:35.414 [main] INFO  com.demo.baseutil.Basetest - Clicked on : length is clicked
16:07:38.370 [main] INFO  com.demo.baseutil.Basetest - Enter the value into enter the length
16:07:39.256 [main] INFO  com.demo.baseutil.Basetest - 10 typed into enter the length
16:07:39.257 [main] INFO  com.demo.baseutil.Basetest - Validate breadth is clicked is clickable
16:07:41.911 [main] INFO  com.demo.baseutil.Basetest - Clicked on : breadth is clicked
16:07:41.911 [main] INFO  com.demo.baseutil.Basetest - Enter the value into breath entered
16:07:42.310 [main] INFO  com.demo.baseutil.Basetest - 10 typed into breath entered
16:07:44.314 [main] INFO  com.demo.baseutil.Basetest - Validate height is clicked is clickable
16:07:46.866 [main] INFO  com.demo.baseutil.Basetest - Clicked on : height is clicked
16:07:48.870 [main] INFO  com.demo.baseutil.Basetest - Enter the value into height entered
16:07:50.846 [main] INFO  com.demo.baseutil.Basetest - 20 typed into height entered
16:07:52.862 [main] INFO  com.demo.baseutil.Basetest - Validate dom is clicked is clickable
16:07:55.426 [main] INFO  com.demo.baseutil.Basetest - Clicked on : dom is clicked
16:07:57.430 [main] INFO  com.demo.baseutil.Basetest - Validate ft is clicked is clickable
16:07:59.895 [main] INFO  com.demo.baseutil.Basetest - Clicked on : ft is clicked
16:08:01.915 [main] INFO  com.demo.baseutil.Basetest - Validate wt is clicked is clickable
16:08:04.566 [main] INFO  com.demo.baseutil.Basetest - Clicked on : wt is clicked
16:08:06.614 [main] INFO  com.demo.baseutil.Basetest - Enter the value into weight entered
16:08:07.110 [main] INFO  com.demo.baseutil.Basetest - 1000 typed into weight entered
16:08:09.127 [main] INFO  com.demo.baseutil.Basetest - Validate wtcap is clicked is clickable
16:08:11.630 [main] INFO  com.demo.baseutil.Basetest - Clicked on : wtcap is clicked
16:08:13.640 [main] INFO  com.demo.baseutil.Basetest - Validate tons is clicked is clickable
16:08:16.133 [main] INFO  com.demo.baseutil.Basetest - Clicked on : tons is clicked
16:08:18.142 [main] INFO  com.demo.baseutil.Basetest - Validate Click on Add button is clickable
16:08:23.366 [main] INFO  com.demo.baseutil.Basetest - Clicked on : Click on Add button
16:08:31.424 [main] INFO  com.demo.baseutil.Basetest - Validate transaction is clicked is clickable
16:08:34.285 [main] INFO  com.demo.baseutil.Basetest - Clicked on : transaction is clicked
16:08:39.286 [main] INFO  com.demo.baseutil.Basetest - Validate add new is clicked is clickable
16:08:41.973 [main] INFO  com.demo.baseutil.Basetest - Clicked on : add new is clicked
16:08:47.030 [main] INFO  com.demo.baseutil.Basetest - Validate Product id is clicked is clickable
16:08:50.147 [main] INFO  com.demo.baseutil.Basetest - Clicked on : Product id is clicked
16:08:52.184 [main] INFO  com.demo.baseutil.Basetest - Enter the value into Saved Value is entered
16:08:52.651 [main] INFO  com.demo.baseutil.Basetest - F2PG10000947 typed into Saved Value is entered
16:08:54.663 [main] INFO  com.demo.baseutil.Basetest - Validate Product id is clicked is clickable
16:08:57.296 [main] INFO  com.demo.baseutil.Basetest - Clicked on : Product id is clicked
16:08:59.302 [main] INFO  com.demo.baseutil.Basetest - Validate Product id is clicked is clickable
16:09:01.945 [main] INFO  com.demo.baseutil.Basetest - Clicked on : Product id is clicked
16:09:03.953 [main] INFO  com.demo.baseutil.Basetest - Validate chooseprocess id is clicked is clickable
16:09:06.612 [main] INFO  com.demo.baseutil.Basetest - Clicked on : chooseprocess id is clicked
16:09:08.615 [main] INFO  com.demo.baseutil.Basetest - Enter the value into Harvestiong/commission is entered
16:09:09.039 [main] INFO  com.demo.baseutil.Basetest - Harvesting typed into Harvestiong/commission is entered
16:09:11.043 [main] INFO  com.demo.baseutil.Basetest - Validate chooseprocess id is clicked is clickable
16:09:13.472 [main] INFO  com.demo.baseutil.Basetest - Clicked on : chooseprocess id is clicked
16:09:16.485 [main] INFO  com.demo.baseutil.Basetest - Validate Process commision is selected is clickable
16:09:19.395 [main] INFO  com.demo.baseutil.Basetest - Clicked on : Process commision is selected
16:09:21.973 [main] INFO  com.demo.baseutil.Basetest - Scroll down successful
16:09:21.973 [main] INFO  com.demo.baseutil.Basetest - Validate date is selected is clickable
16:09:27.426 [main] INFO  com.demo.baseutil.Basetest - Clicked on : date is selected
16:09:28.429 [main] INFO  com.demo.baseutil.Basetest - Validate date netx button is clickable
16:09:31.380 [main] INFO  com.demo.baseutil.Basetest - Clicked on : date netx button
16:09:31.380 [main] INFO  com.demo.baseutil.Basetest - Validate date is entered is clickable
16:09:41.695 [main] INFO  com.demo.baseutil.Basetest - Clicked on : date is entered
16:09:43.712 [main] INFO  com.demo.baseutil.Basetest - Validate date is selected is clickable
16:09:46.430 [main] INFO  com.demo.baseutil.Basetest - Clicked on : date is selected
16:09:52.601 [main] INFO  com.demo.baseutil.Basetest - Scroll down
16:09:52.601 [main] INFO  com.demo.baseutil.Basetest - Validate activity is selected is clickable
16:09:56.626 [main] INFO  com.demo.baseutil.Basetest - Clicked on : activity is selected
16:09:56.630 [main] INFO  com.demo.baseutil.Basetest - Enter the value into activity Value is entered
16:09:57.186 [main] INFO  com.demo.baseutil.Basetest - abcd typed into activity Value is entered
16:09:59.230 [main] INFO  com.demo.baseutil.Basetest - Validate packing type dropdown is selected is clickable
16:10:01.991 [main] INFO  com.demo.baseutil.Basetest - Clicked on : packing type dropdown is selected
16:10:01.991 [main] INFO  com.demo.baseutil.Basetest - Validate packing type dropdown is selected is clickable
16:10:04.860 [main] INFO  com.demo.baseutil.Basetest - Clicked on : packing type dropdown is selected
16:10:14.510 [main] INFO  com.demo.baseutil.Basetest - Scroll down
16:10:14.510 [main] INFO  com.demo.baseutil.Basetest - Validate tlc is clicked is clickable
16:10:17.192 [main] INFO  com.demo.baseutil.Basetest - Clicked on : tlc is clicked
16:10:17.230 [main] INFO  com.demo.baseutil.Basetest - Enter the value into Tlc no is entered
16:10:18.764 [main] INFO  com.demo.baseutil.Basetest - 1234567890 typed into Tlc no is entered
16:10:18.764 [main] INFO  com.demo.baseutil.Basetest - Validate location is clicked is clickable
16:10:21.294 [main] INFO  com.demo.baseutil.Basetest - Clicked on : location is clicked
16:10:21.294 [main] INFO  com.demo.baseutil.Basetest - Enter the value into location no is entered
16:10:22.080 [main] INFO  com.demo.baseutil.Basetest - location typed into location no is entered
16:10:22.080 [main] INFO  com.demo.baseutil.Basetest - Validate commodity is clicked is clickable
16:10:24.592 [main] INFO  com.demo.baseutil.Basetest - Clicked on : commodity is clicked
16:10:24.592 [main] INFO  com.demo.baseutil.Basetest - Enter the value into commodity is entered
16:10:25.220 [main] INFO  com.demo.baseutil.Basetest - commodity typed into commodity is entered
16:10:31.223 [main] INFO  com.demo.baseutil.Basetest - Scroll down
16:10:31.223 [main] INFO  com.demo.baseutil.Basetest - Validate filed is clicked is clickable
16:10:33.728 [main] INFO  com.demo.baseutil.Basetest - Clicked on : filed is clicked
16:10:33.730 [main] INFO  com.demo.baseutil.Basetest - Enter the value into filed is entered
16:10:34.196 [main] INFO  com.demo.baseutil.Basetest - filed typed into filed is entered
16:10:34.196 [main] INFO  com.demo.baseutil.Basetest - Validate container is clicked is clickable
16:10:36.710 [main] INFO  com.demo.baseutil.Basetest - Clicked on : container is clicked
16:10:36.710 [main] INFO  com.demo.baseutil.Basetest - Enter the value into filed is entered
16:10:37.187 [main] INFO  com.demo.baseutil.Basetest - container785785 typed into filed is entered
16:10:41.240 [main] INFO  com.demo.baseutil.Basetest - Validate Selected the conatiner is clickable
16:10:46.487 [main] INFO  com.demo.baseutil.Basetest - Clicked on : Selected the conatiner
16:10:47.491 [main] INFO  com.demo.baseutil.Basetest - Validate count sgtin is clicked is clickable
16:10:49.991 [main] INFO  com.demo.baseutil.Basetest - Clicked on : count sgtin is clicked
16:10:49.991 [main] INFO  com.demo.baseutil.Basetest - Enter the value into countsgtin is entered
16:10:50.480 [main] INFO  com.demo.baseutil.Basetest - 123 typed into countsgtin is entered
16:10:50.480 [main] INFO  com.demo.baseutil.Basetest - Validate weightsgtin sgtin is clicked is clickable
16:10:53.009 [main] INFO  com.demo.baseutil.Basetest - Clicked on : weightsgtin sgtin is clicked
16:10:53.010 [main] INFO  com.demo.baseutil.Basetest - Enter the value into weightsgtin is entered
16:10:53.901 [main] INFO  com.demo.baseutil.Basetest - 1234567 typed into weightsgtin is entered
16:10:53.901 [main] INFO  com.demo.baseutil.Basetest - Validate itemsgtin sgtin is clicked is clickable
16:10:56.540 [main] INFO  com.demo.baseutil.Basetest - Clicked on : itemsgtin sgtin is clicked
16:10:56.540 [main] INFO  com.demo.baseutil.Basetest - Validate itemgtin is entered is clickable
16:10:59.234 [main] INFO  com.demo.baseutil.Basetest - Clicked on : itemgtin is entered
16:10:59.234 [main] INFO  com.demo.baseutil.Basetest - Validate document is clicked is clickable
16:11:01.877 [main] INFO  com.demo.baseutil.Basetest - Clicked on : document is clicked
16:11:01.880 [main] INFO  com.demo.baseutil.Basetest - Enter the value into document is entered
16:11:02.344 [main] INFO  com.demo.baseutil.Basetest - 1234567 typed into document is entered
16:11:06.470 [main] INFO  com.demo.baseutil.Basetest - Scroll down
16:11:06.510 [main] INFO  com.demo.baseutil.Basetest - Validate Add Transaction is selected is clickable
16:11:09.175 [main] INFO  com.demo.baseutil.Basetest - Clicked on : Add Transaction is selected
16:11:17.193 [main] INFO  com.demo.baseutil.Basetest - Validate click on trace is clickable
16:11:20.046 [main] INFO  com.demo.baseutil.Basetest - Clicked on : click on trace
16:11:32.950 [main] INFO  com.demo.baseutil.Basetest - Validate click on trace is clickable
16:11:37.246 [main] INFO  com.demo.baseutil.Basetest - Clicked on : click on trace
16:11:43.370 [main] INFO  com.demo.baseutil.Basetest - Validate Asset & Infrastructure Data is clicked is clickable
16:11:47.907 [main] INFO  com.demo.baseutil.Basetest - Clicked on : Asset & Infrastructure Data is clicked
16:11:50.822 [main] INFO  com.demo.baseutil.Basetest - Validate Assets is clicked is clickable
16:11:54.348 [main] INFO  com.demo.baseutil.Basetest - Clicked on : Assets is clicked
16:11:56.360 [main] INFO  com.demo.baseutil.Basetest - Validate Add new is clicked is clickable
16:11:58.954 [main] INFO  com.demo.baseutil.Basetest - Clicked on : Add new is clicked
16:12:00.960 [main] INFO  com.demo.baseutil.Basetest - Validate Asset type is clicked is clickable
16:12:03.592 [main] INFO  com.demo.baseutil.Basetest - Clicked on : Asset type is clicked
16:12:03.592 [main] INFO  com.demo.baseutil.Basetest - Validate Click on Vehicle Name is clickable
16:12:06.010 [main] INFO  com.demo.baseutil.Basetest - Clicked on : Click on Vehicle Name
16:12:08.800 [main] INFO  com.demo.baseutil.Basetest - Validate container name is clicked is clickable
16:12:11.323 [main] INFO  com.demo.baseutil.Basetest - Clicked on : container name is clicked
16:12:11.323 [main] INFO  com.demo.baseutil.Basetest - Enter the value into enter the container name
16:12:13.527 [main] INFO  com.demo.baseutil.Basetest - container996996 typed into enter the container name
16:12:15.540 [main] INFO  com.demo.baseutil.Basetest - Validate length is clicked is clickable
16:12:18.174 [main] INFO  com.demo.baseutil.Basetest - Clicked on : length is clicked
16:12:20.180 [main] INFO  com.demo.baseutil.Basetest - Enter the value into enter the length
16:12:20.750 [main] INFO  com.demo.baseutil.Basetest - 10 typed into enter the length
16:12:20.751 [main] INFO  com.demo.baseutil.Basetest - Validate breadth is clicked is clickable
16:12:23.274 [main] INFO  com.demo.baseutil.Basetest - Clicked on : breadth is clicked
16:12:23.274 [main] INFO  com.demo.baseutil.Basetest - Enter the value into breath entered
16:12:23.666 [main] INFO  com.demo.baseutil.Basetest - 10 typed into breath entered
16:12:25.674 [main] INFO  com.demo.baseutil.Basetest - Validate height is clicked is clickable
16:12:28.174 [main] INFO  com.demo.baseutil.Basetest - Clicked on : height is clicked
16:12:30.938 [main] INFO  com.demo.baseutil.Basetest - Enter the value into height entered
16:12:34.924 [main] INFO  com.demo.baseutil.Basetest - 20 typed into height entered
16:12:36.926 [main] INFO  com.demo.baseutil.Basetest - Validate dom is clicked is clickable
16:12:39.387 [main] INFO  com.demo.baseutil.Basetest - Clicked on : dom is clicked
16:12:41.400 [main] INFO  com.demo.baseutil.Basetest - Validate ft is clicked is clickable
16:12:44.142 [main] INFO  com.demo.baseutil.Basetest - Clicked on : ft is clicked
16:12:46.194 [main] INFO  com.demo.baseutil.Basetest - Validate wt is clicked is clickable
16:12:49.350 [main] INFO  com.demo.baseutil.Basetest - Clicked on : wt is clicked
16:12:51.370 [main] INFO  com.demo.baseutil.Basetest - Enter the value into weight entered
16:12:51.796 [main] INFO  com.demo.baseutil.Basetest - 1000 typed into weight entered
16:12:53.806 [main] INFO  com.demo.baseutil.Basetest - Validate wtcap is clicked is clickable
16:12:58.153 [main] INFO  com.demo.baseutil.Basetest - Clicked on : wtcap is clicked
16:13:00.172 [main] INFO  com.demo.baseutil.Basetest - Validate tons is clicked is clickable
16:13:02.716 [main] INFO  com.demo.baseutil.Basetest - Clicked on : tons is clicked
16:13:05.260 [main] INFO  com.demo.baseutil.Basetest - Validate Click on Add button is clickable
16:13:08.807 [main] INFO  com.demo.baseutil.Basetest - Clicked on : Click on Add button
16:13:25.660 [main] INFO  com.demo.baseutil.Basetest - Scroll down
16:13:27.672 [main] INFO  com.demo.baseutil.Basetest - Validate transaction is clicked is clickable
16:13:31.096 [main] INFO  com.demo.baseutil.Basetest - Clicked on : transaction is clicked
16:13:39.780 [main] INFO  com.demo.baseutil.Basetest - Validate productid is selected is clickable
16:13:42.380 [main] INFO  com.demo.baseutil.Basetest - Clicked on : productid is selected
16:13:42.910 [main] INFO  com.demo.baseutil.Basetest - Enter the value into enter the productid
16:13:45.580 [main] INFO  com.demo.baseutil.Basetest - F2PG10000947 typed into enter the productid
16:13:45.580 [main] INFO  com.demo.baseutil.Basetest - Validate productid is selected is clickable
16:13:48.071 [main] INFO  com.demo.baseutil.Basetest - Clicked on : productid is selected
16:13:48.071 [main] INFO  com.demo.baseutil.Basetest - Validate search is selected is clickable
16:13:51.088 [main] INFO  com.demo.baseutil.Basetest - Clicked on : search is selected
16:13:51.090 [main] INFO  com.demo.baseutil.Basetest - Validate search button is clicked is clickable
16:13:53.576 [main] INFO  com.demo.baseutil.Basetest - Clicked on : search button is clicked
16:13:55.700 [main] INFO  com.demo.baseutil.Basetest - Scroll up
16:13:58.640 [main] INFO  com.demo.baseutil.Basetest - Scroll up
16:14:02.662 [main] INFO  com.demo.baseutil.Basetest - Validate transaction is clicked is clickable
16:14:06.966 [main] INFO  com.demo.baseutil.Basetest - Clicked on : transaction is clicked
16:14:12.040 [main] INFO  com.demo.baseutil.Basetest - Validate add new is clicked is clickable
16:14:15.286 [main] INFO  com.demo.baseutil.Basetest - Clicked on : add new is clicked
16:14:20.291 [main] INFO  com.demo.baseutil.Basetest - Validate Product id is clicked is clickable
16:14:22.870 [main] INFO  com.demo.baseutil.Basetest - Clicked on : Product id is clicked
16:14:24.930 [main] INFO  com.demo.baseutil.Basetest - Enter the value into Saved Value is entered
16:14:26.330 [main] INFO  com.demo.baseutil.Basetest - F2PG10000947 typed into Saved Value is entered
16:14:28.344 [main] INFO  com.demo.baseutil.Basetest - Validate Product id is clicked is clickable
16:14:31.855 [main] INFO  com.demo.baseutil.Basetest - Clicked on : Product id is clicked
16:14:34.900 [main] INFO  com.demo.baseutil.Basetest - Validate Product id is clicked is clickable
16:14:38.910 [main] INFO  com.demo.baseutil.Basetest - Clicked on : Product id is clicked
16:14:41.101 [main] INFO  com.demo.baseutil.Basetest - Validate chooseprocess id is clicked is clickable
16:14:44.034 [main] INFO  com.demo.baseutil.Basetest - Clicked on : chooseprocess id is clicked
16:14:46.070 [main] INFO  com.demo.baseutil.Basetest - Enter the value into Packing/aggregation is entered
16:14:46.647 [main] INFO  com.demo.baseutil.Basetest - Packing typed into Packing/aggregation is entered
16:14:48.653 [main] INFO  com.demo.baseutil.Basetest - Validate chooseprocess id is clicked is clickable
16:14:51.533 [main] INFO  com.demo.baseutil.Basetest - Clicked on : chooseprocess id is clicked
16:14:55.540 [main] INFO  com.demo.baseutil.Basetest - Validate Process aggre is selected is clickable
16:14:58.467 [main] INFO  com.demo.baseutil.Basetest - Clicked on : Process aggre is selected
16:15:00.503 [main] INFO  com.demo.baseutil.Basetest - Scroll down successful
16:15:00.503 [main] INFO  com.demo.baseutil.Basetest - Validate org is selected is clickable
16:15:03.227 [main] INFO  com.demo.baseutil.Basetest - Clicked on : org is selected
16:15:06.040 [main] INFO  com.demo.baseutil.Basetest - Enter the value into org value is entered
16:15:08.787 [main] INFO  com.demo.baseutil.Basetest - 178 typed into org value is entered
16:15:13.793 [main] INFO  com.demo.baseutil.Basetest - Validate org is selected is clickable
16:15:16.450 [main] INFO  com.demo.baseutil.Basetest - Clicked on : org is selected
16:15:18.456 [main] INFO  com.demo.baseutil.Basetest - Validate location is selected is clickable
16:15:21.820 [main] INFO  com.demo.baseutil.Basetest - Clicked on : location is selected
16:15:21.820 [main] INFO  com.demo.baseutil.Basetest - Enter the value into location value is entered
16:15:22.273 [main] INFO  com.demo.baseutil.Basetest - test typed into location value is entered
16:15:27.280 [main] INFO  com.demo.baseutil.Basetest - Validate location is selected is clickable
16:15:32.652 [main] INFO  com.demo.baseutil.Basetest - Clicked on : location is selected
16:15:32.700 [main] INFO  com.demo.baseutil.Basetest - Scroll down successful
16:15:32.700 [main] INFO  com.demo.baseutil.Basetest - Validate activity is clicked is clickable
16:15:35.350 [main] INFO  com.demo.baseutil.Basetest - Clicked on : activity is clicked
16:15:38.109 [main] INFO  com.demo.baseutil.Basetest - Enter the value into activity is entered
16:15:39.730 [main] INFO  com.demo.baseutil.Basetest - activity typed into activity is entered
16:15:42.740 [main] INFO  com.demo.baseutil.Basetest - Scroll till the scrolles to lot
16:15:42.872 [main] INFO  com.demo.baseutil.Basetest - Scroll till the scrolles to lot completed
16:15:42.873 [main] INFO  com.demo.baseutil.Basetest - Validate sscc number is copied is clickable
16:15:45.370 [main] INFO  com.demo.baseutil.Basetest - Clicked on : sscc number is copied
16:16:02.109 [main] INFO  com.demo.baseutil.Basetest - Scroll up to the element: The lot is displayed after scroll up completed
16:16:05.116 [main] INFO  com.demo.baseutil.Basetest - Validate lot1 is clicked is clickable
16:16:08.514 [main] INFO  com.demo.baseutil.Basetest - Clicked on : lot1 is clicked
16:16:10.521 [main] INFO  com.demo.baseutil.Basetest - Enter the value into lotvalue is entered
16:16:11.380 [main] INFO  com.demo.baseutil.Basetest - 1691022072410000006 typed into lotvalue is entered
16:16:13.385 [main] INFO  com.demo.baseutil.Basetest - Validate lot arrow is clicked is clickable
16:16:15.873 [main] INFO  com.demo.baseutil.Basetest - Clicked on : lot arrow is clicked
16:16:17.876 [main] INFO  com.demo.baseutil.Basetest - Scroll till the scrolled to packloc
16:16:18.003 [main] INFO  com.demo.baseutil.Basetest - Scroll till the scrolled to packloc completed
16:16:23.255 [main] INFO  com.demo.baseutil.Basetest - Scroll up to the element: The packloc is displayed after scroll up completed
16:16:28.264 [main] INFO  com.demo.baseutil.Basetest - Validate packloc is clicked is clickable
16:16:30.734 [main] INFO  com.demo.baseutil.Basetest - Clicked on : packloc is clicked
16:16:32.742 [main] INFO  com.demo.baseutil.Basetest - Enter the value into packing lot is entered
16:16:33.185 [main] INFO  com.demo.baseutil.Basetest - test typed into packing lot is entered
16:16:37.240 [main] INFO  com.demo.baseutil.Basetest - Validate remarks is clicked is clickable
16:16:40.820 [main] INFO  com.demo.baseutil.Basetest - Clicked on : remarks is clicked
16:16:44.050 [main] INFO  com.demo.baseutil.Basetest - Enter the value into remarks is entered
16:16:48.161 [main] INFO  com.demo.baseutil.Basetest - test typed into remarks is entered
16:16:52.172 [main] INFO  com.demo.baseutil.Basetest - Validate tlcloc is clicked is clickable
16:16:54.766 [main] INFO  com.demo.baseutil.Basetest - Clicked on : tlcloc is clicked
16:16:56.771 [main] INFO  com.demo.baseutil.Basetest - Enter the value into tlcloc is entered
16:16:57.173 [main] INFO  com.demo.baseutil.Basetest - test typed into tlcloc is entered
16:17:01.221 [main] INFO  com.demo.baseutil.Basetest - Scroll till the asset is scroll down
16:17:03.650 [main] INFO  com.demo.baseutil.Basetest - Scroll till the asset is scroll down completed
16:17:05.671 [main] INFO  com.demo.baseutil.Basetest - Validate asset is clicked is clickable
16:17:12.317 [main] INFO  com.demo.baseutil.Basetest - Clicked on : asset is clicked
16:17:14.322 [main] INFO  com.demo.baseutil.Basetest - Enter the value into vehicle is entered
16:17:15.090 [main] INFO  com.demo.baseutil.Basetest - vehicle typed into vehicle is entered
16:17:19.106 [main] INFO  com.demo.baseutil.Basetest - Validate assetsearch is clicked is clickable
16:17:21.954 [main] INFO  com.demo.baseutil.Basetest - Clicked on : assetsearch is clicked
16:17:23.963 [main] INFO  com.demo.baseutil.Basetest - Validate shippingdate is clicked is clickable
16:17:26.496 [main] INFO  com.demo.baseutil.Basetest - Clicked on : shippingdate is clicked
16:17:29.646 [main] INFO  com.demo.baseutil.Basetest - Validate datenext button is clicked is clickable
16:17:35.143 [main] INFO  com.demo.baseutil.Basetest - Clicked on : datenext button is clicked
16:17:38.074 [main] INFO  com.demo.baseutil.Basetest - Validate date is entered is clickable
16:17:43.766 [main] INFO  com.demo.baseutil.Basetest - Clicked on : date is entered
16:17:47.080 [main] INFO  com.demo.baseutil.Basetest - Validate date is selected is clickable
16:17:50.302 [main] INFO  com.demo.baseutil.Basetest - Clicked on : date is selected
16:17:53.312 [main] INFO  com.demo.baseutil.Basetest - Validate deliverydate is clicked is clickable
16:17:55.946 [main] INFO  com.demo.baseutil.Basetest - Clicked on : deliverydate is clicked
16:17:58.585 [main] INFO  com.demo.baseutil.Basetest - Validate datenext button is clicked is clickable
16:18:02.014 [main] INFO  com.demo.baseutil.Basetest - Clicked on : datenext button is clicked
16:18:04.025 [main] INFO  com.demo.baseutil.Basetest - Validate datenext button is clicked is clickable
16:18:06.518 [main] INFO  com.demo.baseutil.Basetest - Clicked on : datenext button is clicked
16:18:09.590 [main] INFO  com.demo.baseutil.Basetest - Validate date is entered is clickable
16:18:12.680 [main] INFO  com.demo.baseutil.Basetest - Clicked on : date is entered
16:18:14.822 [main] INFO  com.demo.baseutil.Basetest - Validate date is selected is clickable
16:18:20.339 [main] INFO  com.demo.baseutil.Basetest - Clicked on : date is selected
16:18:20.360 [main] INFO  com.demo.baseutil.Basetest - Scroll down successful
16:18:20.360 [main] INFO  com.demo.baseutil.Basetest - Validate container is clicked is clickable
16:18:23.083 [main] INFO  com.demo.baseutil.Basetest - Clicked on : container is clicked
16:18:23.083 [main] INFO  com.demo.baseutil.Basetest - Enter the value into container value is entered
16:18:23.875 [main] INFO  com.demo.baseutil.Basetest - container996996 typed into container value is entered
16:18:28.890 [main] INFO  com.demo.baseutil.Basetest - Validate container select is clicked is clickable
16:18:31.581 [main] INFO  com.demo.baseutil.Basetest - Clicked on : container select is clicked
16:18:33.860 [main] INFO  com.demo.baseutil.Basetest - Validate invoice select is clicked is clickable
16:18:41.079 [main] INFO  com.demo.baseutil.Basetest - Clicked on : invoice select is clicked
16:18:41.080 [main] INFO  com.demo.baseutil.Basetest - Enter the value into  invoice value is entered
16:18:41.545 [main] INFO  com.demo.baseutil.Basetest - 123 typed into  invoice value is entered
16:18:43.550 [main] INFO  com.demo.baseutil.Basetest - Validate seal select is clicked is clickable
16:18:49.150 [main] INFO  com.demo.baseutil.Basetest - Clicked on : seal select is clicked
16:18:49.151 [main] INFO  com.demo.baseutil.Basetest - Enter the value into seal value is entered
16:18:53.500 [main] INFO  com.demo.baseutil.Basetest - 123 typed into seal value is entered
16:18:55.550 [main] INFO  com.demo.baseutil.Basetest - Scroll down successful
16:18:57.584 [main] INFO  com.demo.baseutil.Basetest - Validate asn select is clicked is clickable
16:19:01.130 [main] INFO  com.demo.baseutil.Basetest - Clicked on : asn select is clicked
16:19:01.130 [main] INFO  com.demo.baseutil.Basetest - Enter the value into asn value is entered
16:19:01.859 [main] INFO  com.demo.baseutil.Basetest - 1762809277091 typed into asn value is entered
16:19:03.873 [main] INFO  com.demo.baseutil.Basetest - Validate lorry select is clicked is clickable
16:19:06.466 [main] INFO  com.demo.baseutil.Basetest - Clicked on : lorry select is clicked
16:19:06.466 [main] INFO  com.demo.baseutil.Basetest - Enter the value into lorry value is entered
16:19:06.872 [main] INFO  com.demo.baseutil.Basetest - 123 typed into lorry value is entered
16:19:09.121 [main] INFO  com.demo.baseutil.Basetest - Validate purchase is clicked is clickable
16:19:11.629 [main] INFO  com.demo.baseutil.Basetest - Clicked on : purchase is clicked
16:19:11.629 [main] INFO  com.demo.baseutil.Basetest - Enter the value into purchase is entered
16:19:12.224 [main] INFO  com.demo.baseutil.Basetest - 123 typed into purchase is entered
16:19:12.230 [main] INFO  com.demo.baseutil.Basetest - Validate bill is clicked is clickable
16:19:14.763 [main] INFO  com.demo.baseutil.Basetest - Clicked on : bill is clicked
16:19:14.764 [main] INFO  com.demo.baseutil.Basetest - Enter the value into purchase is entered
16:19:15.159 [main] INFO  com.demo.baseutil.Basetest - 12345 typed into purchase is entered
16:19:17.200 [main] INFO  com.demo.baseutil.Basetest - Validate document is clicked is clickable
16:19:21.647 [main] INFO  com.demo.baseutil.Basetest - Clicked on : document is clicked
16:19:21.647 [main] INFO  com.demo.baseutil.Basetest - Enter the value into document is entered
16:19:22.310 [main] INFO  com.demo.baseutil.Basetest - 12345 typed into document is entered
16:19:24.379 [main] INFO  com.demo.baseutil.Basetest - Validate Add Transaction is selected is clickable
16:19:26.882 [main] INFO  com.demo.baseutil.Basetest - Clicked on : Add Transaction is selected
16:19:28.884 [main] INFO  com.demo.baseutil.Basetest - Validate click on trace is clickable
16:19:31.033 [main] INFO  com.demo.baseutil.Basetest - Browser is closed sucessfuly
16:19:35.505 [main] INFO  com.demo.baseutil.Basetest - Browser is closed sucessfuly
16:19:59.239 [main] INFO  com.demo.baseutil.Basetest - Validate Sign in with FarmtoPlate account is clickable
16:20:02.208 [main] INFO  com.demo.baseutil.Basetest - Clicked on : Sign in with FarmtoPlate account
16:20:02.231 [main] INFO  com.demo.baseutil.Basetest - Url contains farmtoplateapps.io/login
16:20:02.249 [main] INFO  com.demo.baseutil.Basetest - Sign in title matched
16:20:02.249 [main] INFO  com.demo.baseutil.Basetest - UI verified for Sigin page.
16:20:02.249 [main] INFO  com.demo.baseutil.Basetest - Sign in function call
16:20:02.249 [main] INFO  com.demo.baseutil.Basetest - Validate email address field is clicked is clickable
16:20:04.956 [main] INFO  com.demo.baseutil.Basetest - Clicked on : email address field is clicked
16:20:04.956 [main] INFO  com.demo.baseutil.Basetest - Enter the value into Email Id Entered
16:20:05.550 [main] INFO  com.demo.baseutil.Basetest - 139@yopmail.com typed into Email Id Entered
16:20:05.550 [main] INFO  com.demo.baseutil.Basetest - Validate Enter the password is clickable
16:20:08.046 [main] INFO  com.demo.baseutil.Basetest - Clicked on : Enter the password
16:20:08.047 [main] INFO  com.demo.baseutil.Basetest - Enter the value into Password Id Entered
16:20:08.589 [main] INFO  com.demo.baseutil.Basetest - Admin@1234 typed into Password Id Entered
16:20:12.649 [main] INFO  com.demo.baseutil.Basetest - Scroll down
16:20:12.649 [main] INFO  com.demo.baseutil.Basetest - Validate Press the signin button is clickable
16:20:16.082 [main] INFO  com.demo.baseutil.Basetest - Clicked on : Press the signin button
16:20:18.110 [main] INFO  com.demo.baseutil.Basetest - HomePage title  is matched
16:20:28.130 [main] INFO  com.demo.baseutil.Basetest - Validate click on trace is clickable
16:20:31.001 [main] INFO  com.demo.baseutil.Basetest - Clicked on : click on trace
16:20:33.017 [main] INFO  com.demo.baseutil.Basetest - Validate Network Management is clicked is clickable
16:20:35.632 [main] INFO  com.demo.baseutil.Basetest - Clicked on : Network Management is clicked
16:20:40.810 [main] INFO  com.demo.baseutil.Basetest - Validate Click on profile account is clickable
16:20:43.317 [main] INFO  com.demo.baseutil.Basetest - Clicked on : Click on profile account
16:20:43.317 [main] INFO  com.demo.baseutil.Basetest - Validate Logout the Farm2Plate account is clickable
16:20:45.880 [main] INFO  com.demo.baseutil.Basetest - Clicked on : Logout the Farm2Plate account
16:20:45.880 [main] INFO  com.demo.baseutil.Basetest - user is on function call
16:20:45.880 [main] INFO  com.demo.baseutil.Basetest - Validate email address field is clicked is clickable
16:20:48.529 [main] INFO  com.demo.baseutil.Basetest - Clicked on : email address field is clicked
16:20:48.530 [main] INFO  com.demo.baseutil.Basetest - Enter the value into Email Id Entered
16:20:49.035 [main] INFO  com.demo.baseutil.Basetest - clhijshz193@yopmail.com typed into Email Id Entered
16:20:49.035 [main] INFO  com.demo.baseutil.Basetest - Validate Enter the password is clickable
16:20:51.478 [main] INFO  com.demo.baseutil.Basetest - Clicked on : Enter the password
16:20:51.478 [main] INFO  com.demo.baseutil.Basetest - Enter the value into Password Id Entered
16:20:51.847 [main] INFO  com.demo.baseutil.Basetest - Admin@1234 typed into Password Id Entered
16:20:55.964 [main] INFO  com.demo.baseutil.Basetest - Scroll down
16:20:56.001 [main] INFO  com.demo.baseutil.Basetest - Validate Press the signin button is clickable
16:20:59.865 [main] INFO  com.demo.baseutil.Basetest - Clicked on : Press the signin button
16:21:07.895 [main] INFO  com.demo.baseutil.Basetest - Validate Click on First is clickable
16:21:11.063 [main] INFO  com.demo.baseutil.Basetest - Clicked on : Click on First
16:21:11.065 [main] INFO  com.demo.baseutil.Basetest - Enter the value into enter the  First
16:21:11.505 [main] INFO  com.demo.baseutil.Basetest - First typed into enter the  First
16:21:11.505 [main] INFO  com.demo.baseutil.Basetest - Validate Click on last is clickable
16:21:14.037 [main] INFO  com.demo.baseutil.Basetest - Clicked on : Click on last
16:21:14.037 [main] INFO  com.demo.baseutil.Basetest - Enter the value into enter the  Last
16:21:14.449 [main] INFO  com.demo.baseutil.Basetest - Last typed into enter the  Last
16:21:14.451 [main] INFO  com.demo.baseutil.Basetest - Validate Click on dest is clickable
16:21:16.963 [main] INFO  com.demo.baseutil.Basetest - Clicked on : Click on dest
16:21:16.983 [main] INFO  com.demo.baseutil.Basetest - Enter the value into enter the  dest
16:21:17.560 [main] INFO  com.demo.baseutil.Basetest - dest typed into enter the  dest
16:21:17.565 [main] INFO  com.demo.baseutil.Basetest - Validate Click on Submit is clickable
16:21:20.315 [main] INFO  com.demo.baseutil.Basetest - Clicked on : Click on Submit
16:21:20.316 [main] INFO  com.demo.baseutil.Basetest - Validate Click on address is clickable
16:21:24.420 [main] INFO  com.demo.baseutil.Basetest - Clicked on : Click on address
16:21:24.422 [main] INFO  com.demo.baseutil.Basetest - Enter the value into enter the  address
16:21:25.051 [main] INFO  com.demo.baseutil.Basetest - 123 William Street, New York, NY, USA typed into enter the  address
16:21:27.059 [main] INFO  com.demo.baseutil.Basetest - Validate comapny name is clicked is clickable
16:21:29.664 [main] INFO  com.demo.baseutil.Basetest - Clicked on : comapny name is clicked
16:21:29.665 [main] INFO  com.demo.baseutil.Basetest - Validate Click on state is clickable
16:21:32.060 [main] INFO  com.demo.baseutil.Basetest - Clicked on : Click on state
16:21:32.062 [main] INFO  com.demo.baseutil.Basetest - Enter the value into Enetered the state
16:21:32.457 [main] INFO  com.demo.baseutil.Basetest - NY typed into Enetered the state
16:21:32.458 [main] INFO  com.demo.baseutil.Basetest - Validate Click on zip is clickable
16:21:34.862 [main] INFO  com.demo.baseutil.Basetest - Clicked on : Click on zip
16:21:34.871 [main] INFO  com.demo.baseutil.Basetest - Enter the value into Enetred the Zip
16:21:35.454 [main] INFO  com.demo.baseutil.Basetest - 10038-3804 typed into Enetred the Zip
16:21:35.458 [main] INFO  com.demo.baseutil.Basetest - Validate Click on city is clickable
16:21:38.012 [main] INFO  com.demo.baseutil.Basetest - Clicked on : Click on city
16:21:38.012 [main] INFO  com.demo.baseutil.Basetest - Enter the value into Enetered the city
16:21:38.540 [main] INFO  com.demo.baseutil.Basetest - New York typed into Enetered the city
16:21:38.546 [main] INFO  com.demo.baseutil.Basetest - Validate Click on country is clickable
16:21:41.062 [main] INFO  com.demo.baseutil.Basetest - Clicked on : Click on country
16:21:41.062 [main] INFO  com.demo.baseutil.Basetest - Enter the value into Enetered the country
16:21:41.491 [main] INFO  com.demo.baseutil.Basetest - United States typed into Enetered the country
16:21:47.615 [main] INFO  com.demo.baseutil.Basetest - Scroll down
16:21:49.622 [main] INFO  com.demo.baseutil.Basetest - Validate Click on Submit is clickable
16:21:52.244 [main] INFO  com.demo.baseutil.Basetest - Clicked on : Click on Submit
16:21:55.273 [main] INFO  com.demo.baseutil.Basetest - Validate Click on profile account is clickable
16:21:57.270 [main] INFO  com.demo.baseutil.Basetest - Browser is closed sucessfuly
16:21:59.481 [main] INFO  com.demo.baseutil.Basetest - Browser is closed sucessfuly
16:22:02.031 [main] ERROR com.demo.baseutil.Basetest - Failed to close the Browser
