14:36:27.835 [main] INFO  com.demo.baseutil.Basetest - 
14:36:27.844 [main] INFO  com.demo.baseutil.Basetest - Running locally JavaMail
14:36:27.968 [main] INFO  com.demo.baseutil.Basetest2 - Folder creation for Extent
14:36:27.978 [main] INFO  com.demo.baseutil.Basetest - ExtentDir:-C:\Users\Deepti Jindal\eclipse-workspace2\com.NFR.Trace QA latest/reports/Automation Report- 12_09_2024_14_36_27/Report/12_09_2024_14_36_27
14:36:28.142 [main] INFO  com.demo.baseutil.Basetest - Report Initiated
14:36:28.144 [main] INFO  com.demo.baseutil.Basetest - Screenshot folder created
14:36:43.826 [main] INFO  com.demo.baseutil.Basetest - Validate Sign in with FarmtoPlate account is clickable
14:36:46.498 [main] INFO  com.demo.baseutil.Basetest - Clicked on : Sign in with FarmtoPlate account
14:36:46.525 [main] INFO  com.demo.baseutil.Basetest - Url contains farmtoplateapps.io/login
14:36:46.537 [main] INFO  com.demo.baseutil.Basetest - Sign in title matched
14:36:46.537 [main] INFO  com.demo.baseutil.Basetest - UI verified for Sigin page.
14:36:46.538 [main] INFO  com.demo.baseutil.Basetest - Sign in function call
14:36:46.538 [main] INFO  com.demo.baseutil.Basetest - Validate email address field is clicked is clickable
14:36:49.529 [main] INFO  com.demo.baseutil.Basetest - Clicked on : email address field is clicked
14:36:49.530 [main] INFO  com.demo.baseutil.Basetest - Enter the value into Email Id Entered
14:36:49.996 [main] INFO  com.demo.baseutil.Basetest - 139@yopmail.com typed into Email Id Entered
14:36:49.997 [main] INFO  com.demo.baseutil.Basetest - Validate Enter the password is clickable
14:36:52.457 [main] INFO  com.demo.baseutil.Basetest - Clicked on : Enter the password
14:36:52.458 [main] INFO  com.demo.baseutil.Basetest - Enter the value into Password Id Entered
14:36:52.890 [main] INFO  com.demo.baseutil.Basetest - Admin@1234 typed into Password Id Entered
14:36:56.961 [main] INFO  com.demo.baseutil.Basetest - Scroll down
14:36:56.961 [main] INFO  com.demo.baseutil.Basetest - Validate Press the signin button is clickable
14:37:01.823 [main] INFO  com.demo.baseutil.Basetest - Clicked on : Press the signin button
14:37:04.004 [main] INFO  com.demo.baseutil.Basetest - HomePage title  is matched
14:37:19.016 [main] INFO  com.demo.baseutil.Basetest - Validate click on trace is clickable
14:37:21.599 [main] INFO  com.demo.baseutil.Basetest - Clicked on : click on trace
14:37:27.681 [main] INFO  com.demo.baseutil.Basetest - Validate Asset & Infrastructure Data is clicked is clickable
14:37:30.229 [main] INFO  com.demo.baseutil.Basetest - Clicked on : Asset & Infrastructure Data is clicked
14:37:32.245 [main] INFO  com.demo.baseutil.Basetest - Validate drivers is clicked is clickable
14:37:35.404 [main] INFO  com.demo.baseutil.Basetest - Clicked on : drivers is clicked
14:37:37.410 [main] INFO  com.demo.baseutil.Basetest - Validate Add new is clicked is clickable
14:37:40.013 [main] INFO  com.demo.baseutil.Basetest - Clicked on : Add new is clicked
14:37:42.029 [main] INFO  com.demo.baseutil.Basetest - Validate drivername is clicked is clickable
14:37:44.554 [main] INFO  com.demo.baseutil.Basetest - Clicked on : drivername is clicked
14:37:44.554 [main] INFO  com.demo.baseutil.Basetest - Enter the value into driver name is entered
14:37:44.940 [main] INFO  com.demo.baseutil.Basetest - driver typed into driver name is entered
14:37:44.940 [main] INFO  com.demo.baseutil.Basetest - Validate countrycode is selected is clickable
14:37:47.544 [main] INFO  com.demo.baseutil.Basetest - Clicked on : countrycode is selected
14:37:47.545 [main] INFO  com.demo.baseutil.Basetest - Enter the value into countrycode is entered
14:37:47.966 [main] INFO  com.demo.baseutil.Basetest - +91 typed into countrycode is entered
14:37:49.977 [main] INFO  com.demo.baseutil.Basetest - Validate country code is selected is clickable
14:37:52.773 [main] INFO  com.demo.baseutil.Basetest - Clicked on : country code is selected
14:37:54.789 [main] INFO  com.demo.baseutil.Basetest - Validate phone number is clicked is clickable
14:37:57.305 [main] INFO  com.demo.baseutil.Basetest - Clicked on : phone number is clicked
14:37:57.305 [main] INFO  com.demo.baseutil.Basetest - Enter the value into enter the Phone
14:37:57.747 [main] INFO  com.demo.baseutil.Basetest - 9333923768 typed into enter the Phone
14:38:00.758 [main] INFO  com.demo.baseutil.Basetest - Validate Click on workinghours is clickable
14:38:03.269 [main] INFO  com.demo.baseutil.Basetest - Clicked on : Click on workinghours
14:38:05.275 [main] INFO  com.demo.baseutil.Basetest - Validate click the time1 is clickable
14:38:07.793 [main] INFO  com.demo.baseutil.Basetest - Clicked on : click the time1
14:38:07.794 [main] INFO  com.demo.baseutil.Basetest - Validate click the time2 is clickable
14:38:10.329 [main] INFO  com.demo.baseutil.Basetest - Clicked on : click the time2
14:38:12.344 [main] INFO  com.demo.baseutil.Basetest - Validate click the ok is clickable
14:38:14.950 [main] INFO  com.demo.baseutil.Basetest - Clicked on : click the ok
14:38:16.958 [main] INFO  com.demo.baseutil.Basetest - Validate Add driver button is clicked is clickable
14:38:19.526 [main] INFO  com.demo.baseutil.Basetest - Clicked on : Add driver button is clicked
14:38:33.620 [main] INFO  com.demo.baseutil.Basetest - Scroll down
14:38:35.623 [main] INFO  com.demo.baseutil.Basetest - Validate transaction is clicked is clickable
14:38:38.417 [main] INFO  com.demo.baseutil.Basetest - Clicked on : transaction is clicked
14:38:43.429 [main] INFO  com.demo.baseutil.Basetest - Validate add new is clicked is clickable
14:38:46.027 [main] INFO  com.demo.baseutil.Basetest - Clicked on : add new is clicked
14:38:51.555 [main] INFO  com.demo.baseutil.Basetest - Validate clicked on CTE is clickable
14:38:55.439 [main] INFO  com.demo.baseutil.Basetest - Clicked on : clicked on CTE
14:38:59.442 [main] INFO  com.demo.baseutil.Basetest - Validate clicked on CTEagg comm is clickable
14:39:01.927 [main] INFO  com.demo.baseutil.Basetest - Clicked on : clicked on CTEagg comm
14:39:03.929 [main] INFO  com.demo.baseutil.Basetest - Validate clicked the vehicle is clickable
14:39:06.455 [main] INFO  com.demo.baseutil.Basetest - Clicked on : clicked the vehicle
14:39:08.458 [main] INFO  com.demo.baseutil.Basetest - Validate select the vehicle is clickable
14:39:11.054 [main] INFO  com.demo.baseutil.Basetest - Clicked on : select the vehicle
14:39:13.059 [main] INFO  com.demo.baseutil.Basetest - Validate Product id is clicked is clickable
14:39:15.549 [main] INFO  com.demo.baseutil.Basetest - Clicked on : Product id is clicked
14:39:23.555 [main] INFO  com.demo.baseutil.Basetest - Validate click on submit button is clickable
14:39:26.125 [main] INFO  com.demo.baseutil.Basetest - Clicked on : click on submit button
14:39:30.146 [main] INFO  com.demo.baseutil.Basetest - Scroll down successful
14:39:30.146 [main] INFO  com.demo.baseutil.Basetest - Validate click on activity is clickable
14:39:34.706 [main] INFO  com.demo.baseutil.Basetest - Clicked on : click on activity
14:39:34.706 [main] INFO  com.demo.baseutil.Basetest - Enter the value into entered the activity
14:39:35.168 [main] INFO  com.demo.baseutil.Basetest - abcd typed into entered the activity
14:39:37.173 [main] INFO  com.demo.baseutil.Basetest - Validate click on date1 is clickable
14:39:39.787 [main] INFO  com.demo.baseutil.Basetest - Clicked on : click on date1
14:39:39.788 [main] INFO  com.demo.baseutil.Basetest - Validate click on datenextbutton is clickable
14:39:42.376 [main] INFO  com.demo.baseutil.Basetest - Clicked on : click on datenextbutton
14:39:42.376 [main] INFO  com.demo.baseutil.Basetest - Validate click on Ok Button is clickable
14:39:44.760 [main] INFO  com.demo.baseutil.Basetest - Browser is closed sucessfuly
14:39:46.534 [main] INFO  com.demo.baseutil.Basetest - Browser is closed sucessfuly
14:39:47.402 [main] ERROR com.demo.baseutil.Basetest - Failed to close the Browser
