16:07:32.316 [main] INFO  com.demo.baseutil.Basetest - 
16:07:32.323 [main] INFO  com.demo.baseutil.Basetest - Running locally JavaMail
16:07:32.473 [main] INFO  com.demo.baseutil.Basetest2 - Folder creation for Extent
16:07:32.494 [main] INFO  com.demo.baseutil.Basetest - ExtentDir:-C:\Users\Deepti Jindal\eclipse-workspace2\com.NFR.Trace QA latest/reports/Automation Report- 10_09_2024_16_07_32/Report/10_09_2024_16_07_32
16:07:32.670 [main] INFO  com.demo.baseutil.Basetest - Report Initiated
16:07:32.675 [main] INFO  com.demo.baseutil.Basetest - Screenshot folder created
16:07:48.553 [main] INFO  com.demo.baseutil.Basetest - Validate Sign in with FarmtoPlate account is clickable
16:07:51.155 [main] INFO  com.demo.baseutil.Basetest - Clicked on : Sign in with FarmtoPlate account
16:07:51.168 [main] INFO  com.demo.baseutil.Basetest - Url contains farmtoplateapps.io/login
16:07:51.177 [main] INFO  com.demo.baseutil.Basetest - Sign in title matched
16:07:51.177 [main] INFO  com.demo.baseutil.Basetest - UI verified for Sigin page.
16:07:51.178 [main] INFO  com.demo.baseutil.Basetest - Sign in function call
16:07:51.178 [main] INFO  com.demo.baseutil.Basetest - Validate email address field is clicked is clickable
16:07:53.863 [main] INFO  com.demo.baseutil.Basetest - Clicked on : email address field is clicked
16:07:53.864 [main] INFO  com.demo.baseutil.Basetest - Enter the value into Email Id Entered
16:07:54.455 [main] INFO  com.demo.baseutil.Basetest - farmtoplatef2p@paramountsoft.net typed into Email Id Entered
16:07:54.455 [main] INFO  com.demo.baseutil.Basetest - Validate Enter the password is clickable
16:07:56.930 [main] INFO  com.demo.baseutil.Basetest - Clicked on : Enter the password
16:07:56.931 [main] INFO  com.demo.baseutil.Basetest - Enter the value into Password Id Entered
16:07:57.266 [main] INFO  com.demo.baseutil.Basetest - Admin1234 typed into Password Id Entered
16:08:06.344 [main] INFO  com.demo.baseutil.Basetest - Scroll down
16:08:07.352 [main] INFO  com.demo.baseutil.Basetest - Validate Press the signin button is clickable
16:08:10.390 [main] INFO  com.demo.baseutil.Basetest - Clicked on : Press the signin button
16:08:18.405 [main] INFO  com.demo.baseutil.Basetest - HomePage title  is matched
16:08:31.411 [main] INFO  com.demo.baseutil.Basetest - Validate Network Management is clicked is clickable
16:08:33.853 [main] INFO  com.demo.baseutil.Basetest - Clicked on : Network Management is clicked
16:08:37.857 [main] INFO  com.demo.baseutil.Basetest - Validate Add new is clicked is clickable
16:08:40.288 [main] INFO  com.demo.baseutil.Basetest - Clicked on : Add new is clicked
16:08:42.289 [main] INFO  com.demo.baseutil.Basetest - Validate Organisation Name is clicked is clickable
16:08:44.739 [main] INFO  com.demo.baseutil.Basetest - Clicked on : Organisation Name is clicked
16:08:44.739 [main] INFO  com.demo.baseutil.Basetest - Enter the value into Organisation is Entered
16:08:45.182 [main] INFO  com.demo.baseutil.Basetest - vAyOLjZy typed into Organisation is Entered
16:08:45.183 [main] INFO  com.demo.baseutil.Basetest - Validate Organisation type is clicked is clickable
16:08:47.588 [main] INFO  com.demo.baseutil.Basetest - Clicked on : Organisation type is clicked
16:08:47.589 [main] INFO  com.demo.baseutil.Basetest - Validate upstream is selected is clickable
16:08:49.973 [main] INFO  com.demo.baseutil.Basetest - Clicked on : upstream is selected
16:08:49.973 [main] INFO  com.demo.baseutil.Basetest - Validate Organisation role is clicked is clickable
16:08:52.485 [main] INFO  com.demo.baseutil.Basetest - Clicked on : Organisation role is clicked
16:08:52.487 [main] INFO  com.demo.baseutil.Basetest - Validate Organisation role is selected is clickable
16:08:55.006 [main] INFO  com.demo.baseutil.Basetest - Clicked on : Organisation role is selected
16:08:55.006 [main] INFO  com.demo.baseutil.Basetest - Validate module is clicked is clickable
16:08:57.356 [main] INFO  com.demo.baseutil.Basetest - Clicked on : module is clicked
16:08:57.356 [main] INFO  com.demo.baseutil.Basetest - Validate module is selected is clickable
16:08:59.799 [main] INFO  com.demo.baseutil.Basetest - Clicked on : module is selected
16:08:59.799 [main] INFO  com.demo.baseutil.Basetest - Validate email field is clicked is clickable
16:09:02.273 [main] INFO  com.demo.baseutil.Basetest - Clicked on : email field is clicked
16:09:02.274 [main] INFO  com.demo.baseutil.Basetest - Enter the value into emailid is Entered
16:09:02.772 [main] INFO  com.demo.baseutil.Basetest - 13401avcyghg@yopmail.com typed into emailid is Entered
16:09:08.865 [main] INFO  com.demo.baseutil.Basetest - Scroll down
16:09:15.877 [main] INFO  com.demo.baseutil.Basetest - Validate Database Type is clicked is clickable
16:09:18.276 [main] INFO  com.demo.baseutil.Basetest - Clicked on : Database Type is clicked
16:09:18.276 [main] INFO  com.demo.baseutil.Basetest - Validate Db is selected is clickable
16:09:20.656 [main] INFO  com.demo.baseutil.Basetest - Clicked on : Db is selected
16:09:22.685 [main] INFO  com.demo.baseutil.Basetest - Scroll down successful
16:09:23.708 [main] INFO  com.demo.baseutil.Basetest - Validate Db is selected is clickable
16:09:26.204 [main] INFO  com.demo.baseutil.Basetest - Clicked on : Db is selected
16:09:28.214 [main] INFO  com.demo.baseutil.Basetest - Validate ordermgmt is selected is clickable
16:09:30.635 [main] INFO  com.demo.baseutil.Basetest - Clicked on : ordermgmt is selected
16:09:30.635 [main] INFO  com.demo.baseutil.Basetest - Validate Soil Dashboard is selected is clickable
16:09:33.017 [main] INFO  com.demo.baseutil.Basetest - Clicked on : Soil Dashboard is selected
16:09:33.017 [main] INFO  com.demo.baseutil.Basetest - Validate Submit Button is clicked is clickable
16:09:35.476 [main] INFO  com.demo.baseutil.Basetest - Clicked on : Submit Button is clicked
16:09:37.653 [main] INFO  com.demo.baseutil.Basetest - Validate Email address input field is clicked is clickable
16:09:41.502 [main] INFO  com.demo.baseutil.Basetest - Clicked on : Email address input field is clicked
16:09:41.502 [main] INFO  com.demo.baseutil.Basetest - Enter the value into email address is entered
16:09:41.832 [main] INFO  com.demo.baseutil.Basetest - 13401avcyghg@yopmail.com typed into email address is entered
16:09:41.832 [main] INFO  com.demo.baseutil.Basetest - Validate arrow button is clicked is clickable
16:09:44.390 [main] INFO  com.demo.baseutil.Basetest - Clicked on : arrow button is clicked
16:09:54.625 [main] INFO  com.demo.baseutil.Basetest - Validate first email is clicked is clickable
16:09:57.025 [main] INFO  com.demo.baseutil.Basetest - Clicked on : first email is clicked
16:09:59.116 [main] INFO  com.demo.baseutil.Basetest - Validate email address is clicked is clickable
16:10:01.545 [main] INFO  com.demo.baseutil.Basetest - Clicked on : email address is clicked
16:10:03.593 [main] INFO  com.demo.baseutil.Basetest - Validate pass is clicked is clickable
16:10:06.061 [main] INFO  com.demo.baseutil.Basetest - Clicked on : pass is clicked
16:10:06.061 [main] INFO  com.demo.baseutil.Basetest - Enter the value into Password is entered
16:10:06.460 [main] INFO  com.demo.baseutil.Basetest - Admin@1234 typed into Password is entered
16:10:06.460 [main] INFO  com.demo.baseutil.Basetest - Validate confirm password is clicked is clickable
16:10:08.951 [main] INFO  com.demo.baseutil.Basetest - Clicked on : confirm password is clicked
16:10:08.951 [main] INFO  com.demo.baseutil.Basetest - Enter the value into Confirm Password is entered
16:10:09.227 [main] INFO  com.demo.baseutil.Basetest - Admin@1234 typed into Confirm Password is entered
16:10:15.314 [main] INFO  com.demo.baseutil.Basetest - Scroll down
16:10:15.314 [main] INFO  com.demo.baseutil.Basetest - Validate button is clicked is clickable
16:10:17.675 [main] INFO  com.demo.baseutil.Basetest - Clicked on : button is clicked
16:10:19.689 [main] INFO  com.demo.baseutil.Basetest - Validate email address field is clicked is clickable
16:10:22.270 [main] INFO  com.demo.baseutil.Basetest - Clicked on : email address field is clicked
16:10:22.271 [main] INFO  com.demo.baseutil.Basetest - Enter the value into Email Id Entered
16:10:22.772 [main] INFO  com.demo.baseutil.Basetest - 13401avcyghg@yopmail.com typed into Email Id Entered
16:10:22.772 [main] INFO  com.demo.baseutil.Basetest - Validate Enter the password is clickable
16:10:25.205 [main] INFO  com.demo.baseutil.Basetest - Clicked on : Enter the password
16:10:25.206 [main] INFO  com.demo.baseutil.Basetest - Enter the value into Password Id Entered
16:10:25.544 [main] INFO  com.demo.baseutil.Basetest - Admin@1234 typed into Password Id Entered
16:10:29.624 [main] INFO  com.demo.baseutil.Basetest - Scroll down
16:10:29.625 [main] INFO  com.demo.baseutil.Basetest - Validate Press the signin button is clickable
16:10:33.008 [main] INFO  com.demo.baseutil.Basetest - Clicked on : Press the signin button
16:10:36.069 [main] INFO  com.demo.baseutil.Basetest - Scroll down successful
16:10:37.074 [main] INFO  com.demo.baseutil.Basetest - Validate Press the button is clickable
16:10:40.407 [main] INFO  com.demo.baseutil.Basetest - Clicked on : Press the button
16:10:40.424 [main] INFO  com.demo.baseutil.Basetest - Scroll down successful
16:10:40.424 [main] INFO  com.demo.baseutil.Basetest - Validate Press the signin button is clickable
16:10:42.765 [main] INFO  com.demo.baseutil.Basetest - Clicked on : Press the signin button
16:10:44.773 [main] INFO  com.demo.baseutil.Basetest - Validate Press the button is clickable
16:10:47.227 [main] INFO  com.demo.baseutil.Basetest - Clicked on : Press the button
16:10:50.230 [main] INFO  com.demo.baseutil.Basetest - Validate Click on First is clickable
16:10:52.688 [main] INFO  com.demo.baseutil.Basetest - Clicked on : Click on First
16:10:52.689 [main] INFO  com.demo.baseutil.Basetest - Enter the value into enter the  First
16:10:53.139 [main] INFO  com.demo.baseutil.Basetest - First typed into enter the  First
16:10:53.139 [main] INFO  com.demo.baseutil.Basetest - Validate Click on last is clickable
16:10:55.567 [main] INFO  com.demo.baseutil.Basetest - Clicked on : Click on last
16:10:55.568 [main] INFO  com.demo.baseutil.Basetest - Enter the value into enter the  Last
16:10:55.895 [main] INFO  com.demo.baseutil.Basetest - Last typed into enter the  Last
16:10:55.895 [main] INFO  com.demo.baseutil.Basetest - Validate Click on dest is clickable
16:10:58.337 [main] INFO  com.demo.baseutil.Basetest - Clicked on : Click on dest
16:10:58.337 [main] INFO  com.demo.baseutil.Basetest - Enter the value into enter the  dest
16:10:58.665 [main] INFO  com.demo.baseutil.Basetest - dest typed into enter the  dest
16:10:58.666 [main] INFO  com.demo.baseutil.Basetest - Validate Click on Submit is clickable
16:11:01.126 [main] INFO  com.demo.baseutil.Basetest - Clicked on : Click on Submit
16:11:01.127 [main] INFO  com.demo.baseutil.Basetest - Validate Click on address is clickable
16:11:07.319 [main] INFO  com.demo.baseutil.Basetest - Clicked on : Click on address
16:11:07.319 [main] INFO  com.demo.baseutil.Basetest - Enter the value into enter the  address
16:11:07.760 [main] INFO  com.demo.baseutil.Basetest - 123 William Street, New York, NY, USA typed into enter the  address
16:11:09.764 [main] INFO  com.demo.baseutil.Basetest - Validate comapny name is clicked is clickable
16:11:12.153 [main] INFO  com.demo.baseutil.Basetest - Clicked on : comapny name is clicked
16:11:12.153 [main] INFO  com.demo.baseutil.Basetest - Validate Click on state is clickable
16:11:14.620 [main] INFO  com.demo.baseutil.Basetest - Clicked on : Click on state
16:11:14.621 [main] INFO  com.demo.baseutil.Basetest - Enter the value into Enetered the state
16:11:14.954 [main] INFO  com.demo.baseutil.Basetest - NY typed into Enetered the state
16:11:14.958 [main] INFO  com.demo.baseutil.Basetest - Validate Click on zip is clickable
16:11:17.404 [main] INFO  com.demo.baseutil.Basetest - Clicked on : Click on zip
16:11:17.404 [main] INFO  com.demo.baseutil.Basetest - Enter the value into Enetred the Zip
16:11:17.795 [main] INFO  com.demo.baseutil.Basetest - 10038-3804 typed into Enetred the Zip
16:11:17.796 [main] INFO  com.demo.baseutil.Basetest - Validate Click on city is clickable
16:11:20.288 [main] INFO  com.demo.baseutil.Basetest - Clicked on : Click on city
16:11:20.288 [main] INFO  com.demo.baseutil.Basetest - Enter the value into Enetered the city
16:11:20.626 [main] INFO  com.demo.baseutil.Basetest - New York typed into Enetered the city
16:11:20.627 [main] INFO  com.demo.baseutil.Basetest - Validate Click on country is clickable
16:11:23.021 [main] INFO  com.demo.baseutil.Basetest - Clicked on : Click on country
16:11:23.021 [main] INFO  com.demo.baseutil.Basetest - Enter the value into Enetered the country
16:11:23.395 [main] INFO  com.demo.baseutil.Basetest - United States typed into Enetered the country
16:11:23.396 [main] INFO  com.demo.baseutil.Basetest - Scroll till the scrolled to bankname
16:11:23.504 [main] INFO  com.demo.baseutil.Basetest - Scroll till the scrolled to bankname completed
16:11:23.504 [main] INFO  com.demo.baseutil.Basetest - Validate msmenumber is clicked is clickable
16:11:25.935 [main] INFO  com.demo.baseutil.Basetest - Clicked on : msmenumber is clicked
16:11:25.935 [main] INFO  com.demo.baseutil.Basetest - Enter the value into Enetered the msmnumber
16:11:26.222 [main] INFO  com.demo.baseutil.Basetest - 192983758890 typed into Enetered the msmnumber
16:11:26.222 [main] INFO  com.demo.baseutil.Basetest - Validate bankname is clicked is clickable
16:11:28.532 [main] INFO  com.demo.baseutil.Basetest - Clicked on : bankname is clicked
16:11:28.532 [main] INFO  com.demo.baseutil.Basetest - Enter the value into Enetered the bankname
16:11:28.862 [main] INFO  com.demo.baseutil.Basetest - Goldmann typed into Enetered the bankname
16:11:28.862 [main] INFO  com.demo.baseutil.Basetest - Validate accountname is clicked is clickable
16:11:31.334 [main] INFO  com.demo.baseutil.Basetest - Clicked on : accountname is clicked
16:11:31.334 [main] INFO  com.demo.baseutil.Basetest - Enter the value into Enetered the accountname
16:11:31.724 [main] INFO  com.demo.baseutil.Basetest - Gold digger typed into Enetered the accountname
16:11:31.724 [main] INFO  com.demo.baseutil.Basetest - Validate accountnumber is clicked is clickable
16:11:34.133 [main] INFO  com.demo.baseutil.Basetest - Clicked on : accountnumber is clicked
16:11:34.133 [main] INFO  com.demo.baseutil.Basetest - Enter the value into Enetered the accountnumber
16:11:34.430 [main] INFO  com.demo.baseutil.Basetest - 10000234500123 typed into Enetered the accountnumber
16:11:34.430 [main] INFO  com.demo.baseutil.Basetest - Validate ifscdrop is clicked is clickable
16:11:36.776 [main] INFO  com.demo.baseutil.Basetest - Clicked on : ifscdrop is clicked
16:11:36.776 [main] INFO  com.demo.baseutil.Basetest - Validate ifscdrop is clicked is clickable
16:11:39.183 [main] INFO  com.demo.baseutil.Basetest - Clicked on : ifscdrop is clicked
16:11:39.183 [main] INFO  com.demo.baseutil.Basetest - Validate ifsccode is clicked is clickable
16:11:41.551 [main] INFO  com.demo.baseutil.Basetest - Clicked on : ifsccode is clicked
16:11:41.552 [main] INFO  com.demo.baseutil.Basetest - Enter the value into Enetered the ifsccode
16:11:41.966 [main] INFO  com.demo.baseutil.Basetest - 1234IFSC908 typed into Enetered the ifsccode
16:11:48.094 [main] INFO  com.demo.baseutil.Basetest - Scroll down
16:11:50.100 [main] INFO  com.demo.baseutil.Basetest - Validate Click on Submit is clickable
16:11:52.617 [main] INFO  com.demo.baseutil.Basetest - Clicked on : Click on Submit
16:11:54.188 [main] INFO  com.demo.baseutil.Basetest - Browser is closed sucessfuly
16:11:54.934 [main] INFO  com.demo.baseutil.Basetest - Browser is closed sucessfuly
16:12:07.187 [main] INFO  com.demo.baseutil.Basetest - Validate Sign in with FarmtoPlate account is clickable
16:12:09.645 [main] INFO  com.demo.baseutil.Basetest - Clicked on : Sign in with FarmtoPlate account
16:12:09.661 [main] INFO  com.demo.baseutil.Basetest - Url contains farmtoplateapps.io/login
16:12:09.671 [main] INFO  com.demo.baseutil.Basetest - Sign in title matched
16:12:09.671 [main] INFO  com.demo.baseutil.Basetest - UI verified for Sigin page.
16:12:09.671 [main] INFO  com.demo.baseutil.Basetest - Sign in function call
16:12:09.671 [main] INFO  com.demo.baseutil.Basetest - Validate email address field is clicked is clickable
16:12:12.231 [main] INFO  com.demo.baseutil.Basetest - Clicked on : email address field is clicked
16:12:12.231 [main] INFO  com.demo.baseutil.Basetest - Enter the value into Email Id Entered
16:12:12.661 [main] INFO  com.demo.baseutil.Basetest - 139@yopmail.com typed into Email Id Entered
16:12:12.662 [main] INFO  com.demo.baseutil.Basetest - Validate Enter the password is clickable
16:12:15.017 [main] INFO  com.demo.baseutil.Basetest - Clicked on : Enter the password
16:12:15.018 [main] INFO  com.demo.baseutil.Basetest - Enter the value into Password Id Entered
16:12:15.482 [main] INFO  com.demo.baseutil.Basetest - Admin@1234 typed into Password Id Entered
16:12:19.585 [main] INFO  com.demo.baseutil.Basetest - Scroll down
16:12:19.585 [main] INFO  com.demo.baseutil.Basetest - Validate Press the signin button is clickable
16:12:22.974 [main] INFO  com.demo.baseutil.Basetest - Clicked on : Press the signin button
16:12:25.697 [main] INFO  com.demo.baseutil.Basetest - HomePage title  is matched
16:12:35.719 [main] INFO  com.demo.baseutil.Basetest - Validate click on trace is clickable
16:12:38.242 [main] INFO  com.demo.baseutil.Basetest - Clicked on : click on trace
16:12:40.244 [main] INFO  com.demo.baseutil.Basetest - Validate click on dashboard is clickable
16:12:43.190 [main] INFO  com.demo.baseutil.Basetest - Clicked on : click on dashboard
16:12:45.193 [main] INFO  com.demo.baseutil.Basetest - Validate click on organisation network is clickable
16:12:47.705 [main] INFO  com.demo.baseutil.Basetest - Clicked on : click on organisation network
16:12:52.727 [main] INFO  com.demo.baseutil.Basetest - Sign in title matched
16:12:52.727 [main] INFO  com.demo.baseutil.Basetest - UI verified for Organisation network page.
16:12:54.774 [main] INFO  com.demo.baseutil.Basetest - Validate click on product register is clickable
16:12:57.320 [main] INFO  com.demo.baseutil.Basetest - Clicked on : click on product register
16:13:04.360 [main] INFO  com.demo.baseutil.Basetest - Sign in title matched
16:13:04.360 [main] INFO  com.demo.baseutil.Basetest - UI verified for Product page.
16:13:05.408 [main] INFO  com.demo.baseutil.Basetest - Validate click on lots is clickable
16:13:07.944 [main] INFO  com.demo.baseutil.Basetest - Clicked on : click on lots
16:13:14.006 [main] INFO  com.demo.baseutil.Basetest - Sign in title matched
16:13:14.006 [main] INFO  com.demo.baseutil.Basetest - UI verified for Lots page.
16:13:16.583 [main] INFO  com.demo.baseutil.Basetest - Browser is closed sucessfuly
16:13:17.201 [main] INFO  com.demo.baseutil.Basetest - Browser is closed sucessfuly
16:13:29.672 [main] INFO  com.demo.baseutil.Basetest - Validate Sign in with FarmtoPlate account is clickable
16:13:32.152 [main] INFO  com.demo.baseutil.Basetest - Clicked on : Sign in with FarmtoPlate account
16:13:32.161 [main] INFO  com.demo.baseutil.Basetest - Url contains farmtoplateapps.io/login
16:13:32.170 [main] INFO  com.demo.baseutil.Basetest - Sign in title matched
16:13:32.170 [main] INFO  com.demo.baseutil.Basetest - UI verified for Sigin page.
16:13:32.170 [main] INFO  com.demo.baseutil.Basetest - Sign in function call
16:13:32.170 [main] INFO  com.demo.baseutil.Basetest - Validate email address field is clicked is clickable
16:13:34.509 [main] INFO  com.demo.baseutil.Basetest - Clicked on : email address field is clicked
16:13:34.510 [main] INFO  com.demo.baseutil.Basetest - Enter the value into Email Id Entered
16:13:34.939 [main] INFO  com.demo.baseutil.Basetest - 139@yopmail.com typed into Email Id Entered
16:13:34.939 [main] INFO  com.demo.baseutil.Basetest - Validate Enter the password is clickable
16:13:37.355 [main] INFO  com.demo.baseutil.Basetest - Clicked on : Enter the password
16:13:37.355 [main] INFO  com.demo.baseutil.Basetest - Enter the value into Password Id Entered
16:13:37.788 [main] INFO  com.demo.baseutil.Basetest - Admin@1234 typed into Password Id Entered
16:13:41.883 [main] INFO  com.demo.baseutil.Basetest - Scroll down
16:13:41.883 [main] INFO  com.demo.baseutil.Basetest - Validate Press the signin button is clickable
16:13:45.201 [main] INFO  com.demo.baseutil.Basetest - Clicked on : Press the signin button
16:13:47.819 [main] INFO  com.demo.baseutil.Basetest - HomePage title  is matched
16:13:57.826 [main] INFO  com.demo.baseutil.Basetest - Validate click on trace is clickable
16:14:00.271 [main] INFO  com.demo.baseutil.Basetest - Clicked on : click on trace
16:14:02.272 [main] INFO  com.demo.baseutil.Basetest - Validate Network Management is clicked is clickable
16:14:04.946 [main] INFO  com.demo.baseutil.Basetest - Clicked on : Network Management is clicked
16:14:09.958 [main] INFO  com.demo.baseutil.Basetest - Validate Add new is clicked is clickable
16:14:12.528 [main] INFO  com.demo.baseutil.Basetest - Clicked on : Add new is clicked
16:14:14.530 [main] INFO  com.demo.baseutil.Basetest - Validate Organisation Name is clicked is clickable
16:14:16.979 [main] INFO  com.demo.baseutil.Basetest - Clicked on : Organisation Name is clicked
16:14:16.979 [main] INFO  com.demo.baseutil.Basetest - Enter the value into Organisation is Entered
16:14:17.371 [main] INFO  com.demo.baseutil.Basetest - mZesjixe typed into Organisation is Entered
16:14:17.372 [main] INFO  com.demo.baseutil.Basetest - Validate Organisation type is clicked is clickable
16:14:19.833 [main] INFO  com.demo.baseutil.Basetest - Clicked on : Organisation type is clicked
16:14:19.833 [main] INFO  com.demo.baseutil.Basetest - Validate upstream is selected is clickable
16:14:22.299 [main] INFO  com.demo.baseutil.Basetest - Clicked on : upstream is selected
16:14:22.299 [main] INFO  com.demo.baseutil.Basetest - Validate Organisation role is clicked is clickable
16:14:24.683 [main] INFO  com.demo.baseutil.Basetest - Clicked on : Organisation role is clicked
16:14:24.683 [main] INFO  com.demo.baseutil.Basetest - Validate Organisation role is selected is clickable
16:14:27.148 [main] INFO  com.demo.baseutil.Basetest - Clicked on : Organisation role is selected
16:14:27.148 [main] INFO  com.demo.baseutil.Basetest - Validate module is clicked is clickable
16:14:29.611 [main] INFO  com.demo.baseutil.Basetest - Clicked on : module is clicked
16:14:29.611 [main] INFO  com.demo.baseutil.Basetest - Validate module is selected is clickable
16:14:32.109 [main] INFO  com.demo.baseutil.Basetest - Clicked on : module is selected
16:14:32.109 [main] INFO  com.demo.baseutil.Basetest - Validate email field is clicked is clickable
16:14:34.595 [main] INFO  com.demo.baseutil.Basetest - Clicked on : email field is clicked
16:14:34.595 [main] INFO  com.demo.baseutil.Basetest - Enter the value into emailid is Entered
16:14:35.069 [main] INFO  com.demo.baseutil.Basetest - eoutyfFb268@yopmail.com typed into emailid is Entered
16:14:36.075 [main] INFO  com.demo.baseutil.Basetest - Validate sendinvite button is clicked is clickable
16:14:38.518 [main] INFO  com.demo.baseutil.Basetest - Clicked on : sendinvite button is clicked
16:14:40.533 [main] INFO  com.demo.baseutil.Basetest - Validate submit is selected is clickable
16:14:43.003 [main] INFO  com.demo.baseutil.Basetest - Clicked on : submit is selected
16:14:58.164 [main] INFO  com.demo.baseutil.Basetest - Validate Email address input field is clicked is clickable
16:15:00.525 [main] INFO  com.demo.baseutil.Basetest - Clicked on : Email address input field is clicked
16:15:00.526 [main] INFO  com.demo.baseutil.Basetest - Enter the value into email address is entered
16:15:00.927 [main] INFO  com.demo.baseutil.Basetest - eoutyfFb268@yopmail.com typed into email address is entered
16:15:00.928 [main] INFO  com.demo.baseutil.Basetest - Validate arrow button is clicked is clickable
16:15:04.569 [main] INFO  com.demo.baseutil.Basetest - Clicked on : arrow button is clicked
16:15:07.673 [main] INFO  com.demo.baseutil.Basetest - Validate first email is clicked is clickable
16:15:10.107 [main] INFO  com.demo.baseutil.Basetest - Clicked on : first email is clicked
16:15:12.220 [main] INFO  com.demo.baseutil.Basetest - Validate email address is clicked is clickable
16:15:14.784 [main] INFO  com.demo.baseutil.Basetest - Clicked on : email address is clicked
16:15:16.809 [main] INFO  com.demo.baseutil.Basetest - Validate pass is clicked is clickable
16:15:19.260 [main] INFO  com.demo.baseutil.Basetest - Clicked on : pass is clicked
16:15:19.261 [main] INFO  com.demo.baseutil.Basetest - Enter the value into Password is entered
16:15:19.688 [main] INFO  com.demo.baseutil.Basetest - Admin@1234 typed into Password is entered
16:15:19.688 [main] INFO  com.demo.baseutil.Basetest - Validate confirm password is clicked is clickable
16:15:22.133 [main] INFO  com.demo.baseutil.Basetest - Clicked on : confirm password is clicked
16:15:22.133 [main] INFO  com.demo.baseutil.Basetest - Enter the value into Confirm Password is entered
16:15:22.489 [main] INFO  com.demo.baseutil.Basetest - Admin@1234 typed into Confirm Password is entered
16:15:28.589 [main] INFO  com.demo.baseutil.Basetest - Scroll down
16:15:28.589 [main] INFO  com.demo.baseutil.Basetest - Validate button is clicked is clickable
16:15:31.037 [main] INFO  com.demo.baseutil.Basetest - Clicked on : button is clicked
16:15:33.045 [main] INFO  com.demo.baseutil.Basetest - Validate email address field is clicked is clickable
16:15:35.753 [main] INFO  com.demo.baseutil.Basetest - Clicked on : email address field is clicked
16:15:35.753 [main] INFO  com.demo.baseutil.Basetest - Enter the value into Email Id Entered
16:15:36.264 [main] INFO  com.demo.baseutil.Basetest - eoutyfFb268@yopmail.com typed into Email Id Entered
16:15:36.264 [main] INFO  com.demo.baseutil.Basetest - Validate Enter the password is clickable
16:15:38.733 [main] INFO  com.demo.baseutil.Basetest - Clicked on : Enter the password
16:15:38.733 [main] INFO  com.demo.baseutil.Basetest - Enter the value into Password Id Entered
16:15:39.121 [main] INFO  com.demo.baseutil.Basetest - Admin@1234 typed into Password Id Entered
16:15:43.200 [main] INFO  com.demo.baseutil.Basetest - Scroll down
16:15:43.201 [main] INFO  com.demo.baseutil.Basetest - Validate Press the signin button is clickable
16:15:46.200 [main] INFO  com.demo.baseutil.Basetest - Clicked on : Press the signin button
16:15:52.205 [main] INFO  com.demo.baseutil.Basetest - Validate Press the continue button is clickable
16:15:54.701 [main] INFO  com.demo.baseutil.Basetest - Clicked on : Press the continue button
16:15:54.721 [main] INFO  com.demo.baseutil.Basetest - Scroll down successful
16:15:58.800 [main] INFO  com.demo.baseutil.Basetest - Scroll down
16:16:03.836 [main] INFO  com.demo.baseutil.Basetest - Scroll down successful
16:16:03.836 [main] INFO  com.demo.baseutil.Basetest - Validate Press the signin button is clickable
16:16:06.327 [main] INFO  com.demo.baseutil.Basetest - Clicked on : Press the signin button
16:16:06.327 [main] INFO  com.demo.baseutil.Basetest - Validate Press the button is clickable
16:16:08.741 [main] INFO  com.demo.baseutil.Basetest - Clicked on : Press the button
16:16:08.881 [main] INFO  com.demo.baseutil.Basetest - Browser is closed sucessfuly
16:16:09.537 [main] INFO  com.demo.baseutil.Basetest - Browser is closed sucessfuly
16:16:25.242 [main] INFO  com.demo.baseutil.Basetest - Validate Sign in with FarmtoPlate account is clickable
16:16:27.620 [main] INFO  com.demo.baseutil.Basetest - Clicked on : Sign in with FarmtoPlate account
16:16:27.635 [main] INFO  com.demo.baseutil.Basetest - Url contains farmtoplateapps.io/login
16:16:27.647 [main] INFO  com.demo.baseutil.Basetest - Sign in title matched
16:16:27.647 [main] INFO  com.demo.baseutil.Basetest - UI verified for Sigin page.
16:16:27.647 [main] INFO  com.demo.baseutil.Basetest - Sign in function call
16:16:27.647 [main] INFO  com.demo.baseutil.Basetest - Validate email address field is clicked is clickable
16:16:30.176 [main] INFO  com.demo.baseutil.Basetest - Clicked on : email address field is clicked
16:16:30.176 [main] INFO  com.demo.baseutil.Basetest - Enter the value into Email Id Entered
16:16:30.584 [main] INFO  com.demo.baseutil.Basetest - 139@yopmail.com typed into Email Id Entered
16:16:30.584 [main] INFO  com.demo.baseutil.Basetest - Validate Enter the password is clickable
16:16:32.951 [main] INFO  com.demo.baseutil.Basetest - Clicked on : Enter the password
16:16:32.951 [main] INFO  com.demo.baseutil.Basetest - Enter the value into Password Id Entered
16:16:33.270 [main] INFO  com.demo.baseutil.Basetest - Admin@1234 typed into Password Id Entered
16:16:37.350 [main] INFO  com.demo.baseutil.Basetest - Scroll down
16:16:37.350 [main] INFO  com.demo.baseutil.Basetest - Validate Press the signin button is clickable
16:16:40.786 [main] INFO  com.demo.baseutil.Basetest - Clicked on : Press the signin button
16:16:43.452 [main] INFO  com.demo.baseutil.Basetest - HomePage title  is matched
16:16:53.478 [main] INFO  com.demo.baseutil.Basetest - Validate click on trace is clickable
16:16:55.887 [main] INFO  com.demo.baseutil.Basetest - Clicked on : click on trace
16:17:01.974 [main] INFO  com.demo.baseutil.Basetest - Validate Asset & Infrastructure Data is clicked is clickable
16:17:04.441 [main] INFO  com.demo.baseutil.Basetest - Clicked on : Asset & Infrastructure Data is clicked
16:17:06.457 [main] INFO  com.demo.baseutil.Basetest - Validate Assets is clicked is clickable
16:17:09.100 [main] INFO  com.demo.baseutil.Basetest - Clicked on : Assets is clicked
16:17:11.106 [main] INFO  com.demo.baseutil.Basetest - Validate Add new is clicked is clickable
16:17:13.487 [main] INFO  com.demo.baseutil.Basetest - Clicked on : Add new is clicked
16:17:15.504 [main] INFO  com.demo.baseutil.Basetest - Validate Asset type is clicked is clickable
16:17:17.961 [main] INFO  com.demo.baseutil.Basetest - Clicked on : Asset type is clicked
16:17:17.961 [main] INFO  com.demo.baseutil.Basetest - Validate vehicle is selected is clickable
16:17:20.418 [main] INFO  com.demo.baseutil.Basetest - Clicked on : vehicle is selected
16:17:20.418 [main] INFO  com.demo.baseutil.Basetest - Validate Click on Vehicle Name is clickable
16:17:22.890 [main] INFO  com.demo.baseutil.Basetest - Clicked on : Click on Vehicle Name
16:17:22.890 [main] INFO  com.demo.baseutil.Basetest - Enter the value into enter the vehicle name
16:17:23.356 [main] INFO  com.demo.baseutil.Basetest - Loading VehicleuNjj typed into enter the vehicle name
16:17:23.357 [main] INFO  com.demo.baseutil.Basetest - Validate Click on Vehicle Number is clickable
16:17:25.774 [main] INFO  com.demo.baseutil.Basetest - Clicked on : Click on Vehicle Number
16:17:25.774 [main] INFO  com.demo.baseutil.Basetest - Enter the value into Enter the vehicle number
16:17:26.117 [main] INFO  com.demo.baseutil.Basetest - uJkenYrj typed into Enter the vehicle number
16:17:26.117 [main] INFO  com.demo.baseutil.Basetest - Validate click the dropdown of carrier is clickable
16:17:28.530 [main] INFO  com.demo.baseutil.Basetest - Clicked on : click the dropdown of carrier
16:17:28.530 [main] INFO  com.demo.baseutil.Basetest - Validate click the tanker is clickable
16:17:31.011 [main] INFO  com.demo.baseutil.Basetest - Clicked on : click the tanker
16:17:31.011 [main] INFO  com.demo.baseutil.Basetest - Validate Click on Make is clickable
16:17:33.440 [main] INFO  com.demo.baseutil.Basetest - Clicked on : Click on Make
16:17:33.440 [main] INFO  com.demo.baseutil.Basetest - Enter the value into enter the make
16:17:33.814 [main] INFO  com.demo.baseutil.Basetest - Mahindra typed into enter the make
16:17:33.814 [main] INFO  com.demo.baseutil.Basetest - Validate Click on Model is clickable
16:17:36.239 [main] INFO  com.demo.baseutil.Basetest - Clicked on : Click on Model
16:17:36.239 [main] INFO  com.demo.baseutil.Basetest - Enter the value into enter the model
16:17:36.638 [main] INFO  com.demo.baseutil.Basetest - XUV typed into enter the model
16:17:36.638 [main] INFO  com.demo.baseutil.Basetest - Validate Click on Model is clickable
16:17:39.066 [main] INFO  com.demo.baseutil.Basetest - Clicked on : Click on Model
16:17:39.066 [main] INFO  com.demo.baseutil.Basetest - Enter the value into enter the model
16:17:39.451 [main] INFO  com.demo.baseutil.Basetest - XUV typed into enter the model
16:17:39.451 [main] INFO  com.demo.baseutil.Basetest - Validate Click on Vehicle Number is clickable
16:17:41.857 [main] INFO  com.demo.baseutil.Basetest - Clicked on : Click on Vehicle Number
16:17:41.857 [main] INFO  com.demo.baseutil.Basetest - Enter the value into Enter the engine number
16:17:42.229 [main] INFO  com.demo.baseutil.Basetest - Ivsjuaqb typed into Enter the engine number
16:17:42.230 [main] INFO  com.demo.baseutil.Basetest - Validate Click on Class-GVWR is clickable
16:17:44.592 [main] INFO  com.demo.baseutil.Basetest - Clicked on : Click on Class-GVWR
16:17:44.592 [main] INFO  com.demo.baseutil.Basetest - Enter the value into enter the classgvwr
16:17:44.990 [main] INFO  com.demo.baseutil.Basetest - Class I typed into enter the classgvwr
16:17:44.990 [main] INFO  com.demo.baseutil.Basetest - Validate Click on Weight Capacity is clickable
16:17:47.423 [main] INFO  com.demo.baseutil.Basetest - Clicked on : Click on Weight Capacity
16:17:47.423 [main] INFO  com.demo.baseutil.Basetest - Enter the value into enter the weight capacity
16:17:47.758 [main] INFO  com.demo.baseutil.Basetest - 100 typed into enter the weight capacity
16:17:51.844 [main] INFO  com.demo.baseutil.Basetest - Scroll down
16:17:51.859 [main] INFO  com.demo.baseutil.Basetest - Scroll down successful
16:17:51.859 [main] INFO  com.demo.baseutil.Basetest - Validate Click on Add button is clickable
16:17:54.314 [main] INFO  com.demo.baseutil.Basetest - Clicked on : Click on Add button
16:17:55.531 [main] INFO  com.demo.baseutil.Basetest - Browser is closed sucessfuly
16:17:56.430 [main] INFO  com.demo.baseutil.Basetest - Browser is closed sucessfuly
16:18:09.515 [main] INFO  com.demo.baseutil.Basetest - Validate Sign in with FarmtoPlate account is clickable
16:18:11.915 [main] INFO  com.demo.baseutil.Basetest - Clicked on : Sign in with FarmtoPlate account
16:18:11.922 [main] INFO  com.demo.baseutil.Basetest - Url contains farmtoplateapps.io/login
16:18:11.926 [main] INFO  com.demo.baseutil.Basetest - Sign in title matched
16:18:11.926 [main] INFO  com.demo.baseutil.Basetest - UI verified for Sigin page.
16:18:11.926 [main] INFO  com.demo.baseutil.Basetest - Sign in function call
16:18:11.927 [main] INFO  com.demo.baseutil.Basetest - Validate email address field is clicked is clickable
16:18:14.233 [main] INFO  com.demo.baseutil.Basetest - Clicked on : email address field is clicked
16:18:14.233 [main] INFO  com.demo.baseutil.Basetest - Enter the value into Email Id Entered
16:18:14.660 [main] INFO  com.demo.baseutil.Basetest - 139@yopmail.com typed into Email Id Entered
16:18:14.661 [main] INFO  com.demo.baseutil.Basetest - Validate Enter the password is clickable
16:18:17.004 [main] INFO  com.demo.baseutil.Basetest - Clicked on : Enter the password
16:18:17.004 [main] INFO  com.demo.baseutil.Basetest - Enter the value into Password Id Entered
16:18:17.390 [main] INFO  com.demo.baseutil.Basetest - Admin@1234 typed into Password Id Entered
16:18:21.461 [main] INFO  com.demo.baseutil.Basetest - Scroll down
16:18:21.461 [main] INFO  com.demo.baseutil.Basetest - Validate Press the signin button is clickable
16:18:24.779 [main] INFO  com.demo.baseutil.Basetest - Clicked on : Press the signin button
16:18:27.566 [main] INFO  com.demo.baseutil.Basetest - HomePage title  is matched
16:18:37.574 [main] INFO  com.demo.baseutil.Basetest - Validate click on trace is clickable
16:18:40.155 [main] INFO  com.demo.baseutil.Basetest - Clicked on : click on trace
16:18:46.249 [main] INFO  com.demo.baseutil.Basetest - Validate Asset & Infrastructure Data is clicked is clickable
16:18:48.705 [main] INFO  com.demo.baseutil.Basetest - Clicked on : Asset & Infrastructure Data is clicked
16:18:50.711 [main] INFO  com.demo.baseutil.Basetest - Validate Infra is clicked is clickable
16:18:53.318 [main] INFO  com.demo.baseutil.Basetest - Clicked on : Infra is clicked
16:18:55.330 [main] INFO  com.demo.baseutil.Basetest - Validate Add new is clicked is clickable
16:18:57.802 [main] INFO  com.demo.baseutil.Basetest - Clicked on : Add new is clicked
16:18:59.808 [main] INFO  com.demo.baseutil.Basetest - Validate Click on Location Name is clickable
16:19:02.261 [main] INFO  com.demo.baseutil.Basetest - Clicked on : Click on Location Name
16:19:02.263 [main] INFO  com.demo.baseutil.Basetest - Enter the value into enter the location name
16:19:02.668 [main] INFO  com.demo.baseutil.Basetest - Warehouse B typed into enter the location name
16:19:02.668 [main] INFO  com.demo.baseutil.Basetest - Validate Asset type is clicked is clickable
16:19:05.125 [main] INFO  com.demo.baseutil.Basetest - Clicked on : Asset type is clicked
16:19:05.125 [main] INFO  com.demo.baseutil.Basetest - Validate vehicle is selected is clickable
16:19:07.572 [main] INFO  com.demo.baseutil.Basetest - Clicked on : vehicle is selected
16:19:07.572 [main] INFO  com.demo.baseutil.Basetest - Validate Click on GLN is clickable
16:19:10.042 [main] INFO  com.demo.baseutil.Basetest - Clicked on : Click on GLN
16:19:10.042 [main] INFO  com.demo.baseutil.Basetest - Enter the value into enter the GLN
16:19:10.405 [main] INFO  com.demo.baseutil.Basetest - 7297981350456 typed into enter the GLN
16:19:10.405 [main] INFO  com.demo.baseutil.Basetest - Validate Click on address is clickable
16:19:12.759 [main] INFO  com.demo.baseutil.Basetest - Clicked on : Click on address
16:19:12.759 [main] INFO  com.demo.baseutil.Basetest - Enter the value into enter the  address
16:19:13.523 [main] INFO  com.demo.baseutil.Basetest - Bangalore Palace, Palace Cross Road, Vasanth Nagar, Bengaluru, Karnataka, India typed into enter the  address
16:19:13.523 [main] INFO  com.demo.baseutil.Basetest - Validate Click on state is clickable
16:19:16.023 [main] INFO  com.demo.baseutil.Basetest - Clicked on : Click on state
16:19:16.023 [main] INFO  com.demo.baseutil.Basetest - Enter the value into Enetered the state
16:19:16.357 [main] INFO  com.demo.baseutil.Basetest - KA typed into Enetered the state
16:19:16.357 [main] INFO  com.demo.baseutil.Basetest - Validate Click on city is clickable
16:19:18.791 [main] INFO  com.demo.baseutil.Basetest - Clicked on : Click on city
16:19:18.791 [main] INFO  com.demo.baseutil.Basetest - Enter the value into Enetered the city
16:19:19.109 [main] INFO  com.demo.baseutil.Basetest - Bengaluru typed into Enetered the city
16:19:19.109 [main] INFO  com.demo.baseutil.Basetest - Validate Click on country is clickable
16:19:21.490 [main] INFO  com.demo.baseutil.Basetest - Clicked on : Click on country
16:19:21.490 [main] INFO  com.demo.baseutil.Basetest - Enter the value into Enetered the city
16:19:21.889 [main] INFO  com.demo.baseutil.Basetest - India typed into Enetered the city
16:19:21.889 [main] INFO  com.demo.baseutil.Basetest - Validate Click on zip is clickable
16:19:24.341 [main] INFO  com.demo.baseutil.Basetest - Clicked on : Click on zip
16:19:24.341 [main] INFO  com.demo.baseutil.Basetest - Enter the value into Enetred the Zip
16:19:24.716 [main] INFO  com.demo.baseutil.Basetest - 560052 typed into Enetred the Zip
16:19:28.810 [main] INFO  com.demo.baseutil.Basetest - Scroll down
16:19:28.810 [main] INFO  com.demo.baseutil.Basetest - Validate Click on Add button is clickable
16:19:31.328 [main] INFO  com.demo.baseutil.Basetest - Clicked on : Click on Add button
16:19:32.514 [main] INFO  com.demo.baseutil.Basetest - Browser is closed sucessfuly
16:19:33.273 [main] INFO  com.demo.baseutil.Basetest - Browser is closed sucessfuly
16:19:46.707 [main] INFO  com.demo.baseutil.Basetest - Validate Sign in with FarmtoPlate account is clickable
16:19:49.200 [main] INFO  com.demo.baseutil.Basetest - Clicked on : Sign in with FarmtoPlate account
16:19:49.207 [main] INFO  com.demo.baseutil.Basetest - Url contains farmtoplateapps.io/login
16:19:49.212 [main] INFO  com.demo.baseutil.Basetest - Sign in title matched
16:19:49.212 [main] INFO  com.demo.baseutil.Basetest - UI verified for Sigin page.
16:19:49.212 [main] INFO  com.demo.baseutil.Basetest - Sign in function call
16:19:49.212 [main] INFO  com.demo.baseutil.Basetest - Validate email address field is clicked is clickable
16:19:51.477 [main] INFO  com.demo.baseutil.Basetest - Clicked on : email address field is clicked
16:19:51.477 [main] INFO  com.demo.baseutil.Basetest - Enter the value into Email Id Entered
16:19:51.787 [main] INFO  com.demo.baseutil.Basetest - 139@yopmail.com typed into Email Id Entered
16:19:51.787 [main] INFO  com.demo.baseutil.Basetest - Validate Enter the password is clickable
16:19:54.074 [main] INFO  com.demo.baseutil.Basetest - Clicked on : Enter the password
16:19:54.075 [main] INFO  com.demo.baseutil.Basetest - Enter the value into Password Id Entered
16:19:54.454 [main] INFO  com.demo.baseutil.Basetest - Admin@1234 typed into Password Id Entered
16:19:58.528 [main] INFO  com.demo.baseutil.Basetest - Scroll down
16:19:58.528 [main] INFO  com.demo.baseutil.Basetest - Validate Press the signin button is clickable
16:20:02.432 [main] INFO  com.demo.baseutil.Basetest - Clicked on : Press the signin button
16:20:05.131 [main] INFO  com.demo.baseutil.Basetest - HomePage title  is matched
16:20:15.138 [main] INFO  com.demo.baseutil.Basetest - Validate click on trace is clickable
16:20:17.681 [main] INFO  com.demo.baseutil.Basetest - Clicked on : click on trace
16:20:23.768 [main] INFO  com.demo.baseutil.Basetest - Validate Asset & Infrastructure Data is clicked is clickable
16:20:26.182 [main] INFO  com.demo.baseutil.Basetest - Clicked on : Asset & Infrastructure Data is clicked
16:20:28.197 [main] INFO  com.demo.baseutil.Basetest - Validate Assets is clicked is clickable
16:20:30.710 [main] INFO  com.demo.baseutil.Basetest - Clicked on : Assets is clicked
16:20:32.718 [main] INFO  com.demo.baseutil.Basetest - Validate Add new is clicked is clickable
16:20:35.251 [main] INFO  com.demo.baseutil.Basetest - Clicked on : Add new is clicked
16:20:37.255 [main] INFO  com.demo.baseutil.Basetest - Validate Asset type is clicked is clickable
16:20:39.733 [main] INFO  com.demo.baseutil.Basetest - Clicked on : Asset type is clicked
16:20:39.733 [main] INFO  com.demo.baseutil.Basetest - Validate Click on Vehicle Name is clickable
16:20:42.206 [main] INFO  com.demo.baseutil.Basetest - Clicked on : Click on Vehicle Name
16:20:44.213 [main] INFO  com.demo.baseutil.Basetest - Validate container name is clicked is clickable
16:20:46.708 [main] INFO  com.demo.baseutil.Basetest - Clicked on : container name is clicked
16:20:46.708 [main] INFO  com.demo.baseutil.Basetest - Enter the value into enter the container name
16:20:47.342 [main] INFO  com.demo.baseutil.Basetest - container114114114 typed into enter the container name
16:20:49.367 [main] INFO  com.demo.baseutil.Basetest - Validate length is clicked is clickable
16:20:51.856 [main] INFO  com.demo.baseutil.Basetest - Clicked on : length is clicked
16:20:53.862 [main] INFO  com.demo.baseutil.Basetest - Enter the value into enter the length
16:20:54.264 [main] INFO  com.demo.baseutil.Basetest - 10 typed into enter the length
16:20:54.264 [main] INFO  com.demo.baseutil.Basetest - Validate breadth is clicked is clickable
16:20:56.720 [main] INFO  com.demo.baseutil.Basetest - Clicked on : breadth is clicked
16:20:56.721 [main] INFO  com.demo.baseutil.Basetest - Enter the value into breath entered
16:20:57.079 [main] INFO  com.demo.baseutil.Basetest - 10 typed into breath entered
16:20:59.089 [main] INFO  com.demo.baseutil.Basetest - Validate height is clicked is clickable
16:21:01.588 [main] INFO  com.demo.baseutil.Basetest - Clicked on : height is clicked
16:21:03.595 [main] INFO  com.demo.baseutil.Basetest - Enter the value into height entered
16:21:03.930 [main] INFO  com.demo.baseutil.Basetest - 20 typed into height entered
16:21:05.953 [main] INFO  com.demo.baseutil.Basetest - Validate dom is clicked is clickable
16:21:08.434 [main] INFO  com.demo.baseutil.Basetest - Clicked on : dom is clicked
16:21:10.451 [main] INFO  com.demo.baseutil.Basetest - Validate ft is clicked is clickable
16:21:12.886 [main] INFO  com.demo.baseutil.Basetest - Clicked on : ft is clicked
16:21:14.896 [main] INFO  com.demo.baseutil.Basetest - Validate wt is clicked is clickable
16:21:17.317 [main] INFO  com.demo.baseutil.Basetest - Clicked on : wt is clicked
16:21:19.326 [main] INFO  com.demo.baseutil.Basetest - Enter the value into weight entered
16:21:19.634 [main] INFO  com.demo.baseutil.Basetest - 1000 typed into weight entered
16:21:21.636 [main] INFO  com.demo.baseutil.Basetest - Validate wtcap is clicked is clickable
16:21:24.039 [main] INFO  com.demo.baseutil.Basetest - Clicked on : wtcap is clicked
16:21:26.050 [main] INFO  com.demo.baseutil.Basetest - Validate tons is clicked is clickable
16:21:28.396 [main] INFO  com.demo.baseutil.Basetest - Clicked on : tons is clicked
16:21:30.406 [main] INFO  com.demo.baseutil.Basetest - Validate Click on Add button is clickable
16:21:32.859 [main] INFO  com.demo.baseutil.Basetest - Clicked on : Click on Add button
16:21:39.055 [main] INFO  com.demo.baseutil.Basetest - Browser is closed sucessfuly
16:21:39.841 [main] INFO  com.demo.baseutil.Basetest - Browser is closed sucessfuly
16:21:51.769 [main] INFO  com.demo.baseutil.Basetest - Validate Sign in with FarmtoPlate account is clickable
16:21:54.165 [main] INFO  com.demo.baseutil.Basetest - Clicked on : Sign in with FarmtoPlate account
16:21:54.173 [main] INFO  com.demo.baseutil.Basetest - Url contains farmtoplateapps.io/login
16:21:54.182 [main] INFO  com.demo.baseutil.Basetest - Sign in title matched
16:21:54.182 [main] INFO  com.demo.baseutil.Basetest - UI verified for Sigin page.
16:21:54.182 [main] INFO  com.demo.baseutil.Basetest - Sign in function call
16:21:54.182 [main] INFO  com.demo.baseutil.Basetest - Validate email address field is clicked is clickable
16:21:56.454 [main] INFO  com.demo.baseutil.Basetest - Clicked on : email address field is clicked
16:21:56.454 [main] INFO  com.demo.baseutil.Basetest - Enter the value into Email Id Entered
16:21:56.824 [main] INFO  com.demo.baseutil.Basetest - 139@yopmail.com typed into Email Id Entered
16:21:56.824 [main] INFO  com.demo.baseutil.Basetest - Validate Enter the password is clickable
16:21:59.198 [main] INFO  com.demo.baseutil.Basetest - Clicked on : Enter the password
16:21:59.198 [main] INFO  com.demo.baseutil.Basetest - Enter the value into Password Id Entered
16:21:59.518 [main] INFO  com.demo.baseutil.Basetest - Admin@1234 typed into Password Id Entered
16:22:03.591 [main] INFO  com.demo.baseutil.Basetest - Scroll down
16:22:03.591 [main] INFO  com.demo.baseutil.Basetest - Validate Press the signin button is clickable
16:22:07.398 [main] INFO  com.demo.baseutil.Basetest - Clicked on : Press the signin button
16:22:10.425 [main] INFO  com.demo.baseutil.Basetest - HomePage title  is matched
16:22:20.454 [main] INFO  com.demo.baseutil.Basetest - Validate click on trace is clickable
16:22:22.865 [main] INFO  com.demo.baseutil.Basetest - Clicked on : click on trace
16:22:28.947 [main] INFO  com.demo.baseutil.Basetest - Validate User Management is clicked is clickable
16:22:31.396 [main] INFO  com.demo.baseutil.Basetest - Clicked on : User Management is clicked
16:22:33.402 [main] INFO  com.demo.baseutil.Basetest - Validate users is clicked is clickable
16:22:35.871 [main] INFO  com.demo.baseutil.Basetest - Clicked on : users is clicked
16:22:37.882 [main] INFO  com.demo.baseutil.Basetest - Validate Add new is clicked is clickable
16:22:40.556 [main] INFO  com.demo.baseutil.Basetest - Clicked on : Add new is clicked
16:22:42.562 [main] INFO  com.demo.baseutil.Basetest - Validate first name is clicked is clickable
16:22:45.038 [main] INFO  com.demo.baseutil.Basetest - Clicked on : first name is clicked
16:22:47.042 [main] INFO  com.demo.baseutil.Basetest - Enter the value into first name is entered
16:22:47.335 [main] INFO  com.demo.baseutil.Basetest - abc typed into first name is entered
16:22:49.353 [main] INFO  com.demo.baseutil.Basetest - Validate last name is clicked is clickable
16:22:51.751 [main] INFO  com.demo.baseutil.Basetest - Clicked on : last name is clicked
16:22:53.760 [main] INFO  com.demo.baseutil.Basetest - Enter the value into lastname name is entered
16:22:54.081 [main] INFO  com.demo.baseutil.Basetest - abc typed into lastname name is entered
16:22:56.088 [main] INFO  com.demo.baseutil.Basetest - Validate modulename is clicked is clickable
16:22:58.552 [main] INFO  com.demo.baseutil.Basetest - Clicked on : modulename is clicked
16:23:00.559 [main] INFO  com.demo.baseutil.Basetest - Validate module name is clicked is clickable
16:23:03.034 [main] INFO  com.demo.baseutil.Basetest - Clicked on : module name is clicked
16:23:05.041 [main] INFO  com.demo.baseutil.Basetest - Validate assignrole is clicked is clickable
16:23:07.527 [main] INFO  com.demo.baseutil.Basetest - Clicked on : assignrole is clicked
16:23:09.544 [main] INFO  com.demo.baseutil.Basetest - Validate assignitem is clicked is clickable
16:23:11.953 [main] INFO  com.demo.baseutil.Basetest - Clicked on : assignitem is clicked
16:23:13.958 [main] INFO  com.demo.baseutil.Basetest - Validate emailuser is clicked is clickable
16:23:16.470 [main] INFO  com.demo.baseutil.Basetest - Clicked on : emailuser is clicked
16:23:18.476 [main] INFO  com.demo.baseutil.Basetest - Enter the value into eamil is entered
16:23:18.921 [main] INFO  com.demo.baseutil.Basetest - abc616@yopmail.com typed into eamil is entered
16:23:20.936 [main] INFO  com.demo.baseutil.Basetest - Validate countrycode is clicked is clickable
16:23:23.355 [main] INFO  com.demo.baseutil.Basetest - Clicked on : countrycode is clicked
16:23:25.359 [main] INFO  com.demo.baseutil.Basetest - Enter the value into countrycode is entered
16:23:25.742 [main] INFO  com.demo.baseutil.Basetest - +91 typed into countrycode is entered
16:23:29.743 [main] INFO  com.demo.baseutil.Basetest - Validate countrycode select is clicked is clickable
16:23:32.270 [main] INFO  com.demo.baseutil.Basetest - Clicked on : countrycode select is clicked
16:23:34.278 [main] INFO  com.demo.baseutil.Basetest - Validate phnumber is clicked is clickable
16:23:36.786 [main] INFO  com.demo.baseutil.Basetest - Clicked on : phnumber is clicked
16:23:38.794 [main] INFO  com.demo.baseutil.Basetest - Enter the value into phnumber is entered
16:23:39.231 [main] INFO  com.demo.baseutil.Basetest - 5879717134 typed into phnumber is entered
16:23:43.243 [main] INFO  com.demo.baseutil.Basetest - Validate send invite user  is clicked is clickable
16:23:45.688 [main] INFO  com.demo.baseutil.Basetest - Clicked on : send invite user  is clicked
16:23:49.944 [main] INFO  com.demo.baseutil.Basetest - Validate Email address input field is clicked is clickable
16:23:54.870 [main] INFO  com.demo.baseutil.Basetest - Clicked on : Email address input field is clicked
16:23:54.870 [main] INFO  com.demo.baseutil.Basetest - Enter the value into email address is entered
16:23:55.280 [main] INFO  com.demo.baseutil.Basetest - abc616@yopmail.com typed into email address is entered
16:23:55.281 [main] INFO  com.demo.baseutil.Basetest - Validate arrow button is clicked is clickable
16:23:58.920 [main] INFO  com.demo.baseutil.Basetest - Clicked on : arrow button is clicked
16:24:01.992 [main] INFO  com.demo.baseutil.Basetest - Validate first email is clicked is clickable
16:24:04.398 [main] INFO  com.demo.baseutil.Basetest - Clicked on : first email is clicked
16:24:06.525 [main] INFO  com.demo.baseutil.Basetest - Validate email address is clicked is clickable
16:24:09.153 [main] INFO  com.demo.baseutil.Basetest - Clicked on : email address is clicked
16:24:11.222 [main] INFO  com.demo.baseutil.Basetest - Validate pass is clicked is clickable
16:24:14.658 [main] INFO  com.demo.baseutil.Basetest - Clicked on : pass is clicked
16:24:14.659 [main] INFO  com.demo.baseutil.Basetest - Enter the value into Password is entered
16:24:15.039 [main] INFO  com.demo.baseutil.Basetest - Admin@1234 typed into Password is entered
16:24:15.039 [main] INFO  com.demo.baseutil.Basetest - Validate confirm password is clicked is clickable
16:24:17.468 [main] INFO  com.demo.baseutil.Basetest - Clicked on : confirm password is clicked
16:24:17.468 [main] INFO  com.demo.baseutil.Basetest - Enter the value into Confirm Password is entered
16:24:17.820 [main] INFO  com.demo.baseutil.Basetest - Admin@1234 typed into Confirm Password is entered
16:24:19.849 [main] INFO  com.demo.baseutil.Basetest - Scroll down successful
16:24:19.849 [main] INFO  com.demo.baseutil.Basetest - Validate button is clicked is clickable
16:24:22.254 [main] INFO  com.demo.baseutil.Basetest - Clicked on : button is clicked
16:24:24.271 [main] INFO  com.demo.baseutil.Basetest - Validate email address field is clicked is clickable
16:24:26.738 [main] INFO  com.demo.baseutil.Basetest - Clicked on : email address field is clicked
16:24:26.738 [main] INFO  com.demo.baseutil.Basetest - Enter the value into Email Id Entered
16:24:27.186 [main] INFO  com.demo.baseutil.Basetest - abc616@yopmail.com typed into Email Id Entered
16:24:27.186 [main] INFO  com.demo.baseutil.Basetest - Validate Enter the password is clickable
16:24:29.601 [main] INFO  com.demo.baseutil.Basetest - Clicked on : Enter the password
16:24:29.601 [main] INFO  com.demo.baseutil.Basetest - Enter the value into Password Id Entered
16:24:29.945 [main] INFO  com.demo.baseutil.Basetest - Admin@1234 typed into Password Id Entered
16:24:29.961 [main] INFO  com.demo.baseutil.Basetest - Scroll down successful
16:24:29.961 [main] INFO  com.demo.baseutil.Basetest - Validate Press the signin button is clickable
16:24:33.154 [main] INFO  com.demo.baseutil.Basetest - Clicked on : Press the signin button
16:24:36.183 [main] INFO  com.demo.baseutil.Basetest - Scroll down successful
16:24:37.206 [main] INFO  com.demo.baseutil.Basetest - Validate Press the button is clickable
16:24:39.741 [main] INFO  com.demo.baseutil.Basetest - Clicked on : Press the button
16:24:39.756 [main] INFO  com.demo.baseutil.Basetest - Scroll down successful
16:24:39.756 [main] INFO  com.demo.baseutil.Basetest - Validate Press the signin button is clickable
16:24:42.161 [main] INFO  com.demo.baseutil.Basetest - Clicked on : Press the signin button
16:24:44.162 [main] INFO  com.demo.baseutil.Basetest - Validate Press the button is clickable
16:24:46.610 [main] INFO  com.demo.baseutil.Basetest - Clicked on : Press the button
16:24:46.735 [main] INFO  com.demo.baseutil.Basetest - Browser is closed sucessfuly
16:24:47.758 [main] INFO  com.demo.baseutil.Basetest - Browser is closed sucessfuly
16:24:57.773 [main] INFO  com.demo.baseutil.Basetest - Validate Sign in with FarmtoPlate account is clickable
16:25:00.160 [main] INFO  com.demo.baseutil.Basetest - Clicked on : Sign in with FarmtoPlate account
16:25:00.171 [main] INFO  com.demo.baseutil.Basetest - Url contains farmtoplateapps.io/login
16:25:00.187 [main] INFO  com.demo.baseutil.Basetest - Sign in title matched
16:25:00.187 [main] INFO  com.demo.baseutil.Basetest - UI verified for Sigin page.
16:25:00.187 [main] INFO  com.demo.baseutil.Basetest - Sign in function call
16:25:00.187 [main] INFO  com.demo.baseutil.Basetest - Validate email address field is clicked is clickable
16:25:03.338 [main] INFO  com.demo.baseutil.Basetest - Clicked on : email address field is clicked
16:25:03.338 [main] INFO  com.demo.baseutil.Basetest - Enter the value into Email Id Entered
16:25:03.680 [main] INFO  com.demo.baseutil.Basetest - 139@yopmail.com typed into Email Id Entered
16:25:03.680 [main] INFO  com.demo.baseutil.Basetest - Validate Enter the password is clickable
16:25:05.964 [main] INFO  com.demo.baseutil.Basetest - Clicked on : Enter the password
16:25:05.964 [main] INFO  com.demo.baseutil.Basetest - Enter the value into Password Id Entered
16:25:06.293 [main] INFO  com.demo.baseutil.Basetest - Admin@1234 typed into Password Id Entered
16:25:10.371 [main] INFO  com.demo.baseutil.Basetest - Scroll down
16:25:10.371 [main] INFO  com.demo.baseutil.Basetest - Validate Press the signin button is clickable
16:25:14.136 [main] INFO  com.demo.baseutil.Basetest - Clicked on : Press the signin button
16:25:16.695 [main] INFO  com.demo.baseutil.Basetest - HomePage title  is matched
16:25:26.718 [main] INFO  com.demo.baseutil.Basetest - Validate click on trace is clickable
16:25:29.286 [main] INFO  com.demo.baseutil.Basetest - Clicked on : click on trace
16:25:35.361 [main] INFO  com.demo.baseutil.Basetest - Validate User Management is clicked is clickable
16:25:37.747 [main] INFO  com.demo.baseutil.Basetest - Clicked on : User Management is clicked
16:25:39.762 [main] INFO  com.demo.baseutil.Basetest - Validate roles is clicked is clickable
16:25:42.300 [main] INFO  com.demo.baseutil.Basetest - Clicked on : roles is clicked
16:25:44.303 [main] INFO  com.demo.baseutil.Basetest - Validate Add new is clicked is clickable
16:25:46.927 [main] INFO  com.demo.baseutil.Basetest - Clicked on : Add new is clicked
16:25:51.929 [main] INFO  com.demo.baseutil.Basetest - Validate role name is clicked is clickable
16:25:54.445 [main] INFO  com.demo.baseutil.Basetest - Clicked on : role name is clicked
16:25:56.452 [main] INFO  com.demo.baseutil.Basetest - Enter the value into rolename is entered
16:25:56.904 [main] INFO  com.demo.baseutil.Basetest - rolename677 typed into rolename is entered
16:25:58.929 [main] INFO  com.demo.baseutil.Basetest - Validate roletype is clicked is clickable
16:26:01.374 [main] INFO  com.demo.baseutil.Basetest - Clicked on : roletype is clicked
16:26:03.387 [main] INFO  com.demo.baseutil.Basetest - Validate Admin is clicked is clickable
16:26:05.845 [main] INFO  com.demo.baseutil.Basetest - Clicked on : Admin is clicked
16:26:07.875 [main] INFO  com.demo.baseutil.Basetest - Scroll down successful
16:26:09.891 [main] INFO  com.demo.baseutil.Basetest - Validate modulename is clicked is clickable
16:26:12.346 [main] INFO  com.demo.baseutil.Basetest - Clicked on : modulename is clicked
16:26:14.354 [main] INFO  com.demo.baseutil.Basetest - Validate module name is clicked is clickable
16:26:16.886 [main] INFO  com.demo.baseutil.Basetest - Clicked on : module name is clicked
16:26:18.900 [main] INFO  com.demo.baseutil.Basetest - Validate orgdept is clicked is clickable
16:26:21.379 [main] INFO  com.demo.baseutil.Basetest - Clicked on : orgdept is clicked
16:26:23.387 [main] INFO  com.demo.baseutil.Basetest - Validate orgdeptselect is clicked is clickable
16:26:25.749 [main] INFO  com.demo.baseutil.Basetest - Clicked on : orgdeptselect is clicked
16:26:27.750 [main] INFO  com.demo.baseutil.Basetest - Validate nxtbutton is clicked is clickable
16:26:30.267 [main] INFO  com.demo.baseutil.Basetest - Clicked on : nxtbutton is clicked
16:26:38.272 [main] INFO  com.demo.baseutil.Basetest - Scroll till the nxtbutton1 scrolled
16:26:38.377 [main] INFO  com.demo.baseutil.Basetest - Scroll till the nxtbutton1 scrolled completed
16:26:40.405 [main] INFO  com.demo.baseutil.Basetest - Validate nxtbutton1 is clicked is clickable
16:26:42.924 [main] INFO  com.demo.baseutil.Basetest - Clicked on : nxtbutton1 is clicked
16:27:02.124 [main] INFO  com.demo.baseutil.Basetest - Validate update1 select is clicked is clickable
16:27:04.637 [main] INFO  com.demo.baseutil.Basetest - Clicked on : update1 select is clicked
16:27:06.648 [main] INFO  com.demo.baseutil.Basetest - Validate update2 is clicked is clickable
16:27:09.638 [main] INFO  com.demo.baseutil.Basetest - Clicked on : update2 is clicked
16:27:13.640 [main] INFO  com.demo.baseutil.Basetest - Validate alert1  is clicked is clickable
16:27:16.168 [main] INFO  com.demo.baseutil.Basetest - Clicked on : alert1  is clicked
16:27:18.170 [main] INFO  com.demo.baseutil.Basetest - Validate alert2  is clicked is clickable
16:27:20.784 [main] INFO  com.demo.baseutil.Basetest - Clicked on : alert2  is clicked
16:27:24.792 [main] INFO  com.demo.baseutil.Basetest - Scroll till the submitbtn scrolled
16:27:24.922 [main] INFO  com.demo.baseutil.Basetest - Scroll till the submitbtn scrolled completed
16:27:26.939 [main] INFO  com.demo.baseutil.Basetest - Validate submitbtn is clicked is clickable
16:27:29.466 [main] INFO  com.demo.baseutil.Basetest - Clicked on : submitbtn is clicked
16:27:34.853 [main] INFO  com.demo.baseutil.Basetest - Browser is closed sucessfuly
16:27:35.818 [main] INFO  com.demo.baseutil.Basetest - Browser is closed sucessfuly
16:27:37.240 [main] ERROR com.demo.baseutil.Basetest - Failed to close the Browser
