16:04:13.861 [main] INFO  com.demo.baseutil.Basetest - 
16:04:13.867 [main] INFO  com.demo.baseutil.Basetest - Running locally JavaMail
16:04:13.989 [main] INFO  com.demo.baseutil.Basetest2 - Folder creation for Extent
16:04:13.998 [main] INFO  com.demo.baseutil.Basetest - ExtentDir:-C:\Users\Deepti Jindal\eclipse-workspace2\com.NFR.Trace QA latest/reports/Automation Report- 01_17_2025_16_04_13/Report/01_17_2025_16_04_13
16:04:14.148 [main] INFO  com.demo.baseutil.Basetest - Report Initiated
16:04:14.149 [main] INFO  com.demo.baseutil.Basetest - Screenshot folder created
16:05:00.835 [main] INFO  com.demo.baseutil.Basetest - Validate Sign in with FarmtoPlate account is clickable
16:05:03.576 [main] INFO  com.demo.baseutil.Basetest - Clicked on : Sign in with FarmtoPlate account
16:05:03.623 [main] INFO  com.demo.baseutil.Basetest - Url contains farmtoplateapps.io/login
16:05:03.646 [main] INFO  com.demo.baseutil.Basetest - Sign in title matched
16:05:03.646 [main] INFO  com.demo.baseutil.Basetest - UI verified for Sigin page.
16:05:03.647 [main] INFO  com.demo.baseutil.Basetest - Sign in function call
16:05:03.647 [main] INFO  com.demo.baseutil.Basetest - Validate email address field is clicked is clickable
16:05:06.420 [main] INFO  com.demo.baseutil.Basetest - Clicked on : email address field is clicked
16:05:06.422 [main] INFO  com.demo.baseutil.Basetest - Enter the value into Email Id Entered
16:05:07.004 [main] INFO  com.demo.baseutil.Basetest - 139@yopmail.com typed into Email Id Entered
16:05:07.005 [main] INFO  com.demo.baseutil.Basetest - Validate Enter the password is clickable
16:05:09.470 [main] INFO  com.demo.baseutil.Basetest - Clicked on : Enter the password
16:05:09.470 [main] INFO  com.demo.baseutil.Basetest - Enter the value into Password Id Entered
16:05:10.183 [main] INFO  com.demo.baseutil.Basetest - Admin@1234 typed into Password Id Entered
16:05:14.286 [main] INFO  com.demo.baseutil.Basetest - Scroll down
16:05:14.286 [main] INFO  com.demo.baseutil.Basetest - Validate Press the signin button is clickable
16:05:17.996 [main] INFO  com.demo.baseutil.Basetest - Clicked on : Press the signin button
16:05:20.595 [main] INFO  com.demo.baseutil.Basetest - HomePage title  is matched
16:05:30.611 [main] INFO  com.demo.baseutil.Basetest - Validate click on trace is clickable
16:05:33.332 [main] INFO  com.demo.baseutil.Basetest - Clicked on : click on trace
16:05:39.448 [main] INFO  com.demo.baseutil.Basetest - Validate User Management is clicked is clickable
16:05:42.236 [main] INFO  com.demo.baseutil.Basetest - Clicked on : User Management is clicked
16:05:44.239 [main] INFO  com.demo.baseutil.Basetest - Validate users is clicked is clickable
16:05:47.136 [main] INFO  com.demo.baseutil.Basetest - Clicked on : users is clicked
16:05:49.147 [main] INFO  com.demo.baseutil.Basetest - Validate Add new is clicked is clickable
16:05:51.938 [main] INFO  com.demo.baseutil.Basetest - Clicked on : Add new is clicked
16:05:53.942 [main] INFO  com.demo.baseutil.Basetest - Validate first name is clicked is clickable
16:05:56.710 [main] INFO  com.demo.baseutil.Basetest - Clicked on : first name is clicked
16:05:58.720 [main] INFO  com.demo.baseutil.Basetest - Enter the value into first name is entered
16:05:59.228 [main] INFO  com.demo.baseutil.Basetest - abc typed into first name is entered
16:06:01.238 [main] INFO  com.demo.baseutil.Basetest - Validate last name is clicked is clickable
16:06:03.931 [main] INFO  com.demo.baseutil.Basetest - Clicked on : last name is clicked
16:06:05.940 [main] INFO  com.demo.baseutil.Basetest - Enter the value into lastname name is entered
16:06:06.476 [main] INFO  com.demo.baseutil.Basetest - abc typed into lastname name is entered
16:06:08.490 [main] INFO  com.demo.baseutil.Basetest - Validate modulename is clicked is clickable
16:06:11.253 [main] INFO  com.demo.baseutil.Basetest - Clicked on : modulename is clicked
16:06:13.264 [main] INFO  com.demo.baseutil.Basetest - Validate module name is clicked is clickable
16:06:35.841 [main] INFO  com.demo.baseutil.Basetest - Clicked on : module name is clicked
16:06:37.849 [main] INFO  com.demo.baseutil.Basetest - Validate assignrole is clicked is clickable
16:06:40.381 [main] INFO  com.demo.baseutil.Basetest - Clicked on : assignrole is clicked
16:06:42.385 [main] INFO  com.demo.baseutil.Basetest - Validate assignitem is clicked is clickable
16:06:45.065 [main] INFO  com.demo.baseutil.Basetest - Clicked on : assignitem is clicked
16:06:47.067 [main] INFO  com.demo.baseutil.Basetest - Validate emailuser is clicked is clickable
16:06:49.620 [main] INFO  com.demo.baseutil.Basetest - Clicked on : emailuser is clicked
16:06:51.624 [main] INFO  com.demo.baseutil.Basetest - Enter the value into eamil is entered
16:06:52.149 [main] INFO  com.demo.baseutil.Basetest - abcdefjjggk864@yopmail.com typed into eamil is entered
16:06:54.160 [main] INFO  com.demo.baseutil.Basetest - Validate countrycode is clicked is clickable
16:06:56.781 [main] INFO  com.demo.baseutil.Basetest - Clicked on : countrycode is clicked
16:06:58.786 [main] INFO  com.demo.baseutil.Basetest - Enter the value into countrycode is entered
16:06:59.259 [main] INFO  com.demo.baseutil.Basetest - +91 typed into countrycode is entered
16:07:03.261 [main] INFO  com.demo.baseutil.Basetest - Validate countrycode select is clicked is clickable
16:07:05.958 [main] INFO  com.demo.baseutil.Basetest - Clicked on : countrycode select is clicked
16:07:07.959 [main] INFO  com.demo.baseutil.Basetest - Validate phnumber is clicked is clickable
16:07:10.716 [main] INFO  com.demo.baseutil.Basetest - Clicked on : phnumber is clicked
16:07:12.718 [main] INFO  com.demo.baseutil.Basetest - Enter the value into phnumber is entered
16:07:13.284 [main] INFO  com.demo.baseutil.Basetest - 4644997272 typed into phnumber is entered
16:07:17.287 [main] INFO  com.demo.baseutil.Basetest - Validate send invite user  is clicked is clickable
16:07:20.013 [main] INFO  com.demo.baseutil.Basetest - Clicked on : send invite user  is clicked
16:07:24.274 [main] INFO  com.demo.baseutil.Basetest - Validate Email address input field is clicked is clickable
16:07:28.726 [main] INFO  com.demo.baseutil.Basetest - Clicked on : Email address input field is clicked
16:07:28.727 [main] INFO  com.demo.baseutil.Basetest - Enter the value into email address is entered
16:07:29.351 [main] INFO  com.demo.baseutil.Basetest - abcdefjjggk864@yopmail.com typed into email address is entered
16:07:29.351 [main] INFO  com.demo.baseutil.Basetest - Validate arrow button is clicked is clickable
16:07:31.970 [main] INFO  com.demo.baseutil.Basetest - Clicked on : arrow button is clicked
16:07:42.366 [main] INFO  com.demo.baseutil.Basetest - Validate first email is clicked is clickable
16:07:44.800 [main] INFO  com.demo.baseutil.Basetest - Clicked on : first email is clicked
16:07:46.867 [main] INFO  com.demo.baseutil.Basetest - Validate email address is clicked is clickable
16:07:49.624 [main] INFO  com.demo.baseutil.Basetest - Clicked on : email address is clicked
16:07:51.650 [main] INFO  com.demo.baseutil.Basetest - Validate pass is clicked is clickable
16:07:55.647 [main] INFO  com.demo.baseutil.Basetest - Clicked on : pass is clicked
16:07:55.647 [main] INFO  com.demo.baseutil.Basetest - Enter the value into Password is entered
16:07:56.200 [main] INFO  com.demo.baseutil.Basetest - Admin@1234 typed into Password is entered
16:07:56.200 [main] INFO  com.demo.baseutil.Basetest - Validate confirm password is clicked is clickable
16:07:58.766 [main] INFO  com.demo.baseutil.Basetest - Clicked on : confirm password is clicked
16:07:58.766 [main] INFO  com.demo.baseutil.Basetest - Enter the value into Confirm Password is entered
16:07:59.269 [main] INFO  com.demo.baseutil.Basetest - Admin@1234 typed into Confirm Password is entered
16:08:01.310 [main] INFO  com.demo.baseutil.Basetest - Scroll down successful
16:08:01.310 [main] INFO  com.demo.baseutil.Basetest - Validate button is clicked is clickable
16:08:03.928 [main] INFO  com.demo.baseutil.Basetest - Clicked on : button is clicked
16:08:10.942 [main] INFO  com.demo.baseutil.Basetest - Validate email address field is clicked is clickable
16:08:13.583 [main] INFO  com.demo.baseutil.Basetest - Clicked on : email address field is clicked
16:08:13.583 [main] INFO  com.demo.baseutil.Basetest - Enter the value into Email Id Entered
16:08:14.104 [main] INFO  com.demo.baseutil.Basetest - abcdefjjggk864@yopmail.com typed into Email Id Entered
16:08:14.104 [main] INFO  com.demo.baseutil.Basetest - Validate Enter the password is clickable
16:08:16.765 [main] INFO  com.demo.baseutil.Basetest - Clicked on : Enter the password
16:08:16.765 [main] INFO  com.demo.baseutil.Basetest - Enter the value into Password Id Entered
16:08:17.306 [main] INFO  com.demo.baseutil.Basetest - Admin@1234 typed into Password Id Entered
16:08:17.316 [main] INFO  com.demo.baseutil.Basetest - Scroll down successful
16:08:17.316 [main] INFO  com.demo.baseutil.Basetest - Validate Press the signin button is clickable
16:08:21.229 [main] INFO  com.demo.baseutil.Basetest - Clicked on : Press the signin button
16:08:24.263 [main] INFO  com.demo.baseutil.Basetest - Scroll down successful
16:08:25.264 [main] INFO  com.demo.baseutil.Basetest - Validate Press the button is clickable
16:08:29.850 [main] INFO  com.demo.baseutil.Basetest - Browser is closed sucessfuly
16:08:30.485 [main] INFO  com.demo.baseutil.Basetest - Browser is closed sucessfuly
16:08:31.660 [main] ERROR com.demo.baseutil.Basetest - Failed to close the Browser
