17:17:37.214 [main] INFO  com.demo.baseutil.Basetest - 
17:17:37.219 [main] INFO  com.demo.baseutil.Basetest - Running locally JavaMail
17:17:37.332 [main] INFO  com.demo.baseutil.Basetest2 - Folder creation for Extent
17:17:37.337 [main] INFO  com.demo.baseutil.Basetest - ExtentDir:-C:\Users\Deepti Jindal\eclipse-workspace2\com.NFR.Trace QA latest/reports/Automation Report- 12_20_2024_17_17_37/Report/12_20_2024_17_17_37
17:17:37.438 [main] INFO  com.demo.baseutil.Basetest - Report Initiated
17:17:37.439 [main] INFO  com.demo.baseutil.Basetest - Screenshot folder created
17:17:48.171 [main] INFO  com.demo.baseutil.Basetest - Validate Sign in with FarmtoPlate account is clickable
17:17:50.675 [main] INFO  com.demo.baseutil.Basetest - Clicked on : Sign in with FarmtoPlate account
17:17:50.686 [main] INFO  com.demo.baseutil.Basetest - Url contains farmtoplateapps.io/login
17:17:50.691 [main] INFO  com.demo.baseutil.Basetest - Sign in title matched
17:17:50.692 [main] INFO  com.demo.baseutil.Basetest - UI verified for Sigin page.
17:17:50.692 [main] INFO  com.demo.baseutil.Basetest - Sign in function call
17:17:50.692 [main] INFO  com.demo.baseutil.Basetest - Validate email address field is clicked is clickable
17:17:52.939 [main] INFO  com.demo.baseutil.Basetest - Clicked on : email address field is clicked
17:17:52.939 [main] INFO  com.demo.baseutil.Basetest - Enter the value into Email Id Entered
17:17:53.239 [main] INFO  com.demo.baseutil.Basetest - ldekkenq362@yopmail.com typed into Email Id Entered
17:17:53.239 [main] INFO  com.demo.baseutil.Basetest - Validate Enter the password is clickable
17:17:55.576 [main] INFO  com.demo.baseutil.Basetest - Clicked on : Enter the password
17:17:55.577 [main] INFO  com.demo.baseutil.Basetest - Enter the value into Password Id Entered
17:17:55.835 [main] INFO  com.demo.baseutil.Basetest - Admin@1234 typed into Password Id Entered
17:17:59.912 [main] INFO  com.demo.baseutil.Basetest - Scroll down
17:17:59.912 [main] INFO  com.demo.baseutil.Basetest - Validate Press the signin button is clickable
17:18:02.696 [main] INFO  com.demo.baseutil.Basetest - Clicked on : Press the signin button
17:18:04.732 [main] INFO  com.demo.baseutil.Basetest - HomePage title  is matched
17:18:14.746 [main] INFO  com.demo.baseutil.Basetest - Validate click on trace is clickable
17:18:17.193 [main] INFO  com.demo.baseutil.Basetest - Clicked on : click on trace
17:18:25.280 [main] INFO  com.demo.baseutil.Basetest - Scroll down
17:18:27.296 [main] INFO  com.demo.baseutil.Basetest - Validate Products is clicked is clickable
17:18:29.694 [main] INFO  com.demo.baseutil.Basetest - Clicked on : Products is clicked
17:18:34.707 [main] INFO  com.demo.baseutil.Basetest - Validate Add new is clicked is clickable
17:18:37.080 [main] INFO  com.demo.baseutil.Basetest - Clicked on : Add new is clicked
17:18:39.236 [main] INFO  com.demo.baseutil.Basetest - Validate Click on productcategory is clickable
17:18:42.118 [main] INFO  com.demo.baseutil.Basetest - Clicked on : Click on productcategory
17:18:42.118 [main] INFO  com.demo.baseutil.Basetest - Validate productbasedfood is clicked is clickable
17:18:44.502 [main] INFO  com.demo.baseutil.Basetest - Clicked on : productbasedfood is clicked
17:18:44.502 [main] INFO  com.demo.baseutil.Basetest - Validate product name is selected is clickable
17:18:46.782 [main] INFO  com.demo.baseutil.Basetest - Clicked on : product name is selected
17:18:46.782 [main] INFO  com.demo.baseutil.Basetest - Enter the value into enter the product
17:18:47.063 [main] INFO  com.demo.baseutil.Basetest - wheat10165 typed into enter the product
17:18:47.063 [main] INFO  com.demo.baseutil.Basetest - Validate Click on productid is clickable
17:18:49.385 [main] INFO  com.demo.baseutil.Basetest - Clicked on : Click on productid
17:18:49.385 [main] INFO  com.demo.baseutil.Basetest - Validate Click on checkbox is clickable
17:18:51.771 [main] INFO  com.demo.baseutil.Basetest - Clicked on : Click on checkbox
17:18:51.771 [main] INFO  com.demo.baseutil.Basetest - Validate Click on autogenerate is clickable
17:18:54.206 [main] INFO  com.demo.baseutil.Basetest - Clicked on : Click on autogenerate
17:18:54.206 [main] INFO  com.demo.baseutil.Basetest - Validate Click on productdesc is clickable
17:18:56.663 [main] INFO  com.demo.baseutil.Basetest - Clicked on : Click on productdesc
17:18:56.663 [main] INFO  com.demo.baseutil.Basetest - Enter the value into Enetered the product desc
17:18:56.882 [main] INFO  com.demo.baseutil.Basetest - test typed into Enetered the product desc
17:18:56.882 [main] INFO  com.demo.baseutil.Basetest - Validate Click on upload is clickable
17:18:59.276 [main] INFO  com.demo.baseutil.Basetest - Clicked on : Click on upload
17:19:09.615 [main] INFO  com.demo.baseutil.Basetest - Scroll down
17:19:09.615 [main] INFO  com.demo.baseutil.Basetest - Validate Click on ingrediant name is clickable
17:19:12.072 [main] INFO  com.demo.baseutil.Basetest - Clicked on : Click on ingrediant name
17:19:12.072 [main] INFO  com.demo.baseutil.Basetest - Enter the value into ingredient name is entered
17:19:12.321 [main] INFO  com.demo.baseutil.Basetest - wheat typed into ingredient name is entered
17:19:15.340 [main] INFO  com.demo.baseutil.Basetest - Validate Click on nuritionfact name is clickable
17:19:17.647 [main] INFO  com.demo.baseutil.Basetest - Clicked on : Click on nuritionfact name
17:19:17.649 [main] INFO  com.demo.baseutil.Basetest - Enter the value into nutri name is entered
17:19:17.893 [main] INFO  com.demo.baseutil.Basetest - fact typed into nutri name is entered
17:19:17.894 [main] INFO  com.demo.baseutil.Basetest - Validate Click on nuritionfact QTY is clickable
17:19:20.190 [main] INFO  com.demo.baseutil.Basetest - Clicked on : Click on nuritionfact QTY
17:19:20.190 [main] INFO  com.demo.baseutil.Basetest - Enter the value into nutri qty is entered
17:19:20.610 [main] INFO  com.demo.baseutil.Basetest - 1 typed into nutri qty is entered
17:19:20.611 [main] INFO  com.demo.baseutil.Basetest - Validate Click on nuritionfact drop is clickable
17:19:23.415 [main] INFO  com.demo.baseutil.Basetest - Clicked on : Click on nuritionfact drop
17:19:25.415 [main] INFO  com.demo.baseutil.Basetest - Validate Click on nuritionfact value is clickable
17:19:27.732 [main] INFO  com.demo.baseutil.Basetest - Clicked on : Click on nuritionfact value
17:19:33.925 [main] INFO  com.demo.baseutil.Basetest - Scroll down
17:19:35.956 [main] INFO  com.demo.baseutil.Basetest - Scroll down successful
17:19:35.956 [main] INFO  com.demo.baseutil.Basetest - Validate Click on ingrediant name is clickable
17:19:38.383 [main] INFO  com.demo.baseutil.Basetest - Clicked on : Click on ingrediant name
17:19:38.383 [main] INFO  com.demo.baseutil.Basetest - Validate Click on ingrediant name is clickable
17:19:41.193 [main] INFO  com.demo.baseutil.Basetest - Clicked on : Click on ingrediant name
17:19:41.193 [main] INFO  com.demo.baseutil.Basetest - Validate Click on ingrediant name is clickable
17:19:43.641 [main] INFO  com.demo.baseutil.Basetest - Clicked on : Click on ingrediant name
17:19:43.641 [main] INFO  com.demo.baseutil.Basetest - Enter the value into price is entered
17:19:43.895 [main] INFO  com.demo.baseutil.Basetest - 1 typed into price is entered
17:19:43.896 [main] INFO  com.demo.baseutil.Basetest - Validate Click on currency is clickable
17:19:46.379 [main] INFO  com.demo.baseutil.Basetest - Clicked on : Click on currency
17:19:46.379 [main] INFO  com.demo.baseutil.Basetest - Validate Click on currency value is clickable
17:19:48.728 [main] INFO  com.demo.baseutil.Basetest - Clicked on : Click on currency value
17:19:48.728 [main] INFO  com.demo.baseutil.Basetest - Validate Click on typepacking value is clickable
17:19:51.169 [main] INFO  com.demo.baseutil.Basetest - Clicked on : Click on typepacking value
17:19:51.169 [main] INFO  com.demo.baseutil.Basetest - Enter the value into typepacking is entered
17:19:51.409 [main] INFO  com.demo.baseutil.Basetest - 1 typed into typepacking is entered
17:19:51.409 [main] INFO  com.demo.baseutil.Basetest - Validate Click on length value is clickable
17:19:53.886 [main] INFO  com.demo.baseutil.Basetest - Clicked on : Click on length value
17:19:53.887 [main] INFO  com.demo.baseutil.Basetest - Enter the value into length is entered
17:19:54.164 [main] INFO  com.demo.baseutil.Basetest - 1 typed into length is entered
17:19:54.164 [main] INFO  com.demo.baseutil.Basetest - Validate Click on breath value is clickable
17:19:56.602 [main] INFO  com.demo.baseutil.Basetest - Clicked on : Click on breath value
17:19:56.602 [main] INFO  com.demo.baseutil.Basetest - Enter the value into breath is entered
17:19:56.900 [main] INFO  com.demo.baseutil.Basetest - 1 typed into breath is entered
17:19:56.900 [main] INFO  com.demo.baseutil.Basetest - Validate Click on height value is clickable
17:19:59.373 [main] INFO  com.demo.baseutil.Basetest - Clicked on : Click on height value
17:19:59.373 [main] INFO  com.demo.baseutil.Basetest - Enter the value into height is entered
17:19:59.685 [main] INFO  com.demo.baseutil.Basetest - 1 typed into height is entered
17:20:01.718 [main] INFO  com.demo.baseutil.Basetest - Scroll down successful
17:20:01.718 [main] INFO  com.demo.baseutil.Basetest - Validate Click on checkbox1 is clickable
17:20:04.074 [main] INFO  com.demo.baseutil.Basetest - Clicked on : Click on checkbox1
17:20:13.150 [main] INFO  com.demo.baseutil.Basetest - Scroll down
17:20:13.150 [main] INFO  com.demo.baseutil.Basetest - Validate Click on gln1 is clickable
17:20:16.183 [main] INFO  com.demo.baseutil.Basetest - Clicked on : Click on gln1
17:20:16.183 [main] INFO  com.demo.baseutil.Basetest - Enter the value into gln1 is entered
17:20:16.462 [main] INFO  com.demo.baseutil.Basetest - 9650541994111 typed into gln1 is entered
17:20:20.464 [main] INFO  com.demo.baseutil.Basetest - Validate Click on autosearch is clickable
17:20:22.788 [main] INFO  com.demo.baseutil.Basetest - Clicked on : Click on autosearch
17:20:24.803 [main] INFO  com.demo.baseutil.Basetest - Validate Click on gln2 is clickable
17:20:27.650 [main] INFO  com.demo.baseutil.Basetest - Clicked on : Click on gln2
17:20:27.650 [main] INFO  com.demo.baseutil.Basetest - Enter the value into gln2 is entered
17:20:28.017 [main] INFO  com.demo.baseutil.Basetest - 9650541994111 typed into gln2 is entered
17:20:32.030 [main] INFO  com.demo.baseutil.Basetest - Validate Click on autosearch is clickable
17:20:34.327 [main] INFO  com.demo.baseutil.Basetest - Clicked on : Click on autosearch
17:20:39.336 [main] INFO  com.demo.baseutil.Basetest - Validate Click on gln3 is clickable
17:20:41.702 [main] INFO  com.demo.baseutil.Basetest - Clicked on : Click on gln3
17:20:41.702 [main] INFO  com.demo.baseutil.Basetest - Enter the value into gln3 is entered
17:20:42.063 [main] INFO  com.demo.baseutil.Basetest - 9650541994111 typed into gln3 is entered
17:20:44.078 [main] INFO  com.demo.baseutil.Basetest - Scroll till the scrolldown to table:
17:21:14.728 [main] ERROR com.demo.baseutil.Basetest - Scroll till the scrolldown to table: failed
17:21:18.769 [main] INFO  com.demo.baseutil.Basetest - Validate Click on autosearch is clickable
17:21:21.800 [main] INFO  com.demo.baseutil.Basetest - Clicked on : Click on autosearch
17:21:27.816 [main] INFO  com.demo.baseutil.Basetest - Validate Click on gln5 is clickable
17:21:30.182 [main] INFO  com.demo.baseutil.Basetest - Clicked on : Click on gln5
17:21:30.182 [main] INFO  com.demo.baseutil.Basetest - Enter the value into gln5 is entered
17:21:30.614 [main] INFO  com.demo.baseutil.Basetest - 9650541994111 typed into gln5 is entered
17:21:32.633 [main] INFO  com.demo.baseutil.Basetest - Scroll till the scrolldown to table:
17:22:03.271 [main] ERROR com.demo.baseutil.Basetest - Scroll till the scrolldown to table: failed
17:22:08.273 [main] INFO  com.demo.baseutil.Basetest - Validate Click on autosearch is clickable
17:22:10.638 [main] INFO  com.demo.baseutil.Basetest - Clicked on : Click on autosearch
17:22:23.693 [main] INFO  com.demo.baseutil.Basetest - Scroll down
17:22:32.697 [main] INFO  com.demo.baseutil.Basetest - Validate Click on registerproduct is clickable
17:22:35.171 [main] INFO  com.demo.baseutil.Basetest - Clicked on : Click on registerproduct
17:22:59.256 [main] INFO  com.demo.baseutil.Basetest - Scroll down
17:23:05.323 [main] INFO  com.demo.baseutil.Basetest - Validate Products is clicked is clickable
17:23:07.964 [main] INFO  com.demo.baseutil.Basetest - Clicked on : Products is clicked
17:24:10.721 [main] INFO  com.demo.baseutil.Basetest - Validate product exist is clicked is clickable
17:24:13.174 [main] INFO  com.demo.baseutil.Basetest - Clicked on : product exist is clicked
17:24:18.187 [main] INFO  com.demo.baseutil.Basetest - Validate product exist is clicked is clickable
17:24:21.873 [main] INFO  com.demo.baseutil.Basetest - Clicked on : product exist is clicked
17:24:27.155 [main] INFO  com.demo.baseutil.Basetest - Browser is closed sucessfuly
17:24:28.229 [main] INFO  com.demo.baseutil.Basetest - Browser is closed sucessfuly
17:24:39.913 [main] INFO  com.demo.baseutil.Basetest - Validate Sign in with FarmtoPlate account is clickable
17:24:42.289 [main] INFO  com.demo.baseutil.Basetest - Clicked on : Sign in with FarmtoPlate account
17:24:42.295 [main] INFO  com.demo.baseutil.Basetest - Url contains farmtoplateapps.io/login
17:24:42.299 [main] INFO  com.demo.baseutil.Basetest - Sign in title matched
17:24:42.299 [main] INFO  com.demo.baseutil.Basetest - UI verified for Sigin page.
17:24:42.299 [main] INFO  com.demo.baseutil.Basetest - Sign in function call
17:24:42.299 [main] INFO  com.demo.baseutil.Basetest - Validate email address field is clicked is clickable
17:24:44.648 [main] INFO  com.demo.baseutil.Basetest - Clicked on : email address field is clicked
17:24:44.648 [main] INFO  com.demo.baseutil.Basetest - Enter the value into Email Id Entered
17:24:44.957 [main] INFO  com.demo.baseutil.Basetest - ldekkenq362@yopmail.com typed into Email Id Entered
17:24:44.957 [main] INFO  com.demo.baseutil.Basetest - Validate Enter the password is clickable
17:24:47.313 [main] INFO  com.demo.baseutil.Basetest - Clicked on : Enter the password
17:24:47.313 [main] INFO  com.demo.baseutil.Basetest - Enter the value into Password Id Entered
17:24:47.657 [main] INFO  com.demo.baseutil.Basetest - Admin@1234 typed into Password Id Entered
17:24:51.732 [main] INFO  com.demo.baseutil.Basetest - Scroll down
17:24:51.732 [main] INFO  com.demo.baseutil.Basetest - Validate Press the signin button is clickable
17:24:55.272 [main] INFO  com.demo.baseutil.Basetest - Clicked on : Press the signin button
17:24:57.566 [main] INFO  com.demo.baseutil.Basetest - HomePage title  is matched
17:25:07.581 [main] INFO  com.demo.baseutil.Basetest - Validate click on trace is clickable
17:25:10.080 [main] INFO  com.demo.baseutil.Basetest - Clicked on : click on trace
17:25:18.155 [main] INFO  com.demo.baseutil.Basetest - Scroll down
17:25:20.169 [main] INFO  com.demo.baseutil.Basetest - Validate Process is clicked is clickable
17:25:23.042 [main] INFO  com.demo.baseutil.Basetest - Clicked on : Process is clicked
17:25:28.048 [main] INFO  com.demo.baseutil.Basetest - Validate Process add is clicked is clickable
17:25:30.567 [main] INFO  com.demo.baseutil.Basetest - Clicked on : Process add is clicked
17:25:35.586 [main] INFO  com.demo.baseutil.Basetest - Validate Product id is clicked is clickable
17:25:38.074 [main] INFO  com.demo.baseutil.Basetest - Clicked on : Product id is clicked
17:25:42.521 [main] INFO  com.demo.baseutil.Basetest - Validate Product id is clicked is clickable
17:25:45.248 [main] INFO  com.demo.baseutil.Basetest - Clicked on : Product id is clicked
17:25:47.260 [main] INFO  com.demo.baseutil.Basetest - Validate Product id is clicked is clickable
17:25:49.777 [main] INFO  com.demo.baseutil.Basetest - Clicked on : Product id is clicked
17:25:51.786 [main] INFO  com.demo.baseutil.Basetest - Validate outside is clicked is clickable
17:25:54.052 [main] INFO  com.demo.baseutil.Basetest - Clicked on : outside is clicked
17:26:00.141 [main] INFO  com.demo.baseutil.Basetest - Scroll down
17:26:00.146 [main] INFO  com.demo.baseutil.Basetest - Validate process name is clicked is clickable
17:26:02.489 [main] INFO  com.demo.baseutil.Basetest - Clicked on : process name is clicked
17:26:04.496 [main] INFO  com.demo.baseutil.Basetest - Enter the value into process name Value is entered
17:26:04.714 [main] INFO  com.demo.baseutil.Basetest - processcomm typed into process name Value is entered
17:26:06.776 [main] INFO  com.demo.baseutil.Basetest - Scroll down successful
17:26:06.776 [main] INFO  com.demo.baseutil.Basetest - Validate process loc is clicked is clickable
17:26:09.902 [main] INFO  com.demo.baseutil.Basetest - Clicked on : process loc is clicked
17:26:20.193 [main] INFO  com.demo.baseutil.Basetest - Validate process search is clicked is clickable
17:26:22.606 [main] INFO  com.demo.baseutil.Basetest - Clicked on : process search is clicked
17:26:24.611 [main] INFO  com.demo.baseutil.Basetest - Validate process type is clicked is clickable
17:26:26.950 [main] INFO  com.demo.baseutil.Basetest - Clicked on : process type is clicked
17:26:28.977 [main] INFO  com.demo.baseutil.Basetest - Scroll down successful
17:26:28.978 [main] INFO  com.demo.baseutil.Basetest - Validate process comm is clicked is clickable
17:26:31.335 [main] INFO  com.demo.baseutil.Basetest - Clicked on : process comm is clicked
17:26:37.422 [main] INFO  com.demo.baseutil.Basetest - Scroll down
17:26:37.429 [main] INFO  com.demo.baseutil.Basetest - Validate process add button is clicked is clickable
17:26:40.802 [main] INFO  com.demo.baseutil.Basetest - Clicked on : process add button is clicked
17:27:07.958 [main] INFO  com.demo.baseutil.Basetest - Scroll down
17:27:09.970 [main] INFO  com.demo.baseutil.Basetest - Validate Process is clicked is clickable
17:27:12.528 [main] INFO  com.demo.baseutil.Basetest - Clicked on : Process is clicked
17:27:17.531 [main] INFO  com.demo.baseutil.Basetest - Validate Process add is clicked is clickable
17:27:20.165 [main] INFO  com.demo.baseutil.Basetest - Clicked on : Process add is clicked
17:27:25.178 [main] INFO  com.demo.baseutil.Basetest - Validate Product id is clicked is clickable
17:27:27.526 [main] INFO  com.demo.baseutil.Basetest - Clicked on : Product id is clicked
17:27:32.433 [main] INFO  com.demo.baseutil.Basetest - Validate Product id is clicked is clickable
17:27:34.931 [main] INFO  com.demo.baseutil.Basetest - Clicked on : Product id is clicked
17:27:36.932 [main] INFO  com.demo.baseutil.Basetest - Validate Product id is clicked is clickable
17:27:39.418 [main] INFO  com.demo.baseutil.Basetest - Clicked on : Product id is clicked
17:27:41.429 [main] INFO  com.demo.baseutil.Basetest - Validate outside is clicked is clickable
17:27:43.769 [main] INFO  com.demo.baseutil.Basetest - Clicked on : outside is clicked
17:27:49.823 [main] INFO  com.demo.baseutil.Basetest - Scroll down
17:27:49.828 [main] INFO  com.demo.baseutil.Basetest - Validate process name is clicked is clickable
17:27:52.142 [main] INFO  com.demo.baseutil.Basetest - Clicked on : process name is clicked
17:27:54.150 [main] INFO  com.demo.baseutil.Basetest - Enter the value into process name Value is entered
17:27:54.492 [main] INFO  com.demo.baseutil.Basetest - processcooling typed into process name Value is entered
17:27:56.528 [main] INFO  com.demo.baseutil.Basetest - Scroll down successful
17:27:56.528 [main] INFO  com.demo.baseutil.Basetest - Validate process loc is clicked is clickable
17:27:58.814 [main] INFO  com.demo.baseutil.Basetest - Clicked on : process loc is clicked
17:28:06.941 [main] INFO  com.demo.baseutil.Basetest - Validate process loc is clicked is clickable
17:28:09.322 [main] INFO  com.demo.baseutil.Basetest - Clicked on : process loc is clicked
17:28:11.337 [main] INFO  com.demo.baseutil.Basetest - Validate process type is clicked is clickable
17:28:13.794 [main] INFO  com.demo.baseutil.Basetest - Clicked on : process type is clicked
17:28:15.828 [main] INFO  com.demo.baseutil.Basetest - Scroll down successful
17:28:15.828 [main] INFO  com.demo.baseutil.Basetest - Validate process trans is clicked is clickable
17:28:18.275 [main] INFO  com.demo.baseutil.Basetest - Clicked on : process trans is clicked
17:28:24.750 [main] INFO  com.demo.baseutil.Basetest - Scroll down
17:28:24.755 [main] INFO  com.demo.baseutil.Basetest - Validate process add button is clicked is clickable
17:28:27.216 [main] INFO  com.demo.baseutil.Basetest - Clicked on : process add button is clicked
17:28:44.296 [main] INFO  com.demo.baseutil.Basetest - Scroll down
17:28:46.305 [main] INFO  com.demo.baseutil.Basetest - Validate Process is clicked is clickable
17:28:48.898 [main] INFO  com.demo.baseutil.Basetest - Clicked on : Process is clicked
17:28:53.900 [main] INFO  com.demo.baseutil.Basetest - Validate Process add is clicked is clickable
17:28:56.482 [main] INFO  com.demo.baseutil.Basetest - Clicked on : Process add is clicked
17:29:01.496 [main] INFO  com.demo.baseutil.Basetest - Validate Product id is clicked is clickable
17:29:03.853 [main] INFO  com.demo.baseutil.Basetest - Clicked on : Product id is clicked
17:29:08.531 [main] INFO  com.demo.baseutil.Basetest - Validate Product id is clicked is clickable
17:29:10.928 [main] INFO  com.demo.baseutil.Basetest - Clicked on : Product id is clicked
17:29:12.938 [main] INFO  com.demo.baseutil.Basetest - Validate Product id is clicked is clickable
17:29:15.393 [main] INFO  com.demo.baseutil.Basetest - Clicked on : Product id is clicked
17:29:17.405 [main] INFO  com.demo.baseutil.Basetest - Validate outside is clicked is clickable
17:29:19.712 [main] INFO  com.demo.baseutil.Basetest - Clicked on : outside is clicked
17:29:25.800 [main] INFO  com.demo.baseutil.Basetest - Scroll down
17:29:25.800 [main] INFO  com.demo.baseutil.Basetest - Validate process name is clicked is clickable
17:29:28.466 [main] INFO  com.demo.baseutil.Basetest - Clicked on : process name is clicked
17:29:30.482 [main] INFO  com.demo.baseutil.Basetest - Enter the value into process name Value is entered
17:29:30.821 [main] INFO  com.demo.baseutil.Basetest - processobsnosscc typed into process name Value is entered
17:29:32.842 [main] INFO  com.demo.baseutil.Basetest - Scroll down successful
17:29:32.842 [main] INFO  com.demo.baseutil.Basetest - Validate process loc is clicked is clickable
17:29:35.192 [main] INFO  com.demo.baseutil.Basetest - Clicked on : process loc is clicked
17:29:42.510 [main] INFO  com.demo.baseutil.Basetest - Validate process loc is clicked is clickable
17:29:44.849 [main] INFO  com.demo.baseutil.Basetest - Clicked on : process loc is clicked
17:29:46.872 [main] INFO  com.demo.baseutil.Basetest - Validate process type is clicked is clickable
17:29:49.267 [main] INFO  com.demo.baseutil.Basetest - Clicked on : process type is clicked
17:29:51.298 [main] INFO  com.demo.baseutil.Basetest - Scroll down successful
17:29:51.298 [main] INFO  com.demo.baseutil.Basetest - Validate process trans is clicked is clickable
17:29:53.619 [main] INFO  com.demo.baseutil.Basetest - Clicked on : process trans is clicked
17:29:55.629 [main] INFO  com.demo.baseutil.Basetest - Validate kdesscc  is clicked is clickable
17:29:58.009 [main] INFO  com.demo.baseutil.Basetest - Clicked on : kdesscc  is clicked
17:30:04.095 [main] INFO  com.demo.baseutil.Basetest - Scroll down
17:30:04.095 [main] INFO  com.demo.baseutil.Basetest - Validate process add button is clicked is clickable
17:30:06.551 [main] INFO  com.demo.baseutil.Basetest - Clicked on : process add button is clicked
17:30:11.749 [main] INFO  com.demo.baseutil.Basetest - Browser is closed sucessfuly
17:30:12.121 [main] INFO  com.demo.baseutil.Basetest - Browser is closed sucessfuly
17:30:12.335 [main] ERROR com.demo.baseutil.Basetest - Failed to close the Browser
