11:57:02.356 [main] INFO  com.demo.baseutil.Basetest - 
11:57:02.363 [main] INFO  com.demo.baseutil.Basetest - Running locally JavaMail
11:57:02.643 [main] INFO  com.demo.baseutil.Basetest2 - Folder creation for Extent
11:57:02.657 [main] INFO  com.demo.baseutil.Basetest - ExtentDir:-C:\Users\Deepti Jindal\eclipse-workspace2\com.NFR.Trace/reports/Automation Report- 07_05_2024_11_57_02/Report/07_05_2024_11_57_02
11:57:02.902 [main] INFO  com.demo.baseutil.Basetest - Report Initiated
11:57:02.904 [main] INFO  com.demo.baseutil.Basetest - Screenshot folder created
11:57:26.467 [main] INFO  com.demo.baseutil.Basetest - Validate Sign in with FarmtoPlate account is clickable
11:57:29.285 [main] INFO  com.demo.baseutil.Basetest - Clicked on : Sign in with FarmtoPlate account
11:57:29.369 [main] INFO  com.demo.baseutil.Basetest - Url contains farmtoplateapps.io/login
11:57:29.415 [main] INFO  com.demo.baseutil.Basetest - Sign in title matched
11:57:29.416 [main] INFO  com.demo.baseutil.Basetest - UI verified for Sigin page.
11:57:29.417 [main] INFO  com.demo.baseutil.Basetest - Sign in function call
11:57:29.417 [main] INFO  com.demo.baseutil.Basetest - Validate email address field is clicked is clickable
11:57:32.222 [main] INFO  com.demo.baseutil.Basetest - Clicked on : email address field is clicked
11:57:32.224 [main] INFO  com.demo.baseutil.Basetest - Enter the value into Email Id Entered
11:57:33.309 [main] INFO  com.demo.baseutil.Basetest - 139@yopmail.com typed into Email Id Entered
11:57:33.311 [main] INFO  com.demo.baseutil.Basetest - Validate Enter the password is clickable
11:57:36.229 [main] INFO  com.demo.baseutil.Basetest - Clicked on : Enter the password
11:57:36.230 [main] INFO  com.demo.baseutil.Basetest - Enter the value into Password Id Entered
11:57:36.750 [main] INFO  com.demo.baseutil.Basetest - Admin@1234 typed into Password Id Entered
11:57:40.853 [main] INFO  com.demo.baseutil.Basetest - Scroll down
11:57:40.853 [main] INFO  com.demo.baseutil.Basetest - Validate Press the signin button is clickable
11:57:44.366 [main] INFO  com.demo.baseutil.Basetest - Clicked on : Press the signin button
11:57:47.194 [main] INFO  com.demo.baseutil.Basetest - HomePage title  is matched
11:57:57.201 [main] INFO  com.demo.baseutil.Basetest - Validate click on trace is clickable
11:57:59.870 [main] INFO  com.demo.baseutil.Basetest - Clicked on : click on trace
11:58:07.985 [main] INFO  com.demo.baseutil.Basetest - Scroll down
11:58:09.989 [main] INFO  com.demo.baseutil.Basetest - Validate transaction is clicked is clickable
11:58:13.410 [main] INFO  com.demo.baseutil.Basetest - Clicked on : transaction is clicked
11:58:26.445 [main] INFO  com.demo.baseutil.Basetest - Validate click on trace is clickable
11:58:29.304 [main] INFO  com.demo.baseutil.Basetest - Clicked on : click on trace
11:58:35.386 [main] INFO  com.demo.baseutil.Basetest - Validate Asset & Infrastructure Data is clicked is clickable
11:59:06.083 [main] ERROR com.demo.baseutil.Basetest - Asset & Infrastructure Data is clicked is not clickable
11:59:06.092 [main] ERROR com.demo.baseutil.Basetest - Unable to click on Asset & Infrastructure Data is clicked
11:59:37.119 [main] INFO  com.demo.baseutil.Basetest - Browser is closed sucessfuly
11:59:40.049 [main] INFO  com.demo.baseutil.Basetest - Browser is closed sucessfuly
11:59:41.306 [main] ERROR com.demo.baseutil.Basetest - Failed to close the Browser
