15:19:53.194 [main] INFO  com.demo.baseutil.Basetest - 
15:19:53.202 [main] INFO  com.demo.baseutil.Basetest - Running locally JavaMail
15:19:53.328 [main] INFO  com.demo.baseutil.Basetest2 - Folder creation for Extent
15:19:53.342 [main] INFO  com.demo.baseutil.Basetest - ExtentDir:-C:\Users\Deepti Jindal\eclipse-workspace2\com.NFR.Trace Performance latest/reports/Automation Report- 08_21_2024_15_19_53/Report/08_21_2024_15_19_53
15:19:53.512 [main] INFO  com.demo.baseutil.Basetest - Report Initiated
15:19:53.516 [main] INFO  com.demo.baseutil.Basetest - Screenshot folder created
15:20:07.090 [main] INFO  com.demo.baseutil.Basetest - Validate Sign in with FarmtoPlate account is clickable
15:20:09.774 [main] INFO  com.demo.baseutil.Basetest - Clicked on : Sign in with FarmtoPlate account
15:20:09.809 [main] INFO  com.demo.baseutil.Basetest - Url contains farmtoplateapps.io/login
15:20:09.832 [main] INFO  com.demo.baseutil.Basetest - Sign in title matched
15:20:09.833 [main] INFO  com.demo.baseutil.Basetest - UI verified for Sigin page.
15:20:09.833 [main] INFO  com.demo.baseutil.Basetest - Sign in function call
15:20:09.833 [main] INFO  com.demo.baseutil.Basetest - Validate email address field is clicked is clickable
15:20:13.283 [main] INFO  com.demo.baseutil.Basetest - Clicked on : email address field is clicked
15:20:13.284 [main] INFO  com.demo.baseutil.Basetest - Enter the value into Email Id Entered
15:20:13.645 [main] INFO  com.demo.baseutil.Basetest - manufact123@yopmail.com typed into Email Id Entered
15:20:13.645 [main] INFO  com.demo.baseutil.Basetest - Validate Enter the password is clickable
15:20:15.964 [main] INFO  com.demo.baseutil.Basetest - Clicked on : Enter the password
15:20:15.965 [main] INFO  com.demo.baseutil.Basetest - Enter the value into Password Id Entered
15:20:16.300 [main] INFO  com.demo.baseutil.Basetest - Admin@1234 typed into Password Id Entered
15:20:20.378 [main] INFO  com.demo.baseutil.Basetest - Scroll down
15:20:20.378 [main] INFO  com.demo.baseutil.Basetest - Validate Press the signin button is clickable
15:20:23.729 [main] INFO  com.demo.baseutil.Basetest - Clicked on : Press the signin button
15:20:26.043 [main] INFO  com.demo.baseutil.Basetest - HomePage title  is matched
15:20:28.051 [main] INFO  com.demo.baseutil.Basetest - Scroll till the scrolled to process
15:20:31.562 [main] INFO  com.demo.baseutil.Basetest - Scroll till the scrolled to process completed
15:20:36.578 [main] INFO  com.demo.baseutil.Basetest - Validate Process is clicked is clickable
15:20:39.047 [main] INFO  com.demo.baseutil.Basetest - Clicked on : Process is clicked
15:20:44.053 [main] INFO  com.demo.baseutil.Basetest - Validate Process add is clicked is clickable
15:20:46.600 [main] INFO  com.demo.baseutil.Basetest - Clicked on : Process add is clicked
15:20:51.617 [main] INFO  com.demo.baseutil.Basetest - Validate shared product id is clicked is clickable
15:20:54.058 [main] INFO  com.demo.baseutil.Basetest - Clicked on : shared product id is clicked
15:20:58.061 [main] INFO  com.demo.baseutil.Basetest - Validate Product id is clicked is clickable
15:21:00.422 [main] INFO  com.demo.baseutil.Basetest - Clicked on : Product id is clicked
15:21:02.433 [main] INFO  com.demo.baseutil.Basetest - Enter the value into roduct id Value is entered
15:21:02.665 [main] ERROR com.demo.baseutil.Basetest -  Unable to type F2PG10001009 into roduct id Value is entered
15:21:02.972 [main] INFO  com.demo.baseutil.Basetest - Browser is closed sucessfuly
15:21:03.628 [main] INFO  com.demo.baseutil.Basetest - Browser is closed sucessfuly
15:21:14.708 [main] INFO  com.demo.baseutil.Basetest - Validate Sign in with FarmtoPlate account is clickable
15:21:17.210 [main] INFO  com.demo.baseutil.Basetest - Clicked on : Sign in with FarmtoPlate account
15:21:17.246 [main] ERROR com.demo.baseutil.Basetest - disconnected: not connected to DevTools
  (failed to check if window was closed: disconnected: not connected to DevTools)
  (Session info: chrome=126.0.6478.185)
Build info: version: '3.141.59', revision: 'e82be7d358', time: '2018-11-14T08:17:03'
System info: host: 'PARAMOUNT-151', ip: '192.168.29.169', os.name: 'Windows 11', os.arch: 'amd64', os.version: '10.0', java.version: '21.0.2'
Driver info: org.openqa.selenium.chrome.ChromeDriver
Capabilities {acceptInsecureCerts: false, browserName: chrome, browserVersion: 126.0.6478.185, chrome: {chromedriverVersion: 126.0.6478.182 (5b5d8292ddf..., userDataDir: C:\Users\DEEPTI~1\AppData\L...}, fedcm:accounts: true, goog:chromeOptions: {debuggerAddress: localhost:56359}, javascriptEnabled: true, networkConnectionEnabled: false, pageLoadStrategy: normal, platform: WINDOWS, platformName: WINDOWS, proxy: Proxy(), setWindowRect: true, strictFileInteractability: false, timeouts: {implicit: 0, pageLoad: 300000, script: 30000}, unhandledPromptBehavior: dismiss and notify, webauthn:extension:credBlob: true, webauthn:extension:largeBlob: true, webauthn:extension:minPinLength: true, webauthn:extension:prf: true, webauthn:virtualAuthenticators: true}
Session ID: f18afe50c5fb3d8d862ee68c2c125d5a
