17:37:31.255 [main] INFO  com.demo.baseutil.Basetest - 
17:37:31.272 [main] INFO  com.demo.baseutil.Basetest - Running locally JavaMail
17:37:31.573 [main] INFO  com.demo.baseutil.Basetest2 - Folder creation for Extent
17:37:31.594 [main] INFO  com.demo.baseutil.Basetest - ExtentDir:-C:\Users\Deepti Jindal\eclipse-workspace2\com.NFR.Trace Performance latest/reports/Automation Report- 08_21_2024_17_37_31/Report/08_21_2024_17_37_31
17:37:31.824 [main] INFO  com.demo.baseutil.Basetest - Report Initiated
17:37:31.826 [main] INFO  com.demo.baseutil.Basetest - Screenshot folder created
17:37:45.930 [main] INFO  com.demo.baseutil.Basetest - Validate Sign in with FarmtoPlate account is clickable
17:37:48.553 [main] INFO  com.demo.baseutil.Basetest - Clicked on : Sign in with FarmtoPlate account
17:37:48.610 [main] INFO  com.demo.baseutil.Basetest - Url contains farmtoplateapps.io/login
17:37:48.639 [main] INFO  com.demo.baseutil.Basetest - Sign in title matched
17:37:48.639 [main] INFO  com.demo.baseutil.Basetest - UI verified for Sigin page.
17:37:48.640 [main] INFO  com.demo.baseutil.Basetest - Sign in function call
17:37:48.640 [main] INFO  com.demo.baseutil.Basetest - Validate email address field is clicked is clickable
17:37:51.113 [main] INFO  com.demo.baseutil.Basetest - Clicked on : email address field is clicked
17:37:51.114 [main] INFO  com.demo.baseutil.Basetest - Enter the value into Email Id Entered
17:37:51.622 [main] INFO  com.demo.baseutil.Basetest - manufact123@yopmail.com typed into Email Id Entered
17:37:51.623 [main] INFO  com.demo.baseutil.Basetest - Validate Enter the password is clickable
17:37:54.297 [main] INFO  com.demo.baseutil.Basetest - Clicked on : Enter the password
17:37:54.297 [main] INFO  com.demo.baseutil.Basetest - Enter the value into Password Id Entered
17:37:54.781 [main] INFO  com.demo.baseutil.Basetest - Admin@1234 typed into Password Id Entered
17:37:58.866 [main] INFO  com.demo.baseutil.Basetest - Scroll down
17:37:58.866 [main] INFO  com.demo.baseutil.Basetest - Validate Press the signin button is clickable
17:38:02.179 [main] INFO  com.demo.baseutil.Basetest - Clicked on : Press the signin button
17:38:04.643 [main] INFO  com.demo.baseutil.Basetest - HomePage title  is matched
17:38:24.738 [main] INFO  com.demo.baseutil.Basetest - Validate Asset & Infrastructure Data is clicked is clickable
17:38:27.255 [main] INFO  com.demo.baseutil.Basetest - Clicked on : Asset & Infrastructure Data is clicked
17:38:29.257 [main] INFO  com.demo.baseutil.Basetest - Validate Assets is clicked is clickable
17:38:31.714 [main] INFO  com.demo.baseutil.Basetest - Clicked on : Assets is clicked
17:38:33.731 [main] INFO  com.demo.baseutil.Basetest - Validate Add new is clicked is clickable
17:38:36.169 [main] INFO  com.demo.baseutil.Basetest - Clicked on : Add new is clicked
17:38:38.187 [main] INFO  com.demo.baseutil.Basetest - Validate Asset type is clicked is clickable
17:38:40.563 [main] INFO  com.demo.baseutil.Basetest - Clicked on : Asset type is clicked
17:38:40.563 [main] INFO  com.demo.baseutil.Basetest - Validate Click on Vehicle Name is clickable
17:38:42.940 [main] INFO  com.demo.baseutil.Basetest - Clicked on : Click on Vehicle Name
17:38:44.956 [main] INFO  com.demo.baseutil.Basetest - Validate container name is clicked is clickable
17:38:47.305 [main] INFO  com.demo.baseutil.Basetest - Clicked on : container name is clicked
17:38:47.305 [main] INFO  com.demo.baseutil.Basetest - Enter the value into enter the container name
17:38:47.693 [main] INFO  com.demo.baseutil.Basetest - container733733 typed into enter the container name
17:38:49.716 [main] INFO  com.demo.baseutil.Basetest - Validate length is clicked is clickable
17:38:52.117 [main] INFO  com.demo.baseutil.Basetest - Clicked on : length is clicked
17:38:54.120 [main] INFO  com.demo.baseutil.Basetest - Enter the value into enter the length
17:38:54.434 [main] INFO  com.demo.baseutil.Basetest - 10 typed into enter the length
17:38:54.434 [main] INFO  com.demo.baseutil.Basetest - Validate breadth is clicked is clickable
17:38:56.771 [main] INFO  com.demo.baseutil.Basetest - Clicked on : breadth is clicked
17:38:56.771 [main] INFO  com.demo.baseutil.Basetest - Enter the value into breath entered
17:38:57.117 [main] INFO  com.demo.baseutil.Basetest - 10 typed into breath entered
17:38:59.139 [main] INFO  com.demo.baseutil.Basetest - Validate height is clicked is clickable
17:39:01.421 [main] INFO  com.demo.baseutil.Basetest - Clicked on : height is clicked
17:39:03.428 [main] INFO  com.demo.baseutil.Basetest - Enter the value into height entered
17:39:03.667 [main] INFO  com.demo.baseutil.Basetest - 20 typed into height entered
17:39:05.671 [main] INFO  com.demo.baseutil.Basetest - Validate dom is clicked is clickable
17:39:08.111 [main] INFO  com.demo.baseutil.Basetest - Clicked on : dom is clicked
17:39:10.112 [main] INFO  com.demo.baseutil.Basetest - Validate ft is clicked is clickable
17:39:12.458 [main] INFO  com.demo.baseutil.Basetest - Clicked on : ft is clicked
17:39:14.469 [main] INFO  com.demo.baseutil.Basetest - Validate wt is clicked is clickable
17:39:16.805 [main] INFO  com.demo.baseutil.Basetest - Clicked on : wt is clicked
17:39:18.810 [main] INFO  com.demo.baseutil.Basetest - Enter the value into weight entered
17:39:19.141 [main] INFO  com.demo.baseutil.Basetest - 1000 typed into weight entered
17:39:21.155 [main] INFO  com.demo.baseutil.Basetest - Validate wtcap is clicked is clickable
17:39:23.527 [main] INFO  com.demo.baseutil.Basetest - Clicked on : wtcap is clicked
17:39:25.531 [main] INFO  com.demo.baseutil.Basetest - Validate tons is clicked is clickable
17:39:27.875 [main] INFO  com.demo.baseutil.Basetest - Clicked on : tons is clicked
17:39:29.891 [main] INFO  com.demo.baseutil.Basetest - Validate Click on Add button is clickable
17:39:32.245 [main] INFO  com.demo.baseutil.Basetest - Clicked on : Click on Add button
17:39:40.259 [main] INFO  com.demo.baseutil.Basetest - Validate transaction is clicked is clickable
17:39:42.729 [main] INFO  com.demo.baseutil.Basetest - Clicked on : transaction is clicked
17:39:47.732 [main] INFO  com.demo.baseutil.Basetest - Validate add new is clicked is clickable
17:39:50.233 [main] INFO  com.demo.baseutil.Basetest - Clicked on : add new is clicked
17:39:55.237 [main] INFO  com.demo.baseutil.Basetest - Validate Product id is clicked is clickable
17:39:57.557 [main] INFO  com.demo.baseutil.Basetest - Clicked on : Product id is clicked
17:39:59.562 [main] INFO  com.demo.baseutil.Basetest - Enter the value into Saved Value is entered
17:39:59.869 [main] INFO  com.demo.baseutil.Basetest - F2PG10001014 typed into Saved Value is entered
17:40:01.884 [main] INFO  com.demo.baseutil.Basetest - Validate Product id is clicked is clickable
17:40:04.191 [main] INFO  com.demo.baseutil.Basetest - Clicked on : Product id is clicked
17:40:06.198 [main] INFO  com.demo.baseutil.Basetest - Validate Product id is clicked is clickable
17:40:08.543 [main] INFO  com.demo.baseutil.Basetest - Clicked on : Product id is clicked
17:40:10.557 [main] INFO  com.demo.baseutil.Basetest - Validate chooseprocess id is clicked is clickable
17:40:12.887 [main] INFO  com.demo.baseutil.Basetest - Clicked on : chooseprocess id is clicked
17:40:14.889 [main] INFO  com.demo.baseutil.Basetest - Enter the value into Harvestiong/commission is entered
17:40:15.321 [main] INFO  com.demo.baseutil.Basetest - processcomm typed into Harvestiong/commission is entered
17:40:17.335 [main] INFO  com.demo.baseutil.Basetest - Validate chooseprocess id is clicked is clickable
17:40:19.610 [main] INFO  com.demo.baseutil.Basetest - Clicked on : chooseprocess id is clicked
17:40:22.619 [main] INFO  com.demo.baseutil.Basetest - Validate Process commision is selected is clickable
17:40:24.973 [main] INFO  com.demo.baseutil.Basetest - Clicked on : Process commision is selected
17:40:27.036 [main] INFO  com.demo.baseutil.Basetest - Scroll down successful
17:40:27.036 [main] INFO  com.demo.baseutil.Basetest - Validate date is selected is clickable
17:40:29.516 [main] INFO  com.demo.baseutil.Basetest - Clicked on : date is selected
17:40:30.520 [main] INFO  com.demo.baseutil.Basetest - Validate date netx button is clickable
17:40:32.930 [main] INFO  com.demo.baseutil.Basetest - Clicked on : date netx button
17:40:32.930 [main] INFO  com.demo.baseutil.Basetest - Validate date is entered is clickable
17:40:35.308 [main] INFO  com.demo.baseutil.Basetest - Clicked on : date is entered
17:40:37.323 [main] INFO  com.demo.baseutil.Basetest - Validate date is selected is clickable
17:40:39.723 [main] INFO  com.demo.baseutil.Basetest - Clicked on : date is selected
17:40:45.803 [main] INFO  com.demo.baseutil.Basetest - Scroll down
17:40:45.803 [main] INFO  com.demo.baseutil.Basetest - Validate activity is selected is clickable
17:40:48.119 [main] INFO  com.demo.baseutil.Basetest - Clicked on : activity is selected
17:40:48.119 [main] INFO  com.demo.baseutil.Basetest - Enter the value into activity Value is entered
17:40:48.437 [main] INFO  com.demo.baseutil.Basetest - abcd typed into activity Value is entered
17:40:50.442 [main] INFO  com.demo.baseutil.Basetest - Validate packing type dropdown is selected is clickable
17:40:52.859 [main] INFO  com.demo.baseutil.Basetest - Clicked on : packing type dropdown is selected
17:40:52.860 [main] INFO  com.demo.baseutil.Basetest - Validate packing type dropdown is selected is clickable
17:40:55.398 [main] INFO  com.demo.baseutil.Basetest - Clicked on : packing type dropdown is selected
17:41:01.449 [main] INFO  com.demo.baseutil.Basetest - Scroll down
17:41:01.449 [main] INFO  com.demo.baseutil.Basetest - Validate tlc is clicked is clickable
17:41:03.905 [main] INFO  com.demo.baseutil.Basetest - Clicked on : tlc is clicked
17:41:03.906 [main] INFO  com.demo.baseutil.Basetest - Enter the value into Tlc no is entered
17:41:04.246 [main] INFO  com.demo.baseutil.Basetest - 1234567890 typed into Tlc no is entered
17:41:04.246 [main] INFO  com.demo.baseutil.Basetest - Validate location is clicked is clickable
17:41:06.547 [main] INFO  com.demo.baseutil.Basetest - Clicked on : location is clicked
17:41:06.547 [main] INFO  com.demo.baseutil.Basetest - Enter the value into location no is entered
17:41:06.760 [main] INFO  com.demo.baseutil.Basetest - test typed into location no is entered
17:41:06.761 [main] INFO  com.demo.baseutil.Basetest - Validate commodity is clicked is clickable
17:41:09.025 [main] INFO  com.demo.baseutil.Basetest - Clicked on : commodity is clicked
17:41:09.025 [main] INFO  com.demo.baseutil.Basetest - Enter the value into commodity is entered
17:41:09.314 [main] INFO  com.demo.baseutil.Basetest - commodity typed into commodity is entered
17:41:13.391 [main] INFO  com.demo.baseutil.Basetest - Scroll down
17:41:13.393 [main] INFO  com.demo.baseutil.Basetest - Validate filed is clicked is clickable
17:41:15.723 [main] INFO  com.demo.baseutil.Basetest - Clicked on : filed is clicked
17:41:15.723 [main] INFO  com.demo.baseutil.Basetest - Enter the value into filed is entered
17:41:15.995 [main] INFO  com.demo.baseutil.Basetest - filed typed into filed is entered
17:41:15.995 [main] INFO  com.demo.baseutil.Basetest - Validate container is clicked is clickable
17:41:57.923 [main] ERROR com.demo.baseutil.Basetest - container is clicked is not clickable
17:41:57.927 [main] ERROR com.demo.baseutil.Basetest - Unable to click on container is clicked
17:42:39.805 [main] INFO  com.demo.baseutil.Basetest - Browser is closed sucessfuly
17:42:41.332 [main] INFO  com.demo.baseutil.Basetest - Browser is closed sucessfuly
17:42:41.940 [main] ERROR com.demo.baseutil.Basetest - Failed to close the Browser
