16:27:27.080 [main] INFO  com.demo.baseutil.Basetest - 
16:27:27.086 [main] INFO  com.demo.baseutil.Basetest - Running locally JavaMail
16:27:27.215 [main] INFO  com.demo.baseutil.Basetest2 - Folder creation for Extent
16:27:27.225 [main] INFO  com.demo.baseutil.Basetest - ExtentDir:-C:\Users\Deepti Jindal\eclipse-workspace\com.NFR.Trace/reports/Automation Report- 06_03_2024_16_27_27/Report/06_03_2024_16_27_27
16:27:27.341 [main] INFO  com.demo.baseutil.Basetest - Report Initiated
16:27:27.343 [main] INFO  com.demo.baseutil.Basetest - Screenshot folder created
16:28:29.688 [main] INFO  com.demo.baseutil.Basetest - Validate Sign in with FarmtoPlate account is clickable
16:28:32.273 [main] INFO  com.demo.baseutil.Basetest - Clicked on : Sign in with FarmtoPlate account
16:28:32.287 [main] INFO  com.demo.baseutil.Basetest - Url contains farmtoplateapps.io/login
16:28:32.298 [main] INFO  com.demo.baseutil.Basetest - Sign in title matched
16:28:32.298 [main] INFO  com.demo.baseutil.Basetest - UI verified for Sigin page.
16:28:32.298 [main] INFO  com.demo.baseutil.Basetest - Sign in function call
16:28:32.299 [main] INFO  com.demo.baseutil.Basetest - Validate email address field is clicked is clickable
16:28:34.579 [main] INFO  com.demo.baseutil.Basetest - Clicked on : email address field is clicked
16:28:34.580 [main] INFO  com.demo.baseutil.Basetest - Enter the value into Email Id Entered
16:28:34.986 [main] INFO  com.demo.baseutil.Basetest - farmtoplatef2p@paramountsoft.net typed into Email Id Entered
16:28:34.986 [main] INFO  com.demo.baseutil.Basetest - Validate Enter the password is clickable
16:28:37.332 [main] INFO  com.demo.baseutil.Basetest - Clicked on : Enter the password
16:28:37.333 [main] INFO  com.demo.baseutil.Basetest - Enter the value into Password Id Entered
16:28:37.580 [main] INFO  com.demo.baseutil.Basetest - Admin1234 typed into Password Id Entered
16:28:46.717 [main] INFO  com.demo.baseutil.Basetest - Scroll down
16:28:47.722 [main] INFO  com.demo.baseutil.Basetest - Validate Press the signin button is clickable
16:28:51.043 [main] INFO  com.demo.baseutil.Basetest - Clicked on : Press the signin button
16:28:59.067 [main] INFO  com.demo.baseutil.Basetest - HomePage title  is matched
16:29:12.087 [main] INFO  com.demo.baseutil.Basetest - Validate Network Management is clicked is clickable
16:29:15.323 [main] INFO  com.demo.baseutil.Basetest - Clicked on : Network Management is clicked
16:29:19.346 [main] INFO  com.demo.baseutil.Basetest - Validate Add new is clicked is clickable
16:29:21.933 [main] INFO  com.demo.baseutil.Basetest - Clicked on : Add new is clicked
16:29:23.950 [main] INFO  com.demo.baseutil.Basetest - Validate Organisation Name is clicked is clickable
16:29:26.350 [main] INFO  com.demo.baseutil.Basetest - Clicked on : Organisation Name is clicked
16:29:26.354 [main] INFO  com.demo.baseutil.Basetest - Enter the value into Organisation is Entered
16:29:26.787 [main] INFO  com.demo.baseutil.Basetest - AxJ0lxyH typed into Organisation is Entered
16:29:26.787 [main] INFO  com.demo.baseutil.Basetest - Validate Organisation type is clicked is clickable
16:29:29.150 [main] INFO  com.demo.baseutil.Basetest - Clicked on : Organisation type is clicked
16:29:29.151 [main] INFO  com.demo.baseutil.Basetest - Validate upstream is selected is clickable
16:29:31.583 [main] INFO  com.demo.baseutil.Basetest - Clicked on : upstream is selected
16:29:31.583 [main] INFO  com.demo.baseutil.Basetest - Validate Organisation role is clicked is clickable
16:29:34.018 [main] INFO  com.demo.baseutil.Basetest - Clicked on : Organisation role is clicked
16:29:34.018 [main] INFO  com.demo.baseutil.Basetest - Validate Organisation role is selected is clickable
16:29:36.432 [main] INFO  com.demo.baseutil.Basetest - Clicked on : Organisation role is selected
16:29:36.432 [main] INFO  com.demo.baseutil.Basetest - Validate module is clicked is clickable
16:29:38.777 [main] INFO  com.demo.baseutil.Basetest - Clicked on : module is clicked
16:29:38.778 [main] INFO  com.demo.baseutil.Basetest - Validate module is selected is clickable
16:29:41.243 [main] INFO  com.demo.baseutil.Basetest - Clicked on : module is selected
16:29:41.244 [main] INFO  com.demo.baseutil.Basetest - Validate email field is clicked is clickable
16:29:43.573 [main] INFO  com.demo.baseutil.Basetest - Clicked on : email field is clicked
16:29:43.575 [main] INFO  com.demo.baseutil.Basetest - Enter the value into emailid is Entered
16:29:45.381 [main] INFO  com.demo.baseutil.Basetest - 665@yopmail.com typed into emailid is Entered
16:29:51.485 [main] INFO  com.demo.baseutil.Basetest - Scroll down
16:29:58.574 [main] INFO  com.demo.baseutil.Basetest - Validate Database Type is clicked is clickable
16:30:00.996 [main] INFO  com.demo.baseutil.Basetest - Clicked on : Database Type is clicked
16:30:00.996 [main] INFO  com.demo.baseutil.Basetest - Validate Db is selected is clickable
16:30:03.465 [main] INFO  com.demo.baseutil.Basetest - Clicked on : Db is selected
16:30:05.493 [main] INFO  com.demo.baseutil.Basetest - Scroll down successful
16:30:06.512 [main] INFO  com.demo.baseutil.Basetest - Validate Db is selected is clickable
16:30:09.843 [main] INFO  com.demo.baseutil.Basetest - Clicked on : Db is selected
16:30:11.853 [main] INFO  com.demo.baseutil.Basetest - Validate ordermgmt is selected is clickable
16:30:14.235 [main] INFO  com.demo.baseutil.Basetest - Clicked on : ordermgmt is selected
16:30:14.235 [main] INFO  com.demo.baseutil.Basetest - Validate Soil Dashboard is selected is clickable
16:30:16.548 [main] INFO  com.demo.baseutil.Basetest - Clicked on : Soil Dashboard is selected
16:30:16.548 [main] INFO  com.demo.baseutil.Basetest - Validate Submit Button is clicked is clickable
16:30:19.227 [main] INFO  com.demo.baseutil.Basetest - Clicked on : Submit Button is clicked
16:30:21.509 [main] INFO  com.demo.baseutil.Basetest - Validate Email address input field is clicked is clickable
16:30:31.544 [main] INFO  com.demo.baseutil.Basetest - Clicked on : Email address input field is clicked
16:30:31.544 [main] INFO  com.demo.baseutil.Basetest - Enter the value into email address is entered
16:30:31.968 [main] INFO  com.demo.baseutil.Basetest - 665@yopmail.com typed into email address is entered
16:30:31.968 [main] INFO  com.demo.baseutil.Basetest - Validate arrow button is clicked is clickable
16:30:36.228 [main] INFO  com.demo.baseutil.Basetest - Clicked on : arrow button is clicked
16:30:39.530 [main] INFO  com.demo.baseutil.Basetest - Validate first email is clicked is clickable
16:30:42.556 [main] INFO  com.demo.baseutil.Basetest - Clicked on : first email is clicked
16:30:44.642 [main] INFO  com.demo.baseutil.Basetest - Validate email address is clicked is clickable
16:30:47.338 [main] INFO  com.demo.baseutil.Basetest - Clicked on : email address is clicked
16:30:49.391 [main] INFO  com.demo.baseutil.Basetest - Validate pass is clicked is clickable
16:30:59.412 [main] INFO  com.demo.baseutil.Basetest - Clicked on : pass is clicked
16:30:59.412 [main] INFO  com.demo.baseutil.Basetest - Enter the value into Password is entered
16:30:59.864 [main] INFO  com.demo.baseutil.Basetest - Admin@1234 typed into Password is entered
16:30:59.864 [main] INFO  com.demo.baseutil.Basetest - Validate confirm password is clicked is clickable
16:31:02.408 [main] INFO  com.demo.baseutil.Basetest - Clicked on : confirm password is clicked
16:31:02.408 [main] INFO  com.demo.baseutil.Basetest - Enter the value into Confirm Password is entered
16:31:02.723 [main] INFO  com.demo.baseutil.Basetest - Admin@1234 typed into Confirm Password is entered
16:31:08.777 [main] INFO  com.demo.baseutil.Basetest - Scroll down
16:31:08.777 [main] INFO  com.demo.baseutil.Basetest - Validate button is clicked is clickable
16:31:11.203 [main] INFO  com.demo.baseutil.Basetest - Clicked on : button is clicked
16:31:13.211 [main] INFO  com.demo.baseutil.Basetest - Validate email address field is clicked is clickable
16:31:22.287 [main] INFO  com.demo.baseutil.Basetest - Clicked on : email address field is clicked
16:31:22.288 [main] INFO  com.demo.baseutil.Basetest - Enter the value into Email Id Entered
16:31:24.265 [main] INFO  com.demo.baseutil.Basetest - 665@yopmail.com typed into Email Id Entered
16:31:24.265 [main] INFO  com.demo.baseutil.Basetest - Validate Enter the password is clickable
16:31:27.017 [main] INFO  com.demo.baseutil.Basetest - Clicked on : Enter the password
16:31:27.017 [main] INFO  com.demo.baseutil.Basetest - Enter the value into Password Id Entered
16:31:27.456 [main] INFO  com.demo.baseutil.Basetest - Admin@1234 typed into Password Id Entered
16:31:31.547 [main] INFO  com.demo.baseutil.Basetest - Scroll down
16:31:31.547 [main] INFO  com.demo.baseutil.Basetest - Validate Press the signin button is clickable
16:31:34.499 [main] INFO  com.demo.baseutil.Basetest - Clicked on : Press the signin button
16:31:43.748 [main] INFO  com.demo.baseutil.Basetest - Scroll down successful
16:31:44.762 [main] INFO  com.demo.baseutil.Basetest - Validate Press the button is clickable
16:31:49.006 [main] INFO  com.demo.baseutil.Basetest - Clicked on : Press the button
16:31:49.021 [main] INFO  com.demo.baseutil.Basetest - Scroll down successful
16:31:49.021 [main] INFO  com.demo.baseutil.Basetest - Validate Press the signin button is clickable
16:31:51.413 [main] INFO  com.demo.baseutil.Basetest - Clicked on : Press the signin button
16:31:53.423 [main] INFO  com.demo.baseutil.Basetest - Validate Press the button is clickable
16:31:55.934 [main] INFO  com.demo.baseutil.Basetest - Clicked on : Press the button
16:31:58.941 [main] INFO  com.demo.baseutil.Basetest - Validate Click on First is clickable
16:32:01.361 [main] INFO  com.demo.baseutil.Basetest - Clicked on : Click on First
16:32:01.363 [main] INFO  com.demo.baseutil.Basetest - Enter the value into enter the  First
16:32:01.645 [main] INFO  com.demo.baseutil.Basetest - First typed into enter the  First
16:32:01.646 [main] INFO  com.demo.baseutil.Basetest - Validate Click on last is clickable
16:32:04.044 [main] INFO  com.demo.baseutil.Basetest - Clicked on : Click on last
16:32:04.044 [main] INFO  com.demo.baseutil.Basetest - Enter the value into enter the  Last
16:32:04.361 [main] INFO  com.demo.baseutil.Basetest - Last typed into enter the  Last
16:32:04.363 [main] INFO  com.demo.baseutil.Basetest - Validate Click on dest is clickable
16:32:06.757 [main] INFO  com.demo.baseutil.Basetest - Clicked on : Click on dest
16:32:06.757 [main] INFO  com.demo.baseutil.Basetest - Enter the value into enter the  dest
16:32:07.415 [main] INFO  com.demo.baseutil.Basetest - dest typed into enter the  dest
16:32:07.427 [main] INFO  com.demo.baseutil.Basetest - Validate Click on Submit is clickable
16:32:10.011 [main] INFO  com.demo.baseutil.Basetest - Clicked on : Click on Submit
16:32:10.014 [main] INFO  com.demo.baseutil.Basetest - Validate Click on address is clickable
16:32:13.979 [main] INFO  com.demo.baseutil.Basetest - Clicked on : Click on address
16:32:13.979 [main] INFO  com.demo.baseutil.Basetest - Enter the value into enter the  address
16:32:14.581 [main] INFO  com.demo.baseutil.Basetest - 123 William Street, New York, NY, USA typed into enter the  address
16:32:14.581 [main] INFO  com.demo.baseutil.Basetest - Validate Click on state is clickable
16:32:17.206 [main] INFO  com.demo.baseutil.Basetest - Clicked on : Click on state
16:32:17.206 [main] INFO  com.demo.baseutil.Basetest - Enter the value into Enetered the state
16:32:17.572 [main] INFO  com.demo.baseutil.Basetest - NY typed into Enetered the state
16:32:17.572 [main] INFO  com.demo.baseutil.Basetest - Validate Click on zip is clickable
16:32:19.950 [main] INFO  com.demo.baseutil.Basetest - Clicked on : Click on zip
16:32:19.955 [main] INFO  com.demo.baseutil.Basetest - Enter the value into Enetred the Zip
16:32:20.265 [main] INFO  com.demo.baseutil.Basetest - 10038-3804 typed into Enetred the Zip
16:32:20.265 [main] INFO  com.demo.baseutil.Basetest - Validate Click on city is clickable
16:32:22.631 [main] INFO  com.demo.baseutil.Basetest - Clicked on : Click on city
16:32:22.631 [main] INFO  com.demo.baseutil.Basetest - Enter the value into Enetered the city
16:32:23.068 [main] INFO  com.demo.baseutil.Basetest - New York typed into Enetered the city
16:32:29.480 [main] INFO  com.demo.baseutil.Basetest - Scroll down
16:32:31.492 [main] INFO  com.demo.baseutil.Basetest - Validate Click on Submit is clickable
16:32:34.010 [main] INFO  com.demo.baseutil.Basetest - Clicked on : Click on Submit
16:32:35.018 [main] INFO  com.demo.baseutil.Basetest - Validate Click on close button is clickable
16:32:58.008 [main] ERROR com.demo.baseutil.Basetest - Click on close button is not clickable
16:32:58.010 [main] ERROR com.demo.baseutil.Basetest - Unable to click on Click on close button
16:33:01.933 [main] ERROR com.demo.baseutil.Basetest - disconnected: not connected to DevTools
  (failed to check if window was closed: disconnected: not connected to DevTools)
  (Session info: chrome=125.0.6422.114)
Build info: version: '3.141.59', revision: 'e82be7d358', time: '2018-11-14T08:17:03'
System info: host: 'PARAMOUNT-151', ip: '192.168.29.169', os.name: 'Windows 11', os.arch: 'amd64', os.version: '10.0', java.version: '21.0.2'
Driver info: org.openqa.selenium.chrome.ChromeDriver
Capabilities {acceptInsecureCerts: false, browserName: chrome, browserVersion: 125.0.6422.114, chrome: {chromedriverVersion: 125.0.6422.141 (4b1e8393712..., userDataDir: C:\Users\DEEPTI~1\AppData\L...}, fedcm:accounts: true, goog:chromeOptions: {debuggerAddress: localhost:50631}, javascriptEnabled: true, networkConnectionEnabled: false, pageLoadStrategy: normal, platform: WINDOWS, platformName: WINDOWS, proxy: Proxy(), setWindowRect: true, strictFileInteractability: false, timeouts: {implicit: 0, pageLoad: 300000, script: 30000}, unhandledPromptBehavior: dismiss and notify, webauthn:extension:credBlob: true, webauthn:extension:largeBlob: true, webauthn:extension:minPinLength: true, webauthn:extension:prf: true, webauthn:virtualAuthenticators: true}
Session ID: 7f9092d3da26047ccb5f1182414ae2f3
