18:20:16.712 [main] INFO  com.demo.baseutil.Basetest - 
18:20:16.716 [main] INFO  com.demo.baseutil.Basetest - Running locally JavaMail
18:20:16.791 [main] INFO  com.demo.baseutil.Basetest2 - Folder creation for Extent
18:20:16.798 [main] INFO  com.demo.baseutil.Basetest - ExtentDir:-C:\Users\Deepti Jindal\eclipse-workspace\com.NFR.Trace/reports/Automation Report- 04_01_2024_18_20_16/Report/04_01_2024_18_20_16
18:20:16.898 [main] INFO  com.demo.baseutil.Basetest - Report Initiated
18:20:16.900 [main] INFO  com.demo.baseutil.Basetest - Screenshot folder created
18:20:32.407 [main] INFO  com.demo.baseutil.Basetest - Validate Sign in with FarmtoPlate account is clickable
18:20:34.728 [main] INFO  com.demo.baseutil.Basetest - Clicked on : Sign in with FarmtoPlate account
18:20:34.753 [main] INFO  com.demo.baseutil.Basetest - Url contains farmtoplateapps.io/login
18:20:34.758 [main] INFO  com.demo.baseutil.Basetest - Sign in title matched
18:20:34.759 [main] INFO  com.demo.baseutil.Basetest - UI verified for Sigin page.
18:20:34.759 [main] INFO  com.demo.baseutil.Basetest - Sign in function call
18:20:34.759 [main] INFO  com.demo.baseutil.Basetest - Validate email address field is clicked is clickable
18:20:37.040 [main] INFO  com.demo.baseutil.Basetest - Clicked on : email address field is clicked
18:20:37.040 [main] INFO  com.demo.baseutil.Basetest - Enter the value into Email Id Entered
18:20:37.300 [main] INFO  com.demo.baseutil.Basetest - 139@yopmail.com typed into Email Id Entered
18:20:37.301 [main] INFO  com.demo.baseutil.Basetest - Validate Enter the password is clickable
18:20:39.565 [main] INFO  com.demo.baseutil.Basetest - Clicked on : Enter the password
18:20:39.567 [main] INFO  com.demo.baseutil.Basetest - Enter the value into Password Id Entered
18:20:39.773 [main] INFO  com.demo.baseutil.Basetest - Admin@1234 typed into Password Id Entered
18:20:39.792 [main] INFO  com.demo.baseutil.Basetest - Scroll down
18:20:39.792 [main] INFO  com.demo.baseutil.Basetest - Validate Press the signin button is clickable
18:20:42.523 [main] INFO  com.demo.baseutil.Basetest - Clicked on : Press the signin button
18:20:46.314 [main] INFO  com.demo.baseutil.Basetest - HomePage title  is matched
18:20:56.322 [main] INFO  com.demo.baseutil.Basetest - Validate click on trace is clickable
18:20:58.712 [main] INFO  com.demo.baseutil.Basetest - Clicked on : click on trace
18:21:06.810 [main] INFO  com.demo.baseutil.Basetest - Scroll down
18:21:08.851 [main] INFO  com.demo.baseutil.Basetest - Validate transaction is clicked is clickable
18:21:11.302 [main] INFO  com.demo.baseutil.Basetest - Clicked on : transaction is clicked
18:21:16.318 [main] INFO  com.demo.baseutil.Basetest - Validate add new is clicked is clickable
18:21:18.796 [main] INFO  com.demo.baseutil.Basetest - Clicked on : add new is clicked
18:21:23.808 [main] INFO  com.demo.baseutil.Basetest - Validate Product id is clicked is clickable
18:21:26.239 [main] INFO  com.demo.baseutil.Basetest - Clicked on : Product id is clicked
18:21:28.246 [main] INFO  com.demo.baseutil.Basetest - Enter the value into Saved Value is entered
18:21:28.550 [main] INFO  com.demo.baseutil.Basetest - F2PG10000578 typed into Saved Value is entered
18:21:30.558 [main] INFO  com.demo.baseutil.Basetest - Validate Product id is clicked is clickable
18:21:32.896 [main] INFO  com.demo.baseutil.Basetest - Clicked on : Product id is clicked
18:21:34.908 [main] INFO  com.demo.baseutil.Basetest - Validate Product id is clicked is clickable
18:21:37.174 [main] INFO  com.demo.baseutil.Basetest - Clicked on : Product id is clicked
18:21:39.186 [main] INFO  com.demo.baseutil.Basetest - Validate chooseprocess id is clicked is clickable
18:21:41.883 [main] INFO  com.demo.baseutil.Basetest - Clicked on : chooseprocess id is clicked
18:21:43.885 [main] INFO  com.demo.baseutil.Basetest - Validate Process commision is selected is clickable
18:21:46.248 [main] INFO  com.demo.baseutil.Basetest - Clicked on : Process commision is selected
18:21:48.283 [main] INFO  com.demo.baseutil.Basetest - Scroll down
18:21:48.283 [main] INFO  com.demo.baseutil.Basetest - Validate date is selected is clickable
18:21:50.805 [main] INFO  com.demo.baseutil.Basetest - Clicked on : date is selected
18:21:51.821 [main] INFO  com.demo.baseutil.Basetest - Validate date netx button is clickable
18:21:54.206 [main] INFO  com.demo.baseutil.Basetest - Clicked on : date netx button
18:21:54.206 [main] INFO  com.demo.baseutil.Basetest - Validate date is entered is clickable
18:21:56.550 [main] INFO  com.demo.baseutil.Basetest - Clicked on : date is entered
18:21:58.565 [main] INFO  com.demo.baseutil.Basetest - Validate date is selected is clickable
18:22:01.242 [main] INFO  com.demo.baseutil.Basetest - Clicked on : date is selected
18:22:07.412 [main] INFO  com.demo.baseutil.Basetest - Scroll down
18:22:07.412 [main] INFO  com.demo.baseutil.Basetest - Validate activity is selected is clickable
18:22:09.826 [main] INFO  com.demo.baseutil.Basetest - Clicked on : activity is selected
18:22:09.827 [main] INFO  com.demo.baseutil.Basetest - Enter the value into activity Value is entered
18:22:10.112 [main] INFO  com.demo.baseutil.Basetest - abcd typed into activity Value is entered
18:22:16.199 [main] INFO  com.demo.baseutil.Basetest - Scroll down
18:22:16.199 [main] INFO  com.demo.baseutil.Basetest - Validate packing type dropdown is selected is clickable
18:22:18.750 [main] INFO  com.demo.baseutil.Basetest - Clicked on : packing type dropdown is selected
18:22:18.750 [main] INFO  com.demo.baseutil.Basetest - Validate packing type dropdown is selected is clickable
18:22:21.193 [main] INFO  com.demo.baseutil.Basetest - Clicked on : packing type dropdown is selected
18:22:23.230 [main] INFO  com.demo.baseutil.Basetest - Validate Add Transaction is selected is clickable
18:22:25.795 [main] INFO  com.demo.baseutil.Basetest - Clicked on : Add Transaction is selected
18:22:27.797 [main] INFO  com.demo.baseutil.Basetest - Validate productid is selected is clickable
18:22:38.338 [main] INFO  com.demo.baseutil.Basetest - Clicked on : productid is selected
18:22:38.338 [main] INFO  com.demo.baseutil.Basetest - Enter the value into enter the productid
18:22:38.597 [main] INFO  com.demo.baseutil.Basetest - F2PG10000578 typed into enter the productid
18:22:38.597 [main] INFO  com.demo.baseutil.Basetest - Validate productid is selected is clickable
18:22:40.982 [main] INFO  com.demo.baseutil.Basetest - Clicked on : productid is selected
18:22:40.982 [main] INFO  com.demo.baseutil.Basetest - Validate search is selected is clickable
18:22:43.330 [main] INFO  com.demo.baseutil.Basetest - Clicked on : search is selected
18:22:43.330 [main] INFO  com.demo.baseutil.Basetest - Validate search button is clicked is clickable
18:22:45.744 [main] INFO  com.demo.baseutil.Basetest - Clicked on : search button is clicked
18:22:47.813 [main] INFO  com.demo.baseutil.Basetest - Scroll up
18:22:49.835 [main] INFO  com.demo.baseutil.Basetest - Scroll up
18:22:49.835 [main] INFO  com.demo.baseutil.Basetest - Validate add new is clicked is clickable
18:22:52.287 [main] INFO  com.demo.baseutil.Basetest - Clicked on : add new is clicked
18:22:57.288 [main] INFO  com.demo.baseutil.Basetest - Validate Product id is clicked is clickable
18:22:59.646 [main] INFO  com.demo.baseutil.Basetest - Clicked on : Product id is clicked
18:23:01.667 [main] INFO  com.demo.baseutil.Basetest - Enter the value into Saved Value is entered
18:23:01.984 [main] INFO  com.demo.baseutil.Basetest - F2PG10000578 typed into Saved Value is entered
18:23:03.994 [main] INFO  com.demo.baseutil.Basetest - Validate Product id is clicked is clickable
18:23:06.583 [main] INFO  com.demo.baseutil.Basetest - Clicked on : Product id is clicked
18:23:08.585 [main] INFO  com.demo.baseutil.Basetest - Validate Product id is clicked is clickable
18:23:11.341 [main] INFO  com.demo.baseutil.Basetest - Clicked on : Product id is clicked
18:23:13.347 [main] INFO  com.demo.baseutil.Basetest - Validate chooseprocess id is clicked is clickable
18:23:15.729 [main] INFO  com.demo.baseutil.Basetest - Clicked on : chooseprocess id is clicked
18:23:17.743 [main] INFO  com.demo.baseutil.Basetest - Validate Process aggre is selected is clickable
18:23:20.531 [main] INFO  com.demo.baseutil.Basetest - Clicked on : Process aggre is selected
18:23:22.561 [main] INFO  com.demo.baseutil.Basetest - Scroll down
18:23:22.561 [main] INFO  com.demo.baseutil.Basetest - Validate org is selected is clickable
18:23:24.938 [main] INFO  com.demo.baseutil.Basetest - Clicked on : org is selected
18:23:26.943 [main] INFO  com.demo.baseutil.Basetest - Enter the value into org value is entered
18:23:27.255 [main] INFO  com.demo.baseutil.Basetest - 178 typed into org value is entered
18:23:32.266 [main] INFO  com.demo.baseutil.Basetest - Validate org is selected is clickable
18:23:34.600 [main] INFO  com.demo.baseutil.Basetest - Clicked on : org is selected
18:23:36.616 [main] INFO  com.demo.baseutil.Basetest - Validate location is selected is clickable
18:23:39.037 [main] INFO  com.demo.baseutil.Basetest - Clicked on : location is selected
18:23:39.037 [main] INFO  com.demo.baseutil.Basetest - Enter the value into location value is entered
18:23:39.344 [main] INFO  com.demo.baseutil.Basetest - test typed into location value is entered
18:23:44.349 [main] INFO  com.demo.baseutil.Basetest - Validate location is selected is clickable
18:23:46.945 [main] INFO  com.demo.baseutil.Basetest - Clicked on : location is selected
18:23:46.970 [main] INFO  com.demo.baseutil.Basetest - Scroll down
18:23:46.970 [main] INFO  com.demo.baseutil.Basetest - Validate activity is clicked is clickable
18:23:49.421 [main] INFO  com.demo.baseutil.Basetest - Clicked on : activity is clicked
18:23:51.432 [main] INFO  com.demo.baseutil.Basetest - Enter the value into activity is entered
18:23:51.797 [main] INFO  com.demo.baseutil.Basetest - activity typed into activity is entered
18:23:54.832 [main] INFO  com.demo.baseutil.Basetest - Scroll down
18:23:57.861 [main] INFO  com.demo.baseutil.Basetest - Scroll down
18:23:57.861 [main] INFO  com.demo.baseutil.Basetest - Validate lot1 is clicked is clickable
18:24:00.292 [main] INFO  com.demo.baseutil.Basetest - Clicked on : lot1 is clicked
18:24:02.297 [main] INFO  com.demo.baseutil.Basetest - Enter the value into lotvalue is entered
18:24:03.278 [main] INFO  com.demo.baseutil.Basetest - 1691001042410000030 typed into lotvalue is entered
18:24:05.290 [main] INFO  com.demo.baseutil.Basetest - Validate lot arrow is clicked is clickable
18:24:07.601 [main] INFO  com.demo.baseutil.Basetest - Clicked on : lot arrow is clicked
18:24:15.607 [main] INFO  com.demo.baseutil.Basetest - Scroll till the asset is clicked
18:24:15.696 [main] INFO  com.demo.baseutil.Basetest - Scroll till the asset is clicked completed
18:24:15.696 [main] INFO  com.demo.baseutil.Basetest - Validate asset is clicked is clickable
18:24:18.057 [main] INFO  com.demo.baseutil.Basetest - Clicked on : asset is clicked
18:24:20.061 [main] INFO  com.demo.baseutil.Basetest - Enter the value into vehicle is entered
18:24:20.293 [main] INFO  com.demo.baseutil.Basetest - vehicle typed into vehicle is entered
18:24:24.296 [main] INFO  com.demo.baseutil.Basetest - Validate assetsearch is clicked is clickable
18:24:26.864 [main] INFO  com.demo.baseutil.Basetest - Clicked on : assetsearch is clicked
18:24:28.867 [main] INFO  com.demo.baseutil.Basetest - Validate shippingdate is clicked is clickable
18:24:31.301 [main] INFO  com.demo.baseutil.Basetest - Clicked on : shippingdate is clicked
18:24:33.315 [main] INFO  com.demo.baseutil.Basetest - Validate datenext button is clicked is clickable
18:24:35.609 [main] INFO  com.demo.baseutil.Basetest - Clicked on : datenext button is clicked
18:24:37.625 [main] INFO  com.demo.baseutil.Basetest - Validate date is entered is clickable
18:24:40.031 [main] INFO  com.demo.baseutil.Basetest - Clicked on : date is entered
18:24:43.041 [main] INFO  com.demo.baseutil.Basetest - Validate date is selected is clickable
18:24:45.448 [main] INFO  com.demo.baseutil.Basetest - Clicked on : date is selected
18:24:48.462 [main] INFO  com.demo.baseutil.Basetest - Validate deliverydate is clicked is clickable
18:24:50.838 [main] INFO  com.demo.baseutil.Basetest - Clicked on : deliverydate is clicked
18:24:52.848 [main] INFO  com.demo.baseutil.Basetest - Validate datenext button is clicked is clickable
18:24:55.312 [main] INFO  com.demo.baseutil.Basetest - Clicked on : datenext button is clicked
18:24:57.324 [main] INFO  com.demo.baseutil.Basetest - Validate datenext button is clicked is clickable
18:24:59.661 [main] INFO  com.demo.baseutil.Basetest - Clicked on : datenext button is clicked
18:25:02.673 [main] INFO  com.demo.baseutil.Basetest - Validate date is entered is clickable
18:25:04.941 [main] INFO  com.demo.baseutil.Basetest - Clicked on : date is entered
18:25:06.957 [main] INFO  com.demo.baseutil.Basetest - Validate date is selected is clickable
18:25:09.371 [main] INFO  com.demo.baseutil.Basetest - Clicked on : date is selected
18:25:09.397 [main] INFO  com.demo.baseutil.Basetest - Scroll down
18:25:09.398 [main] INFO  com.demo.baseutil.Basetest - Validate container is clicked is clickable
18:25:11.856 [main] INFO  com.demo.baseutil.Basetest - Clicked on : container is clicked
18:25:11.872 [main] INFO  com.demo.baseutil.Basetest - Enter the value into container value is entered
18:25:12.221 [main] INFO  com.demo.baseutil.Basetest - test typed into container value is entered
18:25:17.232 [main] INFO  com.demo.baseutil.Basetest - Validate container select is clicked is clickable
18:25:19.655 [main] INFO  com.demo.baseutil.Basetest - Clicked on : container select is clicked
18:25:21.666 [main] INFO  com.demo.baseutil.Basetest - Validate invoice select is clicked is clickable
18:25:23.959 [main] INFO  com.demo.baseutil.Basetest - Clicked on : invoice select is clicked
18:25:23.960 [main] INFO  com.demo.baseutil.Basetest - Enter the value into  invoice value is entered
18:25:24.170 [main] INFO  com.demo.baseutil.Basetest - 123 typed into  invoice value is entered
18:25:26.183 [main] INFO  com.demo.baseutil.Basetest - Validate seal select is clicked is clickable
18:25:28.584 [main] INFO  com.demo.baseutil.Basetest - Clicked on : seal select is clicked
18:25:28.584 [main] INFO  com.demo.baseutil.Basetest - Enter the value into seal value is entered
18:25:28.936 [main] INFO  com.demo.baseutil.Basetest - 123 typed into seal value is entered
18:25:30.977 [main] INFO  com.demo.baseutil.Basetest - Scroll down
18:25:30.977 [main] INFO  com.demo.baseutil.Basetest - Validate asn select is clicked is clickable
18:25:33.517 [main] INFO  com.demo.baseutil.Basetest - Clicked on : asn select is clicked
18:25:33.517 [main] INFO  com.demo.baseutil.Basetest - Enter the value into asn value is entered
18:25:33.937 [main] INFO  com.demo.baseutil.Basetest - 123 typed into asn value is entered
18:25:35.950 [main] INFO  com.demo.baseutil.Basetest - Validate lorry select is clicked is clickable
18:25:38.425 [main] INFO  com.demo.baseutil.Basetest - Clicked on : lorry select is clicked
18:25:38.425 [main] INFO  com.demo.baseutil.Basetest - Enter the value into lorry value is entered
18:25:38.853 [main] INFO  com.demo.baseutil.Basetest - 123 typed into lorry value is entered
18:25:40.896 [main] INFO  com.demo.baseutil.Basetest - Validate purchase is clicked is clickable
18:25:43.386 [main] INFO  com.demo.baseutil.Basetest - Clicked on : purchase is clicked
18:25:43.386 [main] INFO  com.demo.baseutil.Basetest - Enter the value into purchase is entered
18:25:43.625 [main] INFO  com.demo.baseutil.Basetest - 123 typed into purchase is entered
18:25:43.625 [main] INFO  com.demo.baseutil.Basetest - Validate bill is clicked is clickable
18:25:46.267 [main] INFO  com.demo.baseutil.Basetest - Clicked on : bill is clicked
18:25:46.267 [main] INFO  com.demo.baseutil.Basetest - Enter the value into purchase is entered
18:25:46.606 [main] INFO  com.demo.baseutil.Basetest - 12345 typed into purchase is entered
18:25:46.623 [main] INFO  com.demo.baseutil.Basetest - Validate Add Transaction is selected is clickable
18:25:49.058 [main] INFO  com.demo.baseutil.Basetest - Clicked on : Add Transaction is selected
18:25:49.261 [main] INFO  com.demo.baseutil.Basetest - Browser is closed sucessfuly
