17:01:00.240 [main] INFO  com.demo.baseutil.Basetest - 
17:01:00.245 [main] INFO  com.demo.baseutil.Basetest - Running locally JavaMail
17:01:00.345 [main] INFO  com.demo.baseutil.Basetest2 - Folder creation for Extent
17:01:00.350 [main] INFO  com.demo.baseutil.Basetest - ExtentDir:-C:\Users\Deepti Jindal\eclipse-workspace2\com.NFR.Trace demo latest/reports/Automation Report- 09_11_2024_17_01_00/Report/09_11_2024_17_01_00
17:01:00.458 [main] INFO  com.demo.baseutil.Basetest - Report Initiated
17:01:00.460 [main] INFO  com.demo.baseutil.Basetest - Screenshot folder created
17:01:11.682 [main] INFO  com.demo.baseutil.Basetest - Validate Sign in with FarmtoPlate account is clickable
17:01:14.068 [main] INFO  com.demo.baseutil.Basetest - Clicked on : Sign in with FarmtoPlate account
17:01:14.082 [main] INFO  com.demo.baseutil.Basetest - Url contains farmtoplateapps.io/login
17:01:14.090 [main] INFO  com.demo.baseutil.Basetest - Sign in title matched
17:01:14.091 [main] INFO  com.demo.baseutil.Basetest - UI verified for Sigin page.
17:01:14.091 [main] INFO  com.demo.baseutil.Basetest - Sign in function call
17:01:14.091 [main] INFO  com.demo.baseutil.Basetest - Validate email address field is clicked is clickable
17:01:16.357 [main] INFO  com.demo.baseutil.Basetest - Clicked on : email address field is clicked
17:01:16.358 [main] INFO  com.demo.baseutil.Basetest - Enter the value into Email Id Entered
17:01:16.633 [main] INFO  com.demo.baseutil.Basetest - manufactdemo@yopmail.com typed into Email Id Entered
17:01:16.633 [main] INFO  com.demo.baseutil.Basetest - Validate Enter the password is clickable
17:01:18.903 [main] INFO  com.demo.baseutil.Basetest - Clicked on : Enter the password
17:01:18.904 [main] INFO  com.demo.baseutil.Basetest - Enter the value into Password Id Entered
17:01:19.179 [main] INFO  com.demo.baseutil.Basetest - Admin@1234 typed into Password Id Entered
17:01:23.244 [main] INFO  com.demo.baseutil.Basetest - Scroll down
17:01:23.244 [main] INFO  com.demo.baseutil.Basetest - Validate Press the signin button is clickable
17:01:26.481 [main] INFO  com.demo.baseutil.Basetest - Clicked on : Press the signin button
17:01:28.839 [main] INFO  com.demo.baseutil.Basetest - HomePage title  is matched
17:01:47.942 [main] ERROR com.demo.baseutil.Basetest - Scroll down failed
17:01:49.962 [main] INFO  com.demo.baseutil.Basetest - Validate transaction is clicked is clickable
17:02:31.233 [main] ERROR com.demo.baseutil.Basetest - transaction is clicked is not clickable
17:02:31.233 [main] ERROR com.demo.baseutil.Basetest - Unable to click on transaction is clicked
17:03:12.817 [main] INFO  com.demo.baseutil.Basetest - Browser is closed sucessfuly
17:03:13.564 [main] INFO  com.demo.baseutil.Basetest - Browser is closed sucessfuly
17:03:14.290 [main] ERROR com.demo.baseutil.Basetest - Failed to close the Browser
